Archive member included to satisfy reference by file (symbol)

/home/smolvik/gcc-arm-none-eabi-5_4-2016q3/lib/gcc/arm-none-eabi/5.4.1/armv6-m//libgcc.a(_udivsi3.o)
                              xprintf.o (__aeabi_uidiv)
/home/smolvik/gcc-arm-none-eabi-5_4-2016q3/lib/gcc/arm-none-eabi/5.4.1/armv6-m//libgcc.a(_divsi3.o)
                              fsm.o (__aeabi_idiv)
/home/smolvik/gcc-arm-none-eabi-5_4-2016q3/lib/gcc/arm-none-eabi/5.4.1/armv6-m//libgcc.a(_dvmd_tls.o)
                              /home/smolvik/gcc-arm-none-eabi-5_4-2016q3/lib/gcc/arm-none-eabi/5.4.1/armv6-m//libgcc.a(_udivsi3.o) (__aeabi_idiv0)
/home/smolvik/gcc-arm-none-eabi-5_4-2016q3/arm-none-eabi/lib/armv6-m//libc.a(lib_a-atexit.o)
                              RTX_Conf_CM.o (atexit)
/home/smolvik/gcc-arm-none-eabi-5_4-2016q3/arm-none-eabi/lib/armv6-m//libc.a(lib_a-exit.o)
                              RTX_Conf_CM.o (exit)
/home/smolvik/gcc-arm-none-eabi-5_4-2016q3/arm-none-eabi/lib/armv6-m//libc.a(lib_a-fini.o)
                              RTX_Conf_CM.o (__libc_fini_array)
/home/smolvik/gcc-arm-none-eabi-5_4-2016q3/arm-none-eabi/lib/armv6-m//libc.a(lib_a-impure.o)
                              /home/smolvik/gcc-arm-none-eabi-5_4-2016q3/arm-none-eabi/lib/armv6-m//libc.a(lib_a-exit.o) (_global_impure_ptr)
/home/smolvik/gcc-arm-none-eabi-5_4-2016q3/arm-none-eabi/lib/armv6-m//libc.a(lib_a-init.o)
                              RTX_Conf_CM.o (__libc_init_array)
/home/smolvik/gcc-arm-none-eabi-5_4-2016q3/arm-none-eabi/lib/armv6-m//libc.a(lib_a-memset.o)
                              param.o (memset)
/home/smolvik/gcc-arm-none-eabi-5_4-2016q3/arm-none-eabi/lib/armv6-m//libc.a(lib_a-reent.o)
                              stubs.o (errno)
/home/smolvik/gcc-arm-none-eabi-5_4-2016q3/arm-none-eabi/lib/armv6-m//libc.a(lib_a-__atexit.o)
                              /home/smolvik/gcc-arm-none-eabi-5_4-2016q3/arm-none-eabi/lib/armv6-m//libc.a(lib_a-atexit.o) (__register_exitproc)
/home/smolvik/gcc-arm-none-eabi-5_4-2016q3/arm-none-eabi/lib/armv6-m//libc.a(lib_a-__call_atexit.o)
                              /home/smolvik/gcc-arm-none-eabi-5_4-2016q3/arm-none-eabi/lib/armv6-m//libc.a(lib_a-exit.o) (__call_exitprocs)
/home/smolvik/gcc-arm-none-eabi-5_4-2016q3/arm-none-eabi/lib/armv6-m//libc.a(lib_a-freer.o)
                              /home/smolvik/gcc-arm-none-eabi-5_4-2016q3/arm-none-eabi/lib/armv6-m//libc.a(lib_a-reent.o) (_free_r)
/home/smolvik/gcc-arm-none-eabi-5_4-2016q3/arm-none-eabi/lib/armv6-m//libc.a(lib_a-mallocr.o)
                              /home/smolvik/gcc-arm-none-eabi-5_4-2016q3/arm-none-eabi/lib/armv6-m//libc.a(lib_a-freer.o) (__malloc_current_mallinfo)
/home/smolvik/gcc-arm-none-eabi-5_4-2016q3/arm-none-eabi/lib/armv6-m//libc.a(lib_a-mlock.o)
                              /home/smolvik/gcc-arm-none-eabi-5_4-2016q3/arm-none-eabi/lib/armv6-m//libc.a(lib_a-freer.o) (__malloc_lock)
/home/smolvik/gcc-arm-none-eabi-5_4-2016q3/arm-none-eabi/lib/armv6-m//libc.a(lib_a-sbrkr.o)
                              /home/smolvik/gcc-arm-none-eabi-5_4-2016q3/arm-none-eabi/lib/armv6-m//libc.a(lib_a-freer.o) (_sbrk_r)
/home/smolvik/CMSIS_5-5.4.0/CMSIS/RTOS/RTX/LIB/GCC/libRTX_CM0.a(rt_cmsis.o)
                              main.o (osKernelInitialize)
/home/smolvik/CMSIS_5-5.4.0/CMSIS/RTOS/RTX/LIB/GCC/libRTX_CM0.a(hal_cm.o)
                              /home/smolvik/CMSIS_5-5.4.0/CMSIS/RTOS/RTX/LIB/GCC/libRTX_CM0.a(rt_cmsis.o) (rt_ret_val)
/home/smolvik/CMSIS_5-5.4.0/CMSIS/RTOS/RTX/LIB/GCC/libRTX_CM0.a(rt_memory.o)
                              /home/smolvik/CMSIS_5-5.4.0/CMSIS/RTOS/RTX/LIB/GCC/libRTX_CM0.a(rt_cmsis.o) (rt_init_mem)
/home/smolvik/CMSIS_5-5.4.0/CMSIS/RTOS/RTX/LIB/GCC/libRTX_CM0.a(rt_membox.o)
                              /home/smolvik/CMSIS_5-5.4.0/CMSIS/RTOS/RTX/LIB/GCC/libRTX_CM0.a(rt_cmsis.o) (_init_box)
/home/smolvik/CMSIS_5-5.4.0/CMSIS/RTOS/RTX/LIB/GCC/libRTX_CM0.a(rt_mutex.o)
                              /home/smolvik/CMSIS_5-5.4.0/CMSIS/RTOS/RTX/LIB/GCC/libRTX_CM0.a(rt_cmsis.o) (rt_mut_init)
/home/smolvik/CMSIS_5-5.4.0/CMSIS/RTOS/RTX/LIB/GCC/libRTX_CM0.a(rt_time.o)
                              /home/smolvik/CMSIS_5-5.4.0/CMSIS/RTOS/RTX/LIB/GCC/libRTX_CM0.a(rt_cmsis.o) (os_time)
/home/smolvik/CMSIS_5-5.4.0/CMSIS/RTOS/RTX/LIB/GCC/libRTX_CM0.a(rt_semaphore.o)
                              /home/smolvik/CMSIS_5-5.4.0/CMSIS/RTOS/RTX/LIB/GCC/libRTX_CM0.a(rt_cmsis.o) (rt_sem_init)
/home/smolvik/CMSIS_5-5.4.0/CMSIS/RTOS/RTX/LIB/GCC/libRTX_CM0.a(rt_mailbox.o)
                              /home/smolvik/CMSIS_5-5.4.0/CMSIS/RTOS/RTX/LIB/GCC/libRTX_CM0.a(rt_cmsis.o) (rt_mbx_init)
/home/smolvik/CMSIS_5-5.4.0/CMSIS/RTOS/RTX/LIB/GCC/libRTX_CM0.a(rt_list.o)
                              /home/smolvik/CMSIS_5-5.4.0/CMSIS/RTOS/RTX/LIB/GCC/libRTX_CM0.a(rt_cmsis.o) (rt_put_prio)
/home/smolvik/CMSIS_5-5.4.0/CMSIS/RTOS/RTX/LIB/GCC/libRTX_CM0.a(rt_event.o)
[...]
Memory Configuration

Name             Origin             Length             Attributes
RAM1             0x20000000         0x00008000         rw
RAM2             0x20100000         0x00004000         xrw
FLASH            0x00000000         0x00020000         xr
*default*        0x00000000         0xffffffff

Linker script and memory map


.text           0x00000000     0x9340
                0x00000000                . = ALIGN (0x4)
 *(.interrupt_vector)
 .interrupt_vector
                0x00000000       0xc0 startup.o
                0x00000000                table_interrupt_vector
 *(.init)
 *(.fini)
 *(.text)
 .text          0x000000c0      0x394 main.o
                0x00000138                dut_reset_off
                0x00000150                dut_reset_on
                0x00000168                dut_set_speed
                0x00000188                dut_set_torque
                0x000001a4                main
                0x00000240                TIMER1_Handler
                0x00000264                TIMER2_Handler
                0x000002b8                EXT_INT1_Handler
                0x000002dc                threadDUTProceed
                0x00000414                threadFSMProceed
 .text          0x00000454       0x98 startup.o
                0x00000454                Reset_Handler
                0x00000454                handler_reset
                0x000004e4                DMA_Handler
                0x000004e4                TIMER4_Handler
                0x000004e4                HardFault_Handler
                0x000004e4                ARINC429T2_Handler
                0x000004e4                NMI_Handler
                0x000004e4                ADC_Handler
                0x000004e4                WWDG_Handler
                0x000004e4                POWER_Handler
                0x000004e4                BKP_Handler
                0x000004e4                MIL_STD_1553B1_Handler
                0x000004e4                CAN2_Handler
                0x000004e4                TIMER3_Handler
                0x000004e4                default_handler
                0x000004e4                EXT_INT2_Handler
                0x000004e4                USB_Handler
                0x000004e4                ARINC429T4_Handler
                0x000004e4                EXT_INT4_Handler
                0x000004e4                MIL_STD_1553B2_Handler
                0x000004e4                CAN1_Handler
                0x000004e4                EXT_INT3_Handler
                0x000004e4                BUSY_Handler
                0x000004e4                ARINC429T3_Handler
                0x000004e4                SSP2_Handler
                0x000004e4                SSP3_Handler
                0x000004e4                ARINC429T1_Handler
                0x000004e4                ARINC429R_Handler
                0x000004e4                SSP1_Handler
 .text          0x000004ec      0x594 mdb485.o
                0x00000560                mdb485_init
                0x000005c0                mdb485_send
                0x00000634                mdb485_putch
                0x00000660                mdb485_writeregs
                0x000007ac                mdb485_readregs
                0x00000870                mdb485_read_inputregs
                0x00000934                mdb485_get_func
                0x0000095c                mdb485_get_crc
                0x00000998                mdb485_si30_get_counter
                0x00000a10                UART2_Handler
 .text          0x00000a80      0x2a4 stubs.o
                0x00000a80                _exit
                0x00000a9c                _close
                0x00000ab0                _execve
                0x00000ad4                _fork
                0x00000aec                _fstat
                0x00000b08                _getpid
                0x00000b14                _isatty
                0x00000b3c                _kill
                0x00000b5c                _link
                0x00000b7c                _lseek
                0x00000b94                _sbrk
                0x00000c08                _read
                0x00000c3c                _stat
                0x00000c58                _times
                0x00000c6c                _unlink
                0x00000c8c                _wait
                0x00000cac                _write
                0x00000d0c                _init
                0x00000d18                _fini
 .text          0x00000d24      0x3cc mdb232.o
                0x00000d98                mdb232_init
                0x00000e4c                mdb232_read_inputregs
                0x00000f10                mdb232_readregs
                0x00000fd4                mdb232_bikm_get_torque
                0x00001080                UART1_Handler
 .text          0x000010f0      0x844 xprintf.o
                0x000010f0                xputc
                0x00001148                xputs
                0x00001170                xfputs
                0x000014cc                xprintf
                0x000014f4                xsprintf
                0x00001538                xfprintf
                0x00001578                put_dump
                0x0000167c                xgets
                0x0000171c                xfgets
                0x00001758                xatoi
 .text          0x00001934       0x68 RTX_Conf_CM.o
                0x00001934                os_idle_demon
                0x0000193c                os_error
                0x00001968                software_init_hook
 .text          0x0000199c      0x480 system.o
                0x00001ae4                PortConfig
                0x00001c20                ClkConfig
                0x00001d70                TimerConfig
                0x00001de8                SystemInit
 .text          0x00001e1c      0x770 ethfunc.o
                0x00001e50                RemoteMacInit
                0x00001e84                PHYInit
                0x00001ee8                SetPHYReg
                0x00001f54                GetPHYReg
                0x00001fb0                EthernetConfig
                0x0000201c                MACReset
                0x0000210c                ClearMemory
                0x00002144                ReadPacket
                0x00002330                SendPacket
                0x00002530                ETHERNET_Handler
 .text          0x0000258c      0xad0 network.o
                0x0000258c                network_config
                0x00002598                Answear_ARP
                0x00002680                CheckSum_UDP
                0x000027e0                CheckSum_IP
                0x0000283c                CheckSum_ICMP
                0x000028a0                Request_ICMP
                0x00002a84                Answear_ICMP
                0x00002be4                Send_UDP
                0x00002e24                PacketParser
                0x00002f6c                threadPacketParser
 .text          0x0000305c       0xe4 crc.o
                0x0000305c                crc32
                0x000030b0                crc16
 .text          0x00003140       0x38 eeprom.o
                0x00003140                eeprom_on
                0x0000315c                eeprom_off
 .text          0x00003178      0x2e0 param.o
                0x00003178                par_default
                0x000031d0                par_save
                0x0000322c                par_verify
                0x0000328c                par_read
                0x000032f4                par_update
                0x000033a4                par_mac
                0x000033e0                par_iploc
                0x0000341c                par_iprem
 .text          0x00003458      0xbfc modbus_udp.o
                0x00003458                mdb_fifo_read
                0x000034f0                mdb_fifo_write
                0x0000357c                mdb_get_testparam
                0x000037a4                mdb_get_holding_register
                0x00003f58                mdb_proc_adu
 .text          0x00004054      0x5ec fsm.o
                0x00004054                fsm_get_mode
                0x00004068                fsm_get_cyccnt
 .text          0x00004640      0x114 /home/smolvik/gcc-arm-none-eabi-5_4-2016q3/lib/gcc/arm-none-eabi/5.4.1/armv6-m//libgcc.a(_udivsi3.o)
                0x00004640                __udivsi3
                0x00004640                __aeabi_uidiv
                0x0000474c                __aeabi_uidivmod
 .text          0x00004754      0x1d4 /home/smolvik/gcc-arm-none-eabi-5_4-2016q3/lib/gcc/arm-none-eabi/5.4.1/armv6-m//libgcc.a(_divsi3.o)
                0x00004754                __aeabi_idiv
                0x00004754                __divsi3
                0x00004920                __aeabi_idivmod
 .text          0x00004928        0x4 /home/smolvik/gcc-arm-none-eabi-5_4-2016q3/lib/gcc/arm-none-eabi/5.4.1/armv6-m//libgcc.a(_dvmd_tls.o)
                0x00004928                __aeabi_ldiv0
                0x00004928                __aeabi_idiv0
 .text          0x0000492c        0x0 /home/smolvik/gcc-arm-none-eabi-5_4-2016q3/arm-none-eabi/lib/armv6-m//libc.a(lib_a-atexit.o)
 .text          0x0000492c        0x0 /home/smolvik/gcc-arm-none-eabi-5_4-2016q3/arm-none-eabi/lib/armv6-m//libc.a(lib_a-exit.o)
 .text          0x0000492c        0x0 /home/smolvik/gcc-arm-none-eabi-5_4-2016q3/arm-none-eabi/lib/armv6-m//libc.a(lib_a-fini.o)
 .text          0x0000492c        0x0 /home/smolvik/gcc-arm-none-eabi-5_4-2016q3/arm-none-eabi/lib/armv6-m//libc.a(lib_a-impure.o)
 .text          0x0000492c        0x0 /home/smolvik/gcc-arm-none-eabi-5_4-2016q3/arm-none-eabi/lib/armv6-m//libc.a(lib_a-init.o)
 .text          0x0000492c        0x0 /home/smolvik/gcc-arm-none-eabi-5_4-2016q3/arm-none-eabi/lib/armv6-m//libc.a(lib_a-memset.o)
 .text          0x0000492c        0x0 /home/smolvik/gcc-arm-none-eabi-5_4-2016q3/arm-none-eabi/lib/armv6-m//libc.a(lib_a-reent.o)
 .text          0x0000492c        0x0 /home/smolvik/gcc-arm-none-eabi-5_4-2016q3/arm-none-eabi/lib/armv6-m//libc.a(lib_a-__atexit.o)
 .text          0x0000492c        0x0 /home/smolvik/gcc-arm-none-eabi-5_4-2016q3/arm-none-eabi/lib/armv6-m//libc.a(lib_a-__call_atexit.o)
 .text          0x0000492c        0x0 /home/smolvik/gcc-arm-none-eabi-5_4-2016q3/arm-none-eabi/lib/armv6-m//libc.a(lib_a-freer.o)
 .text          0x0000492c        0x0 /home/smolvik/gcc-arm-none-eabi-5_4-2016q3/arm-none-eabi/lib/armv6-m//libc.a(lib_a-mallocr.o)
 .text          0x0000492c        0x0 /home/smolvik/gcc-arm-none-eabi-5_4-2016q3/arm-none-eabi/lib/armv6-m//libc.a(lib_a-mlock.o)
 .text          0x0000492c        0x0 /home/smolvik/gcc-arm-none-eabi-5_4-2016q3/arm-none-eabi/lib/armv6-m//libc.a(lib_a-sbrkr.o)
 .text          0x0000492c        0x0 /home/smolvik/CMSIS_5-5.4.0/CMSIS/RTOS/RTX/LIB/GCC/libRTX_CM0.a(rt_cmsis.o)
 .text          0x0000492c        0x0 /home/smolvik/CMSIS_5-5.4.0/CMSIS/RTOS/RTX/LIB/GCC/libRTX_CM0.a(hal_cm.o)
 .text          0x0000492c        0x0 /home/smolvik/CMSIS_5-5.4.0/CMSIS/RTOS/RTX/LIB/GCC/libRTX_CM0.a(rt_memory.o)
 .text          0x0000492c        0x0 /home/smolvik/CMSIS_5-5.4.0/CMSIS/RTOS/RTX/LIB/GCC/libRTX_CM0.a(rt_membox.o)
 .text          0x0000492c        0x0 /home/smolvik/CMSIS_5-5.4.0/CMSIS/RTOS/RTX/LIB/GCC/libRTX_CM0.a(rt_mutex.o)
 .text          0x0000492c        0x0 /home/smolvik/CMSIS_5-5.4.0/CMSIS/RTOS/RTX/LIB/GCC/libRTX_CM0.a(rt_time.o)
 .text          0x0000492c        0x0 /home/smolvik/CMSIS_5-5.4.0/CMSIS/RTOS/RTX/LIB/GCC/libRTX_CM0.a(rt_semaphore.o)
 .text          0x0000492c        0x0 /home/smolvik/CMSIS_5-5.4.0/CMSIS/RTOS/RTX/LIB/GCC/libRTX_CM0.a(rt_mailbox.o)
 .text          0x0000492c        0x0 /home/smolvik/CMSIS_5-5.4.0/CMSIS/RTOS/RTX/LIB/GCC/libRTX_CM0.a(rt_list.o)
 .text          0x0000492c        0x0 /home/smolvik/CMSIS_5-5.4.0/CMSIS/RTOS/RTX/LIB/GCC/libRTX_CM0.a(rt_event.o)
 .text          0x0000492c        0x0 /home/smolvik/CMSIS_5-5.4.0/CMSIS/RTOS/RTX/LIB/GCC/libRTX_CM0.a(rt_system.o)
 .text          0x0000492c        0x0 /home/smolvik/CMSIS_5-5.4.0/CMSIS/RTOS/RTX/LIB/GCC/libRTX_CM0.a(rt_task.o)
 .text          0x0000492c      0x154 /home/smolvik/CMSIS_5-5.4.0/CMSIS/RTOS/RTX/LIB/GCC/libRTX_CM0.a(hal_cm0.o)
                0x0000492c                rt_set_PSP
                0x00004932                rt_get_PSP
                0x00004938                os_set_env
                0x00004956                _alloc_box
                0x00004970                _free_box
                0x0000498a                SVC_Handler
                0x00004a10                PendSV_Handler
                0x00004a14                Sys_Switch
                0x00004a58                SysTick_Handler
                0x00004a5e                OS_Tick_Handler
 .text          0x00004a80        0x0 /home/smolvik/CMSIS_5-5.4.0/CMSIS/RTOS/RTX/LIB/GCC/libRTX_CM0.a(svc_table.o)
 .text          0x00004a80        0x0 /home/smolvik/CMSIS_5-5.4.0/CMSIS/RTOS/RTX/LIB/GCC/libRTX_CM0.a(rt_robin.o)
 .text          0x00004a80       0x40 /home/smolvik/gcc-arm-none-eabi-5_4-2016q3/lib/gcc/arm-none-eabi/5.4.1/armv6-m//libgcc.a(_aeabi_uldivmod.o)
                0x00004a80                __aeabi_uldivmod
 .text          0x00004ac0       0x58 /home/smolvik/gcc-arm-none-eabi-5_4-2016q3/lib/gcc/arm-none-eabi/5.4.1/armv6-m//libgcc.a(_muldi3.o)
                0x00004ac0                __aeabi_lmul
                0x00004ac0                __muldi3
 .text          0x00004b18      0x180 /home/smolvik/gcc-arm-none-eabi-5_4-2016q3/lib/gcc/arm-none-eabi/5.4.1/armv6-m//libgcc.a(_udivmoddi4.o)
                0x00004b18                __udivmoddi4
 .text          0x00004c98       0x18 /home/smolvik/gcc-arm-none-eabi-5_4-2016q3/lib/gcc/arm-none-eabi/5.4.1/armv6-m//libgcc.a(_clzdi2.o)
                0x00004c98                __clzdi2
 .text          0x00004cb0       0x3c /home/smolvik/gcc-arm-none-eabi-5_4-2016q3/lib/gcc/arm-none-eabi/5.4.1/armv6-m//libgcc.a(_clzsi2.o)
                0x00004cb0                __clzsi2
 *(.text*)
 .text.atexit   0x00004cec       0x10 /home/smolvik/gcc-arm-none-eabi-5_4-2016q3/arm-none-eabi/lib/armv6-m//libc.a(lib_a-atexit.o)
                0x00004cec                atexit
 .text.exit     0x00004cfc       0x20 /home/smolvik/gcc-arm-none-eabi-5_4-2016q3/arm-none-eabi/lib/armv6-m//libc.a(lib_a-exit.o)
                0x00004cfc                exit
 .text.__libc_fini_array
                0x00004d1c       0x34 /home/smolvik/gcc-arm-none-eabi-5_4-2016q3/arm-none-eabi/lib/armv6-m//libc.a(lib_a-fini.o)
                0x00004d1c                __libc_fini_array
 .text.__libc_init_array
                0x00004d50       0x48 /home/smolvik/gcc-arm-none-eabi-5_4-2016q3/arm-none-eabi/lib/armv6-m//libc.a(lib_a-init.o)
                0x00004d50                __libc_init_array
 .text.memset   0x00004d98       0x8c /home/smolvik/gcc-arm-none-eabi-5_4-2016q3/arm-none-eabi/lib/armv6-m//libc.a(lib_a-memset.o)
                0x00004d98                memset
 .text.cleanup_glue
                0x00004e24       0x1c /home/smolvik/gcc-arm-none-eabi-5_4-2016q3/arm-none-eabi/lib/armv6-m//libc.a(lib_a-reent.o)
                0x00004e24                cleanup_glue
 .text._reclaim_reent
                0x00004e40       0x94 /home/smolvik/gcc-arm-none-eabi-5_4-2016q3/arm-none-eabi/lib/armv6-m//libc.a(lib_a-reent.o)
                0x00004e40                _reclaim_reent
 .text.__register_exitproc
                0x00004ed4       0xd4 /home/smolvik/gcc-arm-none-eabi-5_4-2016q3/arm-none-eabi/lib/armv6-m//libc.a(lib_a-__atexit.o)
                0x00004ed4                __register_exitproc
 .text.startup.register_fini
                0x00004fa8       0x18 /home/smolvik/gcc-arm-none-eabi-5_4-2016q3/arm-none-eabi/lib/armv6-m//libc.a(lib_a-__call_atexit.o)
 .text.__call_exitprocs
                0x00004fc0       0xfc /home/smolvik/gcc-arm-none-eabi-5_4-2016q3/arm-none-eabi/lib/armv6-m//libc.a(lib_a-__call_atexit.o)
                0x00004fc0                __call_exitprocs
 .text._malloc_trim_r
                0x000050bc       0xa0 /home/smolvik/gcc-arm-none-eabi-5_4-2016q3/arm-none-eabi/lib/armv6-m//libc.a(lib_a-freer.o)
                0x000050bc                _malloc_trim_r
 .text._free_r  0x0000515c      0x1c4 /home/smolvik/gcc-arm-none-eabi-5_4-2016q3/arm-none-eabi/lib/armv6-m//libc.a(lib_a-freer.o)
                0x0000515c                _free_r
 .text._malloc_r
                0x00005320      0x554 /home/smolvik/gcc-arm-none-eabi-5_4-2016q3/arm-none-eabi/lib/armv6-m//libc.a(lib_a-mallocr.o)
                0x00005320                _malloc_r
 .text.__malloc_lock
                0x00005874        0x4 /home/smolvik/gcc-arm-none-eabi-5_4-2016q3/arm-none-eabi/lib/armv6-m//libc.a(lib_a-mlock.o)
                0x00005874                __malloc_lock
 .text.__malloc_unlock
                0x00005878        0x4 /home/smolvik/gcc-arm-none-eabi-5_4-2016q3/arm-none-eabi/lib/armv6-m//libc.a(lib_a-mlock.o)
                0x00005878                __malloc_unlock
 .text._sbrk_r  0x0000587c       0x24 /home/smolvik/gcc-arm-none-eabi-5_4-2016q3/arm-none-eabi/lib/armv6-m//libc.a(lib_a-sbrkr.o)
                0x0000587c                _sbrk_r
 .text.osThreadExit
                0x000058a0       0x18 /home/smolvik/CMSIS_5-5.4.0/CMSIS/RTOS/RTX/LIB/GCC/libRTX_CM0.a(rt_cmsis.o)
                0x000058a0                osThreadExit
 .text.svcKernelInitialize
                0x000058b8      0x114 /home/smolvik/CMSIS_5-5.4.0/CMSIS/RTOS/RTX/LIB/GCC/libRTX_CM0.a(rt_cmsis.o)
                0x000058b8                svcKernelInitialize
 .text.svcKernelStart
                0x000059cc       0x4c /home/smolvik/CMSIS_5-5.4.0/CMSIS/RTOS/RTX/LIB/GCC/libRTX_CM0.a(rt_cmsis.o)
                0x000059cc                svcKernelStart
 .text.svcKernelRunning
                0x00005a18        0xc /home/smolvik/CMSIS_5-5.4.0/CMSIS/RTOS/RTX/LIB/GCC/libRTX_CM0.a(rt_cmsis.o)
                0x00005a18                svcKernelRunning
 .text.svcKernelSysTick
                0x00005a24       0x50 /home/smolvik/CMSIS_5-5.4.0/CMSIS/RTOS/RTX/LIB/GCC/libRTX_CM0.a(rt_cmsis.o)
                0x00005a24                svcKernelSysTick
 .text.osKernelInitialize
                0x00005a74      0x138 /home/smolvik/CMSIS_5-5.4.0/CMSIS/RTOS/RTX/LIB/GCC/libRTX_CM0.a(rt_cmsis.o)
                0x00005a74                osKernelInitialize
 .text.osKernelStart
                0x00005bac       0x78 /home/smolvik/CMSIS_5-5.4.0/CMSIS/RTOS/RTX/LIB/GCC/libRTX_CM0.a(rt_cmsis.o)
                0x00005bac                osKernelStart
 .text.osKernelRunning
                0x00005c24       0x28 /home/smolvik/CMSIS_5-5.4.0/CMSIS/RTOS/RTX/LIB/GCC/libRTX_CM0.a(rt_cmsis.o)
                0x00005c24                osKernelRunning
 .text.osKernelSysTick
                0x00005c4c       0x1c /home/smolvik/CMSIS_5-5.4.0/CMSIS/RTOS/RTX/LIB/GCC/libRTX_CM0.a(rt_cmsis.o)
                0x00005c4c                osKernelSysTick
 .text.svcThreadCreate
                0x00005c68       0x78 /home/smolvik/CMSIS_5-5.4.0/CMSIS/RTOS/RTX/LIB/GCC/libRTX_CM0.a(rt_cmsis.o)
                0x00005c68                svcThreadCreate
 .text.svcThreadGetId
                0x00005ce0       0x1c /home/smolvik/CMSIS_5-5.4.0/CMSIS/RTOS/RTX/LIB/GCC/libRTX_CM0.a(rt_cmsis.o)
                0x00005ce0                svcThreadGetId
 .text.svcThreadTerminate
                0x00005cfc       0x44 /home/smolvik/CMSIS_5-5.4.0/CMSIS/RTOS/RTX/LIB/GCC/libRTX_CM0.a(rt_cmsis.o)
                0x00005cfc                svcThreadTerminate
 .text.svcThreadYield
                0x00005d40        0xc /home/smolvik/CMSIS_5-5.4.0/CMSIS/RTOS/RTX/LIB/GCC/libRTX_CM0.a(rt_cmsis.o)
                0x00005d40                svcThreadYield
 .text.svcThreadSetPriority
                0x00005d4c       0x34 /home/smolvik/CMSIS_5-5.4.0/CMSIS/RTOS/RTX/LIB/GCC/libRTX_CM0.a(rt_cmsis.o)
                0x00005d4c                svcThreadSetPriority
 .text.svcThreadGetPriority
                0x00005d80       0x18 /home/smolvik/CMSIS_5-5.4.0/CMSIS/RTOS/RTX/LIB/GCC/libRTX_CM0.a(rt_cmsis.o)
                0x00005d80                svcThreadGetPriority
 .text.osThreadCreate
                0x00005d98       0xb0 /home/smolvik/CMSIS_5-5.4.0/CMSIS/RTOS/RTX/LIB/GCC/libRTX_CM0.a(rt_cmsis.o)
                0x00005d98                osThreadCreate
 .text.osThreadGetId
                0x00005e48       0x1c /home/smolvik/CMSIS_5-5.4.0/CMSIS/RTOS/RTX/LIB/GCC/libRTX_CM0.a(rt_cmsis.o)
                0x00005e48                osThreadGetId
 .text.osThreadTerminate
                0x00005e64       0x20 /home/smolvik/CMSIS_5-5.4.0/CMSIS/RTOS/RTX/LIB/GCC/libRTX_CM0.a(rt_cmsis.o)
                0x00005e64                osThreadTerminate
 .text.osThreadYield
                0x00005e84       0x20 /home/smolvik/CMSIS_5-5.4.0/CMSIS/RTOS/RTX/LIB/GCC/libRTX_CM0.a(rt_cmsis.o)
                0x00005e84                osThreadYield
 .text.osThreadSetPriority
                0x00005ea4       0x20 /home/smolvik/CMSIS_5-5.4.0/CMSIS/RTOS/RTX/LIB/GCC/libRTX_CM0.a(rt_cmsis.o)
                0x00005ea4                osThreadSetPriority
 .text.osThreadGetPriority
                0x00005ec4       0x20 /home/smolvik/CMSIS_5-5.4.0/CMSIS/RTOS/RTX/LIB/GCC/libRTX_CM0.a(rt_cmsis.o)
                0x00005ec4                osThreadGetPriority
 .text.svcDelay
                0x00005ee4       0x60 /home/smolvik/CMSIS_5-5.4.0/CMSIS/RTOS/RTX/LIB/GCC/libRTX_CM0.a(rt_cmsis.o)
                0x00005ee4                svcDelay
 .text.osDelay  0x00005f44       0x20 /home/smolvik/CMSIS_5-5.4.0/CMSIS/RTOS/RTX/LIB/GCC/libRTX_CM0.a(rt_cmsis.o)
                0x00005f44                osDelay
 .text.osWait   0x00005f64        0x8 /home/smolvik/CMSIS_5-5.4.0/CMSIS/RTOS/RTX/LIB/GCC/libRTX_CM0.a(rt_cmsis.o)
                0x00005f64                osWait
 .text.svcTimerCreate
                0x00005f6c       0x3c /home/smolvik/CMSIS_5-5.4.0/CMSIS/RTOS/RTX/LIB/GCC/libRTX_CM0.a(rt_cmsis.o)
                0x00005f6c                svcTimerCreate
 .text.svcTimerStart
                0x00005fa8       0xe0 /home/smolvik/CMSIS_5-5.4.0/CMSIS/RTOS/RTX/LIB/GCC/libRTX_CM0.a(rt_cmsis.o)
                0x00005fa8                svcTimerStart
 .text.svcTimerStop
                0x00006088       0x58 /home/smolvik/CMSIS_5-5.4.0/CMSIS/RTOS/RTX/LIB/GCC/libRTX_CM0.a(rt_cmsis.o)
                0x00006088                svcTimerStop
 .text.svcTimerDelete
                0x000060e0       0x60 /home/smolvik/CMSIS_5-5.4.0/CMSIS/RTOS/RTX/LIB/GCC/libRTX_CM0.a(rt_cmsis.o)
                0x000060e0                svcTimerDelete
 .text.svcTimerCall
                0x00006140       0x20 /home/smolvik/CMSIS_5-5.4.0/CMSIS/RTOS/RTX/LIB/GCC/libRTX_CM0.a(rt_cmsis.o)
                0x00006140                svcTimerCall
 .text.sysTimerTick
                0x00006160       0xbc /home/smolvik/CMSIS_5-5.4.0/CMSIS/RTOS/RTX/LIB/GCC/libRTX_CM0.a(rt_cmsis.o)
                0x00006160                sysTimerTick
 .text.sysUserTimerWakeupTime
                0x0000621c       0x18 /home/smolvik/CMSIS_5-5.4.0/CMSIS/RTOS/RTX/LIB/GCC/libRTX_CM0.a(rt_cmsis.o)
                0x0000621c                sysUserTimerWakeupTime
 .text.sysUserTimerUpdate
                0x00006234       0x40 /home/smolvik/CMSIS_5-5.4.0/CMSIS/RTOS/RTX/LIB/GCC/libRTX_CM0.a(rt_cmsis.o)
                0x00006234                sysUserTimerUpdate
 .text.osTimerCreate
                0x00006274       0x64 /home/smolvik/CMSIS_5-5.4.0/CMSIS/RTOS/RTX/LIB/GCC/libRTX_CM0.a(rt_cmsis.o)
                0x00006274                osTimerCreate
 .text.osTimerStart
                0x000062d8       0x20 /home/smolvik/CMSIS_5-5.4.0/CMSIS/RTOS/RTX/LIB/GCC/libRTX_CM0.a(rt_cmsis.o)
                0x000062d8                osTimerStart
 .text.osTimerStop
                0x000062f8       0x20 /home/smolvik/CMSIS_5-5.4.0/CMSIS/RTOS/RTX/LIB/GCC/libRTX_CM0.a(rt_cmsis.o)
                0x000062f8                osTimerStop
 .text.osTimerDelete
                0x00006318       0x20 /home/smolvik/CMSIS_5-5.4.0/CMSIS/RTOS/RTX/LIB/GCC/libRTX_CM0.a(rt_cmsis.o)
                0x00006318                osTimerDelete
 .text.osTimerCall
                0x00006338       0x18 /home/smolvik/CMSIS_5-5.4.0/CMSIS/RTOS/RTX/LIB/GCC/libRTX_CM0.a(rt_cmsis.o)
                0x00006338                osTimerCall
 .text.osTimerThread
                0x00006350       0x38 /home/smolvik/CMSIS_5-5.4.0/CMSIS/RTOS/RTX/LIB/GCC/libRTX_CM0.a(rt_cmsis.o)
                0x00006350                osTimerThread
 .text.svcSignalSet
                0x00006388       0x2c /home/smolvik/CMSIS_5-5.4.0/CMSIS/RTOS/RTX/LIB/GCC/libRTX_CM0.a(rt_cmsis.o)
                0x00006388                svcSignalSet
 .text.svcSignalClear
                0x000063b4       0x2c /home/smolvik/CMSIS_5-5.4.0/CMSIS/RTOS/RTX/LIB/GCC/libRTX_CM0.a(rt_cmsis.o)
                0x000063b4                svcSignalClear
 .text.svcSignalWait
                0x000063e0       0xf0 /home/smolvik/CMSIS_5-5.4.0/CMSIS/RTOS/RTX/LIB/GCC/libRTX_CM0.a(rt_cmsis.o)
                0x000063e0                svcSignalWait
 .text.isrSignalSet
                0x000064d0       0x2c /home/smolvik/CMSIS_5-5.4.0/CMSIS/RTOS/RTX/LIB/GCC/libRTX_CM0.a(rt_cmsis.o)
                0x000064d0                isrSignalSet
 .text.osSignalSet
                0x000064fc       0x40 /home/smolvik/CMSIS_5-5.4.0/CMSIS/RTOS/RTX/LIB/GCC/libRTX_CM0.a(rt_cmsis.o)
                0x000064fc                osSignalSet
 .text.osSignalClear
                0x0000653c       0x1c /home/smolvik/CMSIS_5-5.4.0/CMSIS/RTOS/RTX/LIB/GCC/libRTX_CM0.a(rt_cmsis.o)
                0x0000653c                osSignalClear
 .text.osSignalWait
                0x00006558       0x2c /home/smolvik/CMSIS_5-5.4.0/CMSIS/RTOS/RTX/LIB/GCC/libRTX_CM0.a(rt_cmsis.o)
                0x00006558                osSignalWait
 .text.svcMutexCreate
                0x00006584       0x20 /home/smolvik/CMSIS_5-5.4.0/CMSIS/RTOS/RTX/LIB/GCC/libRTX_CM0.a(rt_cmsis.o)
                0x00006584                svcMutexCreate
 .text.svcMutexWait
                0x000065a4       0x8c /home/smolvik/CMSIS_5-5.4.0/CMSIS/RTOS/RTX/LIB/GCC/libRTX_CM0.a(rt_cmsis.o)
                0x000065a4                svcMutexWait
 .text.svcMutexRelease
                0x00006630       0x24 /home/smolvik/CMSIS_5-5.4.0/CMSIS/RTOS/RTX/LIB/GCC/libRTX_CM0.a(rt_cmsis.o)
                0x00006630                svcMutexRelease
 .text.svcMutexDelete
                0x00006654       0x20 /home/smolvik/CMSIS_5-5.4.0/CMSIS/RTOS/RTX/LIB/GCC/libRTX_CM0.a(rt_cmsis.o)
                0x00006654                svcMutexDelete
 .text.osMutexCreate
                0x00006674       0x4c /home/smolvik/CMSIS_5-5.4.0/CMSIS/RTOS/RTX/LIB/GCC/libRTX_CM0.a(rt_cmsis.o)
                0x00006674                osMutexCreate
 .text.osMutexWait
                0x000066c0       0x20 /home/smolvik/CMSIS_5-5.4.0/CMSIS/RTOS/RTX/LIB/GCC/libRTX_CM0.a(rt_cmsis.o)
                0x000066c0                osMutexWait
 .text.osMutexRelease
                0x000066e0       0x20 /home/smolvik/CMSIS_5-5.4.0/CMSIS/RTOS/RTX/LIB/GCC/libRTX_CM0.a(rt_cmsis.o)
                0x000066e0                osMutexRelease
 .text.osMutexDelete
                0x00006700       0x20 /home/smolvik/CMSIS_5-5.4.0/CMSIS/RTOS/RTX/LIB/GCC/libRTX_CM0.a(rt_cmsis.o)
                0x00006700                osMutexDelete
 .text.svcSemaphoreCreate
                0x00006720       0x2c /home/smolvik/CMSIS_5-5.4.0/CMSIS/RTOS/RTX/LIB/GCC/libRTX_CM0.a(rt_cmsis.o)
                0x00006720                svcSemaphoreCreate
 .text.svcSemaphoreWait
                0x0000674c       0x88 /home/smolvik/CMSIS_5-5.4.0/CMSIS/RTOS/RTX/LIB/GCC/libRTX_CM0.a(rt_cmsis.o)
                0x0000674c                svcSemaphoreWait
 .text.svcSemaphoreRelease
                0x000067d4       0x2c /home/smolvik/CMSIS_5-5.4.0/CMSIS/RTOS/RTX/LIB/GCC/libRTX_CM0.a(rt_cmsis.o)
                0x000067d4                svcSemaphoreRelease
 .text.svcSemaphoreDelete
                0x00006800       0x20 /home/smolvik/CMSIS_5-5.4.0/CMSIS/RTOS/RTX/LIB/GCC/libRTX_CM0.a(rt_cmsis.o)
                0x00006800                svcSemaphoreDelete
 .text.isrSemaphoreRelease
                0x00006820       0x2c /home/smolvik/CMSIS_5-5.4.0/CMSIS/RTOS/RTX/LIB/GCC/libRTX_CM0.a(rt_cmsis.o)
                0x00006820                isrSemaphoreRelease
 .text.osSemaphoreCreate
                0x0000684c       0x54 /home/smolvik/CMSIS_5-5.4.0/CMSIS/RTOS/RTX/LIB/GCC/libRTX_CM0.a(rt_cmsis.o)
                0x0000684c                osSemaphoreCreate
 .text.osSemaphoreWait
                0x000068a0       0x1c /home/smolvik/CMSIS_5-5.4.0/CMSIS/RTOS/RTX/LIB/GCC/libRTX_CM0.a(rt_cmsis.o)
                0x000068a0                osSemaphoreWait
 .text.osSemaphoreRelease
                0x000068bc       0x40 /home/smolvik/CMSIS_5-5.4.0/CMSIS/RTOS/RTX/LIB/GCC/libRTX_CM0.a(rt_cmsis.o)
                0x000068bc                osSemaphoreRelease
 .text.osSemaphoreDelete
                0x000068fc       0x20 /home/smolvik/CMSIS_5-5.4.0/CMSIS/RTOS/RTX/LIB/GCC/libRTX_CM0.a(rt_cmsis.o)
                0x000068fc                osSemaphoreDelete
 .text.svcPoolCreate
                0x0000691c       0x30 /home/smolvik/CMSIS_5-5.4.0/CMSIS/RTOS/RTX/LIB/GCC/libRTX_CM0.a(rt_cmsis.o)
                0x0000691c                svcPoolCreate
 .text.sysPoolAlloc
                0x0000694c       0x10 /home/smolvik/CMSIS_5-5.4.0/CMSIS/RTOS/RTX/LIB/GCC/libRTX_CM0.a(rt_cmsis.o)
                0x0000694c                sysPoolAlloc
 .text.sysPoolFree
                0x0000695c       0x1c /home/smolvik/CMSIS_5-5.4.0/CMSIS/RTOS/RTX/LIB/GCC/libRTX_CM0.a(rt_cmsis.o)
                0x0000695c                sysPoolFree
 .text.osPoolCreate
                0x00006978       0x5c /home/smolvik/CMSIS_5-5.4.0/CMSIS/RTOS/RTX/LIB/GCC/libRTX_CM0.a(rt_cmsis.o)
                0x00006978                osPoolCreate
 .text.osPoolAlloc
                0x000069d4       0x2c /home/smolvik/CMSIS_5-5.4.0/CMSIS/RTOS/RTX/LIB/GCC/libRTX_CM0.a(rt_cmsis.o)
                0x000069d4                osPoolAlloc
 .text.osPoolCAlloc
                0x00006a00       0x4c /home/smolvik/CMSIS_5-5.4.0/CMSIS/RTOS/RTX/LIB/GCC/libRTX_CM0.a(rt_cmsis.o)
                0x00006a00                osPoolCAlloc
 .text.osPoolFree
                0x00006a4c       0x38 /home/smolvik/CMSIS_5-5.4.0/CMSIS/RTOS/RTX/LIB/GCC/libRTX_CM0.a(rt_cmsis.o)
                0x00006a4c                osPoolFree
 .text.svcMessageCreate
                0x00006a84       0x2c /home/smolvik/CMSIS_5-5.4.0/CMSIS/RTOS/RTX/LIB/GCC/libRTX_CM0.a(rt_cmsis.o)
                0x00006a84                svcMessageCreate
 .text.svcMessagePut
                0x00006ab0       0x80 /home/smolvik/CMSIS_5-5.4.0/CMSIS/RTOS/RTX/LIB/GCC/libRTX_CM0.a(rt_cmsis.o)
                0x00006ab0                svcMessagePut
 .text.svcMessageGet
                0x00006b30       0x90 /home/smolvik/CMSIS_5-5.4.0/CMSIS/RTOS/RTX/LIB/GCC/libRTX_CM0.a(rt_cmsis.o)
                0x00006b30                svcMessageGet
 .text.isrMessagePut
                0x00006bc0       0x34 /home/smolvik/CMSIS_5-5.4.0/CMSIS/RTOS/RTX/LIB/GCC/libRTX_CM0.a(rt_cmsis.o)
                0x00006bc0                isrMessagePut
 .text.isrMessageGet
                0x00006bf4       0x44 /home/smolvik/CMSIS_5-5.4.0/CMSIS/RTOS/RTX/LIB/GCC/libRTX_CM0.a(rt_cmsis.o)
                0x00006bf4                isrMessageGet
 .text.osMessageCreate
                0x00006c38       0x58 /home/smolvik/CMSIS_5-5.4.0/CMSIS/RTOS/RTX/LIB/GCC/libRTX_CM0.a(rt_cmsis.o)
                0x00006c38                osMessageCreate
 .text.osMessagePut
                0x00006c90       0x48 /home/smolvik/CMSIS_5-5.4.0/CMSIS/RTOS/RTX/LIB/GCC/libRTX_CM0.a(rt_cmsis.o)
                0x00006c90                osMessagePut
 .text.osMessageGet
                0x00006cd8       0x60 /home/smolvik/CMSIS_5-5.4.0/CMSIS/RTOS/RTX/LIB/GCC/libRTX_CM0.a(rt_cmsis.o)
                0x00006cd8                osMessageGet
 .text.svcMailCreate
                0x00006d38       0x50 /home/smolvik/CMSIS_5-5.4.0/CMSIS/RTOS/RTX/LIB/GCC/libRTX_CM0.a(rt_cmsis.o)
                0x00006d38                svcMailCreate
 .text.sysMailAlloc
                0x00006d88       0xac /home/smolvik/CMSIS_5-5.4.0/CMSIS/RTOS/RTX/LIB/GCC/libRTX_CM0.a(rt_cmsis.o)
                0x00006d88                sysMailAlloc
 .text.sysMailFree
                0x00006e34       0x78 /home/smolvik/CMSIS_5-5.4.0/CMSIS/RTOS/RTX/LIB/GCC/libRTX_CM0.a(rt_cmsis.o)
                0x00006e34                sysMailFree
 .text.osMailCreate
                0x00006eac       0x7c /home/smolvik/CMSIS_5-5.4.0/CMSIS/RTOS/RTX/LIB/GCC/libRTX_CM0.a(rt_cmsis.o)
                0x00006eac                osMailCreate
 .text.osMailAlloc
                0x00006f28       0x38 /home/smolvik/CMSIS_5-5.4.0/CMSIS/RTOS/RTX/LIB/GCC/libRTX_CM0.a(rt_cmsis.o)
                0x00006f28                osMailAlloc
 .text.osMailCAlloc
                0x00006f60       0x60 /home/smolvik/CMSIS_5-5.4.0/CMSIS/RTOS/RTX/LIB/GCC/libRTX_CM0.a(rt_cmsis.o)
                0x00006f60                osMailCAlloc
 .text.osMailFree
                0x00006fc0       0x60 /home/smolvik/CMSIS_5-5.4.0/CMSIS/RTOS/RTX/LIB/GCC/libRTX_CM0.a(rt_cmsis.o)
                0x00006fc0                osMailFree
 .text.osMailPut
                0x00007020       0x58 /home/smolvik/CMSIS_5-5.4.0/CMSIS/RTOS/RTX/LIB/GCC/libRTX_CM0.a(rt_cmsis.o)
                0x00007020                osMailPut
 .text.osMailGet
                0x00007078       0x50 /home/smolvik/CMSIS_5-5.4.0/CMSIS/RTOS/RTX/LIB/GCC/libRTX_CM0.a(rt_cmsis.o)
                0x00007078                osMailGet
 .text.os_suspend
                0x000070c8       0x10 /home/smolvik/CMSIS_5-5.4.0/CMSIS/RTOS/RTX/LIB/GCC/libRTX_CM0.a(rt_cmsis.o)
                0x000070c8                os_suspend
 .text.os_resume
                0x000070d8       0x10 /home/smolvik/CMSIS_5-5.4.0/CMSIS/RTOS/RTX/LIB/GCC/libRTX_CM0.a(rt_cmsis.o)
                0x000070d8                os_resume
 .text.rt_init_stack
                0x000070e8       0xb0 /home/smolvik/CMSIS_5-5.4.0/CMSIS/RTOS/RTX/LIB/GCC/libRTX_CM0.a(hal_cm.o)
                0x000070e8                rt_init_stack
 .text.rt_ret_val
                0x00007198        0x8 /home/smolvik/CMSIS_5-5.4.0/CMSIS/RTOS/RTX/LIB/GCC/libRTX_CM0.a(hal_cm.o)
                0x00007198                rt_ret_val
 .text.rt_ret_val2
                0x000071a0        0x8 /home/smolvik/CMSIS_5-5.4.0/CMSIS/RTOS/RTX/LIB/GCC/libRTX_CM0.a(hal_cm.o)
                0x000071a0                rt_ret_val2
 .text.rt_init_mem
                0x000071a8       0x1c /home/smolvik/CMSIS_5-5.4.0/CMSIS/RTOS/RTX/LIB/GCC/libRTX_CM0.a(rt_memory.o)
                0x000071a8                rt_init_mem
 .text.rt_alloc_mem
                0x000071c4       0x44 /home/smolvik/CMSIS_5-5.4.0/CMSIS/RTOS/RTX/LIB/GCC/libRTX_CM0.a(rt_memory.o)
                0x000071c4                rt_alloc_mem
 .text.rt_free_mem
                0x00007208       0x3c /home/smolvik/CMSIS_5-5.4.0/CMSIS/RTOS/RTX/LIB/GCC/libRTX_CM0.a(rt_memory.o)
                0x00007208                rt_free_mem
 .text._init_box
                0x00007244       0x58 /home/smolvik/CMSIS_5-5.4.0/CMSIS/RTOS/RTX/LIB/GCC/libRTX_CM0.a(rt_membox.o)
                0x00007244                _init_box
 .text.rt_alloc_box
                0x0000729c       0x20 /home/smolvik/CMSIS_5-5.4.0/CMSIS/RTOS/RTX/LIB/GCC/libRTX_CM0.a(rt_membox.o)
                0x0000729c                rt_alloc_box
 .text._calloc_box
                0x000072bc       0x20 /home/smolvik/CMSIS_5-5.4.0/CMSIS/RTOS/RTX/LIB/GCC/libRTX_CM0.a(rt_membox.o)
                0x000072bc                _calloc_box
 .text.rt_free_box
                0x000072dc       0x28 /home/smolvik/CMSIS_5-5.4.0/CMSIS/RTOS/RTX/LIB/GCC/libRTX_CM0.a(rt_membox.o)
                0x000072dc                rt_free_box
 .text.rt_mut_init
                0x00007304       0x10 /home/smolvik/CMSIS_5-5.4.0/CMSIS/RTOS/RTX/LIB/GCC/libRTX_CM0.a(rt_mutex.o)
                0x00007304                rt_mut_init
 .text.rt_mut_delete
                0x00007314       0xe0 /home/smolvik/CMSIS_5-5.4.0/CMSIS/RTOS/RTX/LIB/GCC/libRTX_CM0.a(rt_mutex.o)
                0x00007314                rt_mut_delete
 .text.rt_mut_release
                0x000073f4      0x108 /home/smolvik/CMSIS_5-5.4.0/CMSIS/RTOS/RTX/LIB/GCC/libRTX_CM0.a(rt_mutex.o)
                0x000073f4                rt_mut_release
 .text.rt_mut_wait
                0x000074fc       0x7c /home/smolvik/CMSIS_5-5.4.0/CMSIS/RTOS/RTX/LIB/GCC/libRTX_CM0.a(rt_mutex.o)
                0x000074fc                rt_mut_wait
 .text.rt_time_get
                0x00007578        0xc /home/smolvik/CMSIS_5-5.4.0/CMSIS/RTOS/RTX/LIB/GCC/libRTX_CM0.a(rt_time.o)
                0x00007578                rt_time_get
 .text.rt_dly_wait
                0x00007584        0xc /home/smolvik/CMSIS_5-5.4.0/CMSIS/RTOS/RTX/LIB/GCC/libRTX_CM0.a(rt_time.o)
                0x00007584                rt_dly_wait
 .text.rt_itv_set
                0x00007590       0x18 /home/smolvik/CMSIS_5-5.4.0/CMSIS/RTOS/RTX/LIB/GCC/libRTX_CM0.a(rt_time.o)
                0x00007590                rt_itv_set
 .text.rt_itv_wait
                0x000075a8       0x2c /home/smolvik/CMSIS_5-5.4.0/CMSIS/RTOS/RTX/LIB/GCC/libRTX_CM0.a(rt_time.o)
                0x000075a8                rt_itv_wait
 .text.rt_sem_init
                0x000075d4        0xc /home/smolvik/CMSIS_5-5.4.0/CMSIS/RTOS/RTX/LIB/GCC/libRTX_CM0.a(rt_semaphore.o)
                0x000075d4                rt_sem_init
 .text.rt_sem_delete
                0x000075e0       0x68 /home/smolvik/CMSIS_5-5.4.0/CMSIS/RTOS/RTX/LIB/GCC/libRTX_CM0.a(rt_semaphore.o)
                0x000075e0                rt_sem_delete
 .text.rt_sem_send
                0x00007648       0x2c /home/smolvik/CMSIS_5-5.4.0/CMSIS/RTOS/RTX/LIB/GCC/libRTX_CM0.a(rt_semaphore.o)
                0x00007648                rt_sem_send
 .text.rt_sem_wait
                0x00007674       0x44 /home/smolvik/CMSIS_5-5.4.0/CMSIS/RTOS/RTX/LIB/GCC/libRTX_CM0.a(rt_semaphore.o)
                0x00007674                rt_sem_wait
 .text.isr_sem_send
                0x000076b8       0x10 /home/smolvik/CMSIS_5-5.4.0/CMSIS/RTOS/RTX/LIB/GCC/libRTX_CM0.a(rt_semaphore.o)
                0x000076b8                isr_sem_send
 .text.rt_sem_psh
                0x000076c8       0x34 /home/smolvik/CMSIS_5-5.4.0/CMSIS/RTOS/RTX/LIB/GCC/libRTX_CM0.a(rt_semaphore.o)
                0x000076c8                rt_sem_psh
 .text.rt_mbx_init
                0x000076fc       0x1c /home/smolvik/CMSIS_5-5.4.0/CMSIS/RTOS/RTX/LIB/GCC/libRTX_CM0.a(rt_mailbox.o)
                0x000076fc                rt_mbx_init
 .text.rt_mbx_send
                0x00007718       0x98 /home/smolvik/CMSIS_5-5.4.0/CMSIS/RTOS/RTX/LIB/GCC/libRTX_CM0.a(rt_mailbox.o)
                0x00007718                rt_mbx_send
 .text.rt_mbx_wait
                0x000077b0       0xb8 /home/smolvik/CMSIS_5-5.4.0/CMSIS/RTOS/RTX/LIB/GCC/libRTX_CM0.a(rt_mailbox.o)
                0x000077b0                rt_mbx_wait
 .text.rt_mbx_check
                0x00007868        0x8 /home/smolvik/CMSIS_5-5.4.0/CMSIS/RTOS/RTX/LIB/GCC/libRTX_CM0.a(rt_mailbox.o)
                0x00007868                rt_mbx_check
 .text.isr_mbx_send
                0x00007870        0xc /home/smolvik/CMSIS_5-5.4.0/CMSIS/RTOS/RTX/LIB/GCC/libRTX_CM0.a(rt_mailbox.o)
                0x00007870                isr_mbx_send
 .text.isr_mbx_receive
                0x0000787c       0x58 /home/smolvik/CMSIS_5-5.4.0/CMSIS/RTOS/RTX/LIB/GCC/libRTX_CM0.a(rt_mailbox.o)
                0x0000787c                isr_mbx_receive
 .text.rt_mbx_psh
                0x000078d4       0xdc /home/smolvik/CMSIS_5-5.4.0/CMSIS/RTOS/RTX/LIB/GCC/libRTX_CM0.a(rt_mailbox.o)
                0x000078d4                rt_mbx_psh
 .text.rt_put_prio
                0x000079b0       0x4c /home/smolvik/CMSIS_5-5.4.0/CMSIS/RTOS/RTX/LIB/GCC/libRTX_CM0.a(rt_list.o)
                0x000079b0                rt_put_prio
 .text.rt_get_first
                0x000079fc       0x28 /home/smolvik/CMSIS_5-5.4.0/CMSIS/RTOS/RTX/LIB/GCC/libRTX_CM0.a(rt_list.o)
                0x000079fc                rt_get_first
 .text.rt_put_rdy_first
                0x00007a24       0x14 /home/smolvik/CMSIS_5-5.4.0/CMSIS/RTOS/RTX/LIB/GCC/libRTX_CM0.a(rt_list.o)
                0x00007a24                rt_put_rdy_first
 .text.rt_get_same_rdy_prio
                0x00007a38       0x24 /home/smolvik/CMSIS_5-5.4.0/CMSIS/RTOS/RTX/LIB/GCC/libRTX_CM0.a(rt_list.o)
                0x00007a38                rt_get_same_rdy_prio
 .text.rt_resort_prio
                0x00007a5c       0x90 /home/smolvik/CMSIS_5-5.4.0/CMSIS/RTOS/RTX/LIB/GCC/libRTX_CM0.a(rt_list.o)
                0x00007a5c                rt_resort_prio
 .text.rt_put_dly
                0x00007aec       0x64 /home/smolvik/CMSIS_5-5.4.0/CMSIS/RTOS/RTX/LIB/GCC/libRTX_CM0.a(rt_list.o)
                0x00007aec                rt_put_dly
 .text.rt_dec_dly
                0x00007b50       0xf0 /home/smolvik/CMSIS_5-5.4.0/CMSIS/RTOS/RTX/LIB/GCC/libRTX_CM0.a(rt_list.o)
                0x00007b50                rt_dec_dly
 .text.rt_rmv_list
                0x00007c40       0x2c /home/smolvik/CMSIS_5-5.4.0/CMSIS/RTOS/RTX/LIB/GCC/libRTX_CM0.a(rt_list.o)
                0x00007c40                rt_rmv_list
 .text.rt_rmv_dly
                0x00007c6c       0x2c /home/smolvik/CMSIS_5-5.4.0/CMSIS/RTOS/RTX/LIB/GCC/libRTX_CM0.a(rt_list.o)
                0x00007c6c                rt_rmv_dly
 .text.rt_psq_enq
                0x00007c98       0x44 /home/smolvik/CMSIS_5-5.4.0/CMSIS/RTOS/RTX/LIB/GCC/libRTX_CM0.a(rt_list.o)
                0x00007c98                rt_psq_enq
 .text.rt_evt_wait
                0x00007cdc       0x48 /home/smolvik/CMSIS_5-5.4.0/CMSIS/RTOS/RTX/LIB/GCC/libRTX_CM0.a(rt_event.o)
                0x00007cdc                rt_evt_wait
 .text.rt_evt_set
                0x00007d24       0x58 /home/smolvik/CMSIS_5-5.4.0/CMSIS/RTOS/RTX/LIB/GCC/libRTX_CM0.a(rt_event.o)
                0x00007d24                rt_evt_set
 .text.rt_evt_clr
                0x00007d7c       0x18 /home/smolvik/CMSIS_5-5.4.0/CMSIS/RTOS/RTX/LIB/GCC/libRTX_CM0.a(rt_event.o)
                0x00007d7c                rt_evt_clr
 .text.isr_evt_set
                0x00007d94       0x20 /home/smolvik/CMSIS_5-5.4.0/CMSIS/RTOS/RTX/LIB/GCC/libRTX_CM0.a(rt_event.o)
                0x00007d94                isr_evt_set
 .text.rt_evt_get
                0x00007db4        0xc /home/smolvik/CMSIS_5-5.4.0/CMSIS/RTOS/RTX/LIB/GCC/libRTX_CM0.a(rt_event.o)
                0x00007db4                rt_evt_get
 .text.rt_evt_psh
                0x00007dc0       0x50 /home/smolvik/CMSIS_5-5.4.0/CMSIS/RTOS/RTX/LIB/GCC/libRTX_CM0.a(rt_event.o)
                0x00007dc0                rt_evt_psh
 .text.rt_suspend
                0x00007e10       0x90 /home/smolvik/CMSIS_5-5.4.0/CMSIS/RTOS/RTX/LIB/GCC/libRTX_CM0.a(rt_system.o)
                0x00007e10                rt_suspend
 .text.rt_resume
                0x00007ea0       0xf8 /home/smolvik/CMSIS_5-5.4.0/CMSIS/RTOS/RTX/LIB/GCC/libRTX_CM0.a(rt_system.o)
                0x00007ea0                rt_resume
 .text.rt_tsk_lock
                0x00007f98       0x64 /home/smolvik/CMSIS_5-5.4.0/CMSIS/RTOS/RTX/LIB/GCC/libRTX_CM0.a(rt_system.o)
                0x00007f98                rt_tsk_lock
 .text.rt_tsk_unlock
                0x00007ffc       0x64 /home/smolvik/CMSIS_5-5.4.0/CMSIS/RTOS/RTX/LIB/GCC/libRTX_CM0.a(rt_system.o)
                0x00007ffc                rt_tsk_unlock
 .text.rt_psh_req
                0x00008060       0x20 /home/smolvik/CMSIS_5-5.4.0/CMSIS/RTOS/RTX/LIB/GCC/libRTX_CM0.a(rt_system.o)
                0x00008060                rt_psh_req
 .text.rt_pop_req
                0x00008080       0x80 /home/smolvik/CMSIS_5-5.4.0/CMSIS/RTOS/RTX/LIB/GCC/libRTX_CM0.a(rt_system.o)
                0x00008080                rt_pop_req
 .text.os_tick_init
                0x00008100       0x3c /home/smolvik/CMSIS_5-5.4.0/CMSIS/RTOS/RTX/LIB/GCC/libRTX_CM0.a(rt_system.o)
                0x00008100                os_tick_init
 .text.os_tick_val
                0x0000813c       0x14 /home/smolvik/CMSIS_5-5.4.0/CMSIS/RTOS/RTX/LIB/GCC/libRTX_CM0.a(rt_system.o)
                0x0000813c                os_tick_val
 .text.os_tick_ovf
                0x00008150       0x10 /home/smolvik/CMSIS_5-5.4.0/CMSIS/RTOS/RTX/LIB/GCC/libRTX_CM0.a(rt_system.o)
                0x00008150                os_tick_ovf
 .text.os_tick_irqack
                0x00008160        0x4 /home/smolvik/CMSIS_5-5.4.0/CMSIS/RTOS/RTX/LIB/GCC/libRTX_CM0.a(rt_system.o)
                0x00008160                os_tick_irqack
 .text.rt_systick
                0x00008164       0x3c /home/smolvik/CMSIS_5-5.4.0/CMSIS/RTOS/RTX/LIB/GCC/libRTX_CM0.a(rt_system.o)
                0x00008164                rt_systick
 .text.rt_stk_check
                0x000081a0       0x28 /home/smolvik/CMSIS_5-5.4.0/CMSIS/RTOS/RTX/LIB/GCC/libRTX_CM0.a(rt_system.o)
                0x000081a0                rt_stk_check
 .text.rt_switch_req
                0x000081c8       0x10 /home/smolvik/CMSIS_5-5.4.0/CMSIS/RTOS/RTX/LIB/GCC/libRTX_CM0.a(rt_task.o)
                0x000081c8                rt_switch_req
 .text.rt_dispatch
                0x000081d8       0x4c /home/smolvik/CMSIS_5-5.4.0/CMSIS/RTOS/RTX/LIB/GCC/libRTX_CM0.a(rt_task.o)
                0x000081d8                rt_dispatch
 .text.rt_block
                0x00008224       0x38 /home/smolvik/CMSIS_5-5.4.0/CMSIS/RTOS/RTX/LIB/GCC/libRTX_CM0.a(rt_task.o)
                0x00008224                rt_block
 .text.rt_tsk_pass
                0x0000825c       0x2c /home/smolvik/CMSIS_5-5.4.0/CMSIS/RTOS/RTX/LIB/GCC/libRTX_CM0.a(rt_task.o)
                0x0000825c                rt_tsk_pass
 .text.rt_tsk_self
                0x00008288       0x14 /home/smolvik/CMSIS_5-5.4.0/CMSIS/RTOS/RTX/LIB/GCC/libRTX_CM0.a(rt_task.o)
                0x00008288                rt_tsk_self
 .text.rt_tsk_prio
                0x0000829c       0xb8 /home/smolvik/CMSIS_5-5.4.0/CMSIS/RTOS/RTX/LIB/GCC/libRTX_CM0.a(rt_task.o)
                0x0000829c                rt_tsk_prio
 .text.rt_tsk_create
                0x00008354       0xf4 /home/smolvik/CMSIS_5-5.4.0/CMSIS/RTOS/RTX/LIB/GCC/libRTX_CM0.a(rt_task.o)
                0x00008354                rt_tsk_create
 .text.rt_tsk_delete
                0x00008448      0x18c /home/smolvik/CMSIS_5-5.4.0/CMSIS/RTOS/RTX/LIB/GCC/libRTX_CM0.a(rt_task.o)
                0x00008448                rt_tsk_delete
 .text.rt_sys_init
                0x000085d4       0xf0 /home/smolvik/CMSIS_5-5.4.0/CMSIS/RTOS/RTX/LIB/GCC/libRTX_CM0.a(rt_task.o)
                0x000085d4                rt_sys_init
 .text.rt_sys_start
                0x000086c4       0x70 /home/smolvik/CMSIS_5-5.4.0/CMSIS/RTOS/RTX/LIB/GCC/libRTX_CM0.a(rt_task.o)
                0x000086c4                rt_sys_start
 .text.rt_init_robin
                0x00008734       0x18 /home/smolvik/CMSIS_5-5.4.0/CMSIS/RTOS/RTX/LIB/GCC/libRTX_CM0.a(rt_robin.o)
                0x00008734                rt_init_robin
 .text.rt_chk_robin
                0x0000874c       0x4c /home/smolvik/CMSIS_5-5.4.0/CMSIS/RTOS/RTX/LIB/GCC/libRTX_CM0.a(rt_robin.o)
                0x0000874c                rt_chk_robin
 .text.rt_chk_robin.__stub
                0x00008798       0x30 linker stubs
 *(.rodata)
 .rodata        0x000087c8       0x3c main.o
                0x000087c8                threadPacketParserDef
                0x000087d8                threadFSMProceedDef
                0x000087e8                threadDUTProceedDef
                0x000087f8                message_def
                0x00008800                os_mutex_def_MutexMdbReg
 .rodata        0x00008804       0x22 stubs.o
 *fill*         0x00008826        0x2 
 .rodata        0x00008828       0x7b xprintf.o
 *fill*         0x000088a3        0x1 
 .rodata        0x000088a4       0x68 RTX_Conf_CM.o
                0x000088a4                os_maxtaskrun
                0x000088a8                os_stackinfo
                0x000088ac                os_rrobin
                0x000088b0                os_tickfreq
                0x000088b4                os_tickus_i
                0x000088b6                os_tickus_f
                0x000088b8                os_trv
                0x000088bc                os_flags
                0x000088c0                CMSIS_RTOS_API_Version
                0x000088c4                CMSIS_RTOS_RTX_Version
                0x000088c8                os_clockrate
                0x000088cc                os_timernum
                0x000088d0                mp_tcb_size
                0x000088d4                mp_stk_size
                0x000088d8                os_stack_sz
                0x000088dc                os_fifo_size
                0x000088e0                os_thread_def_osTimerThread
                0x000088f0                os_messageQ_def_osTimerMessageQ
                0x000088f8                mp_tmr_size
                0x000088fc                os_thread_def_main
 .rodata        0x0000890c        0x8 network.o
                0x0000890c                os_mutex_def_readpackMutex
                0x00008910                os_mutex_def_sendpackMutex
 .rodata        0x00008914      0x600 crc.o
                0x00008914                crc_table
                0x00008d14                crc_table_low
                0x00008e14                crc_table_high
 .rodata        0x00008f14       0x14 param.o
                0x00008f14                defBsiParam
 .rodata        0x00008f28      0x414 modbus_udp.o
                0x00008f28                device_additional_info
                0x00008f3c                proc_PDU_table
 *(.rodata*)
 .rodata._global_impure_ptr
                0x0000933c        0x4 /home/smolvik/gcc-arm-none-eabi-5_4-2016q3/arm-none-eabi/lib/armv6-m//libc.a(lib_a-impure.o)
                0x0000933c                _global_impure_ptr
                0x00009340                . = ALIGN (0x4)

.glue_7         0x00009340        0x0
 .glue_7        0x00009340        0x0 linker stubs

.glue_7t        0x00009340        0x0
 .glue_7t       0x00009340        0x0 linker stubs

.vfp11_veneer   0x00009340        0x0
 .vfp11_veneer  0x00009340        0x0 linker stubs

.v4_bx          0x00009340        0x0
 .v4_bx         0x00009340        0x0 linker stubs

.iplt           0x00009340        0x0
 .iplt          0x00009340        0x0 main.o

.ARM.exidx      0x00009340        0x8
                0x00009340                . = ALIGN (0x4)
 *(.ARM.exidx)
 .ARM.exidx     0x00009340        0x8 /home/smolvik/CMSIS_5-5.4.0/CMSIS/RTOS/RTX/LIB/GCC/libRTX_CM0.a(hal_cm0.o)
                                 0x48 (size before relaxing)
 .ARM.exidx     0x00009348        0x0 /home/smolvik/gcc-arm-none-eabi-5_4-2016q3/lib/gcc/arm-none-eabi/5.4.1/armv6-m//libgcc.a(_udivmoddi4.o)
                                  0x8 (size before relaxing)
                0x00009348                . = ALIGN (0x4)
                0x00009348                _data_flash = .

.data           0x20000000      0x858 load address 0x00009348
                0x20000000                . = ALIGN (0x4)
                0x20000000                _data_begin = .
 *(.data)
 .data          0x20000000        0x0 main.o
 .data          0x20000000        0x0 startup.o
 .data          0x20000000        0x0 mdb485.o
 .data          0x20000000        0x4 stubs.o
                0x20000000                environ
 .data          0x20000004        0x0 mdb232.o
 .data          0x20000004        0x0 xprintf.o
 .data          0x20000004        0x0 RTX_Conf_CM.o
 .data          0x20000004        0x0 system.o
 .data          0x20000004        0x6 ethfunc.o
                0x20000004                MyMAC
 *fill*         0x2000000a        0x2 
 .data          0x2000000c        0x4 network.o
                0x2000000c                MyIPAddress
 .data          0x20000010        0x0 crc.o
 .data          0x20000010        0x0 eeprom.o
 .data          0x20000010        0x0 param.o
 .data          0x20000010        0x0 modbus_udp.o
 .data          0x20000010        0x4 fsm.o
                0x20000010                fsmproc
 .data          0x20000014        0x0 /home/smolvik/gcc-arm-none-eabi-5_4-2016q3/lib/gcc/arm-none-eabi/5.4.1/armv6-m//libgcc.a(_udivsi3.o)
 .data          0x20000014        0x0 /home/smolvik/gcc-arm-none-eabi-5_4-2016q3/lib/gcc/arm-none-eabi/5.4.1/armv6-m//libgcc.a(_divsi3.o)
 .data          0x20000014        0x0 /home/smolvik/gcc-arm-none-eabi-5_4-2016q3/lib/gcc/arm-none-eabi/5.4.1/armv6-m//libgcc.a(_dvmd_tls.o)
 .data          0x20000014        0x0 /home/smolvik/gcc-arm-none-eabi-5_4-2016q3/arm-none-eabi/lib/armv6-m//libc.a(lib_a-atexit.o)
 .data          0x20000014        0x0 /home/smolvik/gcc-arm-none-eabi-5_4-2016q3/arm-none-eabi/lib/armv6-m//libc.a(lib_a-exit.o)
 .data          0x20000014        0x0 /home/smolvik/gcc-arm-none-eabi-5_4-2016q3/arm-none-eabi/lib/armv6-m//libc.a(lib_a-fini.o)
 .data          0x20000014        0x0 /home/smolvik/gcc-arm-none-eabi-5_4-2016q3/arm-none-eabi/lib/armv6-m//libc.a(lib_a-impure.o)
 .data          0x20000014        0x0 /home/smolvik/gcc-arm-none-eabi-5_4-2016q3/arm-none-eabi/lib/armv6-m//libc.a(lib_a-init.o)
 .data          0x20000014        0x0 /home/smolvik/gcc-arm-none-eabi-5_4-2016q3/arm-none-eabi/lib/armv6-m//libc.a(lib_a-memset.o)
 .data          0x20000014        0x0 /home/smolvik/gcc-arm-none-eabi-5_4-2016q3/arm-none-eabi/lib/armv6-m//libc.a(lib_a-reent.o)
 .data          0x20000014        0x0 /home/smolvik/gcc-arm-none-eabi-5_4-2016q3/arm-none-eabi/lib/armv6-m//libc.a(lib_a-__atexit.o)
 .data          0x20000014        0x0 /home/smolvik/gcc-arm-none-eabi-5_4-2016q3/arm-none-eabi/lib/armv6-m//libc.a(lib_a-__call_atexit.o)
 .data          0x20000014        0x0 /home/smolvik/gcc-arm-none-eabi-5_4-2016q3/arm-none-eabi/lib/armv6-m//libc.a(lib_a-freer.o)
 .data          0x20000014        0x0 /home/smolvik/gcc-arm-none-eabi-5_4-2016q3/arm-none-eabi/lib/armv6-m//libc.a(lib_a-mallocr.o)
 .data          0x20000014        0x0 /home/smolvik/gcc-arm-none-eabi-5_4-2016q3/arm-none-eabi/lib/armv6-m//libc.a(lib_a-mlock.o)
 .data          0x20000014        0x0 /home/smolvik/gcc-arm-none-eabi-5_4-2016q3/arm-none-eabi/lib/armv6-m//libc.a(lib_a-sbrkr.o)
 .data          0x20000014        0x0 /home/smolvik/CMSIS_5-5.4.0/CMSIS/RTOS/RTX/LIB/GCC/libRTX_CM0.a(rt_cmsis.o)
 .data          0x20000014        0x0 /home/smolvik/CMSIS_5-5.4.0/CMSIS/RTOS/RTX/LIB/GCC/libRTX_CM0.a(hal_cm.o)
 .data          0x20000014        0x0 /home/smolvik/CMSIS_5-5.4.0/CMSIS/RTOS/RTX/LIB/GCC/libRTX_CM0.a(rt_memory.o)
 .data          0x20000014        0x0 /home/smolvik/CMSIS_5-5.4.0/CMSIS/RTOS/RTX/LIB/GCC/libRTX_CM0.a(rt_membox.o)
 .data          0x20000014        0x0 /home/smolvik/CMSIS_5-5.4.0/CMSIS/RTOS/RTX/LIB/GCC/libRTX_CM0.a(rt_mutex.o)
 .data          0x20000014        0x0 /home/smolvik/CMSIS_5-5.4.0/CMSIS/RTOS/RTX/LIB/GCC/libRTX_CM0.a(rt_time.o)
 .data          0x20000014        0x0 /home/smolvik/CMSIS_5-5.4.0/CMSIS/RTOS/RTX/LIB/GCC/libRTX_CM0.a(rt_semaphore.o)
 .data          0x20000014        0x0 /home/smolvik/CMSIS_5-5.4.0/CMSIS/RTOS/RTX/LIB/GCC/libRTX_CM0.a(rt_mailbox.o)
 .data          0x20000014        0x0 /home/smolvik/CMSIS_5-5.4.0/CMSIS/RTOS/RTX/LIB/GCC/libRTX_CM0.a(rt_list.o)
 .data          0x20000014        0x0 /home/smolvik/CMSIS_5-5.4.0/CMSIS/RTOS/RTX/LIB/GCC/libRTX_CM0.a(rt_event.o)
 .data          0x20000014        0x0 /home/smolvik/CMSIS_5-5.4.0/CMSIS/RTOS/RTX/LIB/GCC/libRTX_CM0.a(rt_system.o)
 .data          0x20000014        0x0 /home/smolvik/CMSIS_5-5.4.0/CMSIS/RTOS/RTX/LIB/GCC/libRTX_CM0.a(rt_task.o)
 .data          0x20000014        0x0 /home/smolvik/CMSIS_5-5.4.0/CMSIS/RTOS/RTX/LIB/GCC/libRTX_CM0.a(hal_cm0.o)
 .data          0x20000014        0x0 /home/smolvik/CMSIS_5-5.4.0/CMSIS/RTOS/RTX/LIB/GCC/libRTX_CM0.a(svc_table.o)
 .data          0x20000014        0x0 /home/smolvik/CMSIS_5-5.4.0/CMSIS/RTOS/RTX/LIB/GCC/libRTX_CM0.a(rt_robin.o)
 .data          0x20000014        0x0 /home/smolvik/gcc-arm-none-eabi-5_4-2016q3/lib/gcc/arm-none-eabi/5.4.1/armv6-m//libgcc.a(_aeabi_uldivmod.o)
 .data          0x20000014        0x0 /home/smolvik/gcc-arm-none-eabi-5_4-2016q3/lib/gcc/arm-none-eabi/5.4.1/armv6-m//libgcc.a(_muldi3.o)
 .data          0x20000014        0x0 /home/smolvik/gcc-arm-none-eabi-5_4-2016q3/lib/gcc/arm-none-eabi/5.4.1/armv6-m//libgcc.a(_udivmoddi4.o)
 .data          0x20000014        0x0 /home/smolvik/gcc-arm-none-eabi-5_4-2016q3/lib/gcc/arm-none-eabi/5.4.1/armv6-m//libgcc.a(_clzdi2.o)
 .data          0x20000014        0x0 /home/smolvik/gcc-arm-none-eabi-5_4-2016q3/lib/gcc/arm-none-eabi/5.4.1/armv6-m//libgcc.a(_clzsi2.o)
 *(.data*)
 *fill*         0x20000014        0x4 
 .data.impure_data
                0x20000018      0x428 /home/smolvik/gcc-arm-none-eabi-5_4-2016q3/arm-none-eabi/lib/armv6-m//libc.a(lib_a-impure.o)
 .data._impure_ptr
                0x20000440        0x4 /home/smolvik/gcc-arm-none-eabi-5_4-2016q3/arm-none-eabi/lib/armv6-m//libc.a(lib_a-impure.o)
                0x20000440                _impure_ptr
 .data.__malloc_av_
                0x20000444      0x408 /home/smolvik/gcc-arm-none-eabi-5_4-2016q3/arm-none-eabi/lib/armv6-m//libc.a(lib_a-mallocr.o)
                0x20000444                __malloc_av_
 .data.__malloc_trim_threshold
                0x2000084c        0x4 /home/smolvik/gcc-arm-none-eabi-5_4-2016q3/arm-none-eabi/lib/armv6-m//libc.a(lib_a-mallocr.o)
                0x2000084c                __malloc_trim_threshold
 .data.__malloc_sbrk_base
                0x20000850        0x4 /home/smolvik/gcc-arm-none-eabi-5_4-2016q3/arm-none-eabi/lib/armv6-m//libc.a(lib_a-mallocr.o)
                0x20000850                __malloc_sbrk_base
                0x20000854                . = ALIGN (0x4)
 *(SORT(.init_array.*))
 .init_array.00000
                0x20000854        0x4 /home/smolvik/gcc-arm-none-eabi-5_4-2016q3/arm-none-eabi/lib/armv6-m//libc.a(lib_a-__call_atexit.o)
 *(.init_array)
                0x20000858                . = ALIGN (0x4)
                0x20000858                _data_end = .
                0x00009ba0                _ram2_flash = (_data_flash + (_data_end - _data_begin))

.igot.plt       0x20000858        0x0 load address 0x00009ba0
 .igot.plt      0x20000858        0x0 main.o

.bss            0x20000858     0x58a0 load address 0x00009ba0
                0x20000858                . = ALIGN (0x4)
                0x20000858                _bss_begin = .
                0x20000858                __bss_start__ = _bss_begin
 *(.bss)
 .bss           0x20000858       0x54 main.o
                0x20000858                thrPacketParserId
                0x2000085c                thrFSMProcceedId
                0x20000860                thrDUTProcceedId
                0x20000864                fsmCmdMsgQid
                0x20000868                os_messageQ_q_message
                0x20000888                mutexMdbRegId
                0x2000088c                os_mutex_cb_MutexMdbReg
                0x2000089c                ddsfreq
                0x200008a0                torqCurr
 .bss           0x200008ac        0x0 startup.o
 .bss           0x200008ac       0x24 mdb485.o
                0x200008cc                mdb485_rxsize
 .bss           0x200008d0        0x8 stubs.o
                0x200008d0                __env
 .bss           0x200008d8       0x24 mdb232.o
                0x200008f8                mdb232_rxsize
 .bss           0x200008fc        0xc xprintf.o
                0x200008fc                xfunc_out
                0x20000904                xfunc_in
 .bss           0x20000908     0x4414 RTX_Conf_CM.o
                0x20000908                mp_tcb
                0x200009e8                mp_stk
                0x200039f8                os_stack_mem
                0x20004c58                os_fifo
                0x20004cdc                os_active_TCB
                0x20004cec                osThreadId_osTimerThread
                0x20004cf0                os_messageQ_q_osTimerMessageQ
                0x20004d10                osMessageQId_osTimerMessageQ
                0x20004d14                os_tmr
                0x20004d18                m_tmr
 .bss           0x20004d1c        0x0 system.o
 .bss           0x20004d1c       0x18 ethfunc.o
                0x20004d1c                Remote_MAC
                0x20004d28                fFrameRdy
                0x20004d2c                fFrameErr
                0x20004d30                Identification
                0x20004d32                SequenceNumber
 .bss           0x20004d34      0xe2c network.o
                0x20004d34                ReplyICMPCounter
                0x20004d38                Frame
                0x20005318                remPort
                0x2000531c                os_mutex_cb_readpackMutex
                0x2000532c                readpackMutexId
                0x20005330                os_mutex_cb_sendpackMutex
                0x20005340                sendpackMutexId
 .bss           0x20005b60        0x0 crc.o
 .bss           0x20005b60        0x0 eeprom.o
 .bss           0x20005b60       0x14 param.o
                0x20005b60                bsiParam
 .bss           0x20005b74      0x444 modbus_udp.o
                0x20005d7c                register_tab
                0x20005dac                input_registers_tab
                0x20005db4                modbus_error
 .bss           0x20005fb8       0x81 fsm.o
                0x20006034                fsmdbg
 .bss           0x20006039        0x0 /home/smolvik/gcc-arm-none-eabi-5_4-2016q3/lib/gcc/arm-none-eabi/5.4.1/armv6-m//libgcc.a(_udivsi3.o)
 .bss           0x20006039        0x0 /home/smolvik/gcc-arm-none-eabi-5_4-2016q3/lib/gcc/arm-none-eabi/5.4.1/armv6-m//libgcc.a(_divsi3.o)
 .bss           0x20006039        0x0 /home/smolvik/gcc-arm-none-eabi-5_4-2016q3/lib/gcc/arm-none-eabi/5.4.1/armv6-m//libgcc.a(_dvmd_tls.o)
 .bss           0x20006039        0x0 /home/smolvik/gcc-arm-none-eabi-5_4-2016q3/arm-none-eabi/lib/armv6-m//libc.a(lib_a-atexit.o)
 .bss           0x20006039        0x0 /home/smolvik/gcc-arm-none-eabi-5_4-2016q3/arm-none-eabi/lib/armv6-m//libc.a(lib_a-exit.o)
 .bss           0x20006039        0x0 /home/smolvik/gcc-arm-none-eabi-5_4-2016q3/arm-none-eabi/lib/armv6-m//libc.a(lib_a-fini.o)
 .bss           0x20006039        0x0 /home/smolvik/gcc-arm-none-eabi-5_4-2016q3/arm-none-eabi/lib/armv6-m//libc.a(lib_a-impure.o)
 .bss           0x20006039        0x0 /home/smolvik/gcc-arm-none-eabi-5_4-2016q3/arm-none-eabi/lib/armv6-m//libc.a(lib_a-init.o)
 .bss           0x20006039        0x0 /home/smolvik/gcc-arm-none-eabi-5_4-2016q3/arm-none-eabi/lib/armv6-m//libc.a(lib_a-memset.o)
 .bss           0x20006039        0x0 /home/smolvik/gcc-arm-none-eabi-5_4-2016q3/arm-none-eabi/lib/armv6-m//libc.a(lib_a-reent.o)
 .bss           0x20006039        0x0 /home/smolvik/gcc-arm-none-eabi-5_4-2016q3/arm-none-eabi/lib/armv6-m//libc.a(lib_a-__atexit.o)
 .bss           0x20006039        0x0 /home/smolvik/gcc-arm-none-eabi-5_4-2016q3/arm-none-eabi/lib/armv6-m//libc.a(lib_a-__call_atexit.o)
 .bss           0x20006039        0x0 /home/smolvik/gcc-arm-none-eabi-5_4-2016q3/arm-none-eabi/lib/armv6-m//libc.a(lib_a-freer.o)
 .bss           0x20006039        0x0 /home/smolvik/gcc-arm-none-eabi-5_4-2016q3/arm-none-eabi/lib/armv6-m//libc.a(lib_a-mallocr.o)
 .bss           0x20006039        0x0 /home/smolvik/gcc-arm-none-eabi-5_4-2016q3/arm-none-eabi/lib/armv6-m//libc.a(lib_a-mlock.o)
 .bss           0x20006039        0x0 /home/smolvik/gcc-arm-none-eabi-5_4-2016q3/arm-none-eabi/lib/armv6-m//libc.a(lib_a-sbrkr.o)
 .bss           0x20006039        0x0 /home/smolvik/CMSIS_5-5.4.0/CMSIS/RTOS/RTX/LIB/GCC/libRTX_CM0.a(rt_cmsis.o)
 .bss           0x20006039        0x0 /home/smolvik/CMSIS_5-5.4.0/CMSIS/RTOS/RTX/LIB/GCC/libRTX_CM0.a(hal_cm.o)
 .bss           0x20006039        0x0 /home/smolvik/CMSIS_5-5.4.0/CMSIS/RTOS/RTX/LIB/GCC/libRTX_CM0.a(rt_memory.o)
 .bss           0x20006039        0x0 /home/smolvik/CMSIS_5-5.4.0/CMSIS/RTOS/RTX/LIB/GCC/libRTX_CM0.a(rt_membox.o)
 .bss           0x20006039        0x0 /home/smolvik/CMSIS_5-5.4.0/CMSIS/RTOS/RTX/LIB/GCC/libRTX_CM0.a(rt_mutex.o)
 .bss           0x20006039        0x0 /home/smolvik/CMSIS_5-5.4.0/CMSIS/RTOS/RTX/LIB/GCC/libRTX_CM0.a(rt_time.o)
 .bss           0x20006039        0x0 /home/smolvik/CMSIS_5-5.4.0/CMSIS/RTOS/RTX/LIB/GCC/libRTX_CM0.a(rt_semaphore.o)
 .bss           0x20006039        0x0 /home/smolvik/CMSIS_5-5.4.0/CMSIS/RTOS/RTX/LIB/GCC/libRTX_CM0.a(rt_mailbox.o)
 .bss           0x20006039        0x0 /home/smolvik/CMSIS_5-5.4.0/CMSIS/RTOS/RTX/LIB/GCC/libRTX_CM0.a(rt_list.o)
 .bss           0x20006039        0x0 /home/smolvik/CMSIS_5-5.4.0/CMSIS/RTOS/RTX/LIB/GCC/libRTX_CM0.a(rt_event.o)
 .bss           0x20006039        0x3 /home/smolvik/CMSIS_5-5.4.0/CMSIS/RTOS/RTX/LIB/GCC/libRTX_CM0.a(rt_system.o)
 .bss           0x2000603c        0x0 /home/smolvik/CMSIS_5-5.4.0/CMSIS/RTOS/RTX/LIB/GCC/libRTX_CM0.a(rt_task.o)
 .bss           0x2000603c        0x0 /home/smolvik/CMSIS_5-5.4.0/CMSIS/RTOS/RTX/LIB/GCC/libRTX_CM0.a(hal_cm0.o)
 .bss           0x2000603c        0x0 /home/smolvik/CMSIS_5-5.4.0/CMSIS/RTOS/RTX/LIB/GCC/libRTX_CM0.a(svc_table.o)
 .bss           0x2000603c        0x0 /home/smolvik/CMSIS_5-5.4.0/CMSIS/RTOS/RTX/LIB/GCC/libRTX_CM0.a(rt_robin.o)
 .bss           0x2000603c        0x0 /home/smolvik/gcc-arm-none-eabi-5_4-2016q3/lib/gcc/arm-none-eabi/5.4.1/armv6-m//libgcc.a(_aeabi_uldivmod.o)
 .bss           0x2000603c        0x0 /home/smolvik/gcc-arm-none-eabi-5_4-2016q3/lib/gcc/arm-none-eabi/5.4.1/armv6-m//libgcc.a(_muldi3.o)
 .bss           0x2000603c        0x0 /home/smolvik/gcc-arm-none-eabi-5_4-2016q3/lib/gcc/arm-none-eabi/5.4.1/armv6-m//libgcc.a(_udivmoddi4.o)
 .bss           0x2000603c        0x0 /home/smolvik/gcc-arm-none-eabi-5_4-2016q3/lib/gcc/arm-none-eabi/5.4.1/armv6-m//libgcc.a(_clzdi2.o)
 .bss           0x2000603c        0x0 /home/smolvik/gcc-arm-none-eabi-5_4-2016q3/lib/gcc/arm-none-eabi/5.4.1/armv6-m//libgcc.a(_clzsi2.o)
 *(.bss*)
 .bss.__malloc_max_total_mem
                0x2000603c        0x4 /home/smolvik/gcc-arm-none-eabi-5_4-2016q3/arm-none-eabi/lib/armv6-m//libc.a(lib_a-mallocr.o)
                0x2000603c                __malloc_max_total_mem
 .bss.__malloc_max_sbrked_mem
                0x20006040        0x4 /home/smolvik/gcc-arm-none-eabi-5_4-2016q3/arm-none-eabi/lib/armv6-m//libc.a(lib_a-mallocr.o)
                0x20006040                __malloc_max_sbrked_mem
 .bss.__malloc_top_pad
                0x20006044        0x4 /home/smolvik/gcc-arm-none-eabi-5_4-2016q3/arm-none-eabi/lib/armv6-m//libc.a(lib_a-mallocr.o)
                0x20006044                __malloc_top_pad
 .bss.__malloc_current_mallinfo
                0x20006048       0x28 /home/smolvik/gcc-arm-none-eabi-5_4-2016q3/arm-none-eabi/lib/armv6-m//libc.a(lib_a-mallocr.o)
                0x20006048                __malloc_current_mallinfo
 *(COMMON)
 COMMON         0x20006070        0x4 /home/smolvik/gcc-arm-none-eabi-5_4-2016q3/arm-none-eabi/lib/armv6-m//libc.a(lib_a-reent.o)
                0x20006070                errno
 COMMON         0x20006074        0x8 /home/smolvik/CMSIS_5-5.4.0/CMSIS/RTOS/RTX/LIB/GCC/libRTX_CM0.a(rt_cmsis.o)
                0x20006074                os_initialized
                0x20006075                os_running
                0x20006078                os_timer_head
 COMMON         0x2000607c        0x4 /home/smolvik/CMSIS_5-5.4.0/CMSIS/RTOS/RTX/LIB/GCC/libRTX_CM0.a(rt_time.o)
                0x2000607c                os_time
 COMMON         0x20006080       0x30 /home/smolvik/CMSIS_5-5.4.0/CMSIS/RTOS/RTX/LIB/GCC/libRTX_CM0.a(rt_list.o)
                0x20006080                os_rdy
                0x20006098                os_dly
 COMMON         0x200060b0        0x4 /home/smolvik/CMSIS_5-5.4.0/CMSIS/RTOS/RTX/LIB/GCC/libRTX_CM0.a(rt_system.o)
                0x200060b0                os_tick_irqn
 COMMON         0x200060b4       0x3c /home/smolvik/CMSIS_5-5.4.0/CMSIS/RTOS/RTX/LIB/GCC/libRTX_CM0.a(rt_task.o)
                0x200060b4                os_tsk
                0x200060bc                os_idle_TCB
 COMMON         0x200060f0        0x8 /home/smolvik/CMSIS_5-5.4.0/CMSIS/RTOS/RTX/LIB/GCC/libRTX_CM0.a(rt_robin.o)
                0x200060f0                os_robin
                0x200060f8                . = ALIGN (0x4)
                0x200060f8                _bss_end = .
                0x200060f8                __bss_end__ = _bss_end
                0x00000400                _stack_size = 0x400
                0x20008000                _stack_end = (ORIGIN (RAM1) + LENGTH (RAM1))
                0x20007c00                _stack_begin = (_stack_end - _stack_size)
                0x20007c00                . = _stack_begin

._stack         0x200060f8      0x400 load address 0x0000f440
                0x200064f8                . = (. + _stack_size)
 *fill*         0x200060f8      0x400 

.ramfunc        0x20100000      0x2a0 load address 0x00009ba0
                0x20100000                . = ALIGN (0x4)
                0x20100000                _ram2_begin = .
 *(.ramfunc)
 .ramfunc       0x20100000      0x2a0 eeprom.o
                0x20100000                usleep
                0x2010002c                eeprom_erase_page
                0x20100150                eeprom_program_word
                0x20100228                eeprom_read_word
                0x201002a0                _ram2_end = .
LOAD main.o
LOAD startup.o
LOAD mdb485.o
LOAD stubs.o
LOAD mdb232.o
LOAD xprintf.o
LOAD RTX_Conf_CM.o
LOAD system.o
LOAD ethfunc.o
LOAD network.o
LOAD crc.o
LOAD eeprom.o
LOAD param.o
LOAD modbus_udp.o
LOAD fsm.o
START GROUP
LOAD /home/smolvik/gcc-arm-none-eabi-5_4-2016q3/lib/gcc/arm-none-eabi/5.4.1/armv6-m//libgcc.a
LOAD /home/smolvik/gcc-arm-none-eabi-5_4-2016q3/arm-none-eabi/lib/armv6-m//libm.a
LOAD /home/smolvik/gcc-arm-none-eabi-5_4-2016q3/arm-none-eabi/lib/armv6-m//libc.a
LOAD /home/smolvik/CMSIS_5-5.4.0/CMSIS/RTOS/RTX/LIB/GCC/libRTX_CM0.a
END GROUP
OUTPUT(blink.elf elf32-littlearm)

.ARM.extab      0x201002a0        0x0 load address 0x00009e40
 .ARM.extab     0x201002a0        0x0 /home/smolvik/CMSIS_5-5.4.0/CMSIS/RTOS/RTX/LIB/GCC/libRTX_CM0.a(hal_cm0.o)
 .ARM.extab     0x201002a0        0x0 /home/smolvik/gcc-arm-none-eabi-5_4-2016q3/lib/gcc/arm-none-eabi/5.4.1/armv6-m//libgcc.a(_udivmoddi4.o)

.rel.dyn        0x201002a0        0x0 load address 0x00009e40
 .rel.iplt      0x201002a0        0x0 main.o

.debug_info     0x00000000    0x103fd
 .debug_info    0x00000000      0xb9b main.o
 .debug_info    0x00000b9b      0x112 startup.o
 .debug_info    0x00000cad      0x7ab mdb485.o
 .debug_info    0x00001458      0x6f8 stubs.o
 .debug_info    0x00001b50      0x608 mdb232.o
 .debug_info    0x00002158      0x4c9 xprintf.o
 .debug_info    0x00002621      0x489 RTX_Conf_CM.o
 .debug_info    0x00002aaa      0x89f system.o
 .debug_info    0x00003349      0x96f ethfunc.o
 .debug_info    0x00003cb8      0x8d5 network.o
 .debug_info    0x0000458d      0x1bc crc.o
 .debug_info    0x00004749      0x2fa eeprom.o
 .debug_info    0x00004a43      0x383 param.o
 .debug_info    0x00004dc6      0x84b modbus_udp.o
 .debug_info    0x00005611      0x418 fsm.o
 .debug_info    0x00005a29     0x5d03 /home/smolvik/CMSIS_5-5.4.0/CMSIS/RTOS/RTX/LIB/GCC/libRTX_CM0.a(rt_cmsis.o)
 .debug_info    0x0000b72c      0x3b3 /home/smolvik/CMSIS_5-5.4.0/CMSIS/RTOS/RTX/LIB/GCC/libRTX_CM0.a(hal_cm.o)
 .debug_info    0x0000badf      0x1d5 /home/smolvik/CMSIS_5-5.4.0/CMSIS/RTOS/RTX/LIB/GCC/libRTX_CM0.a(rt_memory.o)
 .debug_info    0x0000bcb4      0x312 /home/smolvik/CMSIS_5-5.4.0/CMSIS/RTOS/RTX/LIB/GCC/libRTX_CM0.a(rt_membox.o)
 .debug_info    0x0000bfc6      0x651 /home/smolvik/CMSIS_5-5.4.0/CMSIS/RTOS/RTX/LIB/GCC/libRTX_CM0.a(rt_mutex.o)
 .debug_info    0x0000c617      0x357 /home/smolvik/CMSIS_5-5.4.0/CMSIS/RTOS/RTX/LIB/GCC/libRTX_CM0.a(rt_time.o)
 .debug_info    0x0000c96e      0x6f0 /home/smolvik/CMSIS_5-5.4.0/CMSIS/RTOS/RTX/LIB/GCC/libRTX_CM0.a(rt_semaphore.o)
 .debug_info    0x0000d05e      0x9e6 /home/smolvik/CMSIS_5-5.4.0/CMSIS/RTOS/RTX/LIB/GCC/libRTX_CM0.a(rt_mailbox.o)
 .debug_info    0x0000da44      0x8ab /home/smolvik/CMSIS_5-5.4.0/CMSIS/RTOS/RTX/LIB/GCC/libRTX_CM0.a(rt_list.o)
 .debug_info    0x0000e2ef      0x5f4 /home/smolvik/CMSIS_5-5.4.0/CMSIS/RTOS/RTX/LIB/GCC/libRTX_CM0.a(rt_event.o)
 .debug_info    0x0000e8e3      0x971 /home/smolvik/CMSIS_5-5.4.0/CMSIS/RTOS/RTX/LIB/GCC/libRTX_CM0.a(rt_system.o)
 .debug_info    0x0000f254      0xd79 /home/smolvik/CMSIS_5-5.4.0/CMSIS/RTOS/RTX/LIB/GCC/libRTX_CM0.a(rt_task.o)
 .debug_info    0x0000ffcd       0x71 /home/smolvik/CMSIS_5-5.4.0/CMSIS/RTOS/RTX/LIB/GCC/libRTX_CM0.a(hal_cm0.o)
 .debug_info    0x0001003e      0x3bf /home/smolvik/CMSIS_5-5.4.0/CMSIS/RTOS/RTX/LIB/GCC/libRTX_CM0.a(rt_robin.o)

.debug_abbrev   0x00000000     0x33a9
 .debug_abbrev  0x00000000      0x2c0 main.o
 .debug_abbrev  0x000002c0       0xab startup.o
 .debug_abbrev  0x0000036b      0x216 mdb485.o
 .debug_abbrev  0x00000581      0x1a8 stubs.o
 .debug_abbrev  0x00000729      0x1eb mdb232.o
 .debug_abbrev  0x00000914      0x194 xprintf.o
 .debug_abbrev  0x00000aa8      0x150 RTX_Conf_CM.o
 .debug_abbrev  0x00000bf8      0x14a system.o
 .debug_abbrev  0x00000d42      0x269 ethfunc.o
 .debug_abbrev  0x00000fab      0x269 network.o
 .debug_abbrev  0x00001214       0xb3 crc.o
 .debug_abbrev  0x000012c7      0x143 eeprom.o
 .debug_abbrev  0x0000140a      0x135 param.o
 .debug_abbrev  0x0000153f      0x1ce modbus_udp.o
 .debug_abbrev  0x0000170d      0x11e fsm.o
 .debug_abbrev  0x0000182b      0x499 /home/smolvik/CMSIS_5-5.4.0/CMSIS/RTOS/RTX/LIB/GCC/libRTX_CM0.a(rt_cmsis.o)
 .debug_abbrev  0x00001cc4      0x18b /home/smolvik/CMSIS_5-5.4.0/CMSIS/RTOS/RTX/LIB/GCC/libRTX_CM0.a(hal_cm.o)
 .debug_abbrev  0x00001e4f      0x12b /home/smolvik/CMSIS_5-5.4.0/CMSIS/RTOS/RTX/LIB/GCC/libRTX_CM0.a(rt_memory.o)
 .debug_abbrev  0x00001f7a      0x1a8 /home/smolvik/CMSIS_5-5.4.0/CMSIS/RTOS/RTX/LIB/GCC/libRTX_CM0.a(rt_membox.o)
 .debug_abbrev  0x00002122      0x167 /home/smolvik/CMSIS_5-5.4.0/CMSIS/RTOS/RTX/LIB/GCC/libRTX_CM0.a(rt_mutex.o)
 .debug_abbrev  0x00002289      0x141 /home/smolvik/CMSIS_5-5.4.0/CMSIS/RTOS/RTX/LIB/GCC/libRTX_CM0.a(rt_time.o)
 .debug_abbrev  0x000023ca      0x181 /home/smolvik/CMSIS_5-5.4.0/CMSIS/RTOS/RTX/LIB/GCC/libRTX_CM0.a(rt_semaphore.o)
 .debug_abbrev  0x0000254b      0x23d /home/smolvik/CMSIS_5-5.4.0/CMSIS/RTOS/RTX/LIB/GCC/libRTX_CM0.a(rt_mailbox.o)
 .debug_abbrev  0x00002788      0x315 /home/smolvik/CMSIS_5-5.4.0/CMSIS/RTOS/RTX/LIB/GCC/libRTX_CM0.a(rt_list.o)
 .debug_abbrev  0x00002a9d      0x1d0 /home/smolvik/CMSIS_5-5.4.0/CMSIS/RTOS/RTX/LIB/GCC/libRTX_CM0.a(rt_event.o)
 .debug_abbrev  0x00002c6d      0x2ba /home/smolvik/CMSIS_5-5.4.0/CMSIS/RTOS/RTX/LIB/GCC/libRTX_CM0.a(rt_system.o)
 .debug_abbrev  0x00002f27      0x344 /home/smolvik/CMSIS_5-5.4.0/CMSIS/RTOS/RTX/LIB/GCC/libRTX_CM0.a(rt_task.o)
 .debug_abbrev  0x0000326b       0x14 /home/smolvik/CMSIS_5-5.4.0/CMSIS/RTOS/RTX/LIB/GCC/libRTX_CM0.a(hal_cm0.o)
 .debug_abbrev  0x0000327f      0x12a /home/smolvik/CMSIS_5-5.4.0/CMSIS/RTOS/RTX/LIB/GCC/libRTX_CM0.a(rt_robin.o)

.debug_aranges  0x00000000      0x850
 .debug_aranges
                0x00000000       0x20 main.o
 .debug_aranges
                0x00000020       0x20 startup.o
 .debug_aranges
                0x00000040       0x20 mdb485.o
 .debug_aranges
                0x00000060       0x20 stubs.o
 .debug_aranges
                0x00000080       0x20 mdb232.o
 .debug_aranges
                0x000000a0       0x20 xprintf.o
 .debug_aranges
                0x000000c0       0x20 RTX_Conf_CM.o
 .debug_aranges
                0x000000e0       0x20 system.o
 .debug_aranges
                0x00000100       0x20 ethfunc.o
 .debug_aranges
                0x00000120       0x20 network.o
 .debug_aranges
                0x00000140       0x20 crc.o
 .debug_aranges
                0x00000160       0x40 eeprom.o
 .debug_aranges
                0x000001a0       0x20 param.o
 .debug_aranges
                0x000001c0       0x20 modbus_udp.o
 .debug_aranges
                0x000001e0       0x20 fsm.o
 .debug_aranges
                0x00000200      0x2d8 /home/smolvik/CMSIS_5-5.4.0/CMSIS/RTOS/RTX/LIB/GCC/libRTX_CM0.a(rt_cmsis.o)
 .debug_aranges
                0x000004d8       0x30 /home/smolvik/CMSIS_5-5.4.0/CMSIS/RTOS/RTX/LIB/GCC/libRTX_CM0.a(hal_cm.o)
 .debug_aranges
                0x00000508       0x30 /home/smolvik/CMSIS_5-5.4.0/CMSIS/RTOS/RTX/LIB/GCC/libRTX_CM0.a(rt_memory.o)
 .debug_aranges
                0x00000538       0x38 /home/smolvik/CMSIS_5-5.4.0/CMSIS/RTOS/RTX/LIB/GCC/libRTX_CM0.a(rt_membox.o)
 .debug_aranges
                0x00000570       0x38 /home/smolvik/CMSIS_5-5.4.0/CMSIS/RTOS/RTX/LIB/GCC/libRTX_CM0.a(rt_mutex.o)
 .debug_aranges
                0x000005a8       0x38 /home/smolvik/CMSIS_5-5.4.0/CMSIS/RTOS/RTX/LIB/GCC/libRTX_CM0.a(rt_time.o)
 .debug_aranges
                0x000005e0       0x48 /home/smolvik/CMSIS_5-5.4.0/CMSIS/RTOS/RTX/LIB/GCC/libRTX_CM0.a(rt_semaphore.o)
 .debug_aranges
                0x00000628       0x50 /home/smolvik/CMSIS_5-5.4.0/CMSIS/RTOS/RTX/LIB/GCC/libRTX_CM0.a(rt_mailbox.o)
 .debug_aranges
                0x00000678       0x68 /home/smolvik/CMSIS_5-5.4.0/CMSIS/RTOS/RTX/LIB/GCC/libRTX_CM0.a(rt_list.o)
 .debug_aranges
                0x000006e0       0x48 /home/smolvik/CMSIS_5-5.4.0/CMSIS/RTOS/RTX/LIB/GCC/libRTX_CM0.a(rt_event.o)
 .debug_aranges
                0x00000728       0x78 /home/smolvik/CMSIS_5-5.4.0/CMSIS/RTOS/RTX/LIB/GCC/libRTX_CM0.a(rt_system.o)
 .debug_aranges
                0x000007a0       0x68 /home/smolvik/CMSIS_5-5.4.0/CMSIS/RTOS/RTX/LIB/GCC/libRTX_CM0.a(rt_task.o)
 .debug_aranges
                0x00000808       0x20 /home/smolvik/CMSIS_5-5.4.0/CMSIS/RTOS/RTX/LIB/GCC/libRTX_CM0.a(hal_cm0.o)
 .debug_aranges
                0x00000828       0x28 /home/smolvik/CMSIS_5-5.4.0/CMSIS/RTOS/RTX/LIB/GCC/libRTX_CM0.a(rt_robin.o)

.debug_line     0x00000000     0x4285
 .debug_line    0x00000000      0x203 main.o
 .debug_line    0x00000203       0x59 startup.o
 .debug_line    0x0000025c      0x240 mdb485.o
 .debug_line    0x0000049c      0x23c stubs.o
 .debug_line    0x000006d8      0x1f7 mdb232.o
 .debug_line    0x000008cf      0x2e3 xprintf.o
 .debug_line    0x00000bb2      0x10b RTX_Conf_CM.o
 .debug_line    0x00000cbd      0x191 system.o
 .debug_line    0x00000e4e      0x2b2 ethfunc.o
 .debug_line    0x00001100      0x2e5 network.o
 .debug_line    0x000013e5       0xcc crc.o
 .debug_line    0x000014b1      0x1e4 eeprom.o
 .debug_line    0x00001695      0x165 param.o
 .debug_line    0x000017fa      0x282 modbus_udp.o
 .debug_line    0x00001a7c      0x168 fsm.o
 .debug_line    0x00001be4     0x1297 /home/smolvik/CMSIS_5-5.4.0/CMSIS/RTOS/RTX/LIB/GCC/libRTX_CM0.a(rt_cmsis.o)
 .debug_line    0x00002e7b       0xcf /home/smolvik/CMSIS_5-5.4.0/CMSIS/RTOS/RTX/LIB/GCC/libRTX_CM0.a(hal_cm.o)
 .debug_line    0x00002f4a       0xd2 /home/smolvik/CMSIS_5-5.4.0/CMSIS/RTOS/RTX/LIB/GCC/libRTX_CM0.a(rt_memory.o)
 .debug_line    0x0000301c      0x121 /home/smolvik/CMSIS_5-5.4.0/CMSIS/RTOS/RTX/LIB/GCC/libRTX_CM0.a(rt_membox.o)
 .debug_line    0x0000313d      0x19b /home/smolvik/CMSIS_5-5.4.0/CMSIS/RTOS/RTX/LIB/GCC/libRTX_CM0.a(rt_mutex.o)
 .debug_line    0x000032d8       0xa2 /home/smolvik/CMSIS_5-5.4.0/CMSIS/RTOS/RTX/LIB/GCC/libRTX_CM0.a(rt_time.o)
 .debug_line    0x0000337a      0x14b /home/smolvik/CMSIS_5-5.4.0/CMSIS/RTOS/RTX/LIB/GCC/libRTX_CM0.a(rt_semaphore.o)
 .debug_line    0x000034c5      0x25a /home/smolvik/CMSIS_5-5.4.0/CMSIS/RTOS/RTX/LIB/GCC/libRTX_CM0.a(rt_mailbox.o)
 .debug_line    0x0000371f      0x25f /home/smolvik/CMSIS_5-5.4.0/CMSIS/RTOS/RTX/LIB/GCC/libRTX_CM0.a(rt_list.o)
 .debug_line    0x0000397e      0x15b /home/smolvik/CMSIS_5-5.4.0/CMSIS/RTOS/RTX/LIB/GCC/libRTX_CM0.a(rt_event.o)
 .debug_line    0x00003ad9      0x2cf /home/smolvik/CMSIS_5-5.4.0/CMSIS/RTOS/RTX/LIB/GCC/libRTX_CM0.a(rt_system.o)
 .debug_line    0x00003da8      0x35a /home/smolvik/CMSIS_5-5.4.0/CMSIS/RTOS/RTX/LIB/GCC/libRTX_CM0.a(rt_task.o)
 .debug_line    0x00004102       0xe1 /home/smolvik/CMSIS_5-5.4.0/CMSIS/RTOS/RTX/LIB/GCC/libRTX_CM0.a(hal_cm0.o)
 .debug_line    0x000041e3       0xa2 /home/smolvik/CMSIS_5-5.4.0/CMSIS/RTOS/RTX/LIB/GCC/libRTX_CM0.a(rt_robin.o)

.debug_str      0x00000000     0x2aa8
 .debug_str     0x00000000      0x9b2 main.o
                                0xa33 (size before relaxing)
 .debug_str     0x000009b2       0xae startup.o
                                0x190 (size before relaxing)
 .debug_str     0x00000a60      0x115 mdb485.o
                                0x559 (size before relaxing)
 .debug_str     0x00000b75      0x1f1 stubs.o
                                0x3dc (size before relaxing)
 .debug_str     0x00000d66       0x64 mdb232.o
                                0x4cf (size before relaxing)
 .debug_str     0x00000dca       0xa4 xprintf.o
                                0x1c8 (size before relaxing)
 .debug_str     0x00000e6e      0x201 RTX_Conf_CM.o
                                0x4d8 (size before relaxing)
 .debug_str     0x0000106f      0x1cd system.o
                                0x6ca (size before relaxing)
 .debug_str     0x0000123c      0x277 ethfunc.o
                                0x734 (size before relaxing)
 .debug_str     0x000014b3      0x12d network.o
                                0x645 (size before relaxing)
 .debug_str     0x000015e0       0x48 crc.o
                                0x1a6 (size before relaxing)
 .debug_str     0x00001628       0x89 eeprom.o
                                0x2a9 (size before relaxing)
 .debug_str     0x000016b1       0x89 param.o
                                0x1ff (size before relaxing)
 .debug_str     0x0000173a      0x228 modbus_udp.o
                                0x46c (size before relaxing)
 .debug_str     0x00001962       0xdb fsm.o
                                0x2df (size before relaxing)
 .debug_str     0x00001a3d      0xc2e /home/smolvik/CMSIS_5-5.4.0/CMSIS/RTOS/RTX/LIB/GCC/libRTX_CM0.a(rt_cmsis.o)
                               0x135d (size before relaxing)
 .debug_str     0x0000266b       0x49 /home/smolvik/CMSIS_5-5.4.0/CMSIS/RTOS/RTX/LIB/GCC/libRTX_CM0.a(hal_cm.o)
                                0x282 (size before relaxing)
 .debug_str     0x000026b4       0x3d /home/smolvik/CMSIS_5-5.4.0/CMSIS/RTOS/RTX/LIB/GCC/libRTX_CM0.a(rt_memory.o)
                                0x19e (size before relaxing)
 .debug_str     0x000026f1       0x37 /home/smolvik/CMSIS_5-5.4.0/CMSIS/RTOS/RTX/LIB/GCC/libRTX_CM0.a(rt_membox.o)
                                0x208 (size before relaxing)
 .debug_str     0x00002728       0x32 /home/smolvik/CMSIS_5-5.4.0/CMSIS/RTOS/RTX/LIB/GCC/libRTX_CM0.a(rt_mutex.o)
                                0x305 (size before relaxing)
 .debug_str     0x0000275a       0x41 /home/smolvik/CMSIS_5-5.4.0/CMSIS/RTOS/RTX/LIB/GCC/libRTX_CM0.a(rt_time.o)
                                0x281 (size before relaxing)
 .debug_str     0x0000279b       0x34 /home/smolvik/CMSIS_5-5.4.0/CMSIS/RTOS/RTX/LIB/GCC/libRTX_CM0.a(rt_semaphore.o)
                                0x34c (size before relaxing)
 .debug_str     0x000027cf       0x32 /home/smolvik/CMSIS_5-5.4.0/CMSIS/RTOS/RTX/LIB/GCC/libRTX_CM0.a(rt_mailbox.o)
                                0x3b7 (size before relaxing)
 .debug_str     0x00002801       0xb0 /home/smolvik/CMSIS_5-5.4.0/CMSIS/RTOS/RTX/LIB/GCC/libRTX_CM0.a(rt_list.o)
                                0x394 (size before relaxing)
 .debug_str     0x000028b1       0x6b /home/smolvik/CMSIS_5-5.4.0/CMSIS/RTOS/RTX/LIB/GCC/libRTX_CM0.a(rt_event.o)
                                0x35b (size before relaxing)
 .debug_str     0x0000291c       0xf4 /home/smolvik/CMSIS_5-5.4.0/CMSIS/RTOS/RTX/LIB/GCC/libRTX_CM0.a(rt_system.o)
                                0x4aa (size before relaxing)
 .debug_str     0x00002a10       0x8a /home/smolvik/CMSIS_5-5.4.0/CMSIS/RTOS/RTX/LIB/GCC/libRTX_CM0.a(rt_task.o)
                                0x528 (size before relaxing)
 .debug_str     0x00002a9a        0xe /home/smolvik/CMSIS_5-5.4.0/CMSIS/RTOS/RTX/LIB/GCC/libRTX_CM0.a(rt_robin.o)
                                0x2ab (size before relaxing)

.comment        0x00000000       0x6e
 .comment       0x00000000       0x6e main.o
                                 0x6f (size before relaxing)
 .comment       0x0000006e       0x6f startup.o
 .comment       0x0000006e       0x6f mdb485.o
 .comment       0x0000006e       0x6f stubs.o
 .comment       0x0000006e       0x6f mdb232.o
 .comment       0x0000006e       0x6f xprintf.o
 .comment       0x0000006e       0x6f RTX_Conf_CM.o
 .comment       0x0000006e       0x6f system.o
 .comment       0x0000006e       0x6f ethfunc.o
 .comment       0x0000006e       0x6f network.o
 .comment       0x0000006e       0x6f crc.o
 .comment       0x0000006e       0x6f eeprom.o
 .comment       0x0000006e       0x6f param.o
 .comment       0x0000006e       0x6f modbus_udp.o
 .comment       0x0000006e       0x6f fsm.o
 .comment       0x0000006e       0x6f /home/smolvik/CMSIS_5-5.4.0/CMSIS/RTOS/RTX/LIB/GCC/libRTX_CM0.a(rt_cmsis.o)
 .comment       0x0000006e       0x6f /home/smolvik/CMSIS_5-5.4.0/CMSIS/RTOS/RTX/LIB/GCC/libRTX_CM0.a(hal_cm.o)
 .comment       0x0000006e       0x6f /home/smolvik/CMSIS_5-5.4.0/CMSIS/RTOS/RTX/LIB/GCC/libRTX_CM0.a(rt_memory.o)
 .comment       0x0000006e       0x6f /home/smolvik/CMSIS_5-5.4.0/CMSIS/RTOS/RTX/LIB/GCC/libRTX_CM0.a(rt_membox.o)
 .comment       0x0000006e       0x6f /home/smolvik/CMSIS_5-5.4.0/CMSIS/RTOS/RTX/LIB/GCC/libRTX_CM0.a(rt_mutex.o)
 .comment       0x0000006e       0x6f /home/smolvik/CMSIS_5-5.4.0/CMSIS/RTOS/RTX/LIB/GCC/libRTX_CM0.a(rt_time.o)
 .comment       0x0000006e       0x6f /home/smolvik/CMSIS_5-5.4.0/CMSIS/RTOS/RTX/LIB/GCC/libRTX_CM0.a(rt_semaphore.o)
 .comment       0x0000006e       0x6f /home/smolvik/CMSIS_5-5.4.0/CMSIS/RTOS/RTX/LIB/GCC/libRTX_CM0.a(rt_mailbox.o)
 .comment       0x0000006e       0x6f /home/smolvik/CMSIS_5-5.4.0/CMSIS/RTOS/RTX/LIB/GCC/libRTX_CM0.a(rt_list.o)
 .comment       0x0000006e       0x6f /home/smolvik/CMSIS_5-5.4.0/CMSIS/RTOS/RTX/LIB/GCC/libRTX_CM0.a(rt_event.o)
 .comment       0x0000006e       0x6f /home/smolvik/CMSIS_5-5.4.0/CMSIS/RTOS/RTX/LIB/GCC/libRTX_CM0.a(rt_system.o)
 .comment       0x0000006e       0x6f /home/smolvik/CMSIS_5-5.4.0/CMSIS/RTOS/RTX/LIB/GCC/libRTX_CM0.a(rt_task.o)
 .comment       0x0000006e       0x6f /home/smolvik/CMSIS_5-5.4.0/CMSIS/RTOS/RTX/LIB/GCC/libRTX_CM0.a(rt_robin.o)

.ARM.attributes
                0x00000000       0x2f
 .ARM.attributes
                0x00000000       0x31 main.o
 .ARM.attributes
                0x00000031       0x31 startup.o
 .ARM.attributes
                0x00000062       0x31 mdb485.o
 .ARM.attributes
                0x00000093       0x31 stubs.o
 .ARM.attributes
                0x000000c4       0x31 mdb232.o
 .ARM.attributes
                0x000000f5       0x31 xprintf.o
 .ARM.attributes
                0x00000126       0x31 RTX_Conf_CM.o
 .ARM.attributes
                0x00000157       0x31 system.o
 .ARM.attributes
                0x00000188       0x31 ethfunc.o
 .ARM.attributes
                0x000001b9       0x31 network.o
 .ARM.attributes
                0x000001ea       0x31 crc.o
 .ARM.attributes
                0x0000021b       0x31 eeprom.o
 .ARM.attributes
                0x0000024c       0x31 param.o
 .ARM.attributes
                0x0000027d       0x31 modbus_udp.o
 .ARM.attributes
                0x000002ae       0x31 fsm.o
 .ARM.attributes
                0x000002df       0x1e /home/smolvik/gcc-arm-none-eabi-5_4-2016q3/lib/gcc/arm-none-eabi/5.4.1/armv6-m//libgcc.a(_udivsi3.o)
 .ARM.attributes
                0x000002fd       0x1e /home/smolvik/gcc-arm-none-eabi-5_4-2016q3/lib/gcc/arm-none-eabi/5.4.1/armv6-m//libgcc.a(_divsi3.o)
 .ARM.attributes
                0x0000031b       0x1e /home/smolvik/gcc-arm-none-eabi-5_4-2016q3/lib/gcc/arm-none-eabi/5.4.1/armv6-m//libgcc.a(_dvmd_tls.o)
 .ARM.attributes
                0x00000339       0x2c /home/smolvik/gcc-arm-none-eabi-5_4-2016q3/arm-none-eabi/lib/armv6-m//libc.a(lib_a-atexit.o)
 .ARM.attributes
                0x00000365       0x2c /home/smolvik/gcc-arm-none-eabi-5_4-2016q3/arm-none-eabi/lib/armv6-m//libc.a(lib_a-exit.o)
 .ARM.attributes
                0x00000391       0x2c /home/smolvik/gcc-arm-none-eabi-5_4-2016q3/arm-none-eabi/lib/armv6-m//libc.a(lib_a-fini.o)
 .ARM.attributes
                0x000003bd       0x2c /home/smolvik/gcc-arm-none-eabi-5_4-2016q3/arm-none-eabi/lib/armv6-m//libc.a(lib_a-impure.o)
 .ARM.attributes
                0x000003e9       0x2c /home/smolvik/gcc-arm-none-eabi-5_4-2016q3/arm-none-eabi/lib/armv6-m//libc.a(lib_a-init.o)
 .ARM.attributes
                0x00000415       0x2c /home/smolvik/gcc-arm-none-eabi-5_4-2016q3/arm-none-eabi/lib/armv6-m//libc.a(lib_a-memset.o)
 .ARM.attributes
                0x00000441       0x2c /home/smolvik/gcc-arm-none-eabi-5_4-2016q3/arm-none-eabi/lib/armv6-m//libc.a(lib_a-reent.o)
 .ARM.attributes
                0x0000046d       0x2c /home/smolvik/gcc-arm-none-eabi-5_4-2016q3/arm-none-eabi/lib/armv6-m//libc.a(lib_a-__atexit.o)
 .ARM.attributes
                0x00000499       0x2c /home/smolvik/gcc-arm-none-eabi-5_4-2016q3/arm-none-eabi/lib/armv6-m//libc.a(lib_a-__call_atexit.o)
 .ARM.attributes
                0x000004c5       0x2c /home/smolvik/gcc-arm-none-eabi-5_4-2016q3/arm-none-eabi/lib/armv6-m//libc.a(lib_a-freer.o)
 .ARM.attributes
                0x000004f1       0x2c /home/smolvik/gcc-arm-none-eabi-5_4-2016q3/arm-none-eabi/lib/armv6-m//libc.a(lib_a-mallocr.o)
 .ARM.attributes
                0x0000051d       0x2c /home/smolvik/gcc-arm-none-eabi-5_4-2016q3/arm-none-eabi/lib/armv6-m//libc.a(lib_a-mlock.o)
 .ARM.attributes
                0x00000549       0x2c /home/smolvik/gcc-arm-none-eabi-5_4-2016q3/arm-none-eabi/lib/armv6-m//libc.a(lib_a-sbrkr.o)
 .ARM.attributes
                0x00000575       0x31 /home/smolvik/CMSIS_5-5.4.0/CMSIS/RTOS/RTX/LIB/GCC/libRTX_CM0.a(rt_cmsis.o)
 .ARM.attributes
                0x000005a6       0x31 /home/smolvik/CMSIS_5-5.4.0/CMSIS/RTOS/RTX/LIB/GCC/libRTX_CM0.a(hal_cm.o)
 .ARM.attributes
                0x000005d7       0x31 /home/smolvik/CMSIS_5-5.4.0/CMSIS/RTOS/RTX/LIB/GCC/libRTX_CM0.a(rt_memory.o)
 .ARM.attributes
                0x00000608       0x31 /home/smolvik/CMSIS_5-5.4.0/CMSIS/RTOS/RTX/LIB/GCC/libRTX_CM0.a(rt_membox.o)
 .ARM.attributes
                0x00000639       0x31 /home/smolvik/CMSIS_5-5.4.0/CMSIS/RTOS/RTX/LIB/GCC/libRTX_CM0.a(rt_mutex.o)
 .ARM.attributes
                0x0000066a       0x31 /home/smolvik/CMSIS_5-5.4.0/CMSIS/RTOS/RTX/LIB/GCC/libRTX_CM0.a(rt_time.o)
 .ARM.attributes
                0x0000069b       0x31 /home/smolvik/CMSIS_5-5.4.0/CMSIS/RTOS/RTX/LIB/GCC/libRTX_CM0.a(rt_semaphore.o)
 .ARM.attributes
                0x000006cc       0x31 /home/smolvik/CMSIS_5-5.4.0/CMSIS/RTOS/RTX/LIB/GCC/libRTX_CM0.a(rt_mailbox.o)
 .ARM.attributes
                0x000006fd       0x31 /home/smolvik/CMSIS_5-5.4.0/CMSIS/RTOS/RTX/LIB/GCC/libRTX_CM0.a(rt_list.o)
 .ARM.attributes
                0x0000072e       0x31 /home/smolvik/CMSIS_5-5.4.0/CMSIS/RTOS/RTX/LIB/GCC/libRTX_CM0.a(rt_event.o)
 .ARM.attributes
                0x0000075f       0x31 /home/smolvik/CMSIS_5-5.4.0/CMSIS/RTOS/RTX/LIB/GCC/libRTX_CM0.a(rt_system.o)
 .ARM.attributes
                0x00000790       0x31 /home/smolvik/CMSIS_5-5.4.0/CMSIS/RTOS/RTX/LIB/GCC/libRTX_CM0.a(rt_task.o)
 .ARM.attributes
                0x000007c1       0x21 /home/smolvik/CMSIS_5-5.4.0/CMSIS/RTOS/RTX/LIB/GCC/libRTX_CM0.a(hal_cm0.o)
 .ARM.attributes
                0x000007e2       0x21 /home/smolvik/CMSIS_5-5.4.0/CMSIS/RTOS/RTX/LIB/GCC/libRTX_CM0.a(svc_table.o)
 .ARM.attributes
                0x00000803       0x31 /home/smolvik/CMSIS_5-5.4.0/CMSIS/RTOS/RTX/LIB/GCC/libRTX_CM0.a(rt_robin.o)
 .ARM.attributes
                0x00000834       0x1e /home/smolvik/gcc-arm-none-eabi-5_4-2016q3/lib/gcc/arm-none-eabi/5.4.1/armv6-m//libgcc.a(_aeabi_uldivmod.o)
 .ARM.attributes
                0x00000852       0x2c /home/smolvik/gcc-arm-none-eabi-5_4-2016q3/lib/gcc/arm-none-eabi/5.4.1/armv6-m//libgcc.a(_muldi3.o)
 .ARM.attributes
                0x0000087e       0x2c /home/smolvik/gcc-arm-none-eabi-5_4-2016q3/lib/gcc/arm-none-eabi/5.4.1/armv6-m//libgcc.a(_udivmoddi4.o)
 .ARM.attributes
                0x000008aa       0x1e /home/smolvik/gcc-arm-none-eabi-5_4-2016q3/lib/gcc/arm-none-eabi/5.4.1/armv6-m//libgcc.a(_clzdi2.o)
 .ARM.attributes
                0x000008c8       0x1e /home/smolvik/gcc-arm-none-eabi-5_4-2016q3/lib/gcc/arm-none-eabi/5.4.1/armv6-m//libgcc.a(_clzsi2.o)

.svc_table      0x00000000        0x4
 .svc_table     0x00000000        0x4 /home/smolvik/CMSIS_5-5.4.0/CMSIS/RTOS/RTX/LIB/GCC/libRTX_CM0.a(svc_table.o)
                0x00000000                SVC_Count
                0x00000000                SVC_Table

.debug_frame    0x00000000     0x24a0
 .debug_frame   0x00000000      0x178 main.o
 .debug_frame   0x00000178       0x4c startup.o
 .debug_frame   0x000001c4      0x18c mdb485.o
 .debug_frame   0x00000350      0x260 stubs.o
 .debug_frame   0x000005b0      0x10c mdb232.o
 .debug_frame   0x000006bc      0x170 xprintf.o
 .debug_frame   0x0000082c       0x5c RTX_Conf_CM.o
 .debug_frame   0x00000888       0xe4 system.o
 .debug_frame   0x0000096c      0x168 ethfunc.o
 .debug_frame   0x00000ad4      0x14c network.o
 .debug_frame   0x00000c20       0x50 crc.o
 .debug_frame   0x00000c70       0xc8 eeprom.o
 .debug_frame   0x00000d38      0x10c param.o
 .debug_frame   0x00000e44      0x1b4 modbus_udp.o
 .debug_frame   0x00000ff8       0xe8 fsm.o
 .debug_frame   0x000010e0       0x20 /home/smolvik/gcc-arm-none-eabi-5_4-2016q3/lib/gcc/arm-none-eabi/5.4.1/armv6-m//libgcc.a(_udivsi3.o)
 .debug_frame   0x00001100       0x20 /home/smolvik/gcc-arm-none-eabi-5_4-2016q3/lib/gcc/arm-none-eabi/5.4.1/armv6-m//libgcc.a(_divsi3.o)
 .debug_frame   0x00001120       0x28 /home/smolvik/gcc-arm-none-eabi-5_4-2016q3/arm-none-eabi/lib/armv6-m//libc.a(lib_a-atexit.o)
 .debug_frame   0x00001148       0x28 /home/smolvik/gcc-arm-none-eabi-5_4-2016q3/arm-none-eabi/lib/armv6-m//libc.a(lib_a-exit.o)
 .debug_frame   0x00001170       0x2c /home/smolvik/gcc-arm-none-eabi-5_4-2016q3/arm-none-eabi/lib/armv6-m//libc.a(lib_a-fini.o)