Archive member included to satisfy reference by file (symbol)

/home/smolvik/gcc-arm-none-eabi-5_4-2016q3/lib/gcc/arm-none-eabi/5.4.1/armv6-m//libgcc.a(_udivsi3.o)
                              xprintf.o (__aeabi_uidiv)
/home/smolvik/gcc-arm-none-eabi-5_4-2016q3/lib/gcc/arm-none-eabi/5.4.1/armv6-m//libgcc.a(_divsi3.o)
                              fsm.o (__aeabi_idiv)
/home/smolvik/gcc-arm-none-eabi-5_4-2016q3/lib/gcc/arm-none-eabi/5.4.1/armv6-m//libgcc.a(_dvmd_tls.o)
                              /home/smolvik/gcc-arm-none-eabi-5_4-2016q3/lib/gcc/arm-none-eabi/5.4.1/armv6-m//libgcc.a(_udivsi3.o) (__aeabi_idiv0)
/home/smolvik/gcc-arm-none-eabi-5_4-2016q3/arm-none-eabi/lib/armv6-m//libc.a(lib_a-abs.o)
                              main.o (abs)
/home/smolvik/gcc-arm-none-eabi-5_4-2016q3/arm-none-eabi/lib/armv6-m//libc.a(lib_a-atexit.o)
                              RTX_Conf_CM.o (atexit)
/home/smolvik/gcc-arm-none-eabi-5_4-2016q3/arm-none-eabi/lib/armv6-m//libc.a(lib_a-exit.o)
                              RTX_Conf_CM.o (exit)
/home/smolvik/gcc-arm-none-eabi-5_4-2016q3/arm-none-eabi/lib/armv6-m//libc.a(lib_a-fini.o)
                              RTX_Conf_CM.o (__libc_fini_array)
/home/smolvik/gcc-arm-none-eabi-5_4-2016q3/arm-none-eabi/lib/armv6-m//libc.a(lib_a-impure.o)
                              /home/smolvik/gcc-arm-none-eabi-5_4-2016q3/arm-none-eabi/lib/armv6-m//libc.a(lib_a-exit.o) (_global_impure_ptr)
/home/smolvik/gcc-arm-none-eabi-5_4-2016q3/arm-none-eabi/lib/armv6-m//libc.a(lib_a-init.o)
                              RTX_Conf_CM.o (__libc_init_array)
/home/smolvik/gcc-arm-none-eabi-5_4-2016q3/arm-none-eabi/lib/armv6-m//libc.a(lib_a-memset.o)
                              param.o (memset)
/home/smolvik/gcc-arm-none-eabi-5_4-2016q3/arm-none-eabi/lib/armv6-m//libc.a(lib_a-reent.o)
                              stubs.o (errno)
/home/smolvik/gcc-arm-none-eabi-5_4-2016q3/arm-none-eabi/lib/armv6-m//libc.a(lib_a-__atexit.o)
                              /home/smolvik/gcc-arm-none-eabi-5_4-2016q3/arm-none-eabi/lib/armv6-m//libc.a(lib_a-atexit.o) (__register_exitproc)
/home/smolvik/gcc-arm-none-eabi-5_4-2016q3/arm-none-eabi/lib/armv6-m//libc.a(lib_a-__call_atexit.o)
                              /home/smolvik/gcc-arm-none-eabi-5_4-2016q3/arm-none-eabi/lib/armv6-m//libc.a(lib_a-exit.o) (__call_exitprocs)
/home/smolvik/gcc-arm-none-eabi-5_4-2016q3/arm-none-eabi/lib/armv6-m//libc.a(lib_a-freer.o)
                              /home/smolvik/gcc-arm-none-eabi-5_4-2016q3/arm-none-eabi/lib/armv6-m//libc.a(lib_a-reent.o) (_free_r)
/home/smolvik/gcc-arm-none-eabi-5_4-2016q3/arm-none-eabi/lib/armv6-m//libc.a(lib_a-mallocr.o)
                              /home/smolvik/gcc-arm-none-eabi-5_4-2016q3/arm-none-eabi/lib/armv6-m//libc.a(lib_a-freer.o) (__malloc_current_mallinfo)
/home/smolvik/gcc-arm-none-eabi-5_4-2016q3/arm-none-eabi/lib/armv6-m//libc.a(lib_a-mlock.o)
                              /home/smolvik/gcc-arm-none-eabi-5_4-2016q3/arm-none-eabi/lib/armv6-m//libc.a(lib_a-freer.o) (__malloc_lock)
/home/smolvik/gcc-arm-none-eabi-5_4-2016q3/arm-none-eabi/lib/armv6-m//libc.a(lib_a-sbrkr.o)
                              /home/smolvik/gcc-arm-none-eabi-5_4-2016q3/arm-none-eabi/lib/armv6-m//libc.a(lib_a-freer.o) (_sbrk_r)
/home/smolvik/CMSIS_5-5.4.0/CMSIS/RTOS/RTX/LIB/GCC/libRTX_CM0.a(rt_cmsis.o)
                              main.o (osKernelInitialize)
/home/smolvik/CMSIS_5-5.4.0/CMSIS/RTOS/RTX/LIB/GCC/libRTX_CM0.a(hal_cm.o)
                              /home/smolvik/CMSIS_5-5.4.0/CMSIS/RTOS/RTX/LIB/GCC/libRTX_CM0.a(rt_cmsis.o) (rt_ret_val)
/home/smolvik/CMSIS_5-5.4.0/CMSIS/RTOS/RTX/LIB/GCC/libRTX_CM0.a(rt_memory.o)
                              /home/smolvik/CMSIS_5-5.4.0/CMSIS/RTOS/RTX/LIB/GCC/libRTX_CM0.a(rt_cmsis.o) (rt_init_mem)
/home/smolvik/CMSIS_5-5.4.0/CMSIS/RTOS/RTX/LIB/GCC/libRTX_CM0.a(rt_membox.o)
                              /home/smolvik/CMSIS_5-5.4.0/CMSIS/RTOS/RTX/LIB/GCC/libRTX_CM0.a(rt_cmsis.o) (_init_box)
/home/smolvik/CMSIS_5-5.4.0/CMSIS/RTOS/RTX/LIB/GCC/libRTX_CM0.a(rt_mutex.o)
                              /home/smolvik/CMSIS_5-5.4.0/CMSIS/RTOS/RTX/LIB/GCC/libRTX_CM0.a(rt_cmsis.o) (rt_mut_init)
/home/smolvik/CMSIS_5-5.4.0/CMSIS/RTOS/RTX/LIB/GCC/libRTX_CM0.a(rt_time.o)
                              /home/smolvik/CMSIS_5-5.4.0/CMSIS/RTOS/RTX/LIB/GCC/libRTX_CM0.a(rt_cmsis.o) (os_time)
/home/smolvik/CMSIS_5-5.4.0/CMSIS/RTOS/RTX/LIB/GCC/libRTX_CM0.a(rt_semaphore.o)
                              /home/smolvik/CMSIS_5-5.4.0/CMSIS/RTOS/RTX/LIB/GCC/libRTX_CM0.a(rt_cmsis.o) (rt_sem_init)
/home/smolvik/CMSIS_5-5.4.0/CMSIS/RTOS/RTX/LIB/GCC/libRTX_CM0.a(rt_mailbox.o)
                              /home/smolvik/CMSIS_5-5.4.0/CMSIS/RTOS/RTX/LIB/GCC/libRTX_CM0.a(rt_cmsis.o) (rt_mbx_init)
/home/smolvik/CMSIS_5-5.4.0/CMSIS/RTOS/RTX/LIB/GCC/libRTX_CM0.a(rt_list.o)
                              /home/smolvik/CMSIS_5-5.4.0/CMSIS/RTOS/RTX/LIB/GCC/libRTX_CM0.a(rt_cmsis.o) (rt_put_prio)
[...]
Memory Configuration

Name             Origin             Length             Attributes
RAM1             0x20000000         0x00008000         rw
RAM2             0x20100000         0x00004000         xrw
FLASH            0x00000000         0x00020000         xr
*default*        0x00000000         0xffffffff

Linker script and memory map


.text           0x00000000     0x96e0
                0x00000000                . = ALIGN (0x4)
 *(.interrupt_vector)
 .interrupt_vector
                0x00000000       0xc0 startup.o
                0x00000000                table_interrupt_vector
 *(.init)
 *(.fini)
 *(.text)
 .text          0x000000c0      0x480 main.o
                0x00000138                dut_reset_off
                0x00000150                dut_reset_on
                0x00000168                dut_set_speed
                0x000001d0                dut_set_torque
                0x00000234                main
                0x000002d0                TIMER1_Handler
                0x000002f4                TIMER2_Handler
                0x00000374                EXT_INT1_Handler
                0x00000398                threadDUTProceed
                0x00000500                threadFSMProceed
 .text          0x00000540       0x98 startup.o
                0x00000540                Reset_Handler
                0x00000540                handler_reset
                0x000005d0                DMA_Handler
                0x000005d0                TIMER4_Handler
                0x000005d0                HardFault_Handler
                0x000005d0                ARINC429T2_Handler
                0x000005d0                NMI_Handler
                0x000005d0                ADC_Handler
                0x000005d0                WWDG_Handler
                0x000005d0                POWER_Handler
                0x000005d0                BKP_Handler
                0x000005d0                MIL_STD_1553B1_Handler
                0x000005d0                CAN2_Handler
                0x000005d0                TIMER3_Handler
                0x000005d0                default_handler
                0x000005d0                EXT_INT2_Handler
                0x000005d0                USB_Handler
                0x000005d0                ARINC429T4_Handler
                0x000005d0                EXT_INT4_Handler
                0x000005d0                MIL_STD_1553B2_Handler
                0x000005d0                CAN1_Handler
                0x000005d0                EXT_INT3_Handler
                0x000005d0                BUSY_Handler
                0x000005d0                ARINC429T3_Handler
                0x000005d0                SSP2_Handler
                0x000005d0                SSP3_Handler
                0x000005d0                ARINC429T1_Handler
                0x000005d0                ARINC429R_Handler
                0x000005d0                SSP1_Handler
 .text          0x000005d8      0x594 mdb485.o
                0x0000064c                mdb485_init
                0x000006ac                mdb485_send
                0x00000720                mdb485_putch
                0x0000074c                mdb485_writeregs
                0x00000898                mdb485_readregs
                0x0000095c                mdb485_read_inputregs
                0x00000a20                mdb485_get_func
                0x00000a48                mdb485_get_crc
                0x00000a84                mdb485_si30_get_counter
                0x00000afc                UART2_Handler
 .text          0x00000b6c      0x2a4 stubs.o
                0x00000b6c                _exit
                0x00000b88                _close
                0x00000b9c                _execve
                0x00000bc0                _fork
                0x00000bd8                _fstat
                0x00000bf4                _getpid
                0x00000c00                _isatty
                0x00000c28                _kill
                0x00000c48                _link
                0x00000c68                _lseek
                0x00000c80                _sbrk
                0x00000cf4                _read
                0x00000d28                _stat
                0x00000d44                _times
                0x00000d58                _unlink
                0x00000d78                _wait
                0x00000d98                _write
                0x00000df8                _init
                0x00000e04                _fini
 .text          0x00000e10      0x420 mdb232.o
                0x00000e84                mdb232_init
                0x00000f38                mdb232_read_inputregs
                0x00000ffc                mdb232_readregs
                0x000010c0                mdb232_get_crc
                0x000010fc                mdb232_bikm_get_torque
                0x000011c0                UART1_Handler
 .text          0x00001230      0x844 xprintf.o
                0x00001230                xputc
                0x00001288                xputs
                0x000012b0                xfputs
                0x0000160c                xprintf
                0x00001634                xsprintf
                0x00001678                xfprintf
                0x000016b8                put_dump
                0x000017bc                xgets
                0x0000185c                xfgets
                0x00001898                xatoi
 .text          0x00001a74       0x68 RTX_Conf_CM.o
                0x00001a74                os_idle_demon
                0x00001a7c                os_error
                0x00001aa8                software_init_hook
 .text          0x00001adc      0x4ac system.o
                0x00001c24                PortConfig
                0x00001d6c                ClkConfig
                0x00001ebc                TimerConfig
                0x00001f34                dac_init
                0x00001f50                SystemInit
 .text          0x00001f88      0x770 ethfunc.o
                0x00001fbc                RemoteMacInit
                0x00001ff0                PHYInit
                0x00002054                SetPHYReg
                0x000020c0                GetPHYReg
                0x0000211c                EthernetConfig
                0x00002188                MACReset
                0x00002278                ClearMemory
                0x000022b0                ReadPacket
                0x0000249c                SendPacket
                0x0000269c                ETHERNET_Handler
 .text          0x000026f8      0xad0 network.o
                0x000026f8                network_config
                0x00002704                Answear_ARP
                0x000027ec                CheckSum_UDP
                0x0000294c                CheckSum_IP
                0x000029a8                CheckSum_ICMP
                0x00002a0c                Request_ICMP
                0x00002bf0                Answear_ICMP
                0x00002d50                Send_UDP
                0x00002f90                PacketParser
                0x000030d8                threadPacketParser
 .text          0x000031c8       0xe4 crc.o
                0x000031c8                crc32
                0x0000321c                crc16
 .text          0x000032ac       0x38 eeprom.o
                0x000032ac                eeprom_on
                0x000032c8                eeprom_off
 .text          0x000032e4      0x2e0 param.o
                0x000032e4                par_default
                0x0000333c                par_save
                0x00003398                par_verify
                0x000033f8                par_read
                0x00003460                par_update
                0x00003510                par_mac
                0x0000354c                par_iploc
                0x00003588                par_iprem
 .text          0x000035c4      0xc08 modbus_udp.o
                0x000035c4                mdb_fifo_read
                0x0000365c                mdb_fifo_write
                0x000036e8                mdb_get_testparam
                0x00003910                mdb_get_holding_register
                0x000040d0                mdb_proc_adu
 .text          0x000041cc      0x808 fsm.o
                0x000041cc                fsm_get_mode
                0x000041e0                fsm_get_cyccnt
 .text          0x000049d4      0x114 /home/smolvik/gcc-arm-none-eabi-5_4-2016q3/lib/gcc/arm-none-eabi/5.4.1/armv6-m//libgcc.a(_udivsi3.o)
                0x000049d4                __udivsi3
                0x000049d4                __aeabi_uidiv
                0x00004ae0                __aeabi_uidivmod
 .text          0x00004ae8      0x1d4 /home/smolvik/gcc-arm-none-eabi-5_4-2016q3/lib/gcc/arm-none-eabi/5.4.1/armv6-m//libgcc.a(_divsi3.o)
                0x00004ae8                __aeabi_idiv
                0x00004ae8                __divsi3
                0x00004cb4                __aeabi_idivmod
 .text          0x00004cbc        0x4 /home/smolvik/gcc-arm-none-eabi-5_4-2016q3/lib/gcc/arm-none-eabi/5.4.1/armv6-m//libgcc.a(_dvmd_tls.o)
                0x00004cbc                __aeabi_ldiv0
                0x00004cbc                __aeabi_idiv0
 .text          0x00004cc0        0x0 /home/smolvik/gcc-arm-none-eabi-5_4-2016q3/arm-none-eabi/lib/armv6-m//libc.a(lib_a-abs.o)
 .text          0x00004cc0        0x0 /home/smolvik/gcc-arm-none-eabi-5_4-2016q3/arm-none-eabi/lib/armv6-m//libc.a(lib_a-atexit.o)
 .text          0x00004cc0        0x0 /home/smolvik/gcc-arm-none-eabi-5_4-2016q3/arm-none-eabi/lib/armv6-m//libc.a(lib_a-exit.o)
 .text          0x00004cc0        0x0 /home/smolvik/gcc-arm-none-eabi-5_4-2016q3/arm-none-eabi/lib/armv6-m//libc.a(lib_a-fini.o)
 .text          0x00004cc0        0x0 /home/smolvik/gcc-arm-none-eabi-5_4-2016q3/arm-none-eabi/lib/armv6-m//libc.a(lib_a-impure.o)
 .text          0x00004cc0        0x0 /home/smolvik/gcc-arm-none-eabi-5_4-2016q3/arm-none-eabi/lib/armv6-m//libc.a(lib_a-init.o)
 .text          0x00004cc0        0x0 /home/smolvik/gcc-arm-none-eabi-5_4-2016q3/arm-none-eabi/lib/armv6-m//libc.a(lib_a-memset.o)
 .text          0x00004cc0        0x0 /home/smolvik/gcc-arm-none-eabi-5_4-2016q3/arm-none-eabi/lib/armv6-m//libc.a(lib_a-reent.o)
 .text          0x00004cc0        0x0 /home/smolvik/gcc-arm-none-eabi-5_4-2016q3/arm-none-eabi/lib/armv6-m//libc.a(lib_a-__atexit.o)
 .text          0x00004cc0        0x0 /home/smolvik/gcc-arm-none-eabi-5_4-2016q3/arm-none-eabi/lib/armv6-m//libc.a(lib_a-__call_atexit.o)
 .text          0x00004cc0        0x0 /home/smolvik/gcc-arm-none-eabi-5_4-2016q3/arm-none-eabi/lib/armv6-m//libc.a(lib_a-freer.o)
 .text          0x00004cc0        0x0 /home/smolvik/gcc-arm-none-eabi-5_4-2016q3/arm-none-eabi/lib/armv6-m//libc.a(lib_a-mallocr.o)
 .text          0x00004cc0        0x0 /home/smolvik/gcc-arm-none-eabi-5_4-2016q3/arm-none-eabi/lib/armv6-m//libc.a(lib_a-mlock.o)
 .text          0x00004cc0        0x0 /home/smolvik/gcc-arm-none-eabi-5_4-2016q3/arm-none-eabi/lib/armv6-m//libc.a(lib_a-sbrkr.o)
 .text          0x00004cc0        0x0 /home/smolvik/CMSIS_5-5.4.0/CMSIS/RTOS/RTX/LIB/GCC/libRTX_CM0.a(rt_cmsis.o)
 .text          0x00004cc0        0x0 /home/smolvik/CMSIS_5-5.4.0/CMSIS/RTOS/RTX/LIB/GCC/libRTX_CM0.a(hal_cm.o)
 .text          0x00004cc0        0x0 /home/smolvik/CMSIS_5-5.4.0/CMSIS/RTOS/RTX/LIB/GCC/libRTX_CM0.a(rt_memory.o)
 .text          0x00004cc0        0x0 /home/smolvik/CMSIS_5-5.4.0/CMSIS/RTOS/RTX/LIB/GCC/libRTX_CM0.a(rt_membox.o)
 .text          0x00004cc0        0x0 /home/smolvik/CMSIS_5-5.4.0/CMSIS/RTOS/RTX/LIB/GCC/libRTX_CM0.a(rt_mutex.o)
 .text          0x00004cc0        0x0 /home/smolvik/CMSIS_5-5.4.0/CMSIS/RTOS/RTX/LIB/GCC/libRTX_CM0.a(rt_time.o)
 .text          0x00004cc0        0x0 /home/smolvik/CMSIS_5-5.4.0/CMSIS/RTOS/RTX/LIB/GCC/libRTX_CM0.a(rt_semaphore.o)
 .text          0x00004cc0        0x0 /home/smolvik/CMSIS_5-5.4.0/CMSIS/RTOS/RTX/LIB/GCC/libRTX_CM0.a(rt_mailbox.o)
 .text          0x00004cc0        0x0 /home/smolvik/CMSIS_5-5.4.0/CMSIS/RTOS/RTX/LIB/GCC/libRTX_CM0.a(rt_list.o)
 .text          0x00004cc0        0x0 /home/smolvik/CMSIS_5-5.4.0/CMSIS/RTOS/RTX/LIB/GCC/libRTX_CM0.a(rt_event.o)
 .text          0x00004cc0        0x0 /home/smolvik/CMSIS_5-5.4.0/CMSIS/RTOS/RTX/LIB/GCC/libRTX_CM0.a(rt_system.o)
 .text          0x00004cc0        0x0 /home/smolvik/CMSIS_5-5.4.0/CMSIS/RTOS/RTX/LIB/GCC/libRTX_CM0.a(rt_task.o)
 .text          0x00004cc0      0x154 /home/smolvik/CMSIS_5-5.4.0/CMSIS/RTOS/RTX/LIB/GCC/libRTX_CM0.a(hal_cm0.o)
                0x00004cc0                rt_set_PSP
                0x00004cc6                rt_get_PSP
                0x00004ccc                os_set_env
                0x00004cea                _alloc_box
                0x00004d04                _free_box
                0x00004d1e                SVC_Handler
                0x00004da4                PendSV_Handler
                0x00004da8                Sys_Switch
                0x00004dec                SysTick_Handler
                0x00004df2                OS_Tick_Handler
 .text          0x00004e14        0x0 /home/smolvik/CMSIS_5-5.4.0/CMSIS/RTOS/RTX/LIB/GCC/libRTX_CM0.a(svc_table.o)
 .text          0x00004e14        0x0 /home/smolvik/CMSIS_5-5.4.0/CMSIS/RTOS/RTX/LIB/GCC/libRTX_CM0.a(rt_robin.o)
 .text          0x00004e14       0x40 /home/smolvik/gcc-arm-none-eabi-5_4-2016q3/lib/gcc/arm-none-eabi/5.4.1/armv6-m//libgcc.a(_aeabi_uldivmod.o)
                0x00004e14                __aeabi_uldivmod
 .text          0x00004e54       0x58 /home/smolvik/gcc-arm-none-eabi-5_4-2016q3/lib/gcc/arm-none-eabi/5.4.1/armv6-m//libgcc.a(_muldi3.o)
                0x00004e54                __aeabi_lmul
                0x00004e54                __muldi3
 .text          0x00004eac      0x180 /home/smolvik/gcc-arm-none-eabi-5_4-2016q3/lib/gcc/arm-none-eabi/5.4.1/armv6-m//libgcc.a(_udivmoddi4.o)
                0x00004eac                __udivmoddi4
 .text          0x0000502c       0x18 /home/smolvik/gcc-arm-none-eabi-5_4-2016q3/lib/gcc/arm-none-eabi/5.4.1/armv6-m//libgcc.a(_clzdi2.o)
                0x0000502c                __clzdi2
 .text          0x00005044       0x3c /home/smolvik/gcc-arm-none-eabi-5_4-2016q3/lib/gcc/arm-none-eabi/5.4.1/armv6-m//libgcc.a(_clzsi2.o)
                0x00005044                __clzsi2
 *(.text*)
 .text.abs      0x00005080        0x8 /home/smolvik/gcc-arm-none-eabi-5_4-2016q3/arm-none-eabi/lib/armv6-m//libc.a(lib_a-abs.o)
                0x00005080                abs
 .text.atexit   0x00005088       0x10 /home/smolvik/gcc-arm-none-eabi-5_4-2016q3/arm-none-eabi/lib/armv6-m//libc.a(lib_a-atexit.o)
                0x00005088                atexit
 .text.exit     0x00005098       0x20 /home/smolvik/gcc-arm-none-eabi-5_4-2016q3/arm-none-eabi/lib/armv6-m//libc.a(lib_a-exit.o)
                0x00005098                exit
 .text.__libc_fini_array
                0x000050b8       0x34 /home/smolvik/gcc-arm-none-eabi-5_4-2016q3/arm-none-eabi/lib/armv6-m//libc.a(lib_a-fini.o)
                0x000050b8                __libc_fini_array
 .text.__libc_init_array
                0x000050ec       0x48 /home/smolvik/gcc-arm-none-eabi-5_4-2016q3/arm-none-eabi/lib/armv6-m//libc.a(lib_a-init.o)
                0x000050ec                __libc_init_array
 .text.memset   0x00005134       0x8c /home/smolvik/gcc-arm-none-eabi-5_4-2016q3/arm-none-eabi/lib/armv6-m//libc.a(lib_a-memset.o)
                0x00005134                memset
 .text.cleanup_glue
                0x000051c0       0x1c /home/smolvik/gcc-arm-none-eabi-5_4-2016q3/arm-none-eabi/lib/armv6-m//libc.a(lib_a-reent.o)
                0x000051c0                cleanup_glue
 .text._reclaim_reent
                0x000051dc       0x94 /home/smolvik/gcc-arm-none-eabi-5_4-2016q3/arm-none-eabi/lib/armv6-m//libc.a(lib_a-reent.o)
                0x000051dc                _reclaim_reent
 .text.__register_exitproc
                0x00005270       0xd4 /home/smolvik/gcc-arm-none-eabi-5_4-2016q3/arm-none-eabi/lib/armv6-m//libc.a(lib_a-__atexit.o)
                0x00005270                __register_exitproc
 .text.startup.register_fini
                0x00005344       0x18 /home/smolvik/gcc-arm-none-eabi-5_4-2016q3/arm-none-eabi/lib/armv6-m//libc.a(lib_a-__call_atexit.o)
 .text.__call_exitprocs
                0x0000535c       0xfc /home/smolvik/gcc-arm-none-eabi-5_4-2016q3/arm-none-eabi/lib/armv6-m//libc.a(lib_a-__call_atexit.o)
                0x0000535c                __call_exitprocs
 .text._malloc_trim_r
                0x00005458       0xa0 /home/smolvik/gcc-arm-none-eabi-5_4-2016q3/arm-none-eabi/lib/armv6-m//libc.a(lib_a-freer.o)
                0x00005458                _malloc_trim_r
 .text._free_r  0x000054f8      0x1c4 /home/smolvik/gcc-arm-none-eabi-5_4-2016q3/arm-none-eabi/lib/armv6-m//libc.a(lib_a-freer.o)
                0x000054f8                _free_r
 .text._malloc_r
                0x000056bc      0x554 /home/smolvik/gcc-arm-none-eabi-5_4-2016q3/arm-none-eabi/lib/armv6-m//libc.a(lib_a-mallocr.o)
                0x000056bc                _malloc_r
 .text.__malloc_lock
                0x00005c10        0x4 /home/smolvik/gcc-arm-none-eabi-5_4-2016q3/arm-none-eabi/lib/armv6-m//libc.a(lib_a-mlock.o)
                0x00005c10                __malloc_lock
 .text.__malloc_unlock
                0x00005c14        0x4 /home/smolvik/gcc-arm-none-eabi-5_4-2016q3/arm-none-eabi/lib/armv6-m//libc.a(lib_a-mlock.o)
                0x00005c14                __malloc_unlock
 .text._sbrk_r  0x00005c18       0x24 /home/smolvik/gcc-arm-none-eabi-5_4-2016q3/arm-none-eabi/lib/armv6-m//libc.a(lib_a-sbrkr.o)
                0x00005c18                _sbrk_r
 .text.osThreadExit
                0x00005c3c       0x18 /home/smolvik/CMSIS_5-5.4.0/CMSIS/RTOS/RTX/LIB/GCC/libRTX_CM0.a(rt_cmsis.o)
                0x00005c3c                osThreadExit
 .text.svcKernelInitialize
                0x00005c54      0x114 /home/smolvik/CMSIS_5-5.4.0/CMSIS/RTOS/RTX/LIB/GCC/libRTX_CM0.a(rt_cmsis.o)
                0x00005c54                svcKernelInitialize
 .text.svcKernelStart
                0x00005d68       0x4c /home/smolvik/CMSIS_5-5.4.0/CMSIS/RTOS/RTX/LIB/GCC/libRTX_CM0.a(rt_cmsis.o)
                0x00005d68                svcKernelStart
 .text.svcKernelRunning
                0x00005db4        0xc /home/smolvik/CMSIS_5-5.4.0/CMSIS/RTOS/RTX/LIB/GCC/libRTX_CM0.a(rt_cmsis.o)
                0x00005db4                svcKernelRunning
 .text.svcKernelSysTick
                0x00005dc0       0x50 /home/smolvik/CMSIS_5-5.4.0/CMSIS/RTOS/RTX/LIB/GCC/libRTX_CM0.a(rt_cmsis.o)
                0x00005dc0                svcKernelSysTick
 .text.osKernelInitialize
                0x00005e10      0x138 /home/smolvik/CMSIS_5-5.4.0/CMSIS/RTOS/RTX/LIB/GCC/libRTX_CM0.a(rt_cmsis.o)
                0x00005e10                osKernelInitialize
 .text.osKernelStart
                0x00005f48       0x78 /home/smolvik/CMSIS_5-5.4.0/CMSIS/RTOS/RTX/LIB/GCC/libRTX_CM0.a(rt_cmsis.o)
                0x00005f48                osKernelStart
 .text.osKernelRunning
                0x00005fc0       0x28 /home/smolvik/CMSIS_5-5.4.0/CMSIS/RTOS/RTX/LIB/GCC/libRTX_CM0.a(rt_cmsis.o)
                0x00005fc0                osKernelRunning
 .text.osKernelSysTick
                0x00005fe8       0x1c /home/smolvik/CMSIS_5-5.4.0/CMSIS/RTOS/RTX/LIB/GCC/libRTX_CM0.a(rt_cmsis.o)
                0x00005fe8                osKernelSysTick
 .text.svcThreadCreate
                0x00006004       0x78 /home/smolvik/CMSIS_5-5.4.0/CMSIS/RTOS/RTX/LIB/GCC/libRTX_CM0.a(rt_cmsis.o)
                0x00006004                svcThreadCreate
 .text.svcThreadGetId
                0x0000607c       0x1c /home/smolvik/CMSIS_5-5.4.0/CMSIS/RTOS/RTX/LIB/GCC/libRTX_CM0.a(rt_cmsis.o)
                0x0000607c                svcThreadGetId
 .text.svcThreadTerminate
                0x00006098       0x44 /home/smolvik/CMSIS_5-5.4.0/CMSIS/RTOS/RTX/LIB/GCC/libRTX_CM0.a(rt_cmsis.o)
                0x00006098                svcThreadTerminate
 .text.svcThreadYield
                0x000060dc        0xc /home/smolvik/CMSIS_5-5.4.0/CMSIS/RTOS/RTX/LIB/GCC/libRTX_CM0.a(rt_cmsis.o)
                0x000060dc                svcThreadYield
 .text.svcThreadSetPriority
                0x000060e8       0x34 /home/smolvik/CMSIS_5-5.4.0/CMSIS/RTOS/RTX/LIB/GCC/libRTX_CM0.a(rt_cmsis.o)
                0x000060e8                svcThreadSetPriority
 .text.svcThreadGetPriority
                0x0000611c       0x18 /home/smolvik/CMSIS_5-5.4.0/CMSIS/RTOS/RTX/LIB/GCC/libRTX_CM0.a(rt_cmsis.o)
                0x0000611c                svcThreadGetPriority
 .text.osThreadCreate
                0x00006134       0xb0 /home/smolvik/CMSIS_5-5.4.0/CMSIS/RTOS/RTX/LIB/GCC/libRTX_CM0.a(rt_cmsis.o)
                0x00006134                osThreadCreate
 .text.osThreadGetId
                0x000061e4       0x1c /home/smolvik/CMSIS_5-5.4.0/CMSIS/RTOS/RTX/LIB/GCC/libRTX_CM0.a(rt_cmsis.o)
                0x000061e4                osThreadGetId
 .text.osThreadTerminate
                0x00006200       0x20 /home/smolvik/CMSIS_5-5.4.0/CMSIS/RTOS/RTX/LIB/GCC/libRTX_CM0.a(rt_cmsis.o)
                0x00006200                osThreadTerminate
 .text.osThreadYield
                0x00006220       0x20 /home/smolvik/CMSIS_5-5.4.0/CMSIS/RTOS/RTX/LIB/GCC/libRTX_CM0.a(rt_cmsis.o)
                0x00006220                osThreadYield
 .text.osThreadSetPriority
                0x00006240       0x20 /home/smolvik/CMSIS_5-5.4.0/CMSIS/RTOS/RTX/LIB/GCC/libRTX_CM0.a(rt_cmsis.o)
                0x00006240                osThreadSetPriority
 .text.osThreadGetPriority
                0x00006260       0x20 /home/smolvik/CMSIS_5-5.4.0/CMSIS/RTOS/RTX/LIB/GCC/libRTX_CM0.a(rt_cmsis.o)
                0x00006260                osThreadGetPriority
 .text.svcDelay
                0x00006280       0x60 /home/smolvik/CMSIS_5-5.4.0/CMSIS/RTOS/RTX/LIB/GCC/libRTX_CM0.a(rt_cmsis.o)
                0x00006280                svcDelay
 .text.osDelay  0x000062e0       0x20 /home/smolvik/CMSIS_5-5.4.0/CMSIS/RTOS/RTX/LIB/GCC/libRTX_CM0.a(rt_cmsis.o)
                0x000062e0                osDelay
 .text.osWait   0x00006300        0x8 /home/smolvik/CMSIS_5-5.4.0/CMSIS/RTOS/RTX/LIB/GCC/libRTX_CM0.a(rt_cmsis.o)
                0x00006300                osWait
 .text.svcTimerCreate
                0x00006308       0x3c /home/smolvik/CMSIS_5-5.4.0/CMSIS/RTOS/RTX/LIB/GCC/libRTX_CM0.a(rt_cmsis.o)
                0x00006308                svcTimerCreate
 .text.svcTimerStart
                0x00006344       0xe0 /home/smolvik/CMSIS_5-5.4.0/CMSIS/RTOS/RTX/LIB/GCC/libRTX_CM0.a(rt_cmsis.o)
                0x00006344                svcTimerStart
 .text.svcTimerStop
                0x00006424       0x58 /home/smolvik/CMSIS_5-5.4.0/CMSIS/RTOS/RTX/LIB/GCC/libRTX_CM0.a(rt_cmsis.o)
                0x00006424                svcTimerStop
 .text.svcTimerDelete
                0x0000647c       0x60 /home/smolvik/CMSIS_5-5.4.0/CMSIS/RTOS/RTX/LIB/GCC/libRTX_CM0.a(rt_cmsis.o)
                0x0000647c                svcTimerDelete
 .text.svcTimerCall
                0x000064dc       0x20 /home/smolvik/CMSIS_5-5.4.0/CMSIS/RTOS/RTX/LIB/GCC/libRTX_CM0.a(rt_cmsis.o)
                0x000064dc                svcTimerCall
 .text.sysTimerTick
                0x000064fc       0xbc /home/smolvik/CMSIS_5-5.4.0/CMSIS/RTOS/RTX/LIB/GCC/libRTX_CM0.a(rt_cmsis.o)
                0x000064fc                sysTimerTick
 .text.sysUserTimerWakeupTime
                0x000065b8       0x18 /home/smolvik/CMSIS_5-5.4.0/CMSIS/RTOS/RTX/LIB/GCC/libRTX_CM0.a(rt_cmsis.o)
                0x000065b8                sysUserTimerWakeupTime
 .text.sysUserTimerUpdate
                0x000065d0       0x40 /home/smolvik/CMSIS_5-5.4.0/CMSIS/RTOS/RTX/LIB/GCC/libRTX_CM0.a(rt_cmsis.o)
                0x000065d0                sysUserTimerUpdate
 .text.osTimerCreate
                0x00006610       0x64 /home/smolvik/CMSIS_5-5.4.0/CMSIS/RTOS/RTX/LIB/GCC/libRTX_CM0.a(rt_cmsis.o)
                0x00006610                osTimerCreate
 .text.osTimerStart
                0x00006674       0x20 /home/smolvik/CMSIS_5-5.4.0/CMSIS/RTOS/RTX/LIB/GCC/libRTX_CM0.a(rt_cmsis.o)
                0x00006674                osTimerStart
 .text.osTimerStop
                0x00006694       0x20 /home/smolvik/CMSIS_5-5.4.0/CMSIS/RTOS/RTX/LIB/GCC/libRTX_CM0.a(rt_cmsis.o)
                0x00006694                osTimerStop
 .text.osTimerDelete
                0x000066b4       0x20 /home/smolvik/CMSIS_5-5.4.0/CMSIS/RTOS/RTX/LIB/GCC/libRTX_CM0.a(rt_cmsis.o)
                0x000066b4                osTimerDelete
 .text.osTimerCall
                0x000066d4       0x18 /home/smolvik/CMSIS_5-5.4.0/CMSIS/RTOS/RTX/LIB/GCC/libRTX_CM0.a(rt_cmsis.o)
                0x000066d4                osTimerCall
 .text.osTimerThread
                0x000066ec       0x38 /home/smolvik/CMSIS_5-5.4.0/CMSIS/RTOS/RTX/LIB/GCC/libRTX_CM0.a(rt_cmsis.o)
                0x000066ec                osTimerThread
 .text.svcSignalSet
                0x00006724       0x2c /home/smolvik/CMSIS_5-5.4.0/CMSIS/RTOS/RTX/LIB/GCC/libRTX_CM0.a(rt_cmsis.o)
                0x00006724                svcSignalSet
 .text.svcSignalClear
                0x00006750       0x2c /home/smolvik/CMSIS_5-5.4.0/CMSIS/RTOS/RTX/LIB/GCC/libRTX_CM0.a(rt_cmsis.o)
                0x00006750                svcSignalClear
 .text.svcSignalWait
                0x0000677c       0xf0 /home/smolvik/CMSIS_5-5.4.0/CMSIS/RTOS/RTX/LIB/GCC/libRTX_CM0.a(rt_cmsis.o)
                0x0000677c                svcSignalWait
 .text.isrSignalSet
                0x0000686c       0x2c /home/smolvik/CMSIS_5-5.4.0/CMSIS/RTOS/RTX/LIB/GCC/libRTX_CM0.a(rt_cmsis.o)
                0x0000686c                isrSignalSet
 .text.osSignalSet
                0x00006898       0x40 /home/smolvik/CMSIS_5-5.4.0/CMSIS/RTOS/RTX/LIB/GCC/libRTX_CM0.a(rt_cmsis.o)
                0x00006898                osSignalSet
 .text.osSignalClear
                0x000068d8       0x1c /home/smolvik/CMSIS_5-5.4.0/CMSIS/RTOS/RTX/LIB/GCC/libRTX_CM0.a(rt_cmsis.o)
                0x000068d8                osSignalClear
 .text.osSignalWait
                0x000068f4       0x2c /home/smolvik/CMSIS_5-5.4.0/CMSIS/RTOS/RTX/LIB/GCC/libRTX_CM0.a(rt_cmsis.o)
                0x000068f4                osSignalWait
 .text.svcMutexCreate
                0x00006920       0x20 /home/smolvik/CMSIS_5-5.4.0/CMSIS/RTOS/RTX/LIB/GCC/libRTX_CM0.a(rt_cmsis.o)
                0x00006920                svcMutexCreate
 .text.svcMutexWait
                0x00006940       0x8c /home/smolvik/CMSIS_5-5.4.0/CMSIS/RTOS/RTX/LIB/GCC/libRTX_CM0.a(rt_cmsis.o)
                0x00006940                svcMutexWait
 .text.svcMutexRelease
                0x000069cc       0x24 /home/smolvik/CMSIS_5-5.4.0/CMSIS/RTOS/RTX/LIB/GCC/libRTX_CM0.a(rt_cmsis.o)
                0x000069cc                svcMutexRelease
 .text.svcMutexDelete
                0x000069f0       0x20 /home/smolvik/CMSIS_5-5.4.0/CMSIS/RTOS/RTX/LIB/GCC/libRTX_CM0.a(rt_cmsis.o)
                0x000069f0                svcMutexDelete
 .text.osMutexCreate
                0x00006a10       0x4c /home/smolvik/CMSIS_5-5.4.0/CMSIS/RTOS/RTX/LIB/GCC/libRTX_CM0.a(rt_cmsis.o)
                0x00006a10                osMutexCreate
 .text.osMutexWait
                0x00006a5c       0x20 /home/smolvik/CMSIS_5-5.4.0/CMSIS/RTOS/RTX/LIB/GCC/libRTX_CM0.a(rt_cmsis.o)
                0x00006a5c                osMutexWait
 .text.osMutexRelease
                0x00006a7c       0x20 /home/smolvik/CMSIS_5-5.4.0/CMSIS/RTOS/RTX/LIB/GCC/libRTX_CM0.a(rt_cmsis.o)
                0x00006a7c                osMutexRelease
 .text.osMutexDelete
                0x00006a9c       0x20 /home/smolvik/CMSIS_5-5.4.0/CMSIS/RTOS/RTX/LIB/GCC/libRTX_CM0.a(rt_cmsis.o)
                0x00006a9c                osMutexDelete
 .text.svcSemaphoreCreate
                0x00006abc       0x2c /home/smolvik/CMSIS_5-5.4.0/CMSIS/RTOS/RTX/LIB/GCC/libRTX_CM0.a(rt_cmsis.o)
                0x00006abc                svcSemaphoreCreate
 .text.svcSemaphoreWait
                0x00006ae8       0x88 /home/smolvik/CMSIS_5-5.4.0/CMSIS/RTOS/RTX/LIB/GCC/libRTX_CM0.a(rt_cmsis.o)
                0x00006ae8                svcSemaphoreWait
 .text.svcSemaphoreRelease
                0x00006b70       0x2c /home/smolvik/CMSIS_5-5.4.0/CMSIS/RTOS/RTX/LIB/GCC/libRTX_CM0.a(rt_cmsis.o)
                0x00006b70                svcSemaphoreRelease
 .text.svcSemaphoreDelete
                0x00006b9c       0x20 /home/smolvik/CMSIS_5-5.4.0/CMSIS/RTOS/RTX/LIB/GCC/libRTX_CM0.a(rt_cmsis.o)
                0x00006b9c                svcSemaphoreDelete
 .text.isrSemaphoreRelease
                0x00006bbc       0x2c /home/smolvik/CMSIS_5-5.4.0/CMSIS/RTOS/RTX/LIB/GCC/libRTX_CM0.a(rt_cmsis.o)
                0x00006bbc                isrSemaphoreRelease
 .text.osSemaphoreCreate
                0x00006be8       0x54 /home/smolvik/CMSIS_5-5.4.0/CMSIS/RTOS/RTX/LIB/GCC/libRTX_CM0.a(rt_cmsis.o)
                0x00006be8                osSemaphoreCreate
 .text.osSemaphoreWait
                0x00006c3c       0x1c /home/smolvik/CMSIS_5-5.4.0/CMSIS/RTOS/RTX/LIB/GCC/libRTX_CM0.a(rt_cmsis.o)
                0x00006c3c                osSemaphoreWait
 .text.osSemaphoreRelease
                0x00006c58       0x40 /home/smolvik/CMSIS_5-5.4.0/CMSIS/RTOS/RTX/LIB/GCC/libRTX_CM0.a(rt_cmsis.o)
                0x00006c58                osSemaphoreRelease
 .text.osSemaphoreDelete
                0x00006c98       0x20 /home/smolvik/CMSIS_5-5.4.0/CMSIS/RTOS/RTX/LIB/GCC/libRTX_CM0.a(rt_cmsis.o)
                0x00006c98                osSemaphoreDelete
 .text.svcPoolCreate
                0x00006cb8       0x30 /home/smolvik/CMSIS_5-5.4.0/CMSIS/RTOS/RTX/LIB/GCC/libRTX_CM0.a(rt_cmsis.o)
                0x00006cb8                svcPoolCreate
 .text.sysPoolAlloc
                0x00006ce8       0x10 /home/smolvik/CMSIS_5-5.4.0/CMSIS/RTOS/RTX/LIB/GCC/libRTX_CM0.a(rt_cmsis.o)
                0x00006ce8                sysPoolAlloc
 .text.sysPoolFree
                0x00006cf8       0x1c /home/smolvik/CMSIS_5-5.4.0/CMSIS/RTOS/RTX/LIB/GCC/libRTX_CM0.a(rt_cmsis.o)
                0x00006cf8                sysPoolFree
 .text.osPoolCreate
                0x00006d14       0x5c /home/smolvik/CMSIS_5-5.4.0/CMSIS/RTOS/RTX/LIB/GCC/libRTX_CM0.a(rt_cmsis.o)
                0x00006d14                osPoolCreate
 .text.osPoolAlloc
                0x00006d70       0x2c /home/smolvik/CMSIS_5-5.4.0/CMSIS/RTOS/RTX/LIB/GCC/libRTX_CM0.a(rt_cmsis.o)
                0x00006d70                osPoolAlloc
 .text.osPoolCAlloc
                0x00006d9c       0x4c /home/smolvik/CMSIS_5-5.4.0/CMSIS/RTOS/RTX/LIB/GCC/libRTX_CM0.a(rt_cmsis.o)
                0x00006d9c                osPoolCAlloc
 .text.osPoolFree
                0x00006de8       0x38 /home/smolvik/CMSIS_5-5.4.0/CMSIS/RTOS/RTX/LIB/GCC/libRTX_CM0.a(rt_cmsis.o)
                0x00006de8                osPoolFree
 .text.svcMessageCreate
                0x00006e20       0x2c /home/smolvik/CMSIS_5-5.4.0/CMSIS/RTOS/RTX/LIB/GCC/libRTX_CM0.a(rt_cmsis.o)
                0x00006e20                svcMessageCreate
 .text.svcMessagePut
                0x00006e4c       0x80 /home/smolvik/CMSIS_5-5.4.0/CMSIS/RTOS/RTX/LIB/GCC/libRTX_CM0.a(rt_cmsis.o)
                0x00006e4c                svcMessagePut
 .text.svcMessageGet
                0x00006ecc       0x90 /home/smolvik/CMSIS_5-5.4.0/CMSIS/RTOS/RTX/LIB/GCC/libRTX_CM0.a(rt_cmsis.o)
                0x00006ecc                svcMessageGet
 .text.isrMessagePut
                0x00006f5c       0x34 /home/smolvik/CMSIS_5-5.4.0/CMSIS/RTOS/RTX/LIB/GCC/libRTX_CM0.a(rt_cmsis.o)
                0x00006f5c                isrMessagePut
 .text.isrMessageGet
                0x00006f90       0x44 /home/smolvik/CMSIS_5-5.4.0/CMSIS/RTOS/RTX/LIB/GCC/libRTX_CM0.a(rt_cmsis.o)
                0x00006f90                isrMessageGet
 .text.osMessageCreate
                0x00006fd4       0x58 /home/smolvik/CMSIS_5-5.4.0/CMSIS/RTOS/RTX/LIB/GCC/libRTX_CM0.a(rt_cmsis.o)
                0x00006fd4                osMessageCreate
 .text.osMessagePut
                0x0000702c       0x48 /home/smolvik/CMSIS_5-5.4.0/CMSIS/RTOS/RTX/LIB/GCC/libRTX_CM0.a(rt_cmsis.o)
                0x0000702c                osMessagePut
 .text.osMessageGet
                0x00007074       0x60 /home/smolvik/CMSIS_5-5.4.0/CMSIS/RTOS/RTX/LIB/GCC/libRTX_CM0.a(rt_cmsis.o)
                0x00007074                osMessageGet
 .text.svcMailCreate
                0x000070d4       0x50 /home/smolvik/CMSIS_5-5.4.0/CMSIS/RTOS/RTX/LIB/GCC/libRTX_CM0.a(rt_cmsis.o)
                0x000070d4                svcMailCreate
 .text.sysMailAlloc
                0x00007124       0xac /home/smolvik/CMSIS_5-5.4.0/CMSIS/RTOS/RTX/LIB/GCC/libRTX_CM0.a(rt_cmsis.o)
                0x00007124                sysMailAlloc
 .text.sysMailFree
                0x000071d0       0x78 /home/smolvik/CMSIS_5-5.4.0/CMSIS/RTOS/RTX/LIB/GCC/libRTX_CM0.a(rt_cmsis.o)
                0x000071d0                sysMailFree
 .text.osMailCreate
                0x00007248       0x7c /home/smolvik/CMSIS_5-5.4.0/CMSIS/RTOS/RTX/LIB/GCC/libRTX_CM0.a(rt_cmsis.o)
                0x00007248                osMailCreate
 .text.osMailAlloc
                0x000072c4       0x38 /home/smolvik/CMSIS_5-5.4.0/CMSIS/RTOS/RTX/LIB/GCC/libRTX_CM0.a(rt_cmsis.o)
                0x000072c4                osMailAlloc
 .text.osMailCAlloc
                0x000072fc       0x60 /home/smolvik/CMSIS_5-5.4.0/CMSIS/RTOS/RTX/LIB/GCC/libRTX_CM0.a(rt_cmsis.o)
                0x000072fc                osMailCAlloc
 .text.osMailFree
                0x0000735c       0x60 /home/smolvik/CMSIS_5-5.4.0/CMSIS/RTOS/RTX/LIB/GCC/libRTX_CM0.a(rt_cmsis.o)
                0x0000735c                osMailFree
 .text.osMailPut
                0x000073bc       0x58 /home/smolvik/CMSIS_5-5.4.0/CMSIS/RTOS/RTX/LIB/GCC/libRTX_CM0.a(rt_cmsis.o)
                0x000073bc                osMailPut
 .text.osMailGet
                0x00007414       0x50 /home/smolvik/CMSIS_5-5.4.0/CMSIS/RTOS/RTX/LIB/GCC/libRTX_CM0.a(rt_cmsis.o)
                0x00007414                osMailGet
 .text.os_suspend
                0x00007464       0x10 /home/smolvik/CMSIS_5-5.4.0/CMSIS/RTOS/RTX/LIB/GCC/libRTX_CM0.a(rt_cmsis.o)
                0x00007464                os_suspend
 .text.os_resume
                0x00007474       0x10 /home/smolvik/CMSIS_5-5.4.0/CMSIS/RTOS/RTX/LIB/GCC/libRTX_CM0.a(rt_cmsis.o)
                0x00007474                os_resume
 .text.rt_init_stack
                0x00007484       0xb0 /home/smolvik/CMSIS_5-5.4.0/CMSIS/RTOS/RTX/LIB/GCC/libRTX_CM0.a(hal_cm.o)
                0x00007484                rt_init_stack
 .text.rt_ret_val
                0x00007534        0x8 /home/smolvik/CMSIS_5-5.4.0/CMSIS/RTOS/RTX/LIB/GCC/libRTX_CM0.a(hal_cm.o)
                0x00007534                rt_ret_val
 .text.rt_ret_val2
                0x0000753c        0x8 /home/smolvik/CMSIS_5-5.4.0/CMSIS/RTOS/RTX/LIB/GCC/libRTX_CM0.a(hal_cm.o)
                0x0000753c                rt_ret_val2
 .text.rt_init_mem
                0x00007544       0x1c /home/smolvik/CMSIS_5-5.4.0/CMSIS/RTOS/RTX/LIB/GCC/libRTX_CM0.a(rt_memory.o)
                0x00007544                rt_init_mem
 .text.rt_alloc_mem
                0x00007560       0x44 /home/smolvik/CMSIS_5-5.4.0/CMSIS/RTOS/RTX/LIB/GCC/libRTX_CM0.a(rt_memory.o)
                0x00007560                rt_alloc_mem
 .text.rt_free_mem
                0x000075a4       0x3c /home/smolvik/CMSIS_5-5.4.0/CMSIS/RTOS/RTX/LIB/GCC/libRTX_CM0.a(rt_memory.o)
                0x000075a4                rt_free_mem
 .text._init_box
                0x000075e0       0x58 /home/smolvik/CMSIS_5-5.4.0/CMSIS/RTOS/RTX/LIB/GCC/libRTX_CM0.a(rt_membox.o)
                0x000075e0                _init_box
 .text.rt_alloc_box
                0x00007638       0x20 /home/smolvik/CMSIS_5-5.4.0/CMSIS/RTOS/RTX/LIB/GCC/libRTX_CM0.a(rt_membox.o)
                0x00007638                rt_alloc_box
 .text._calloc_box
                0x00007658       0x20 /home/smolvik/CMSIS_5-5.4.0/CMSIS/RTOS/RTX/LIB/GCC/libRTX_CM0.a(rt_membox.o)
                0x00007658                _calloc_box
 .text.rt_free_box
                0x00007678       0x28 /home/smolvik/CMSIS_5-5.4.0/CMSIS/RTOS/RTX/LIB/GCC/libRTX_CM0.a(rt_membox.o)
                0x00007678                rt_free_box
 .text.rt_mut_init
                0x000076a0       0x10 /home/smolvik/CMSIS_5-5.4.0/CMSIS/RTOS/RTX/LIB/GCC/libRTX_CM0.a(rt_mutex.o)
                0x000076a0                rt_mut_init
 .text.rt_mut_delete
                0x000076b0       0xe0 /home/smolvik/CMSIS_5-5.4.0/CMSIS/RTOS/RTX/LIB/GCC/libRTX_CM0.a(rt_mutex.o)
                0x000076b0                rt_mut_delete
 .text.rt_mut_release
                0x00007790      0x108 /home/smolvik/CMSIS_5-5.4.0/CMSIS/RTOS/RTX/LIB/GCC/libRTX_CM0.a(rt_mutex.o)
                0x00007790                rt_mut_release
 .text.rt_mut_wait
                0x00007898       0x7c /home/smolvik/CMSIS_5-5.4.0/CMSIS/RTOS/RTX/LIB/GCC/libRTX_CM0.a(rt_mutex.o)
                0x00007898                rt_mut_wait
 .text.rt_time_get
                0x00007914        0xc /home/smolvik/CMSIS_5-5.4.0/CMSIS/RTOS/RTX/LIB/GCC/libRTX_CM0.a(rt_time.o)
                0x00007914                rt_time_get
 .text.rt_dly_wait
                0x00007920        0xc /home/smolvik/CMSIS_5-5.4.0/CMSIS/RTOS/RTX/LIB/GCC/libRTX_CM0.a(rt_time.o)
                0x00007920                rt_dly_wait
 .text.rt_itv_set
                0x0000792c       0x18 /home/smolvik/CMSIS_5-5.4.0/CMSIS/RTOS/RTX/LIB/GCC/libRTX_CM0.a(rt_time.o)
                0x0000792c                rt_itv_set
 .text.rt_itv_wait
                0x00007944       0x2c /home/smolvik/CMSIS_5-5.4.0/CMSIS/RTOS/RTX/LIB/GCC/libRTX_CM0.a(rt_time.o)
                0x00007944                rt_itv_wait
 .text.rt_sem_init
                0x00007970        0xc /home/smolvik/CMSIS_5-5.4.0/CMSIS/RTOS/RTX/LIB/GCC/libRTX_CM0.a(rt_semaphore.o)
                0x00007970                rt_sem_init
 .text.rt_sem_delete
                0x0000797c       0x68 /home/smolvik/CMSIS_5-5.4.0/CMSIS/RTOS/RTX/LIB/GCC/libRTX_CM0.a(rt_semaphore.o)
                0x0000797c                rt_sem_delete
 .text.rt_sem_send
                0x000079e4       0x2c /home/smolvik/CMSIS_5-5.4.0/CMSIS/RTOS/RTX/LIB/GCC/libRTX_CM0.a(rt_semaphore.o)
                0x000079e4                rt_sem_send
 .text.rt_sem_wait
                0x00007a10       0x44 /home/smolvik/CMSIS_5-5.4.0/CMSIS/RTOS/RTX/LIB/GCC/libRTX_CM0.a(rt_semaphore.o)
                0x00007a10                rt_sem_wait
 .text.isr_sem_send
                0x00007a54       0x10 /home/smolvik/CMSIS_5-5.4.0/CMSIS/RTOS/RTX/LIB/GCC/libRTX_CM0.a(rt_semaphore.o)
                0x00007a54                isr_sem_send
 .text.rt_sem_psh
                0x00007a64       0x34 /home/smolvik/CMSIS_5-5.4.0/CMSIS/RTOS/RTX/LIB/GCC/libRTX_CM0.a(rt_semaphore.o)
                0x00007a64                rt_sem_psh
 .text.rt_mbx_init
                0x00007a98       0x1c /home/smolvik/CMSIS_5-5.4.0/CMSIS/RTOS/RTX/LIB/GCC/libRTX_CM0.a(rt_mailbox.o)
                0x00007a98                rt_mbx_init
 .text.rt_mbx_send
                0x00007ab4       0x98 /home/smolvik/CMSIS_5-5.4.0/CMSIS/RTOS/RTX/LIB/GCC/libRTX_CM0.a(rt_mailbox.o)
                0x00007ab4                rt_mbx_send
 .text.rt_mbx_wait
                0x00007b4c       0xb8 /home/smolvik/CMSIS_5-5.4.0/CMSIS/RTOS/RTX/LIB/GCC/libRTX_CM0.a(rt_mailbox.o)
                0x00007b4c                rt_mbx_wait
 .text.rt_mbx_check
                0x00007c04        0x8 /home/smolvik/CMSIS_5-5.4.0/CMSIS/RTOS/RTX/LIB/GCC/libRTX_CM0.a(rt_mailbox.o)
                0x00007c04                rt_mbx_check
 .text.isr_mbx_send
                0x00007c0c        0xc /home/smolvik/CMSIS_5-5.4.0/CMSIS/RTOS/RTX/LIB/GCC/libRTX_CM0.a(rt_mailbox.o)
                0x00007c0c                isr_mbx_send
 .text.isr_mbx_receive
                0x00007c18       0x58 /home/smolvik/CMSIS_5-5.4.0/CMSIS/RTOS/RTX/LIB/GCC/libRTX_CM0.a(rt_mailbox.o)
                0x00007c18                isr_mbx_receive
 .text.rt_mbx_psh
                0x00007c70       0xdc /home/smolvik/CMSIS_5-5.4.0/CMSIS/RTOS/RTX/LIB/GCC/libRTX_CM0.a(rt_mailbox.o)
                0x00007c70                rt_mbx_psh
 .text.rt_put_prio
                0x00007d4c       0x4c /home/smolvik/CMSIS_5-5.4.0/CMSIS/RTOS/RTX/LIB/GCC/libRTX_CM0.a(rt_list.o)
                0x00007d4c                rt_put_prio
 .text.rt_get_first
                0x00007d98       0x28 /home/smolvik/CMSIS_5-5.4.0/CMSIS/RTOS/RTX/LIB/GCC/libRTX_CM0.a(rt_list.o)
                0x00007d98                rt_get_first
 .text.rt_put_rdy_first
                0x00007dc0       0x14 /home/smolvik/CMSIS_5-5.4.0/CMSIS/RTOS/RTX/LIB/GCC/libRTX_CM0.a(rt_list.o)
                0x00007dc0                rt_put_rdy_first
 .text.rt_get_same_rdy_prio
                0x00007dd4       0x24 /home/smolvik/CMSIS_5-5.4.0/CMSIS/RTOS/RTX/LIB/GCC/libRTX_CM0.a(rt_list.o)
                0x00007dd4                rt_get_same_rdy_prio
 .text.rt_resort_prio
                0x00007df8       0x90 /home/smolvik/CMSIS_5-5.4.0/CMSIS/RTOS/RTX/LIB/GCC/libRTX_CM0.a(rt_list.o)
                0x00007df8                rt_resort_prio
 .text.rt_put_dly
                0x00007e88       0x64 /home/smolvik/CMSIS_5-5.4.0/CMSIS/RTOS/RTX/LIB/GCC/libRTX_CM0.a(rt_list.o)
                0x00007e88                rt_put_dly
 .text.rt_dec_dly
                0x00007eec       0xf0 /home/smolvik/CMSIS_5-5.4.0/CMSIS/RTOS/RTX/LIB/GCC/libRTX_CM0.a(rt_list.o)
                0x00007eec                rt_dec_dly
 .text.rt_rmv_list
                0x00007fdc       0x2c /home/smolvik/CMSIS_5-5.4.0/CMSIS/RTOS/RTX/LIB/GCC/libRTX_CM0.a(rt_list.o)
                0x00007fdc                rt_rmv_list
 .text.rt_rmv_dly
                0x00008008       0x2c /home/smolvik/CMSIS_5-5.4.0/CMSIS/RTOS/RTX/LIB/GCC/libRTX_CM0.a(rt_list.o)
                0x00008008                rt_rmv_dly
 .text.rt_psq_enq
                0x00008034       0x44 /home/smolvik/CMSIS_5-5.4.0/CMSIS/RTOS/RTX/LIB/GCC/libRTX_CM0.a(rt_list.o)
                0x00008034                rt_psq_enq
 .text.rt_evt_wait
                0x00008078       0x48 /home/smolvik/CMSIS_5-5.4.0/CMSIS/RTOS/RTX/LIB/GCC/libRTX_CM0.a(rt_event.o)
                0x00008078                rt_evt_wait
 .text.rt_evt_set
                0x000080c0       0x58 /home/smolvik/CMSIS_5-5.4.0/CMSIS/RTOS/RTX/LIB/GCC/libRTX_CM0.a(rt_event.o)
                0x000080c0                rt_evt_set
 .text.rt_evt_clr
                0x00008118       0x18 /home/smolvik/CMSIS_5-5.4.0/CMSIS/RTOS/RTX/LIB/GCC/libRTX_CM0.a(rt_event.o)
                0x00008118                rt_evt_clr
 .text.isr_evt_set
                0x00008130       0x20 /home/smolvik/CMSIS_5-5.4.0/CMSIS/RTOS/RTX/LIB/GCC/libRTX_CM0.a(rt_event.o)
                0x00008130                isr_evt_set
 .text.rt_evt_get
                0x00008150        0xc /home/smolvik/CMSIS_5-5.4.0/CMSIS/RTOS/RTX/LIB/GCC/libRTX_CM0.a(rt_event.o)
                0x00008150                rt_evt_get
 .text.rt_evt_psh
                0x0000815c       0x50 /home/smolvik/CMSIS_5-5.4.0/CMSIS/RTOS/RTX/LIB/GCC/libRTX_CM0.a(rt_event.o)
                0x0000815c                rt_evt_psh
 .text.rt_suspend
                0x000081ac       0x90 /home/smolvik/CMSIS_5-5.4.0/CMSIS/RTOS/RTX/LIB/GCC/libRTX_CM0.a(rt_system.o)
                0x000081ac                rt_suspend
 .text.rt_resume
                0x0000823c       0xf8 /home/smolvik/CMSIS_5-5.4.0/CMSIS/RTOS/RTX/LIB/GCC/libRTX_CM0.a(rt_system.o)
                0x0000823c                rt_resume
 .text.rt_tsk_lock
                0x00008334       0x64 /home/smolvik/CMSIS_5-5.4.0/CMSIS/RTOS/RTX/LIB/GCC/libRTX_CM0.a(rt_system.o)
                0x00008334                rt_tsk_lock
 .text.rt_tsk_unlock
                0x00008398       0x64 /home/smolvik/CMSIS_5-5.4.0/CMSIS/RTOS/RTX/LIB/GCC/libRTX_CM0.a(rt_system.o)
                0x00008398                rt_tsk_unlock
 .text.rt_psh_req
                0x000083fc       0x20 /home/smolvik/CMSIS_5-5.4.0/CMSIS/RTOS/RTX/LIB/GCC/libRTX_CM0.a(rt_system.o)
                0x000083fc                rt_psh_req
 .text.rt_pop_req
                0x0000841c       0x80 /home/smolvik/CMSIS_5-5.4.0/CMSIS/RTOS/RTX/LIB/GCC/libRTX_CM0.a(rt_system.o)
                0x0000841c                rt_pop_req
 .text.os_tick_init
                0x0000849c       0x3c /home/smolvik/CMSIS_5-5.4.0/CMSIS/RTOS/RTX/LIB/GCC/libRTX_CM0.a(rt_system.o)
                0x0000849c                os_tick_init
 .text.os_tick_val
                0x000084d8       0x14 /home/smolvik/CMSIS_5-5.4.0/CMSIS/RTOS/RTX/LIB/GCC/libRTX_CM0.a(rt_system.o)
                0x000084d8                os_tick_val
 .text.os_tick_ovf
                0x000084ec       0x10 /home/smolvik/CMSIS_5-5.4.0/CMSIS/RTOS/RTX/LIB/GCC/libRTX_CM0.a(rt_system.o)
                0x000084ec                os_tick_ovf
 .text.os_tick_irqack
                0x000084fc        0x4 /home/smolvik/CMSIS_5-5.4.0/CMSIS/RTOS/RTX/LIB/GCC/libRTX_CM0.a(rt_system.o)
                0x000084fc                os_tick_irqack
 .text.rt_systick
                0x00008500       0x3c /home/smolvik/CMSIS_5-5.4.0/CMSIS/RTOS/RTX/LIB/GCC/libRTX_CM0.a(rt_system.o)
                0x00008500                rt_systick
 .text.rt_stk_check
                0x0000853c       0x28 /home/smolvik/CMSIS_5-5.4.0/CMSIS/RTOS/RTX/LIB/GCC/libRTX_CM0.a(rt_system.o)
                0x0000853c                rt_stk_check
 .text.rt_switch_req
                0x00008564       0x10 /home/smolvik/CMSIS_5-5.4.0/CMSIS/RTOS/RTX/LIB/GCC/libRTX_CM0.a(rt_task.o)
                0x00008564                rt_switch_req
 .text.rt_dispatch
                0x00008574       0x4c /home/smolvik/CMSIS_5-5.4.0/CMSIS/RTOS/RTX/LIB/GCC/libRTX_CM0.a(rt_task.o)
                0x00008574                rt_dispatch
 .text.rt_block
                0x000085c0       0x38 /home/smolvik/CMSIS_5-5.4.0/CMSIS/RTOS/RTX/LIB/GCC/libRTX_CM0.a(rt_task.o)
                0x000085c0                rt_block
 .text.rt_tsk_pass
                0x000085f8       0x2c /home/smolvik/CMSIS_5-5.4.0/CMSIS/RTOS/RTX/LIB/GCC/libRTX_CM0.a(rt_task.o)
                0x000085f8                rt_tsk_pass
 .text.rt_tsk_self
                0x00008624       0x14 /home/smolvik/CMSIS_5-5.4.0/CMSIS/RTOS/RTX/LIB/GCC/libRTX_CM0.a(rt_task.o)
                0x00008624                rt_tsk_self
 .text.rt_tsk_prio
                0x00008638       0xb8 /home/smolvik/CMSIS_5-5.4.0/CMSIS/RTOS/RTX/LIB/GCC/libRTX_CM0.a(rt_task.o)
                0x00008638                rt_tsk_prio
 .text.rt_tsk_create
                0x000086f0       0xf4 /home/smolvik/CMSIS_5-5.4.0/CMSIS/RTOS/RTX/LIB/GCC/libRTX_CM0.a(rt_task.o)
                0x000086f0                rt_tsk_create
 .text.rt_tsk_delete
                0x000087e4      0x18c /home/smolvik/CMSIS_5-5.4.0/CMSIS/RTOS/RTX/LIB/GCC/libRTX_CM0.a(rt_task.o)
                0x000087e4                rt_tsk_delete
 .text.rt_sys_init
                0x00008970       0xf0 /home/smolvik/CMSIS_5-5.4.0/CMSIS/RTOS/RTX/LIB/GCC/libRTX_CM0.a(rt_task.o)
                0x00008970                rt_sys_init
 .text.rt_sys_start
                0x00008a60       0x70 /home/smolvik/CMSIS_5-5.4.0/CMSIS/RTOS/RTX/LIB/GCC/libRTX_CM0.a(rt_task.o)
                0x00008a60                rt_sys_start
 .text.rt_init_robin
                0x00008ad0       0x18 /home/smolvik/CMSIS_5-5.4.0/CMSIS/RTOS/RTX/LIB/GCC/libRTX_CM0.a(rt_robin.o)
                0x00008ad0                rt_init_robin
 .text.rt_chk_robin
                0x00008ae8       0x4c /home/smolvik/CMSIS_5-5.4.0/CMSIS/RTOS/RTX/LIB/GCC/libRTX_CM0.a(rt_robin.o)
                0x00008ae8                rt_chk_robin
 *fill*         0x00008b34        0x4 
 .text.rt_chk_robin.__stub
                0x00008b38       0x30 linker stubs
 *(.rodata)
 .rodata        0x00008b68       0x3c main.o
                0x00008b68                threadPacketParserDef
                0x00008b78                threadFSMProceedDef
                0x00008b88                threadDUTProceedDef
                0x00008b98                message_def
                0x00008ba0                os_mutex_def_MutexMdbReg
 .rodata        0x00008ba4       0x22 stubs.o
 *fill*         0x00008bc6        0x2 
 .rodata        0x00008bc8       0x7b xprintf.o
 *fill*         0x00008c43        0x1 
 .rodata        0x00008c44       0x68 RTX_Conf_CM.o
                0x00008c44                os_maxtaskrun
                0x00008c48                os_stackinfo
                0x00008c4c                os_rrobin
                0x00008c50                os_tickfreq
                0x00008c54                os_tickus_i
                0x00008c56                os_tickus_f
                0x00008c58                os_trv
                0x00008c5c                os_flags
                0x00008c60                CMSIS_RTOS_API_Version
                0x00008c64                CMSIS_RTOS_RTX_Version
                0x00008c68                os_clockrate
                0x00008c6c                os_timernum
                0x00008c70                mp_tcb_size
                0x00008c74                mp_stk_size
                0x00008c78                os_stack_sz
                0x00008c7c                os_fifo_size
                0x00008c80                os_thread_def_osTimerThread
                0x00008c90                os_messageQ_def_osTimerMessageQ
                0x00008c98                mp_tmr_size
                0x00008c9c                os_thread_def_main
 .rodata        0x00008cac        0x8 network.o
                0x00008cac                os_mutex_def_readpackMutex
                0x00008cb0                os_mutex_def_sendpackMutex
 .rodata        0x00008cb4      0x600 crc.o
                0x00008cb4                crc_table
                0x000090b4                crc_table_low
                0x000091b4                crc_table_high
 .rodata        0x000092b4       0x14 param.o
                0x000092b4                defBsiParam
 .rodata        0x000092c8      0x414 modbus_udp.o
                0x000092c8                device_additional_info
                0x000092dc                proc_PDU_table
 *(.rodata*)
 .rodata._global_impure_ptr
                0x000096dc        0x4 /home/smolvik/gcc-arm-none-eabi-5_4-2016q3/arm-none-eabi/lib/armv6-m//libc.a(lib_a-impure.o)
                0x000096dc                _global_impure_ptr
                0x000096e0                . = ALIGN (0x4)

.glue_7         0x000096e0        0x0
 .glue_7        0x000096e0        0x0 linker stubs

.glue_7t        0x000096e0        0x0
 .glue_7t       0x000096e0        0x0 linker stubs

.vfp11_veneer   0x000096e0        0x0
 .vfp11_veneer  0x000096e0        0x0 linker stubs

.v4_bx          0x000096e0        0x0
 .v4_bx         0x000096e0        0x0 linker stubs

.iplt           0x000096e0        0x0
 .iplt          0x000096e0        0x0 main.o

.ARM.exidx      0x000096e0        0x8
                0x000096e0                . = ALIGN (0x4)
 *(.ARM.exidx)
 .ARM.exidx     0x000096e0        0x8 /home/smolvik/CMSIS_5-5.4.0/CMSIS/RTOS/RTX/LIB/GCC/libRTX_CM0.a(hal_cm0.o)
                                 0x48 (size before relaxing)
 .ARM.exidx     0x000096e8        0x0 /home/smolvik/gcc-arm-none-eabi-5_4-2016q3/lib/gcc/arm-none-eabi/5.4.1/armv6-m//libgcc.a(_udivmoddi4.o)
                                  0x8 (size before relaxing)
                0x000096e8                . = ALIGN (0x4)
                0x000096e8                _data_flash = .

.data           0x20000000      0x858 load address 0x000096e8
                0x20000000                . = ALIGN (0x4)
                0x20000000                _data_begin = .
 *(.data)
 .data          0x20000000        0x4 main.o
 .data          0x20000004        0x0 startup.o
 .data          0x20000004        0x0 mdb485.o
 .data          0x20000004        0x4 stubs.o
                0x20000004                environ
 .data          0x20000008        0x0 mdb232.o
 .data          0x20000008        0x0 xprintf.o
 .data          0x20000008        0x0 RTX_Conf_CM.o
 .data          0x20000008        0x0 system.o
 .data          0x20000008        0x6 ethfunc.o
                0x20000008                MyMAC
 *fill*         0x2000000e        0x2 
 .data          0x20000010        0x4 network.o
                0x20000010                MyIPAddress
 .data          0x20000014        0x0 crc.o
 .data          0x20000014        0x0 eeprom.o
 .data          0x20000014        0x0 param.o
 .data          0x20000014        0x0 modbus_udp.o
 .data          0x20000014        0x4 fsm.o
                0x20000014                fsmproc
 .data          0x20000018        0x0 /home/smolvik/gcc-arm-none-eabi-5_4-2016q3/lib/gcc/arm-none-eabi/5.4.1/armv6-m//libgcc.a(_udivsi3.o)
 .data          0x20000018        0x0 /home/smolvik/gcc-arm-none-eabi-5_4-2016q3/lib/gcc/arm-none-eabi/5.4.1/armv6-m//libgcc.a(_divsi3.o)
 .data          0x20000018        0x0 /home/smolvik/gcc-arm-none-eabi-5_4-2016q3/lib/gcc/arm-none-eabi/5.4.1/armv6-m//libgcc.a(_dvmd_tls.o)
 .data          0x20000018        0x0 /home/smolvik/gcc-arm-none-eabi-5_4-2016q3/arm-none-eabi/lib/armv6-m//libc.a(lib_a-abs.o)
 .data          0x20000018        0x0 /home/smolvik/gcc-arm-none-eabi-5_4-2016q3/arm-none-eabi/lib/armv6-m//libc.a(lib_a-atexit.o)
 .data          0x20000018        0x0 /home/smolvik/gcc-arm-none-eabi-5_4-2016q3/arm-none-eabi/lib/armv6-m//libc.a(lib_a-exit.o)
 .data          0x20000018        0x0 /home/smolvik/gcc-arm-none-eabi-5_4-2016q3/arm-none-eabi/lib/armv6-m//libc.a(lib_a-fini.o)
 .data          0x20000018        0x0 /home/smolvik/gcc-arm-none-eabi-5_4-2016q3/arm-none-eabi/lib/armv6-m//libc.a(lib_a-impure.o)
 .data          0x20000018        0x0 /home/smolvik/gcc-arm-none-eabi-5_4-2016q3/arm-none-eabi/lib/armv6-m//libc.a(lib_a-init.o)
 .data          0x20000018        0x0 /home/smolvik/gcc-arm-none-eabi-5_4-2016q3/arm-none-eabi/lib/armv6-m//libc.a(lib_a-memset.o)
 .data          0x20000018        0x0 /home/smolvik/gcc-arm-none-eabi-5_4-2016q3/arm-none-eabi/lib/armv6-m//libc.a(lib_a-reent.o)
 .data          0x20000018        0x0 /home/smolvik/gcc-arm-none-eabi-5_4-2016q3/arm-none-eabi/lib/armv6-m//libc.a(lib_a-__atexit.o)
 .data          0x20000018        0x0 /home/smolvik/gcc-arm-none-eabi-5_4-2016q3/arm-none-eabi/lib/armv6-m//libc.a(lib_a-__call_atexit.o)
 .data          0x20000018        0x0 /home/smolvik/gcc-arm-none-eabi-5_4-2016q3/arm-none-eabi/lib/armv6-m//libc.a(lib_a-freer.o)
 .data          0x20000018        0x0 /home/smolvik/gcc-arm-none-eabi-5_4-2016q3/arm-none-eabi/lib/armv6-m//libc.a(lib_a-mallocr.o)
 .data          0x20000018        0x0 /home/smolvik/gcc-arm-none-eabi-5_4-2016q3/arm-none-eabi/lib/armv6-m//libc.a(lib_a-mlock.o)
 .data          0x20000018        0x0 /home/smolvik/gcc-arm-none-eabi-5_4-2016q3/arm-none-eabi/lib/armv6-m//libc.a(lib_a-sbrkr.o)
 .data          0x20000018        0x0 /home/smolvik/CMSIS_5-5.4.0/CMSIS/RTOS/RTX/LIB/GCC/libRTX_CM0.a(rt_cmsis.o)
 .data          0x20000018        0x0 /home/smolvik/CMSIS_5-5.4.0/CMSIS/RTOS/RTX/LIB/GCC/libRTX_CM0.a(hal_cm.o)
 .data          0x20000018        0x0 /home/smolvik/CMSIS_5-5.4.0/CMSIS/RTOS/RTX/LIB/GCC/libRTX_CM0.a(rt_memory.o)
 .data          0x20000018        0x0 /home/smolvik/CMSIS_5-5.4.0/CMSIS/RTOS/RTX/LIB/GCC/libRTX_CM0.a(rt_membox.o)
 .data          0x20000018        0x0 /home/smolvik/CMSIS_5-5.4.0/CMSIS/RTOS/RTX/LIB/GCC/libRTX_CM0.a(rt_mutex.o)
 .data          0x20000018        0x0 /home/smolvik/CMSIS_5-5.4.0/CMSIS/RTOS/RTX/LIB/GCC/libRTX_CM0.a(rt_time.o)
 .data          0x20000018        0x0 /home/smolvik/CMSIS_5-5.4.0/CMSIS/RTOS/RTX/LIB/GCC/libRTX_CM0.a(rt_semaphore.o)
 .data          0x20000018        0x0 /home/smolvik/CMSIS_5-5.4.0/CMSIS/RTOS/RTX/LIB/GCC/libRTX_CM0.a(rt_mailbox.o)
 .data          0x20000018        0x0 /home/smolvik/CMSIS_5-5.4.0/CMSIS/RTOS/RTX/LIB/GCC/libRTX_CM0.a(rt_list.o)
 .data          0x20000018        0x0 /home/smolvik/CMSIS_5-5.4.0/CMSIS/RTOS/RTX/LIB/GCC/libRTX_CM0.a(rt_event.o)
 .data          0x20000018        0x0 /home/smolvik/CMSIS_5-5.4.0/CMSIS/RTOS/RTX/LIB/GCC/libRTX_CM0.a(rt_system.o)
 .data          0x20000018        0x0 /home/smolvik/CMSIS_5-5.4.0/CMSIS/RTOS/RTX/LIB/GCC/libRTX_CM0.a(rt_task.o)
 .data          0x20000018        0x0 /home/smolvik/CMSIS_5-5.4.0/CMSIS/RTOS/RTX/LIB/GCC/libRTX_CM0.a(hal_cm0.o)
 .data          0x20000018        0x0 /home/smolvik/CMSIS_5-5.4.0/CMSIS/RTOS/RTX/LIB/GCC/libRTX_CM0.a(svc_table.o)
 .data          0x20000018        0x0 /home/smolvik/CMSIS_5-5.4.0/CMSIS/RTOS/RTX/LIB/GCC/libRTX_CM0.a(rt_robin.o)
 .data          0x20000018        0x0 /home/smolvik/gcc-arm-none-eabi-5_4-2016q3/lib/gcc/arm-none-eabi/5.4.1/armv6-m//libgcc.a(_aeabi_uldivmod.o)
 .data          0x20000018        0x0 /home/smolvik/gcc-arm-none-eabi-5_4-2016q3/lib/gcc/arm-none-eabi/5.4.1/armv6-m//libgcc.a(_muldi3.o)
 .data          0x20000018        0x0 /home/smolvik/gcc-arm-none-eabi-5_4-2016q3/lib/gcc/arm-none-eabi/5.4.1/armv6-m//libgcc.a(_udivmoddi4.o)
 .data          0x20000018        0x0 /home/smolvik/gcc-arm-none-eabi-5_4-2016q3/lib/gcc/arm-none-eabi/5.4.1/armv6-m//libgcc.a(_clzdi2.o)
 .data          0x20000018        0x0 /home/smolvik/gcc-arm-none-eabi-5_4-2016q3/lib/gcc/arm-none-eabi/5.4.1/armv6-m//libgcc.a(_clzsi2.o)
 *(.data*)
 .data.impure_data
                0x20000018      0x428 /home/smolvik/gcc-arm-none-eabi-5_4-2016q3/arm-none-eabi/lib/armv6-m//libc.a(lib_a-impure.o)
 .data._impure_ptr
                0x20000440        0x4 /home/smolvik/gcc-arm-none-eabi-5_4-2016q3/arm-none-eabi/lib/armv6-m//libc.a(lib_a-impure.o)
                0x20000440                _impure_ptr
 .data.__malloc_av_
                0x20000444      0x408 /home/smolvik/gcc-arm-none-eabi-5_4-2016q3/arm-none-eabi/lib/armv6-m//libc.a(lib_a-mallocr.o)
                0x20000444                __malloc_av_
 .data.__malloc_trim_threshold
                0x2000084c        0x4 /home/smolvik/gcc-arm-none-eabi-5_4-2016q3/arm-none-eabi/lib/armv6-m//libc.a(lib_a-mallocr.o)
                0x2000084c                __malloc_trim_threshold
 .data.__malloc_sbrk_base
                0x20000850        0x4 /home/smolvik/gcc-arm-none-eabi-5_4-2016q3/arm-none-eabi/lib/armv6-m//libc.a(lib_a-mallocr.o)
                0x20000850                __malloc_sbrk_base
                0x20000854                . = ALIGN (0x4)
 *(SORT(.init_array.*))
 .init_array.00000
                0x20000854        0x4 /home/smolvik/gcc-arm-none-eabi-5_4-2016q3/arm-none-eabi/lib/armv6-m//libc.a(lib_a-__call_atexit.o)
 *(.init_array)
                0x20000858                . = ALIGN (0x4)
                0x20000858                _data_end = .
                0x00009f40                _ram2_flash = (_data_flash + (_data_end - _data_begin))

.igot.plt       0x20000858        0x0 load address 0x00009f40
 .igot.plt      0x20000858        0x0 main.o

.bss            0x20000858     0x58a4 load address 0x00009f40
                0x20000858                . = ALIGN (0x4)
                0x20000858                _bss_begin = .
                0x20000858                __bss_start__ = _bss_begin
 *(.bss)
 .bss           0x20000858       0x54 main.o
                0x20000858                thrPacketParserId
                0x2000085c                thrFSMProcceedId
                0x20000860                thrDUTProcceedId
                0x20000864                fsmCmdMsgQid
                0x20000868                os_messageQ_q_message
                0x20000888                mutexMdbRegId
                0x2000088c                os_mutex_cb_MutexMdbReg
                0x2000089c                ddsfreq
                0x200008a0                torqCurr
 .bss           0x200008ac        0x0 startup.o
 .bss           0x200008ac       0x24 mdb485.o
                0x200008cc                mdb485_rxsize
 .bss           0x200008d0        0x8 stubs.o
                0x200008d0                __env
 .bss           0x200008d8       0x24 mdb232.o
                0x200008f8                mdb232_rxsize
 .bss           0x200008fc        0xc xprintf.o
                0x200008fc                xfunc_out
                0x20000904                xfunc_in
 .bss           0x20000908     0x4414 RTX_Conf_CM.o
                0x20000908                mp_tcb
                0x200009e8                mp_stk
                0x200039f8                os_stack_mem
                0x20004c58                os_fifo
                0x20004cdc                os_active_TCB
                0x20004cec                osThreadId_osTimerThread
                0x20004cf0                os_messageQ_q_osTimerMessageQ
                0x20004d10                osMessageQId_osTimerMessageQ
                0x20004d14                os_tmr
                0x20004d18                m_tmr
 .bss           0x20004d1c        0x0 system.o
 .bss           0x20004d1c       0x18 ethfunc.o
                0x20004d1c                Remote_MAC
                0x20004d28                fFrameRdy
                0x20004d2c                fFrameErr
                0x20004d30                Identification
                0x20004d32                SequenceNumber
 .bss           0x20004d34      0xe2c network.o
                0x20004d34                ReplyICMPCounter
                0x20004d38                Frame
                0x20005318                remPort
                0x2000531c                os_mutex_cb_readpackMutex
                0x2000532c                readpackMutexId
                0x20005330                os_mutex_cb_sendpackMutex
                0x20005340                sendpackMutexId
 .bss           0x20005b60        0x0 crc.o
 .bss           0x20005b60        0x0 eeprom.o
 .bss           0x20005b60       0x14 param.o
                0x20005b60                bsiParam
 .bss           0x20005b74      0x444 modbus_udp.o
                0x20005d7c                register_tab
                0x20005dac                input_registers_tab
                0x20005db4                modbus_error
 .bss           0x20005fb8       0x85 fsm.o
                0x20006038                fsmdbg
 .bss           0x2000603d        0x0 /home/smolvik/gcc-arm-none-eabi-5_4-2016q3/lib/gcc/arm-none-eabi/5.4.1/armv6-m//libgcc.a(_udivsi3.o)
 .bss           0x2000603d        0x0 /home/smolvik/gcc-arm-none-eabi-5_4-2016q3/lib/gcc/arm-none-eabi/5.4.1/armv6-m//libgcc.a(_divsi3.o)
 .bss           0x2000603d        0x0 /home/smolvik/gcc-arm-none-eabi-5_4-2016q3/lib/gcc/arm-none-eabi/5.4.1/armv6-m//libgcc.a(_dvmd_tls.o)
 .bss           0x2000603d        0x0 /home/smolvik/gcc-arm-none-eabi-5_4-2016q3/arm-none-eabi/lib/armv6-m//libc.a(lib_a-abs.o)
 .bss           0x2000603d        0x0 /home/smolvik/gcc-arm-none-eabi-5_4-2016q3/arm-none-eabi/lib/armv6-m//libc.a(lib_a-atexit.o)
 .bss           0x2000603d        0x0 /home/smolvik/gcc-arm-none-eabi-5_4-2016q3/arm-none-eabi/lib/armv6-m//libc.a(lib_a-exit.o)
 .bss           0x2000603d        0x0 /home/smolvik/gcc-arm-none-eabi-5_4-2016q3/arm-none-eabi/lib/armv6-m//libc.a(lib_a-fini.o)
 .bss           0x2000603d        0x0 /home/smolvik/gcc-arm-none-eabi-5_4-2016q3/arm-none-eabi/lib/armv6-m//libc.a(lib_a-impure.o)
 .bss           0x2000603d        0x0 /home/smolvik/gcc-arm-none-eabi-5_4-2016q3/arm-none-eabi/lib/armv6-m//libc.a(lib_a-init.o)
 .bss           0x2000603d        0x0 /home/smolvik/gcc-arm-none-eabi-5_4-2016q3/arm-none-eabi/lib/armv6-m//libc.a(lib_a-memset.o)
 .bss           0x2000603d        0x0 /home/smolvik/gcc-arm-none-eabi-5_4-2016q3/arm-none-eabi/lib/armv6-m//libc.a(lib_a-reent.o)
 .bss           0x2000603d        0x0 /home/smolvik/gcc-arm-none-eabi-5_4-2016q3/arm-none-eabi/lib/armv6-m//libc.a(lib_a-__atexit.o)
 .bss           0x2000603d        0x0 /home/smolvik/gcc-arm-none-eabi-5_4-2016q3/arm-none-eabi/lib/armv6-m//libc.a(lib_a-__call_atexit.o)
 .bss           0x2000603d        0x0 /home/smolvik/gcc-arm-none-eabi-5_4-2016q3/arm-none-eabi/lib/armv6-m//libc.a(lib_a-freer.o)
 .bss           0x2000603d        0x0 /home/smolvik/gcc-arm-none-eabi-5_4-2016q3/arm-none-eabi/lib/armv6-m//libc.a(lib_a-mallocr.o)
 .bss           0x2000603d        0x0 /home/smolvik/gcc-arm-none-eabi-5_4-2016q3/arm-none-eabi/lib/armv6-m//libc.a(lib_a-mlock.o)
 .bss           0x2000603d        0x0 /home/smolvik/gcc-arm-none-eabi-5_4-2016q3/arm-none-eabi/lib/armv6-m//libc.a(lib_a-sbrkr.o)
 .bss           0x2000603d        0x0 /home/smolvik/CMSIS_5-5.4.0/CMSIS/RTOS/RTX/LIB/GCC/libRTX_CM0.a(rt_cmsis.o)
 .bss           0x2000603d        0x0 /home/smolvik/CMSIS_5-5.4.0/CMSIS/RTOS/RTX/LIB/GCC/libRTX_CM0.a(hal_cm.o)
 .bss           0x2000603d        0x0 /home/smolvik/CMSIS_5-5.4.0/CMSIS/RTOS/RTX/LIB/GCC/libRTX_CM0.a(rt_memory.o)
 .bss           0x2000603d        0x0 /home/smolvik/CMSIS_5-5.4.0/CMSIS/RTOS/RTX/LIB/GCC/libRTX_CM0.a(rt_membox.o)
 .bss           0x2000603d        0x0 /home/smolvik/CMSIS_5-5.4.0/CMSIS/RTOS/RTX/LIB/GCC/libRTX_CM0.a(rt_mutex.o)
 .bss           0x2000603d        0x0 /home/smolvik/CMSIS_5-5.4.0/CMSIS/RTOS/RTX/LIB/GCC/libRTX_CM0.a(rt_time.o)
 .bss           0x2000603d        0x0 /home/smolvik/CMSIS_5-5.4.0/CMSIS/RTOS/RTX/LIB/GCC/libRTX_CM0.a(rt_semaphore.o)
 .bss           0x2000603d        0x0 /home/smolvik/CMSIS_5-5.4.0/CMSIS/RTOS/RTX/LIB/GCC/libRTX_CM0.a(rt_mailbox.o)
 .bss           0x2000603d        0x0 /home/smolvik/CMSIS_5-5.4.0/CMSIS/RTOS/RTX/LIB/GCC/libRTX_CM0.a(rt_list.o)
 .bss           0x2000603d        0x0 /home/smolvik/CMSIS_5-5.4.0/CMSIS/RTOS/RTX/LIB/GCC/libRTX_CM0.a(rt_event.o)
 .bss           0x2000603d        0x3 /home/smolvik/CMSIS_5-5.4.0/CMSIS/RTOS/RTX/LIB/GCC/libRTX_CM0.a(rt_system.o)
 .bss           0x20006040        0x0 /home/smolvik/CMSIS_5-5.4.0/CMSIS/RTOS/RTX/LIB/GCC/libRTX_CM0.a(rt_task.o)
 .bss           0x20006040        0x0 /home/smolvik/CMSIS_5-5.4.0/CMSIS/RTOS/RTX/LIB/GCC/libRTX_CM0.a(hal_cm0.o)
 .bss           0x20006040        0x0 /home/smolvik/CMSIS_5-5.4.0/CMSIS/RTOS/RTX/LIB/GCC/libRTX_CM0.a(svc_table.o)
 .bss           0x20006040        0x0 /home/smolvik/CMSIS_5-5.4.0/CMSIS/RTOS/RTX/LIB/GCC/libRTX_CM0.a(rt_robin.o)
 .bss           0x20006040        0x0 /home/smolvik/gcc-arm-none-eabi-5_4-2016q3/lib/gcc/arm-none-eabi/5.4.1/armv6-m//libgcc.a(_aeabi_uldivmod.o)
 .bss           0x20006040        0x0 /home/smolvik/gcc-arm-none-eabi-5_4-2016q3/lib/gcc/arm-none-eabi/5.4.1/armv6-m//libgcc.a(_muldi3.o)
 .bss           0x20006040        0x0 /home/smolvik/gcc-arm-none-eabi-5_4-2016q3/lib/gcc/arm-none-eabi/5.4.1/armv6-m//libgcc.a(_udivmoddi4.o)
 .bss           0x20006040        0x0 /home/smolvik/gcc-arm-none-eabi-5_4-2016q3/lib/gcc/arm-none-eabi/5.4.1/armv6-m//libgcc.a(_clzdi2.o)
 .bss           0x20006040        0x0 /home/smolvik/gcc-arm-none-eabi-5_4-2016q3/lib/gcc/arm-none-eabi/5.4.1/armv6-m//libgcc.a(_clzsi2.o)
 *(.bss*)
 .bss.__malloc_max_total_mem
                0x20006040        0x4 /home/smolvik/gcc-arm-none-eabi-5_4-2016q3/arm-none-eabi/lib/armv6-m//libc.a(lib_a-mallocr.o)
                0x20006040                __malloc_max_total_mem
 .bss.__malloc_max_sbrked_mem
                0x20006044        0x4 /home/smolvik/gcc-arm-none-eabi-5_4-2016q3/arm-none-eabi/lib/armv6-m//libc.a(lib_a-mallocr.o)
                0x20006044                __malloc_max_sbrked_mem
 .bss.__malloc_top_pad
                0x20006048        0x4 /home/smolvik/gcc-arm-none-eabi-5_4-2016q3/arm-none-eabi/lib/armv6-m//libc.a(lib_a-mallocr.o)
                0x20006048                __malloc_top_pad
 .bss.__malloc_current_mallinfo
                0x2000604c       0x28 /home/smolvik/gcc-arm-none-eabi-5_4-2016q3/arm-none-eabi/lib/armv6-m//libc.a(lib_a-mallocr.o)
                0x2000604c                __malloc_current_mallinfo
 *(COMMON)
 COMMON         0x20006074        0x4 /home/smolvik/gcc-arm-none-eabi-5_4-2016q3/arm-none-eabi/lib/armv6-m//libc.a(lib_a-reent.o)
                0x20006074                errno
 COMMON         0x20006078        0x8 /home/smolvik/CMSIS_5-5.4.0/CMSIS/RTOS/RTX/LIB/GCC/libRTX_CM0.a(rt_cmsis.o)
                0x20006078                os_initialized
                0x20006079                os_running
                0x2000607c                os_timer_head
 COMMON         0x20006080        0x4 /home/smolvik/CMSIS_5-5.4.0/CMSIS/RTOS/RTX/LIB/GCC/libRTX_CM0.a(rt_time.o)
                0x20006080                os_time
 COMMON         0x20006084       0x30 /home/smolvik/CMSIS_5-5.4.0/CMSIS/RTOS/RTX/LIB/GCC/libRTX_CM0.a(rt_list.o)
                0x20006084                os_rdy
                0x2000609c                os_dly
 COMMON         0x200060b4        0x4 /home/smolvik/CMSIS_5-5.4.0/CMSIS/RTOS/RTX/LIB/GCC/libRTX_CM0.a(rt_system.o)
                0x200060b4                os_tick_irqn
 COMMON         0x200060b8       0x3c /home/smolvik/CMSIS_5-5.4.0/CMSIS/RTOS/RTX/LIB/GCC/libRTX_CM0.a(rt_task.o)
                0x200060b8                os_tsk
                0x200060c0                os_idle_TCB
 COMMON         0x200060f4        0x8 /home/smolvik/CMSIS_5-5.4.0/CMSIS/RTOS/RTX/LIB/GCC/libRTX_CM0.a(rt_robin.o)
                0x200060f4                os_robin
                0x200060fc                . = ALIGN (0x4)
                0x200060fc                _bss_end = .
                0x200060fc                __bss_end__ = _bss_end
                0x00000400                _stack_size = 0x400
                0x20008000                _stack_end = (ORIGIN (RAM1) + LENGTH (RAM1))
                0x20007c00                _stack_begin = (_stack_end - _stack_size)
                0x20007c00                . = _stack_begin

._stack         0x200060fc      0x400 load address 0x0000f7e4
                0x200064fc                . = (. + _stack_size)
 *fill*         0x200060fc      0x400 

.ramfunc        0x20100000      0x2a0 load address 0x00009f40
                0x20100000                . = ALIGN (0x4)
                0x20100000                _ram2_begin = .
 *(.ramfunc)
 .ramfunc       0x20100000      0x2a0 eeprom.o
                0x20100000                usleep
                0x2010002c                eeprom_erase_page
                0x20100150                eeprom_program_word
                0x20100228                eeprom_read_word
                0x201002a0                _ram2_end = .
LOAD main.o
LOAD startup.o
LOAD mdb485.o
LOAD stubs.o
LOAD mdb232.o
LOAD xprintf.o
LOAD RTX_Conf_CM.o
LOAD system.o
LOAD ethfunc.o
LOAD network.o
LOAD crc.o
LOAD eeprom.o
LOAD param.o
LOAD modbus_udp.o
LOAD fsm.o
START GROUP
LOAD /home/smolvik/gcc-arm-none-eabi-5_4-2016q3/lib/gcc/arm-none-eabi/5.4.1/armv6-m//libgcc.a
LOAD /home/smolvik/gcc-arm-none-eabi-5_4-2016q3/arm-none-eabi/lib/armv6-m//libm.a
LOAD /home/smolvik/gcc-arm-none-eabi-5_4-2016q3/arm-none-eabi/lib/armv6-m//libc.a
LOAD /home/smolvik/CMSIS_5-5.4.0/CMSIS/RTOS/RTX/LIB/GCC/libRTX_CM0.a
END GROUP
OUTPUT(blink.elf elf32-littlearm)

.ARM.extab      0x201002a0        0x0 load address 0x0000a1e0
 .ARM.extab     0x201002a0        0x0 /home/smolvik/CMSIS_5-5.4.0/CMSIS/RTOS/RTX/LIB/GCC/libRTX_CM0.a(hal_cm0.o)
 .ARM.extab     0x201002a0        0x0 /home/smolvik/gcc-arm-none-eabi-5_4-2016q3/lib/gcc/arm-none-eabi/5.4.1/armv6-m//libgcc.a(_udivmoddi4.o)

.rel.dyn        0x201002a0        0x0 load address 0x0000a1e0
 .rel.iplt      0x201002a0        0x0 main.o

.debug_info     0x00000000    0x104db
 .debug_info    0x00000000      0xbf5 main.o
 .debug_info    0x00000bf5      0x112 startup.o
 .debug_info    0x00000d07      0x7ab mdb485.o
 .debug_info    0x000014b2      0x6f8 stubs.o
 .debug_info    0x00001baa      0x643 mdb232.o
 .debug_info    0x000021ed      0x4c9 xprintf.o
 .debug_info    0x000026b6      0x489 RTX_Conf_CM.o
 .debug_info    0x00002b3f      0x8ed system.o
 .debug_info    0x0000342c      0x96f ethfunc.o
 .debug_info    0x00003d9b      0x8d5 network.o
 .debug_info    0x00004670      0x1bc crc.o
 .debug_info    0x0000482c      0x2fa eeprom.o
 .debug_info    0x00004b26      0x383 param.o
 .debug_info    0x00004ea9      0x856 modbus_udp.o
 .debug_info    0x000056ff      0x408 fsm.o
 .debug_info    0x00005b07     0x5d03 /home/smolvik/CMSIS_5-5.4.0/CMSIS/RTOS/RTX/LIB/GCC/libRTX_CM0.a(rt_cmsis.o)
 .debug_info    0x0000b80a      0x3b3 /home/smolvik/CMSIS_5-5.4.0/CMSIS/RTOS/RTX/LIB/GCC/libRTX_CM0.a(hal_cm.o)
 .debug_info    0x0000bbbd      0x1d5 /home/smolvik/CMSIS_5-5.4.0/CMSIS/RTOS/RTX/LIB/GCC/libRTX_CM0.a(rt_memory.o)
 .debug_info    0x0000bd92      0x312 /home/smolvik/CMSIS_5-5.4.0/CMSIS/RTOS/RTX/LIB/GCC/libRTX_CM0.a(rt_membox.o)
 .debug_info    0x0000c0a4      0x651 /home/smolvik/CMSIS_5-5.4.0/CMSIS/RTOS/RTX/LIB/GCC/libRTX_CM0.a(rt_mutex.o)
 .debug_info    0x0000c6f5      0x357 /home/smolvik/CMSIS_5-5.4.0/CMSIS/RTOS/RTX/LIB/GCC/libRTX_CM0.a(rt_time.o)
 .debug_info    0x0000ca4c      0x6f0 /home/smolvik/CMSIS_5-5.4.0/CMSIS/RTOS/RTX/LIB/GCC/libRTX_CM0.a(rt_semaphore.o)
 .debug_info    0x0000d13c      0x9e6 /home/smolvik/CMSIS_5-5.4.0/CMSIS/RTOS/RTX/LIB/GCC/libRTX_CM0.a(rt_mailbox.o)
 .debug_info    0x0000db22      0x8ab /home/smolvik/CMSIS_5-5.4.0/CMSIS/RTOS/RTX/LIB/GCC/libRTX_CM0.a(rt_list.o)
 .debug_info    0x0000e3cd      0x5f4 /home/smolvik/CMSIS_5-5.4.0/CMSIS/RTOS/RTX/LIB/GCC/libRTX_CM0.a(rt_event.o)
 .debug_info    0x0000e9c1      0x971 /home/smolvik/CMSIS_5-5.4.0/CMSIS/RTOS/RTX/LIB/GCC/libRTX_CM0.a(rt_system.o)
 .debug_info    0x0000f332      0xd79 /home/smolvik/CMSIS_5-5.4.0/CMSIS/RTOS/RTX/LIB/GCC/libRTX_CM0.a(rt_task.o)
 .debug_info    0x000100ab       0x71 /home/smolvik/CMSIS_5-5.4.0/CMSIS/RTOS/RTX/LIB/GCC/libRTX_CM0.a(hal_cm0.o)
 .debug_info    0x0001011c      0x3bf /home/smolvik/CMSIS_5-5.4.0/CMSIS/RTOS/RTX/LIB/GCC/libRTX_CM0.a(rt_robin.o)

.debug_abbrev   0x00000000     0x33f7
 .debug_abbrev  0x00000000      0x2b3 main.o
 .debug_abbrev  0x000002b3       0xab startup.o
 .debug_abbrev  0x0000035e      0x216 mdb485.o
 .debug_abbrev  0x00000574      0x1a8 stubs.o
 .debug_abbrev  0x0000071c      0x207 mdb232.o
 .debug_abbrev  0x00000923      0x194 xprintf.o
 .debug_abbrev  0x00000ab7      0x150 RTX_Conf_CM.o
 .debug_abbrev  0x00000c07      0x160 system.o
 .debug_abbrev  0x00000d67      0x269 ethfunc.o
 .debug_abbrev  0x00000fd0      0x269 network.o
 .debug_abbrev  0x00001239       0xb3 crc.o
 .debug_abbrev  0x000012ec      0x143 eeprom.o
 .debug_abbrev  0x0000142f      0x135 param.o
 .debug_abbrev  0x00001564      0x1ce modbus_udp.o
 .debug_abbrev  0x00001732      0x147 fsm.o
 .debug_abbrev  0x00001879      0x499 /home/smolvik/CMSIS_5-5.4.0/CMSIS/RTOS/RTX/LIB/GCC/libRTX_CM0.a(rt_cmsis.o)
 .debug_abbrev  0x00001d12      0x18b /home/smolvik/CMSIS_5-5.4.0/CMSIS/RTOS/RTX/LIB/GCC/libRTX_CM0.a(hal_cm.o)
 .debug_abbrev  0x00001e9d      0x12b /home/smolvik/CMSIS_5-5.4.0/CMSIS/RTOS/RTX/LIB/GCC/libRTX_CM0.a(rt_memory.o)
 .debug_abbrev  0x00001fc8      0x1a8 /home/smolvik/CMSIS_5-5.4.0/CMSIS/RTOS/RTX/LIB/GCC/libRTX_CM0.a(rt_membox.o)
 .debug_abbrev  0x00002170      0x167 /home/smolvik/CMSIS_5-5.4.0/CMSIS/RTOS/RTX/LIB/GCC/libRTX_CM0.a(rt_mutex.o)
 .debug_abbrev  0x000022d7      0x141 /home/smolvik/CMSIS_5-5.4.0/CMSIS/RTOS/RTX/LIB/GCC/libRTX_CM0.a(rt_time.o)
 .debug_abbrev  0x00002418      0x181 /home/smolvik/CMSIS_5-5.4.0/CMSIS/RTOS/RTX/LIB/GCC/libRTX_CM0.a(rt_semaphore.o)
 .debug_abbrev  0x00002599      0x23d /home/smolvik/CMSIS_5-5.4.0/CMSIS/RTOS/RTX/LIB/GCC/libRTX_CM0.a(rt_mailbox.o)
 .debug_abbrev  0x000027d6      0x315 /home/smolvik/CMSIS_5-5.4.0/CMSIS/RTOS/RTX/LIB/GCC/libRTX_CM0.a(rt_list.o)
 .debug_abbrev  0x00002aeb      0x1d0 /home/smolvik/CMSIS_5-5.4.0/CMSIS/RTOS/RTX/LIB/GCC/libRTX_CM0.a(rt_event.o)
 .debug_abbrev  0x00002cbb      0x2ba /home/smolvik/CMSIS_5-5.4.0/CMSIS/RTOS/RTX/LIB/GCC/libRTX_CM0.a(rt_system.o)
 .debug_abbrev  0x00002f75      0x344 /home/smolvik/CMSIS_5-5.4.0/CMSIS/RTOS/RTX/LIB/GCC/libRTX_CM0.a(rt_task.o)
 .debug_abbrev  0x000032b9       0x14 /home/smolvik/CMSIS_5-5.4.0/CMSIS/RTOS/RTX/LIB/GCC/libRTX_CM0.a(hal_cm0.o)
 .debug_abbrev  0x000032cd      0x12a /home/smolvik/CMSIS_5-5.4.0/CMSIS/RTOS/RTX/LIB/GCC/libRTX_CM0.a(rt_robin.o)

.debug_aranges  0x00000000      0x850
 .debug_aranges
                0x00000000       0x20 main.o
 .debug_aranges
                0x00000020       0x20 startup.o
 .debug_aranges
                0x00000040       0x20 mdb485.o
 .debug_aranges
                0x00000060       0x20 stubs.o
 .debug_aranges
                0x00000080       0x20 mdb232.o
 .debug_aranges
                0x000000a0       0x20 xprintf.o
 .debug_aranges
                0x000000c0       0x20 RTX_Conf_CM.o
 .debug_aranges
                0x000000e0       0x20 system.o
 .debug_aranges
                0x00000100       0x20 ethfunc.o
 .debug_aranges
                0x00000120       0x20 network.o
 .debug_aranges
                0x00000140       0x20 crc.o
 .debug_aranges
                0x00000160       0x40 eeprom.o
 .debug_aranges
                0x000001a0       0x20 param.o
 .debug_aranges
                0x000001c0       0x20 modbus_udp.o
 .debug_aranges
                0x000001e0       0x20 fsm.o
 .debug_aranges
                0x00000200      0x2d8 /home/smolvik/CMSIS_5-5.4.0/CMSIS/RTOS/RTX/LIB/GCC/libRTX_CM0.a(rt_cmsis.o)
 .debug_aranges
                0x000004d8       0x30 /home/smolvik/CMSIS_5-5.4.0/CMSIS/RTOS/RTX/LIB/GCC/libRTX_CM0.a(hal_cm.o)
 .debug_aranges
                0x00000508       0x30 /home/smolvik/CMSIS_5-5.4.0/CMSIS/RTOS/RTX/LIB/GCC/libRTX_CM0.a(rt_memory.o)
 .debug_aranges
                0x00000538       0x38 /home/smolvik/CMSIS_5-5.4.0/CMSIS/RTOS/RTX/LIB/GCC/libRTX_CM0.a(rt_membox.o)
 .debug_aranges
                0x00000570       0x38 /home/smolvik/CMSIS_5-5.4.0/CMSIS/RTOS/RTX/LIB/GCC/libRTX_CM0.a(rt_mutex.o)
 .debug_aranges
                0x000005a8       0x38 /home/smolvik/CMSIS_5-5.4.0/CMSIS/RTOS/RTX/LIB/GCC/libRTX_CM0.a(rt_time.o)
 .debug_aranges
                0x000005e0       0x48 /home/smolvik/CMSIS_5-5.4.0/CMSIS/RTOS/RTX/LIB/GCC/libRTX_CM0.a(rt_semaphore.o)
 .debug_aranges
                0x00000628       0x50 /home/smolvik/CMSIS_5-5.4.0/CMSIS/RTOS/RTX/LIB/GCC/libRTX_CM0.a(rt_mailbox.o)
 .debug_aranges
                0x00000678       0x68 /home/smolvik/CMSIS_5-5.4.0/CMSIS/RTOS/RTX/LIB/GCC/libRTX_CM0.a(rt_list.o)
 .debug_aranges
                0x000006e0       0x48 /home/smolvik/CMSIS_5-5.4.0/CMSIS/RTOS/RTX/LIB/GCC/libRTX_CM0.a(rt_event.o)
 .debug_aranges
                0x00000728       0x78 /home/smolvik/CMSIS_5-5.4.0/CMSIS/RTOS/RTX/LIB/GCC/libRTX_CM0.a(rt_system.o)
 .debug_aranges
                0x000007a0       0x68 /home/smolvik/CMSIS_5-5.4.0/CMSIS/RTOS/RTX/LIB/GCC/libRTX_CM0.a(rt_task.o)
 .debug_aranges
                0x00000808       0x20 /home/smolvik/CMSIS_5-5.4.0/CMSIS/RTOS/RTX/LIB/GCC/libRTX_CM0.a(hal_cm0.o)
 .debug_aranges
                0x00000828       0x28 /home/smolvik/CMSIS_5-5.4.0/CMSIS/RTOS/RTX/LIB/GCC/libRTX_CM0.a(rt_robin.o)

.debug_line     0x00000000     0x42f1
 .debug_line    0x00000000      0x221 main.o
 .debug_line    0x00000221       0x59 startup.o
 .debug_line    0x0000027a      0x240 mdb485.o
 .debug_line    0x000004ba      0x23c stubs.o
 .debug_line    0x000006f6      0x1ff mdb232.o
 .debug_line    0x000008f5      0x2e3 xprintf.o
 .debug_line    0x00000bd8      0x10b RTX_Conf_CM.o
 .debug_line    0x00000ce3      0x196 system.o
 .debug_line    0x00000e79      0x2b2 ethfunc.o
 .debug_line    0x0000112b      0x2e5 network.o
 .debug_line    0x00001410       0xcc crc.o
 .debug_line    0x000014dc      0x1e4 eeprom.o
 .debug_line    0x000016c0      0x165 param.o
 .debug_line    0x00001825      0x282 modbus_udp.o
 .debug_line    0x00001aa7      0x1a9 fsm.o
 .debug_line    0x00001c50     0x1297 /home/smolvik/CMSIS_5-5.4.0/CMSIS/RTOS/RTX/LIB/GCC/libRTX_CM0.a(rt_cmsis.o)
 .debug_line    0x00002ee7       0xcf /home/smolvik/CMSIS_5-5.4.0/CMSIS/RTOS/RTX/LIB/GCC/libRTX_CM0.a(hal_cm.o)
 .debug_line    0x00002fb6       0xd2 /home/smolvik/CMSIS_5-5.4.0/CMSIS/RTOS/RTX/LIB/GCC/libRTX_CM0.a(rt_memory.o)
 .debug_line    0x00003088      0x121 /home/smolvik/CMSIS_5-5.4.0/CMSIS/RTOS/RTX/LIB/GCC/libRTX_CM0.a(rt_membox.o)
 .debug_line    0x000031a9      0x19b /home/smolvik/CMSIS_5-5.4.0/CMSIS/RTOS/RTX/LIB/GCC/libRTX_CM0.a(rt_mutex.o)
 .debug_line    0x00003344       0xa2 /home/smolvik/CMSIS_5-5.4.0/CMSIS/RTOS/RTX/LIB/GCC/libRTX_CM0.a(rt_time.o)
 .debug_line    0x000033e6      0x14b /home/smolvik/CMSIS_5-5.4.0/CMSIS/RTOS/RTX/LIB/GCC/libRTX_CM0.a(rt_semaphore.o)
 .debug_line    0x00003531      0x25a /home/smolvik/CMSIS_5-5.4.0/CMSIS/RTOS/RTX/LIB/GCC/libRTX_CM0.a(rt_mailbox.o)
 .debug_line    0x0000378b      0x25f /home/smolvik/CMSIS_5-5.4.0/CMSIS/RTOS/RTX/LIB/GCC/libRTX_CM0.a(rt_list.o)
 .debug_line    0x000039ea      0x15b /home/smolvik/CMSIS_5-5.4.0/CMSIS/RTOS/RTX/LIB/GCC/libRTX_CM0.a(rt_event.o)
 .debug_line    0x00003b45      0x2cf /home/smolvik/CMSIS_5-5.4.0/CMSIS/RTOS/RTX/LIB/GCC/libRTX_CM0.a(rt_system.o)
 .debug_line    0x00003e14      0x35a /home/smolvik/CMSIS_5-5.4.0/CMSIS/RTOS/RTX/LIB/GCC/libRTX_CM0.a(rt_task.o)
 .debug_line    0x0000416e       0xe1 /home/smolvik/CMSIS_5-5.4.0/CMSIS/RTOS/RTX/LIB/GCC/libRTX_CM0.a(hal_cm0.o)
 .debug_line    0x0000424f       0xa2 /home/smolvik/CMSIS_5-5.4.0/CMSIS/RTOS/RTX/LIB/GCC/libRTX_CM0.a(rt_robin.o)

.debug_str      0x00000000     0x2af5
 .debug_str     0x00000000      0x9b0 main.o
                                0xa31 (size before relaxing)
 .debug_str     0x000009b0       0xae startup.o
                                0x190 (size before relaxing)
 .debug_str     0x00000a5e      0x12d mdb485.o
                                0x559 (size before relaxing)
 .debug_str     0x00000b8b      0x1f1 stubs.o
                                0x3dc (size before relaxing)
 .debug_str     0x00000d7c       0x89 mdb232.o
                                0x4de (size before relaxing)
 .debug_str     0x00000e05       0xa4 xprintf.o
                                0x1c8 (size before relaxing)
 .debug_str     0x00000ea9      0x201 RTX_Conf_CM.o
                                0x4d8 (size before relaxing)
 .debug_str     0x000010aa      0x1d6 system.o
                                0x6f7 (size before relaxing)
 .debug_str     0x00001280      0x277 ethfunc.o
                                0x734 (size before relaxing)
 .debug_str     0x000014f7      0x12d network.o
                                0x645 (size before relaxing)
 .debug_str     0x00001624       0x48 crc.o
                                0x1a6 (size before relaxing)
 .debug_str     0x0000166c       0x89 eeprom.o
                                0x2a9 (size before relaxing)
 .debug_str     0x000016f5       0x89 param.o
                                0x1ff (size before relaxing)
 .debug_str     0x0000177e      0x228 modbus_udp.o
                                0x474 (size before relaxing)
 .debug_str     0x000019a6       0xe4 fsm.o
                                0x2e8 (size before relaxing)
 .debug_str     0x00001a8a      0xc2e /home/smolvik/CMSIS_5-5.4.0/CMSIS/RTOS/RTX/LIB/GCC/libRTX_CM0.a(rt_cmsis.o)
                               0x135d (size before relaxing)
 .debug_str     0x000026b8       0x49 /home/smolvik/CMSIS_5-5.4.0/CMSIS/RTOS/RTX/LIB/GCC/libRTX_CM0.a(hal_cm.o)
                                0x282 (size before relaxing)
 .debug_str     0x00002701       0x3d /home/smolvik/CMSIS_5-5.4.0/CMSIS/RTOS/RTX/LIB/GCC/libRTX_CM0.a(rt_memory.o)
                                0x19e (size before relaxing)
 .debug_str     0x0000273e       0x37 /home/smolvik/CMSIS_5-5.4.0/CMSIS/RTOS/RTX/LIB/GCC/libRTX_CM0.a(rt_membox.o)
                                0x208 (size before relaxing)
 .debug_str     0x00002775       0x32 /home/smolvik/CMSIS_5-5.4.0/CMSIS/RTOS/RTX/LIB/GCC/libRTX_CM0.a(rt_mutex.o)
                                0x305 (size before relaxing)
 .debug_str     0x000027a7       0x41 /home/smolvik/CMSIS_5-5.4.0/CMSIS/RTOS/RTX/LIB/GCC/libRTX_CM0.a(rt_time.o)
                                0x281 (size before relaxing)
 .debug_str     0x000027e8       0x34 /home/smolvik/CMSIS_5-5.4.0/CMSIS/RTOS/RTX/LIB/GCC/libRTX_CM0.a(rt_semaphore.o)
                                0x34c (size before relaxing)
 .debug_str     0x0000281c       0x32 /home/smolvik/CMSIS_5-5.4.0/CMSIS/RTOS/RTX/LIB/GCC/libRTX_CM0.a(rt_mailbox.o)
                                0x3b7 (size before relaxing)
 .debug_str     0x0000284e       0xb0 /home/smolvik/CMSIS_5-5.4.0/CMSIS/RTOS/RTX/LIB/GCC/libRTX_CM0.a(rt_list.o)
                                0x394 (size before relaxing)
 .debug_str     0x000028fe       0x6b /home/smolvik/CMSIS_5-5.4.0/CMSIS/RTOS/RTX/LIB/GCC/libRTX_CM0.a(rt_event.o)
                                0x35b (size before relaxing)
 .debug_str     0x00002969       0xf4 /home/smolvik/CMSIS_5-5.4.0/CMSIS/RTOS/RTX/LIB/GCC/libRTX_CM0.a(rt_system.o)
                                0x4aa (size before relaxing)
 .debug_str     0x00002a5d       0x8a /home/smolvik/CMSIS_5-5.4.0/CMSIS/RTOS/RTX/LIB/GCC/libRTX_CM0.a(rt_task.o)
                                0x528 (size before relaxing)
 .debug_str     0x00002ae7        0xe /home/smolvik/CMSIS_5-5.4.0/CMSIS/RTOS/RTX/LIB/GCC/libRTX_CM0.a(rt_robin.o)
                                0x2ab (size before relaxing)

.comment        0x00000000       0x6e
 .comment       0x00000000       0x6e main.o
                                 0x6f (size before relaxing)
 .comment       0x0000006e       0x6f startup.o
 .comment       0x0000006e       0x6f mdb485.o
 .comment       0x0000006e       0x6f stubs.o
 .comment       0x0000006e       0x6f mdb232.o
 .comment       0x0000006e       0x6f xprintf.o
 .comment       0x0000006e       0x6f RTX_Conf_CM.o
 .comment       0x0000006e       0x6f system.o
 .comment       0x0000006e       0x6f ethfunc.o
 .comment       0x0000006e       0x6f network.o
 .comment       0x0000006e       0x6f crc.o
 .comment       0x0000006e       0x6f eeprom.o
 .comment       0x0000006e       0x6f param.o
 .comment       0x0000006e       0x6f modbus_udp.o
 .comment       0x0000006e       0x6f fsm.o
 .comment       0x0000006e       0x6f /home/smolvik/CMSIS_5-5.4.0/CMSIS/RTOS/RTX/LIB/GCC/libRTX_CM0.a(rt_cmsis.o)
 .comment       0x0000006e       0x6f /home/smolvik/CMSIS_5-5.4.0/CMSIS/RTOS/RTX/LIB/GCC/libRTX_CM0.a(hal_cm.o)
 .comment       0x0000006e       0x6f /home/smolvik/CMSIS_5-5.4.0/CMSIS/RTOS/RTX/LIB/GCC/libRTX_CM0.a(rt_memory.o)
 .comment       0x0000006e       0x6f /home/smolvik/CMSIS_5-5.4.0/CMSIS/RTOS/RTX/LIB/GCC/libRTX_CM0.a(rt_membox.o)
 .comment       0x0000006e       0x6f /home/smolvik/CMSIS_5-5.4.0/CMSIS/RTOS/RTX/LIB/GCC/libRTX_CM0.a(rt_mutex.o)
 .comment       0x0000006e       0x6f /home/smolvik/CMSIS_5-5.4.0/CMSIS/RTOS/RTX/LIB/GCC/libRTX_CM0.a(rt_time.o)
 .comment       0x0000006e       0x6f /home/smolvik/CMSIS_5-5.4.0/CMSIS/RTOS/RTX/LIB/GCC/libRTX_CM0.a(rt_semaphore.o)
 .comment       0x0000006e       0x6f /home/smolvik/CMSIS_5-5.4.0/CMSIS/RTOS/RTX/LIB/GCC/libRTX_CM0.a(rt_mailbox.o)
 .comment       0x0000006e       0x6f /home/smolvik/CMSIS_5-5.4.0/CMSIS/RTOS/RTX/LIB/GCC/libRTX_CM0.a(rt_list.o)
 .comment       0x0000006e       0x6f /home/smolvik/CMSIS_5-5.4.0/CMSIS/RTOS/RTX/LIB/GCC/libRTX_CM0.a(rt_event.o)
 .comment       0x0000006e       0x6f /home/smolvik/CMSIS_5-5.4.0/CMSIS/RTOS/RTX/LIB/GCC/libRTX_CM0.a(rt_system.o)
 .comment       0x0000006e       0x6f /home/smolvik/CMSIS_5-5.4.0/CMSIS/RTOS/RTX/LIB/GCC/libRTX_CM0.a(rt_task.o)
 .comment       0x0000006e       0x6f /home/smolvik/CMSIS_5-5.4.0/CMSIS/RTOS/RTX/LIB/GCC/libRTX_CM0.a(rt_robin.o)

.ARM.attributes
                0x00000000       0x2f
 .ARM.attributes
                0x00000000       0x31 main.o
 .ARM.attributes
                0x00000031       0x31 startup.o
 .ARM.attributes
                0x00000062       0x31 mdb485.o
 .ARM.attributes
                0x00000093       0x31 stubs.o
 .ARM.attributes
                0x000000c4       0x31 mdb232.o
 .ARM.attributes
                0x000000f5       0x31 xprintf.o
 .ARM.attributes
                0x00000126       0x31 RTX_Conf_CM.o
 .ARM.attributes
                0x00000157       0x31 system.o
 .ARM.attributes
                0x00000188       0x31 ethfunc.o
 .ARM.attributes
                0x000001b9       0x31 network.o
 .ARM.attributes
                0x000001ea       0x31 crc.o
 .ARM.attributes
                0x0000021b       0x31 eeprom.o
 .ARM.attributes
                0x0000024c       0x31 param.o
 .ARM.attributes
                0x0000027d       0x31 modbus_udp.o
 .ARM.attributes
                0x000002ae       0x31 fsm.o
 .ARM.attributes
                0x000002df       0x1e /home/smolvik/gcc-arm-none-eabi-5_4-2016q3/lib/gcc/arm-none-eabi/5.4.1/armv6-m//libgcc.a(_udivsi3.o)
 .ARM.attributes
                0x000002fd       0x1e /home/smolvik/gcc-arm-none-eabi-5_4-2016q3/lib/gcc/arm-none-eabi/5.4.1/armv6-m//libgcc.a(_divsi3.o)
 .ARM.attributes
                0x0000031b       0x1e /home/smolvik/gcc-arm-none-eabi-5_4-2016q3/lib/gcc/arm-none-eabi/5.4.1/armv6-m//libgcc.a(_dvmd_tls.o)
 .ARM.attributes
                0x00000339       0x2c /home/smolvik/gcc-arm-none-eabi-5_4-2016q3/arm-none-eabi/lib/armv6-m//libc.a(lib_a-abs.o)
 .ARM.attributes
                0x00000365       0x2c /home/smolvik/gcc-arm-none-eabi-5_4-2016q3/arm-none-eabi/lib/armv6-m//libc.a(lib_a-atexit.o)
 .ARM.attributes
                0x00000391       0x2c /home/smolvik/gcc-arm-none-eabi-5_4-2016q3/arm-none-eabi/lib/armv6-m//libc.a(lib_a-exit.o)
 .ARM.attributes
                0x000003bd       0x2c /home/smolvik/gcc-arm-none-eabi-5_4-2016q3/arm-none-eabi/lib/armv6-m//libc.a(lib_a-fini.o)
 .ARM.attributes
                0x000003e9       0x2c /home/smolvik/gcc-arm-none-eabi-5_4-2016q3/arm-none-eabi/lib/armv6-m//libc.a(lib_a-impure.o)
 .ARM.attributes
                0x00000415       0x2c /home/smolvik/gcc-arm-none-eabi-5_4-2016q3/arm-none-eabi/lib/armv6-m//libc.a(lib_a-init.o)
 .ARM.attributes
                0x00000441       0x2c /home/smolvik/gcc-arm-none-eabi-5_4-2016q3/arm-none-eabi/lib/armv6-m//libc.a(lib_a-memset.o)
 .ARM.attributes
                0x0000046d       0x2c /home/smolvik/gcc-arm-none-eabi-5_4-2016q3/arm-none-eabi/lib/armv6-m//libc.a(lib_a-reent.o)
 .ARM.attributes
                0x00000499       0x2c /home/smolvik/gcc-arm-none-eabi-5_4-2016q3/arm-none-eabi/lib/armv6-m//libc.a(lib_a-__atexit.o)
 .ARM.attributes
                0x000004c5       0x2c /home/smolvik/gcc-arm-none-eabi-5_4-2016q3/arm-none-eabi/lib/armv6-m//libc.a(lib_a-__call_atexit.o)
 .ARM.attributes
                0x000004f1       0x2c /home/smolvik/gcc-arm-none-eabi-5_4-2016q3/arm-none-eabi/lib/armv6-m//libc.a(lib_a-freer.o)
 .ARM.attributes
                0x0000051d       0x2c /home/smolvik/gcc-arm-none-eabi-5_4-2016q3/arm-none-eabi/lib/armv6-m//libc.a(lib_a-mallocr.o)
 .ARM.attributes
                0x00000549       0x2c /home/smolvik/gcc-arm-none-eabi-5_4-2016q3/arm-none-eabi/lib/armv6-m//libc.a(lib_a-mlock.o)
 .ARM.attributes
                0x00000575       0x2c /home/smolvik/gcc-arm-none-eabi-5_4-2016q3/arm-none-eabi/lib/armv6-m//libc.a(lib_a-sbrkr.o)
 .ARM.attributes
                0x000005a1       0x31 /home/smolvik/CMSIS_5-5.4.0/CMSIS/RTOS/RTX/LIB/GCC/libRTX_CM0.a(rt_cmsis.o)
 .ARM.attributes
                0x000005d2       0x31 /home/smolvik/CMSIS_5-5.4.0/CMSIS/RTOS/RTX/LIB/GCC/libRTX_CM0.a(hal_cm.o)
 .ARM.attributes
                0x00000603       0x31 /home/smolvik/CMSIS_5-5.4.0/CMSIS/RTOS/RTX/LIB/GCC/libRTX_CM0.a(rt_memory.o)
 .ARM.attributes
                0x00000634       0x31 /home/smolvik/CMSIS_5-5.4.0/CMSIS/RTOS/RTX/LIB/GCC/libRTX_CM0.a(rt_membox.o)
 .ARM.attributes
                0x00000665       0x31 /home/smolvik/CMSIS_5-5.4.0/CMSIS/RTOS/RTX/LIB/GCC/libRTX_CM0.a(rt_mutex.o)
 .ARM.attributes
                0x00000696       0x31 /home/smolvik/CMSIS_5-5.4.0/CMSIS/RTOS/RTX/LIB/GCC/libRTX_CM0.a(rt_time.o)
 .ARM.attributes
                0x000006c7       0x31 /home/smolvik/CMSIS_5-5.4.0/CMSIS/RTOS/RTX/LIB/GCC/libRTX_CM0.a(rt_semaphore.o)
 .ARM.attributes
                0x000006f8       0x31 /home/smolvik/CMSIS_5-5.4.0/CMSIS/RTOS/RTX/LIB/GCC/libRTX_CM0.a(rt_mailbox.o)
 .ARM.attributes
                0x00000729       0x31 /home/smolvik/CMSIS_5-5.4.0/CMSIS/RTOS/RTX/LIB/GCC/libRTX_CM0.a(rt_list.o)
 .ARM.attributes
                0x0000075a       0x31 /home/smolvik/CMSIS_5-5.4.0/CMSIS/RTOS/RTX/LIB/GCC/libRTX_CM0.a(rt_event.o)
 .ARM.attributes
                0x0000078b       0x31 /home/smolvik/CMSIS_5-5.4.0/CMSIS/RTOS/RTX/LIB/GCC/libRTX_CM0.a(rt_system.o)
 .ARM.attributes
                0x000007bc       0x31 /home/smolvik/CMSIS_5-5.4.0/CMSIS/RTOS/RTX/LIB/GCC/libRTX_CM0.a(rt_task.o)
 .ARM.attributes
                0x000007ed       0x21 /home/smolvik/CMSIS_5-5.4.0/CMSIS/RTOS/RTX/LIB/GCC/libRTX_CM0.a(hal_cm0.o)
 .ARM.attributes
                0x0000080e       0x21 /home/smolvik/CMSIS_5-5.4.0/CMSIS/RTOS/RTX/LIB/GCC/libRTX_CM0.a(svc_table.o)
 .ARM.attributes
                0x0000082f       0x31 /home/smolvik/CMSIS_5-5.4.0/CMSIS/RTOS/RTX/LIB/GCC/libRTX_CM0.a(rt_robin.o)
 .ARM.attributes
                0x00000860       0x1e /home/smolvik/gcc-arm-none-eabi-5_4-2016q3/lib/gcc/arm-none-eabi/5.4.1/armv6-m//libgcc.a(_aeabi_uldivmod.o)
 .ARM.attributes
                0x0000087e       0x2c /home/smolvik/gcc-arm-none-eabi-5_4-2016q3/lib/gcc/arm-none-eabi/5.4.1/armv6-m//libgcc.a(_muldi3.o)
 .ARM.attributes
                0x000008aa       0x2c /home/smolvik/gcc-arm-none-eabi-5_4-2016q3/lib/gcc/arm-none-eabi/5.4.1/armv6-m//libgcc.a(_udivmoddi4.o)
 .ARM.attributes
                0x000008d6       0x1e /home/smolvik/gcc-arm-none-eabi-5_4-2016q3/lib/gcc/arm-none-eabi/5.4.1/armv6-m//libgcc.a(_clzdi2.o)
 .ARM.attributes
                0x000008f4       0x1e /home/smolvik/gcc-arm-none-eabi-5_4-2016q3/lib/gcc/arm-none-eabi/5.4.1/armv6-m//libgcc.a(_clzsi2.o)

.svc_table      0x00000000        0x4
 .svc_table     0x00000000        0x4 /home/smolvik/CMSIS_5-5.4.0/CMSIS/RTOS/RTX/LIB/GCC/libRTX_CM0.a(svc_table.o)
                0x00000000                SVC_Count
                0x00000000                SVC_Table

.debug_frame    0x00000000     0x24fc
 .debug_frame   0x00000000      0x178 main.o
 .debug_frame   0x00000178       0x4c startup.o
 .debug_frame   0x000001c4      0x18c mdb485.o
 .debug_frame   0x00000350      0x260 stubs.o
 .debug_frame   0x000005b0      0x12c mdb232.o
 .debug_frame   0x000006dc      0x170 xprintf.o
 .debug_frame   0x0000084c       0x5c RTX_Conf_CM.o
 .debug_frame   0x000008a8      0x100 system.o
 .debug_frame   0x000009a8      0x168 ethfunc.o
 .debug_frame   0x00000b10      0x14c network.o
 .debug_frame   0x00000c5c       0x50 crc.o
 .debug_frame   0x00000cac       0xc8 eeprom.o