Archive member included to satisfy reference by file (symbol)

/home/smolvik/gcc-arm-none-eabi-5_4-2016q3/lib/gcc/arm-none-eabi/5.4.1/armv6-m//libgcc.a(_udivsi3.o)
                              xprintf.o (__aeabi_uidiv)
/home/smolvik/gcc-arm-none-eabi-5_4-2016q3/lib/gcc/arm-none-eabi/5.4.1/armv6-m//libgcc.a(_divsi3.o)
                              fsm.o (__aeabi_idiv)
/home/smolvik/gcc-arm-none-eabi-5_4-2016q3/lib/gcc/arm-none-eabi/5.4.1/armv6-m//libgcc.a(_dvmd_tls.o)
                              /home/smolvik/gcc-arm-none-eabi-5_4-2016q3/lib/gcc/arm-none-eabi/5.4.1/armv6-m//libgcc.a(_udivsi3.o) (__aeabi_idiv0)
/home/smolvik/gcc-arm-none-eabi-5_4-2016q3/arm-none-eabi/lib/armv6-m//libc.a(lib_a-atexit.o)
                              RTX_Conf_CM.o (atexit)
/home/smolvik/gcc-arm-none-eabi-5_4-2016q3/arm-none-eabi/lib/armv6-m//libc.a(lib_a-exit.o)
                              RTX_Conf_CM.o (exit)
/home/smolvik/gcc-arm-none-eabi-5_4-2016q3/arm-none-eabi/lib/armv6-m//libc.a(lib_a-fini.o)
                              RTX_Conf_CM.o (__libc_fini_array)
/home/smolvik/gcc-arm-none-eabi-5_4-2016q3/arm-none-eabi/lib/armv6-m//libc.a(lib_a-impure.o)
                              /home/smolvik/gcc-arm-none-eabi-5_4-2016q3/arm-none-eabi/lib/armv6-m//libc.a(lib_a-exit.o) (_global_impure_ptr)
/home/smolvik/gcc-arm-none-eabi-5_4-2016q3/arm-none-eabi/lib/armv6-m//libc.a(lib_a-init.o)
                              RTX_Conf_CM.o (__libc_init_array)
/home/smolvik/gcc-arm-none-eabi-5_4-2016q3/arm-none-eabi/lib/armv6-m//libc.a(lib_a-memset.o)
                              param.o (memset)
/home/smolvik/gcc-arm-none-eabi-5_4-2016q3/arm-none-eabi/lib/armv6-m//libc.a(lib_a-reent.o)
                              stubs.o (errno)
/home/smolvik/gcc-arm-none-eabi-5_4-2016q3/arm-none-eabi/lib/armv6-m//libc.a(lib_a-__atexit.o)
                              /home/smolvik/gcc-arm-none-eabi-5_4-2016q3/arm-none-eabi/lib/armv6-m//libc.a(lib_a-atexit.o) (__register_exitproc)
/home/smolvik/gcc-arm-none-eabi-5_4-2016q3/arm-none-eabi/lib/armv6-m//libc.a(lib_a-__call_atexit.o)
                              /home/smolvik/gcc-arm-none-eabi-5_4-2016q3/arm-none-eabi/lib/armv6-m//libc.a(lib_a-exit.o) (__call_exitprocs)
/home/smolvik/gcc-arm-none-eabi-5_4-2016q3/arm-none-eabi/lib/armv6-m//libc.a(lib_a-freer.o)
                              /home/smolvik/gcc-arm-none-eabi-5_4-2016q3/arm-none-eabi/lib/armv6-m//libc.a(lib_a-reent.o) (_free_r)
/home/smolvik/gcc-arm-none-eabi-5_4-2016q3/arm-none-eabi/lib/armv6-m//libc.a(lib_a-mallocr.o)
                              /home/smolvik/gcc-arm-none-eabi-5_4-2016q3/arm-none-eabi/lib/armv6-m//libc.a(lib_a-freer.o) (__malloc_current_mallinfo)
/home/smolvik/gcc-arm-none-eabi-5_4-2016q3/arm-none-eabi/lib/armv6-m//libc.a(lib_a-mlock.o)
                              /home/smolvik/gcc-arm-none-eabi-5_4-2016q3/arm-none-eabi/lib/armv6-m//libc.a(lib_a-freer.o) (__malloc_lock)
/home/smolvik/gcc-arm-none-eabi-5_4-2016q3/arm-none-eabi/lib/armv6-m//libc.a(lib_a-sbrkr.o)
                              /home/smolvik/gcc-arm-none-eabi-5_4-2016q3/arm-none-eabi/lib/armv6-m//libc.a(lib_a-freer.o) (_sbrk_r)
/home/smolvik/CMSIS_5-5.4.0/CMSIS/RTOS/RTX/LIB/GCC/libRTX_CM0.a(rt_cmsis.o)
                              main.o (osKernelInitialize)
/home/smolvik/CMSIS_5-5.4.0/CMSIS/RTOS/RTX/LIB/GCC/libRTX_CM0.a(hal_cm.o)
                              /home/smolvik/CMSIS_5-5.4.0/CMSIS/RTOS/RTX/LIB/GCC/libRTX_CM0.a(rt_cmsis.o) (rt_ret_val)
/home/smolvik/CMSIS_5-5.4.0/CMSIS/RTOS/RTX/LIB/GCC/libRTX_CM0.a(rt_memory.o)
                              /home/smolvik/CMSIS_5-5.4.0/CMSIS/RTOS/RTX/LIB/GCC/libRTX_CM0.a(rt_cmsis.o) (rt_init_mem)
/home/smolvik/CMSIS_5-5.4.0/CMSIS/RTOS/RTX/LIB/GCC/libRTX_CM0.a(rt_membox.o)
                              /home/smolvik/CMSIS_5-5.4.0/CMSIS/RTOS/RTX/LIB/GCC/libRTX_CM0.a(rt_cmsis.o) (_init_box)
/home/smolvik/CMSIS_5-5.4.0/CMSIS/RTOS/RTX/LIB/GCC/libRTX_CM0.a(rt_mutex.o)
                              /home/smolvik/CMSIS_5-5.4.0/CMSIS/RTOS/RTX/LIB/GCC/libRTX_CM0.a(rt_cmsis.o) (rt_mut_init)
/home/smolvik/CMSIS_5-5.4.0/CMSIS/RTOS/RTX/LIB/GCC/libRTX_CM0.a(rt_time.o)
                              /home/smolvik/CMSIS_5-5.4.0/CMSIS/RTOS/RTX/LIB/GCC/libRTX_CM0.a(rt_cmsis.o) (os_time)
/home/smolvik/CMSIS_5-5.4.0/CMSIS/RTOS/RTX/LIB/GCC/libRTX_CM0.a(rt_semaphore.o)
                              /home/smolvik/CMSIS_5-5.4.0/CMSIS/RTOS/RTX/LIB/GCC/libRTX_CM0.a(rt_cmsis.o) (rt_sem_init)
/home/smolvik/CMSIS_5-5.4.0/CMSIS/RTOS/RTX/LIB/GCC/libRTX_CM0.a(rt_mailbox.o)
                              /home/smolvik/CMSIS_5-5.4.0/CMSIS/RTOS/RTX/LIB/GCC/libRTX_CM0.a(rt_cmsis.o) (rt_mbx_init)
/home/smolvik/CMSIS_5-5.4.0/CMSIS/RTOS/RTX/LIB/GCC/libRTX_CM0.a(rt_list.o)
                              /home/smolvik/CMSIS_5-5.4.0/CMSIS/RTOS/RTX/LIB/GCC/libRTX_CM0.a(rt_cmsis.o) (rt_put_prio)
/home/smolvik/CMSIS_5-5.4.0/CMSIS/RTOS/RTX/LIB/GCC/libRTX_CM0.a(rt_event.o)
[...]
Memory Configuration

Name             Origin             Length             Attributes
RAM1             0x20000000         0x00008000         rw
RAM2             0x20100000         0x00004000         xrw
FLASH            0x00000000         0x00020000         xr
*default*        0x00000000         0xffffffff

Linker script and memory map


.text           0x00000000     0x9378
                0x00000000                . = ALIGN (0x4)
 *(.interrupt_vector)
 .interrupt_vector
                0x00000000       0xc0 startup.o
                0x00000000                table_interrupt_vector
 *(.init)
 *(.fini)
 *(.text)
 .text          0x000000c0      0x390 main.o
                0x00000138                dut_reset_off
                0x00000150                dut_reset_on
                0x00000168                dut_set_speed
                0x00000188                dut_set_torque
                0x000001a4                main
                0x00000240                TIMER1_Handler
                0x00000264                TIMER2_Handler
                0x000002b8                EXT_INT1_Handler
                0x000002dc                threadDUTProceed
                0x00000410                threadFSMProceed
 .text          0x00000450       0x98 startup.o
                0x00000450                Reset_Handler
                0x00000450                handler_reset
                0x000004e0                DMA_Handler
                0x000004e0                TIMER4_Handler
                0x000004e0                HardFault_Handler
                0x000004e0                ARINC429T2_Handler
                0x000004e0                NMI_Handler
                0x000004e0                ADC_Handler
                0x000004e0                WWDG_Handler
                0x000004e0                POWER_Handler
                0x000004e0                BKP_Handler
                0x000004e0                MIL_STD_1553B1_Handler
                0x000004e0                CAN2_Handler
                0x000004e0                TIMER3_Handler
                0x000004e0                default_handler
                0x000004e0                EXT_INT2_Handler
                0x000004e0                USB_Handler
                0x000004e0                ARINC429T4_Handler
                0x000004e0                EXT_INT4_Handler
                0x000004e0                MIL_STD_1553B2_Handler
                0x000004e0                CAN1_Handler
                0x000004e0                EXT_INT3_Handler
                0x000004e0                BUSY_Handler
                0x000004e0                ARINC429T3_Handler
                0x000004e0                SSP2_Handler
                0x000004e0                SSP3_Handler
                0x000004e0                ARINC429T1_Handler
                0x000004e0                ARINC429R_Handler
                0x000004e0                SSP1_Handler
 .text          0x000004e8      0x594 mdb485.o
                0x0000055c                mdb485_init
                0x000005bc                mdb485_send
                0x00000630                mdb485_putch
                0x0000065c                mdb485_writeregs
                0x000007a8                mdb485_readregs
                0x0000086c                mdb485_read_inputregs
                0x00000930                mdb485_get_func
                0x00000958                mdb485_get_crc
                0x00000994                mdb485_si30_get_counter
                0x00000a0c                UART2_Handler
 .text          0x00000a7c      0x2a4 stubs.o
                0x00000a7c                _exit
                0x00000a98                _close
                0x00000aac                _execve
                0x00000ad0                _fork
                0x00000ae8                _fstat
                0x00000b04                _getpid
                0x00000b10                _isatty
                0x00000b38                _kill
                0x00000b58                _link
                0x00000b78                _lseek
                0x00000b90                _sbrk
                0x00000c04                _read
                0x00000c38                _stat
                0x00000c54                _times
                0x00000c68                _unlink
                0x00000c88                _wait
                0x00000ca8                _write
                0x00000d08                _init
                0x00000d14                _fini
 .text          0x00000d20      0x3cc mdb232.o
                0x00000d94                mdb232_init
                0x00000e48                mdb232_read_inputregs
                0x00000f0c                mdb232_readregs
                0x00000fd0                mdb232_bikm_get_torque
                0x0000107c                UART1_Handler
 .text          0x000010ec      0x844 xprintf.o
                0x000010ec                xputc
                0x00001144                xputs
                0x0000116c                xfputs
                0x000014c8                xprintf
                0x000014f0                xsprintf
                0x00001534                xfprintf
                0x00001574                put_dump
                0x00001678                xgets
                0x00001718                xfgets
                0x00001754                xatoi
 .text          0x00001930       0x68 RTX_Conf_CM.o
                0x00001930                os_idle_demon
                0x00001938                os_error
                0x00001964                software_init_hook
 .text          0x00001998      0x480 system.o
                0x00001ae0                PortConfig
                0x00001c1c                ClkConfig
                0x00001d6c                TimerConfig
                0x00001de4                SystemInit
 .text          0x00001e18      0x770 ethfunc.o
                0x00001e4c                RemoteMacInit
                0x00001e80                PHYInit
                0x00001ee4                SetPHYReg
                0x00001f50                GetPHYReg
                0x00001fac                EthernetConfig
                0x00002018                MACReset
                0x00002108                ClearMemory
                0x00002140                ReadPacket
                0x0000232c                SendPacket
                0x0000252c                ETHERNET_Handler
 .text          0x00002588      0xad0 network.o
                0x00002588                network_config
                0x00002594                Answear_ARP
                0x0000267c                CheckSum_UDP
                0x000027dc                CheckSum_IP
                0x00002838                CheckSum_ICMP
                0x0000289c                Request_ICMP
                0x00002a80                Answear_ICMP
                0x00002be0                Send_UDP
                0x00002e20                PacketParser
                0x00002f68                threadPacketParser
 .text          0x00003058       0xe4 crc.o
                0x00003058                crc32
                0x000030ac                crc16
 .text          0x0000313c       0x38 eeprom.o
                0x0000313c                eeprom_on
                0x00003158                eeprom_off
 .text          0x00003174      0x2e0 param.o
                0x00003174                par_default
                0x000031cc                par_save
                0x00003228                par_verify
                0x00003288                par_read
                0x000032f0                par_update
                0x000033a0                par_mac
                0x000033dc                par_iploc
                0x00003418                par_iprem
 .text          0x00003454      0xc00 modbus_udp.o
                0x00003454                mdb_fifo_read
                0x000034ec                mdb_fifo_write
                0x00003578                mdb_get_testparam
                0x000037a0                mdb_get_holding_register
                0x00003f58                mdb_proc_adu
 .text          0x00004054      0x624 fsm.o
                0x00004054                fsm_get_mode
                0x00004068                fsm_get_cyccnt
 .text          0x00004678      0x114 /home/smolvik/gcc-arm-none-eabi-5_4-2016q3/lib/gcc/arm-none-eabi/5.4.1/armv6-m//libgcc.a(_udivsi3.o)
                0x00004678                __udivsi3
                0x00004678                __aeabi_uidiv
                0x00004784                __aeabi_uidivmod
 .text          0x0000478c      0x1d4 /home/smolvik/gcc-arm-none-eabi-5_4-2016q3/lib/gcc/arm-none-eabi/5.4.1/armv6-m//libgcc.a(_divsi3.o)
                0x0000478c                __aeabi_idiv
                0x0000478c                __divsi3
                0x00004958                __aeabi_idivmod
 .text          0x00004960        0x4 /home/smolvik/gcc-arm-none-eabi-5_4-2016q3/lib/gcc/arm-none-eabi/5.4.1/armv6-m//libgcc.a(_dvmd_tls.o)
                0x00004960                __aeabi_ldiv0
                0x00004960                __aeabi_idiv0
 .text          0x00004964        0x0 /home/smolvik/gcc-arm-none-eabi-5_4-2016q3/arm-none-eabi/lib/armv6-m//libc.a(lib_a-atexit.o)
 .text          0x00004964        0x0 /home/smolvik/gcc-arm-none-eabi-5_4-2016q3/arm-none-eabi/lib/armv6-m//libc.a(lib_a-exit.o)
 .text          0x00004964        0x0 /home/smolvik/gcc-arm-none-eabi-5_4-2016q3/arm-none-eabi/lib/armv6-m//libc.a(lib_a-fini.o)
 .text          0x00004964        0x0 /home/smolvik/gcc-arm-none-eabi-5_4-2016q3/arm-none-eabi/lib/armv6-m//libc.a(lib_a-impure.o)
 .text          0x00004964        0x0 /home/smolvik/gcc-arm-none-eabi-5_4-2016q3/arm-none-eabi/lib/armv6-m//libc.a(lib_a-init.o)
 .text          0x00004964        0x0 /home/smolvik/gcc-arm-none-eabi-5_4-2016q3/arm-none-eabi/lib/armv6-m//libc.a(lib_a-memset.o)
 .text          0x00004964        0x0 /home/smolvik/gcc-arm-none-eabi-5_4-2016q3/arm-none-eabi/lib/armv6-m//libc.a(lib_a-reent.o)
 .text          0x00004964        0x0 /home/smolvik/gcc-arm-none-eabi-5_4-2016q3/arm-none-eabi/lib/armv6-m//libc.a(lib_a-__atexit.o)
 .text          0x00004964        0x0 /home/smolvik/gcc-arm-none-eabi-5_4-2016q3/arm-none-eabi/lib/armv6-m//libc.a(lib_a-__call_atexit.o)
 .text          0x00004964        0x0 /home/smolvik/gcc-arm-none-eabi-5_4-2016q3/arm-none-eabi/lib/armv6-m//libc.a(lib_a-freer.o)
 .text          0x00004964        0x0 /home/smolvik/gcc-arm-none-eabi-5_4-2016q3/arm-none-eabi/lib/armv6-m//libc.a(lib_a-mallocr.o)
 .text          0x00004964        0x0 /home/smolvik/gcc-arm-none-eabi-5_4-2016q3/arm-none-eabi/lib/armv6-m//libc.a(lib_a-mlock.o)
 .text          0x00004964        0x0 /home/smolvik/gcc-arm-none-eabi-5_4-2016q3/arm-none-eabi/lib/armv6-m//libc.a(lib_a-sbrkr.o)
 .text          0x00004964        0x0 /home/smolvik/CMSIS_5-5.4.0/CMSIS/RTOS/RTX/LIB/GCC/libRTX_CM0.a(rt_cmsis.o)
 .text          0x00004964        0x0 /home/smolvik/CMSIS_5-5.4.0/CMSIS/RTOS/RTX/LIB/GCC/libRTX_CM0.a(hal_cm.o)
 .text          0x00004964        0x0 /home/smolvik/CMSIS_5-5.4.0/CMSIS/RTOS/RTX/LIB/GCC/libRTX_CM0.a(rt_memory.o)
 .text          0x00004964        0x0 /home/smolvik/CMSIS_5-5.4.0/CMSIS/RTOS/RTX/LIB/GCC/libRTX_CM0.a(rt_membox.o)
 .text          0x00004964        0x0 /home/smolvik/CMSIS_5-5.4.0/CMSIS/RTOS/RTX/LIB/GCC/libRTX_CM0.a(rt_mutex.o)
 .text          0x00004964        0x0 /home/smolvik/CMSIS_5-5.4.0/CMSIS/RTOS/RTX/LIB/GCC/libRTX_CM0.a(rt_time.o)
 .text          0x00004964        0x0 /home/smolvik/CMSIS_5-5.4.0/CMSIS/RTOS/RTX/LIB/GCC/libRTX_CM0.a(rt_semaphore.o)
 .text          0x00004964        0x0 /home/smolvik/CMSIS_5-5.4.0/CMSIS/RTOS/RTX/LIB/GCC/libRTX_CM0.a(rt_mailbox.o)
 .text          0x00004964        0x0 /home/smolvik/CMSIS_5-5.4.0/CMSIS/RTOS/RTX/LIB/GCC/libRTX_CM0.a(rt_list.o)
 .text          0x00004964        0x0 /home/smolvik/CMSIS_5-5.4.0/CMSIS/RTOS/RTX/LIB/GCC/libRTX_CM0.a(rt_event.o)
 .text          0x00004964        0x0 /home/smolvik/CMSIS_5-5.4.0/CMSIS/RTOS/RTX/LIB/GCC/libRTX_CM0.a(rt_system.o)
 .text          0x00004964        0x0 /home/smolvik/CMSIS_5-5.4.0/CMSIS/RTOS/RTX/LIB/GCC/libRTX_CM0.a(rt_task.o)
 .text          0x00004964      0x154 /home/smolvik/CMSIS_5-5.4.0/CMSIS/RTOS/RTX/LIB/GCC/libRTX_CM0.a(hal_cm0.o)
                0x00004964                rt_set_PSP
                0x0000496a                rt_get_PSP
                0x00004970                os_set_env
                0x0000498e                _alloc_box
                0x000049a8                _free_box
                0x000049c2                SVC_Handler
                0x00004a48                PendSV_Handler
                0x00004a4c                Sys_Switch
                0x00004a90                SysTick_Handler
                0x00004a96                OS_Tick_Handler
 .text          0x00004ab8        0x0 /home/smolvik/CMSIS_5-5.4.0/CMSIS/RTOS/RTX/LIB/GCC/libRTX_CM0.a(svc_table.o)
 .text          0x00004ab8        0x0 /home/smolvik/CMSIS_5-5.4.0/CMSIS/RTOS/RTX/LIB/GCC/libRTX_CM0.a(rt_robin.o)
 .text          0x00004ab8       0x40 /home/smolvik/gcc-arm-none-eabi-5_4-2016q3/lib/gcc/arm-none-eabi/5.4.1/armv6-m//libgcc.a(_aeabi_uldivmod.o)
                0x00004ab8                __aeabi_uldivmod
 .text          0x00004af8       0x58 /home/smolvik/gcc-arm-none-eabi-5_4-2016q3/lib/gcc/arm-none-eabi/5.4.1/armv6-m//libgcc.a(_muldi3.o)
                0x00004af8                __aeabi_lmul
                0x00004af8                __muldi3
 .text          0x00004b50      0x180 /home/smolvik/gcc-arm-none-eabi-5_4-2016q3/lib/gcc/arm-none-eabi/5.4.1/armv6-m//libgcc.a(_udivmoddi4.o)
                0x00004b50                __udivmoddi4
 .text          0x00004cd0       0x18 /home/smolvik/gcc-arm-none-eabi-5_4-2016q3/lib/gcc/arm-none-eabi/5.4.1/armv6-m//libgcc.a(_clzdi2.o)
                0x00004cd0                __clzdi2
 .text          0x00004ce8       0x3c /home/smolvik/gcc-arm-none-eabi-5_4-2016q3/lib/gcc/arm-none-eabi/5.4.1/armv6-m//libgcc.a(_clzsi2.o)
                0x00004ce8                __clzsi2
 *(.text*)
 .text.atexit   0x00004d24       0x10 /home/smolvik/gcc-arm-none-eabi-5_4-2016q3/arm-none-eabi/lib/armv6-m//libc.a(lib_a-atexit.o)
                0x00004d24                atexit
 .text.exit     0x00004d34       0x20 /home/smolvik/gcc-arm-none-eabi-5_4-2016q3/arm-none-eabi/lib/armv6-m//libc.a(lib_a-exit.o)
                0x00004d34                exit
 .text.__libc_fini_array
                0x00004d54       0x34 /home/smolvik/gcc-arm-none-eabi-5_4-2016q3/arm-none-eabi/lib/armv6-m//libc.a(lib_a-fini.o)
                0x00004d54                __libc_fini_array
 .text.__libc_init_array
                0x00004d88       0x48 /home/smolvik/gcc-arm-none-eabi-5_4-2016q3/arm-none-eabi/lib/armv6-m//libc.a(lib_a-init.o)
                0x00004d88                __libc_init_array
 .text.memset   0x00004dd0       0x8c /home/smolvik/gcc-arm-none-eabi-5_4-2016q3/arm-none-eabi/lib/armv6-m//libc.a(lib_a-memset.o)
                0x00004dd0                memset
 .text.cleanup_glue
                0x00004e5c       0x1c /home/smolvik/gcc-arm-none-eabi-5_4-2016q3/arm-none-eabi/lib/armv6-m//libc.a(lib_a-reent.o)
                0x00004e5c                cleanup_glue
 .text._reclaim_reent
                0x00004e78       0x94 /home/smolvik/gcc-arm-none-eabi-5_4-2016q3/arm-none-eabi/lib/armv6-m//libc.a(lib_a-reent.o)
                0x00004e78                _reclaim_reent
 .text.__register_exitproc
                0x00004f0c       0xd4 /home/smolvik/gcc-arm-none-eabi-5_4-2016q3/arm-none-eabi/lib/armv6-m//libc.a(lib_a-__atexit.o)
                0x00004f0c                __register_exitproc
 .text.startup.register_fini
                0x00004fe0       0x18 /home/smolvik/gcc-arm-none-eabi-5_4-2016q3/arm-none-eabi/lib/armv6-m//libc.a(lib_a-__call_atexit.o)
 .text.__call_exitprocs
                0x00004ff8       0xfc /home/smolvik/gcc-arm-none-eabi-5_4-2016q3/arm-none-eabi/lib/armv6-m//libc.a(lib_a-__call_atexit.o)
                0x00004ff8                __call_exitprocs
 .text._malloc_trim_r
                0x000050f4       0xa0 /home/smolvik/gcc-arm-none-eabi-5_4-2016q3/arm-none-eabi/lib/armv6-m//libc.a(lib_a-freer.o)
                0x000050f4                _malloc_trim_r
 .text._free_r  0x00005194      0x1c4 /home/smolvik/gcc-arm-none-eabi-5_4-2016q3/arm-none-eabi/lib/armv6-m//libc.a(lib_a-freer.o)
                0x00005194                _free_r
 .text._malloc_r
                0x00005358      0x554 /home/smolvik/gcc-arm-none-eabi-5_4-2016q3/arm-none-eabi/lib/armv6-m//libc.a(lib_a-mallocr.o)
                0x00005358                _malloc_r
 .text.__malloc_lock
                0x000058ac        0x4 /home/smolvik/gcc-arm-none-eabi-5_4-2016q3/arm-none-eabi/lib/armv6-m//libc.a(lib_a-mlock.o)
                0x000058ac                __malloc_lock
 .text.__malloc_unlock
                0x000058b0        0x4 /home/smolvik/gcc-arm-none-eabi-5_4-2016q3/arm-none-eabi/lib/armv6-m//libc.a(lib_a-mlock.o)
                0x000058b0                __malloc_unlock
 .text._sbrk_r  0x000058b4       0x24 /home/smolvik/gcc-arm-none-eabi-5_4-2016q3/arm-none-eabi/lib/armv6-m//libc.a(lib_a-sbrkr.o)
                0x000058b4                _sbrk_r
 .text.osThreadExit
                0x000058d8       0x18 /home/smolvik/CMSIS_5-5.4.0/CMSIS/RTOS/RTX/LIB/GCC/libRTX_CM0.a(rt_cmsis.o)
                0x000058d8                osThreadExit
 .text.svcKernelInitialize
                0x000058f0      0x114 /home/smolvik/CMSIS_5-5.4.0/CMSIS/RTOS/RTX/LIB/GCC/libRTX_CM0.a(rt_cmsis.o)
                0x000058f0                svcKernelInitialize
 .text.svcKernelStart
                0x00005a04       0x4c /home/smolvik/CMSIS_5-5.4.0/CMSIS/RTOS/RTX/LIB/GCC/libRTX_CM0.a(rt_cmsis.o)
                0x00005a04                svcKernelStart
 .text.svcKernelRunning
                0x00005a50        0xc /home/smolvik/CMSIS_5-5.4.0/CMSIS/RTOS/RTX/LIB/GCC/libRTX_CM0.a(rt_cmsis.o)
                0x00005a50                svcKernelRunning
 .text.svcKernelSysTick
                0x00005a5c       0x50 /home/smolvik/CMSIS_5-5.4.0/CMSIS/RTOS/RTX/LIB/GCC/libRTX_CM0.a(rt_cmsis.o)
                0x00005a5c                svcKernelSysTick
 .text.osKernelInitialize
                0x00005aac      0x138 /home/smolvik/CMSIS_5-5.4.0/CMSIS/RTOS/RTX/LIB/GCC/libRTX_CM0.a(rt_cmsis.o)
                0x00005aac                osKernelInitialize
 .text.osKernelStart
                0x00005be4       0x78 /home/smolvik/CMSIS_5-5.4.0/CMSIS/RTOS/RTX/LIB/GCC/libRTX_CM0.a(rt_cmsis.o)
                0x00005be4                osKernelStart
 .text.osKernelRunning
                0x00005c5c       0x28 /home/smolvik/CMSIS_5-5.4.0/CMSIS/RTOS/RTX/LIB/GCC/libRTX_CM0.a(rt_cmsis.o)
                0x00005c5c                osKernelRunning
 .text.osKernelSysTick
                0x00005c84       0x1c /home/smolvik/CMSIS_5-5.4.0/CMSIS/RTOS/RTX/LIB/GCC/libRTX_CM0.a(rt_cmsis.o)
                0x00005c84                osKernelSysTick
 .text.svcThreadCreate
                0x00005ca0       0x78 /home/smolvik/CMSIS_5-5.4.0/CMSIS/RTOS/RTX/LIB/GCC/libRTX_CM0.a(rt_cmsis.o)
                0x00005ca0                svcThreadCreate
 .text.svcThreadGetId
                0x00005d18       0x1c /home/smolvik/CMSIS_5-5.4.0/CMSIS/RTOS/RTX/LIB/GCC/libRTX_CM0.a(rt_cmsis.o)
                0x00005d18                svcThreadGetId
 .text.svcThreadTerminate
                0x00005d34       0x44 /home/smolvik/CMSIS_5-5.4.0/CMSIS/RTOS/RTX/LIB/GCC/libRTX_CM0.a(rt_cmsis.o)
                0x00005d34                svcThreadTerminate
 .text.svcThreadYield
                0x00005d78        0xc /home/smolvik/CMSIS_5-5.4.0/CMSIS/RTOS/RTX/LIB/GCC/libRTX_CM0.a(rt_cmsis.o)
                0x00005d78                svcThreadYield
 .text.svcThreadSetPriority
                0x00005d84       0x34 /home/smolvik/CMSIS_5-5.4.0/CMSIS/RTOS/RTX/LIB/GCC/libRTX_CM0.a(rt_cmsis.o)
                0x00005d84                svcThreadSetPriority
 .text.svcThreadGetPriority
                0x00005db8       0x18 /home/smolvik/CMSIS_5-5.4.0/CMSIS/RTOS/RTX/LIB/GCC/libRTX_CM0.a(rt_cmsis.o)
                0x00005db8                svcThreadGetPriority
 .text.osThreadCreate
                0x00005dd0       0xb0 /home/smolvik/CMSIS_5-5.4.0/CMSIS/RTOS/RTX/LIB/GCC/libRTX_CM0.a(rt_cmsis.o)
                0x00005dd0                osThreadCreate
 .text.osThreadGetId
                0x00005e80       0x1c /home/smolvik/CMSIS_5-5.4.0/CMSIS/RTOS/RTX/LIB/GCC/libRTX_CM0.a(rt_cmsis.o)
                0x00005e80                osThreadGetId
 .text.osThreadTerminate
                0x00005e9c       0x20 /home/smolvik/CMSIS_5-5.4.0/CMSIS/RTOS/RTX/LIB/GCC/libRTX_CM0.a(rt_cmsis.o)
                0x00005e9c                osThreadTerminate
 .text.osThreadYield
                0x00005ebc       0x20 /home/smolvik/CMSIS_5-5.4.0/CMSIS/RTOS/RTX/LIB/GCC/libRTX_CM0.a(rt_cmsis.o)
                0x00005ebc                osThreadYield
 .text.osThreadSetPriority
                0x00005edc       0x20 /home/smolvik/CMSIS_5-5.4.0/CMSIS/RTOS/RTX/LIB/GCC/libRTX_CM0.a(rt_cmsis.o)
                0x00005edc                osThreadSetPriority
 .text.osThreadGetPriority
                0x00005efc       0x20 /home/smolvik/CMSIS_5-5.4.0/CMSIS/RTOS/RTX/LIB/GCC/libRTX_CM0.a(rt_cmsis.o)
                0x00005efc                osThreadGetPriority
 .text.svcDelay
                0x00005f1c       0x60 /home/smolvik/CMSIS_5-5.4.0/CMSIS/RTOS/RTX/LIB/GCC/libRTX_CM0.a(rt_cmsis.o)
                0x00005f1c                svcDelay
 .text.osDelay  0x00005f7c       0x20 /home/smolvik/CMSIS_5-5.4.0/CMSIS/RTOS/RTX/LIB/GCC/libRTX_CM0.a(rt_cmsis.o)
                0x00005f7c                osDelay
 .text.osWait   0x00005f9c        0x8 /home/smolvik/CMSIS_5-5.4.0/CMSIS/RTOS/RTX/LIB/GCC/libRTX_CM0.a(rt_cmsis.o)
                0x00005f9c                osWait
 .text.svcTimerCreate
                0x00005fa4       0x3c /home/smolvik/CMSIS_5-5.4.0/CMSIS/RTOS/RTX/LIB/GCC/libRTX_CM0.a(rt_cmsis.o)
                0x00005fa4                svcTimerCreate
 .text.svcTimerStart
                0x00005fe0       0xe0 /home/smolvik/CMSIS_5-5.4.0/CMSIS/RTOS/RTX/LIB/GCC/libRTX_CM0.a(rt_cmsis.o)
                0x00005fe0                svcTimerStart
 .text.svcTimerStop
                0x000060c0       0x58 /home/smolvik/CMSIS_5-5.4.0/CMSIS/RTOS/RTX/LIB/GCC/libRTX_CM0.a(rt_cmsis.o)
                0x000060c0                svcTimerStop
 .text.svcTimerDelete
                0x00006118       0x60 /home/smolvik/CMSIS_5-5.4.0/CMSIS/RTOS/RTX/LIB/GCC/libRTX_CM0.a(rt_cmsis.o)
                0x00006118                svcTimerDelete
 .text.svcTimerCall
                0x00006178       0x20 /home/smolvik/CMSIS_5-5.4.0/CMSIS/RTOS/RTX/LIB/GCC/libRTX_CM0.a(rt_cmsis.o)
                0x00006178                svcTimerCall
 .text.sysTimerTick
                0x00006198       0xbc /home/smolvik/CMSIS_5-5.4.0/CMSIS/RTOS/RTX/LIB/GCC/libRTX_CM0.a(rt_cmsis.o)
                0x00006198                sysTimerTick
 .text.sysUserTimerWakeupTime
                0x00006254       0x18 /home/smolvik/CMSIS_5-5.4.0/CMSIS/RTOS/RTX/LIB/GCC/libRTX_CM0.a(rt_cmsis.o)
                0x00006254                sysUserTimerWakeupTime
 .text.sysUserTimerUpdate
                0x0000626c       0x40 /home/smolvik/CMSIS_5-5.4.0/CMSIS/RTOS/RTX/LIB/GCC/libRTX_CM0.a(rt_cmsis.o)
                0x0000626c                sysUserTimerUpdate
 .text.osTimerCreate
                0x000062ac       0x64 /home/smolvik/CMSIS_5-5.4.0/CMSIS/RTOS/RTX/LIB/GCC/libRTX_CM0.a(rt_cmsis.o)
                0x000062ac                osTimerCreate
 .text.osTimerStart
                0x00006310       0x20 /home/smolvik/CMSIS_5-5.4.0/CMSIS/RTOS/RTX/LIB/GCC/libRTX_CM0.a(rt_cmsis.o)
                0x00006310                osTimerStart
 .text.osTimerStop
                0x00006330       0x20 /home/smolvik/CMSIS_5-5.4.0/CMSIS/RTOS/RTX/LIB/GCC/libRTX_CM0.a(rt_cmsis.o)
                0x00006330                osTimerStop
 .text.osTimerDelete
                0x00006350       0x20 /home/smolvik/CMSIS_5-5.4.0/CMSIS/RTOS/RTX/LIB/GCC/libRTX_CM0.a(rt_cmsis.o)
                0x00006350                osTimerDelete
 .text.osTimerCall
                0x00006370       0x18 /home/smolvik/CMSIS_5-5.4.0/CMSIS/RTOS/RTX/LIB/GCC/libRTX_CM0.a(rt_cmsis.o)
                0x00006370                osTimerCall
 .text.osTimerThread
                0x00006388       0x38 /home/smolvik/CMSIS_5-5.4.0/CMSIS/RTOS/RTX/LIB/GCC/libRTX_CM0.a(rt_cmsis.o)
                0x00006388                osTimerThread
 .text.svcSignalSet
                0x000063c0       0x2c /home/smolvik/CMSIS_5-5.4.0/CMSIS/RTOS/RTX/LIB/GCC/libRTX_CM0.a(rt_cmsis.o)
                0x000063c0                svcSignalSet
 .text.svcSignalClear
                0x000063ec       0x2c /home/smolvik/CMSIS_5-5.4.0/CMSIS/RTOS/RTX/LIB/GCC/libRTX_CM0.a(rt_cmsis.o)
                0x000063ec                svcSignalClear
 .text.svcSignalWait
                0x00006418       0xf0 /home/smolvik/CMSIS_5-5.4.0/CMSIS/RTOS/RTX/LIB/GCC/libRTX_CM0.a(rt_cmsis.o)
                0x00006418                svcSignalWait
 .text.isrSignalSet
                0x00006508       0x2c /home/smolvik/CMSIS_5-5.4.0/CMSIS/RTOS/RTX/LIB/GCC/libRTX_CM0.a(rt_cmsis.o)
                0x00006508                isrSignalSet
 .text.osSignalSet
                0x00006534       0x40 /home/smolvik/CMSIS_5-5.4.0/CMSIS/RTOS/RTX/LIB/GCC/libRTX_CM0.a(rt_cmsis.o)
                0x00006534                osSignalSet
 .text.osSignalClear
                0x00006574       0x1c /home/smolvik/CMSIS_5-5.4.0/CMSIS/RTOS/RTX/LIB/GCC/libRTX_CM0.a(rt_cmsis.o)
                0x00006574                osSignalClear
 .text.osSignalWait
                0x00006590       0x2c /home/smolvik/CMSIS_5-5.4.0/CMSIS/RTOS/RTX/LIB/GCC/libRTX_CM0.a(rt_cmsis.o)
                0x00006590                osSignalWait
 .text.svcMutexCreate
                0x000065bc       0x20 /home/smolvik/CMSIS_5-5.4.0/CMSIS/RTOS/RTX/LIB/GCC/libRTX_CM0.a(rt_cmsis.o)
                0x000065bc                svcMutexCreate
 .text.svcMutexWait
                0x000065dc       0x8c /home/smolvik/CMSIS_5-5.4.0/CMSIS/RTOS/RTX/LIB/GCC/libRTX_CM0.a(rt_cmsis.o)
                0x000065dc                svcMutexWait
 .text.svcMutexRelease
                0x00006668       0x24 /home/smolvik/CMSIS_5-5.4.0/CMSIS/RTOS/RTX/LIB/GCC/libRTX_CM0.a(rt_cmsis.o)
                0x00006668                svcMutexRelease
 .text.svcMutexDelete
                0x0000668c       0x20 /home/smolvik/CMSIS_5-5.4.0/CMSIS/RTOS/RTX/LIB/GCC/libRTX_CM0.a(rt_cmsis.o)
                0x0000668c                svcMutexDelete
 .text.osMutexCreate
                0x000066ac       0x4c /home/smolvik/CMSIS_5-5.4.0/CMSIS/RTOS/RTX/LIB/GCC/libRTX_CM0.a(rt_cmsis.o)
                0x000066ac                osMutexCreate
 .text.osMutexWait
                0x000066f8       0x20 /home/smolvik/CMSIS_5-5.4.0/CMSIS/RTOS/RTX/LIB/GCC/libRTX_CM0.a(rt_cmsis.o)
                0x000066f8                osMutexWait
 .text.osMutexRelease
                0x00006718       0x20 /home/smolvik/CMSIS_5-5.4.0/CMSIS/RTOS/RTX/LIB/GCC/libRTX_CM0.a(rt_cmsis.o)
                0x00006718                osMutexRelease
 .text.osMutexDelete
                0x00006738       0x20 /home/smolvik/CMSIS_5-5.4.0/CMSIS/RTOS/RTX/LIB/GCC/libRTX_CM0.a(rt_cmsis.o)
                0x00006738                osMutexDelete
 .text.svcSemaphoreCreate
                0x00006758       0x2c /home/smolvik/CMSIS_5-5.4.0/CMSIS/RTOS/RTX/LIB/GCC/libRTX_CM0.a(rt_cmsis.o)
                0x00006758                svcSemaphoreCreate
 .text.svcSemaphoreWait
                0x00006784       0x88 /home/smolvik/CMSIS_5-5.4.0/CMSIS/RTOS/RTX/LIB/GCC/libRTX_CM0.a(rt_cmsis.o)
                0x00006784                svcSemaphoreWait
 .text.svcSemaphoreRelease
                0x0000680c       0x2c /home/smolvik/CMSIS_5-5.4.0/CMSIS/RTOS/RTX/LIB/GCC/libRTX_CM0.a(rt_cmsis.o)
                0x0000680c                svcSemaphoreRelease
 .text.svcSemaphoreDelete
                0x00006838       0x20 /home/smolvik/CMSIS_5-5.4.0/CMSIS/RTOS/RTX/LIB/GCC/libRTX_CM0.a(rt_cmsis.o)
                0x00006838                svcSemaphoreDelete
 .text.isrSemaphoreRelease
                0x00006858       0x2c /home/smolvik/CMSIS_5-5.4.0/CMSIS/RTOS/RTX/LIB/GCC/libRTX_CM0.a(rt_cmsis.o)
                0x00006858                isrSemaphoreRelease
 .text.osSemaphoreCreate
                0x00006884       0x54 /home/smolvik/CMSIS_5-5.4.0/CMSIS/RTOS/RTX/LIB/GCC/libRTX_CM0.a(rt_cmsis.o)
                0x00006884                osSemaphoreCreate
 .text.osSemaphoreWait
                0x000068d8       0x1c /home/smolvik/CMSIS_5-5.4.0/CMSIS/RTOS/RTX/LIB/GCC/libRTX_CM0.a(rt_cmsis.o)
                0x000068d8                osSemaphoreWait
 .text.osSemaphoreRelease
                0x000068f4       0x40 /home/smolvik/CMSIS_5-5.4.0/CMSIS/RTOS/RTX/LIB/GCC/libRTX_CM0.a(rt_cmsis.o)
                0x000068f4                osSemaphoreRelease
 .text.osSemaphoreDelete
                0x00006934       0x20 /home/smolvik/CMSIS_5-5.4.0/CMSIS/RTOS/RTX/LIB/GCC/libRTX_CM0.a(rt_cmsis.o)
                0x00006934                osSemaphoreDelete
 .text.svcPoolCreate
                0x00006954       0x30 /home/smolvik/CMSIS_5-5.4.0/CMSIS/RTOS/RTX/LIB/GCC/libRTX_CM0.a(rt_cmsis.o)
                0x00006954                svcPoolCreate
 .text.sysPoolAlloc
                0x00006984       0x10 /home/smolvik/CMSIS_5-5.4.0/CMSIS/RTOS/RTX/LIB/GCC/libRTX_CM0.a(rt_cmsis.o)
                0x00006984                sysPoolAlloc
 .text.sysPoolFree
                0x00006994       0x1c /home/smolvik/CMSIS_5-5.4.0/CMSIS/RTOS/RTX/LIB/GCC/libRTX_CM0.a(rt_cmsis.o)
                0x00006994                sysPoolFree
 .text.osPoolCreate
                0x000069b0       0x5c /home/smolvik/CMSIS_5-5.4.0/CMSIS/RTOS/RTX/LIB/GCC/libRTX_CM0.a(rt_cmsis.o)
                0x000069b0                osPoolCreate
 .text.osPoolAlloc
                0x00006a0c       0x2c /home/smolvik/CMSIS_5-5.4.0/CMSIS/RTOS/RTX/LIB/GCC/libRTX_CM0.a(rt_cmsis.o)
                0x00006a0c                osPoolAlloc
 .text.osPoolCAlloc
                0x00006a38       0x4c /home/smolvik/CMSIS_5-5.4.0/CMSIS/RTOS/RTX/LIB/GCC/libRTX_CM0.a(rt_cmsis.o)
                0x00006a38                osPoolCAlloc
 .text.osPoolFree
                0x00006a84       0x38 /home/smolvik/CMSIS_5-5.4.0/CMSIS/RTOS/RTX/LIB/GCC/libRTX_CM0.a(rt_cmsis.o)
                0x00006a84                osPoolFree
 .text.svcMessageCreate
                0x00006abc       0x2c /home/smolvik/CMSIS_5-5.4.0/CMSIS/RTOS/RTX/LIB/GCC/libRTX_CM0.a(rt_cmsis.o)
                0x00006abc                svcMessageCreate
 .text.svcMessagePut
                0x00006ae8       0x80 /home/smolvik/CMSIS_5-5.4.0/CMSIS/RTOS/RTX/LIB/GCC/libRTX_CM0.a(rt_cmsis.o)
                0x00006ae8                svcMessagePut
 .text.svcMessageGet
                0x00006b68       0x90 /home/smolvik/CMSIS_5-5.4.0/CMSIS/RTOS/RTX/LIB/GCC/libRTX_CM0.a(rt_cmsis.o)
                0x00006b68                svcMessageGet
 .text.isrMessagePut
                0x00006bf8       0x34 /home/smolvik/CMSIS_5-5.4.0/CMSIS/RTOS/RTX/LIB/GCC/libRTX_CM0.a(rt_cmsis.o)
                0x00006bf8                isrMessagePut
 .text.isrMessageGet
                0x00006c2c       0x44 /home/smolvik/CMSIS_5-5.4.0/CMSIS/RTOS/RTX/LIB/GCC/libRTX_CM0.a(rt_cmsis.o)
                0x00006c2c                isrMessageGet
 .text.osMessageCreate
                0x00006c70       0x58 /home/smolvik/CMSIS_5-5.4.0/CMSIS/RTOS/RTX/LIB/GCC/libRTX_CM0.a(rt_cmsis.o)
                0x00006c70                osMessageCreate
 .text.osMessagePut
                0x00006cc8       0x48 /home/smolvik/CMSIS_5-5.4.0/CMSIS/RTOS/RTX/LIB/GCC/libRTX_CM0.a(rt_cmsis.o)
                0x00006cc8                osMessagePut
 .text.osMessageGet
                0x00006d10       0x60 /home/smolvik/CMSIS_5-5.4.0/CMSIS/RTOS/RTX/LIB/GCC/libRTX_CM0.a(rt_cmsis.o)
                0x00006d10                osMessageGet
 .text.svcMailCreate
                0x00006d70       0x50 /home/smolvik/CMSIS_5-5.4.0/CMSIS/RTOS/RTX/LIB/GCC/libRTX_CM0.a(rt_cmsis.o)
                0x00006d70                svcMailCreate
 .text.sysMailAlloc
                0x00006dc0       0xac /home/smolvik/CMSIS_5-5.4.0/CMSIS/RTOS/RTX/LIB/GCC/libRTX_CM0.a(rt_cmsis.o)
                0x00006dc0                sysMailAlloc
 .text.sysMailFree
                0x00006e6c       0x78 /home/smolvik/CMSIS_5-5.4.0/CMSIS/RTOS/RTX/LIB/GCC/libRTX_CM0.a(rt_cmsis.o)
                0x00006e6c                sysMailFree
 .text.osMailCreate
                0x00006ee4       0x7c /home/smolvik/CMSIS_5-5.4.0/CMSIS/RTOS/RTX/LIB/GCC/libRTX_CM0.a(rt_cmsis.o)
                0x00006ee4                osMailCreate
 .text.osMailAlloc
                0x00006f60       0x38 /home/smolvik/CMSIS_5-5.4.0/CMSIS/RTOS/RTX/LIB/GCC/libRTX_CM0.a(rt_cmsis.o)
                0x00006f60                osMailAlloc
 .text.osMailCAlloc
                0x00006f98       0x60 /home/smolvik/CMSIS_5-5.4.0/CMSIS/RTOS/RTX/LIB/GCC/libRTX_CM0.a(rt_cmsis.o)
                0x00006f98                osMailCAlloc
 .text.osMailFree
                0x00006ff8       0x60 /home/smolvik/CMSIS_5-5.4.0/CMSIS/RTOS/RTX/LIB/GCC/libRTX_CM0.a(rt_cmsis.o)
                0x00006ff8                osMailFree
 .text.osMailPut
                0x00007058       0x58 /home/smolvik/CMSIS_5-5.4.0/CMSIS/RTOS/RTX/LIB/GCC/libRTX_CM0.a(rt_cmsis.o)
                0x00007058                osMailPut
 .text.osMailGet
                0x000070b0       0x50 /home/smolvik/CMSIS_5-5.4.0/CMSIS/RTOS/RTX/LIB/GCC/libRTX_CM0.a(rt_cmsis.o)
                0x000070b0                osMailGet
 .text.os_suspend
                0x00007100       0x10 /home/smolvik/CMSIS_5-5.4.0/CMSIS/RTOS/RTX/LIB/GCC/libRTX_CM0.a(rt_cmsis.o)
                0x00007100                os_suspend
 .text.os_resume
                0x00007110       0x10 /home/smolvik/CMSIS_5-5.4.0/CMSIS/RTOS/RTX/LIB/GCC/libRTX_CM0.a(rt_cmsis.o)
                0x00007110                os_resume
 .text.rt_init_stack
                0x00007120       0xb0 /home/smolvik/CMSIS_5-5.4.0/CMSIS/RTOS/RTX/LIB/GCC/libRTX_CM0.a(hal_cm.o)
                0x00007120                rt_init_stack
 .text.rt_ret_val
                0x000071d0        0x8 /home/smolvik/CMSIS_5-5.4.0/CMSIS/RTOS/RTX/LIB/GCC/libRTX_CM0.a(hal_cm.o)
                0x000071d0                rt_ret_val
 .text.rt_ret_val2
                0x000071d8        0x8 /home/smolvik/CMSIS_5-5.4.0/CMSIS/RTOS/RTX/LIB/GCC/libRTX_CM0.a(hal_cm.o)
                0x000071d8                rt_ret_val2
 .text.rt_init_mem
                0x000071e0       0x1c /home/smolvik/CMSIS_5-5.4.0/CMSIS/RTOS/RTX/LIB/GCC/libRTX_CM0.a(rt_memory.o)
                0x000071e0                rt_init_mem
 .text.rt_alloc_mem
                0x000071fc       0x44 /home/smolvik/CMSIS_5-5.4.0/CMSIS/RTOS/RTX/LIB/GCC/libRTX_CM0.a(rt_memory.o)
                0x000071fc                rt_alloc_mem
 .text.rt_free_mem
                0x00007240       0x3c /home/smolvik/CMSIS_5-5.4.0/CMSIS/RTOS/RTX/LIB/GCC/libRTX_CM0.a(rt_memory.o)
                0x00007240                rt_free_mem
 .text._init_box
                0x0000727c       0x58 /home/smolvik/CMSIS_5-5.4.0/CMSIS/RTOS/RTX/LIB/GCC/libRTX_CM0.a(rt_membox.o)
                0x0000727c                _init_box
 .text.rt_alloc_box
                0x000072d4       0x20 /home/smolvik/CMSIS_5-5.4.0/CMSIS/RTOS/RTX/LIB/GCC/libRTX_CM0.a(rt_membox.o)
                0x000072d4                rt_alloc_box
 .text._calloc_box
                0x000072f4       0x20 /home/smolvik/CMSIS_5-5.4.0/CMSIS/RTOS/RTX/LIB/GCC/libRTX_CM0.a(rt_membox.o)
                0x000072f4                _calloc_box
 .text.rt_free_box
                0x00007314       0x28 /home/smolvik/CMSIS_5-5.4.0/CMSIS/RTOS/RTX/LIB/GCC/libRTX_CM0.a(rt_membox.o)
                0x00007314                rt_free_box
 .text.rt_mut_init
                0x0000733c       0x10 /home/smolvik/CMSIS_5-5.4.0/CMSIS/RTOS/RTX/LIB/GCC/libRTX_CM0.a(rt_mutex.o)
                0x0000733c                rt_mut_init
 .text.rt_mut_delete
                0x0000734c       0xe0 /home/smolvik/CMSIS_5-5.4.0/CMSIS/RTOS/RTX/LIB/GCC/libRTX_CM0.a(rt_mutex.o)
                0x0000734c                rt_mut_delete
 .text.rt_mut_release
                0x0000742c      0x108 /home/smolvik/CMSIS_5-5.4.0/CMSIS/RTOS/RTX/LIB/GCC/libRTX_CM0.a(rt_mutex.o)
                0x0000742c                rt_mut_release
 .text.rt_mut_wait
                0x00007534       0x7c /home/smolvik/CMSIS_5-5.4.0/CMSIS/RTOS/RTX/LIB/GCC/libRTX_CM0.a(rt_mutex.o)
                0x00007534                rt_mut_wait
 .text.rt_time_get
                0x000075b0        0xc /home/smolvik/CMSIS_5-5.4.0/CMSIS/RTOS/RTX/LIB/GCC/libRTX_CM0.a(rt_time.o)
                0x000075b0                rt_time_get
 .text.rt_dly_wait
                0x000075bc        0xc /home/smolvik/CMSIS_5-5.4.0/CMSIS/RTOS/RTX/LIB/GCC/libRTX_CM0.a(rt_time.o)
                0x000075bc                rt_dly_wait
 .text.rt_itv_set
                0x000075c8       0x18 /home/smolvik/CMSIS_5-5.4.0/CMSIS/RTOS/RTX/LIB/GCC/libRTX_CM0.a(rt_time.o)
                0x000075c8                rt_itv_set
 .text.rt_itv_wait
                0x000075e0       0x2c /home/smolvik/CMSIS_5-5.4.0/CMSIS/RTOS/RTX/LIB/GCC/libRTX_CM0.a(rt_time.o)
                0x000075e0                rt_itv_wait
 .text.rt_sem_init
                0x0000760c        0xc /home/smolvik/CMSIS_5-5.4.0/CMSIS/RTOS/RTX/LIB/GCC/libRTX_CM0.a(rt_semaphore.o)
                0x0000760c                rt_sem_init
 .text.rt_sem_delete
                0x00007618       0x68 /home/smolvik/CMSIS_5-5.4.0/CMSIS/RTOS/RTX/LIB/GCC/libRTX_CM0.a(rt_semaphore.o)
                0x00007618                rt_sem_delete
 .text.rt_sem_send
                0x00007680       0x2c /home/smolvik/CMSIS_5-5.4.0/CMSIS/RTOS/RTX/LIB/GCC/libRTX_CM0.a(rt_semaphore.o)
                0x00007680                rt_sem_send
 .text.rt_sem_wait
                0x000076ac       0x44 /home/smolvik/CMSIS_5-5.4.0/CMSIS/RTOS/RTX/LIB/GCC/libRTX_CM0.a(rt_semaphore.o)
                0x000076ac                rt_sem_wait
 .text.isr_sem_send
                0x000076f0       0x10 /home/smolvik/CMSIS_5-5.4.0/CMSIS/RTOS/RTX/LIB/GCC/libRTX_CM0.a(rt_semaphore.o)
                0x000076f0                isr_sem_send
 .text.rt_sem_psh
                0x00007700       0x34 /home/smolvik/CMSIS_5-5.4.0/CMSIS/RTOS/RTX/LIB/GCC/libRTX_CM0.a(rt_semaphore.o)
                0x00007700                rt_sem_psh
 .text.rt_mbx_init
                0x00007734       0x1c /home/smolvik/CMSIS_5-5.4.0/CMSIS/RTOS/RTX/LIB/GCC/libRTX_CM0.a(rt_mailbox.o)
                0x00007734                rt_mbx_init
 .text.rt_mbx_send
                0x00007750       0x98 /home/smolvik/CMSIS_5-5.4.0/CMSIS/RTOS/RTX/LIB/GCC/libRTX_CM0.a(rt_mailbox.o)
                0x00007750                rt_mbx_send
 .text.rt_mbx_wait
                0x000077e8       0xb8 /home/smolvik/CMSIS_5-5.4.0/CMSIS/RTOS/RTX/LIB/GCC/libRTX_CM0.a(rt_mailbox.o)
                0x000077e8                rt_mbx_wait
 .text.rt_mbx_check
                0x000078a0        0x8 /home/smolvik/CMSIS_5-5.4.0/CMSIS/RTOS/RTX/LIB/GCC/libRTX_CM0.a(rt_mailbox.o)
                0x000078a0                rt_mbx_check
 .text.isr_mbx_send
                0x000078a8        0xc /home/smolvik/CMSIS_5-5.4.0/CMSIS/RTOS/RTX/LIB/GCC/libRTX_CM0.a(rt_mailbox.o)
                0x000078a8                isr_mbx_send
 .text.isr_mbx_receive
                0x000078b4       0x58 /home/smolvik/CMSIS_5-5.4.0/CMSIS/RTOS/RTX/LIB/GCC/libRTX_CM0.a(rt_mailbox.o)
                0x000078b4                isr_mbx_receive
 .text.rt_mbx_psh
                0x0000790c       0xdc /home/smolvik/CMSIS_5-5.4.0/CMSIS/RTOS/RTX/LIB/GCC/libRTX_CM0.a(rt_mailbox.o)
                0x0000790c                rt_mbx_psh
 .text.rt_put_prio
                0x000079e8       0x4c /home/smolvik/CMSIS_5-5.4.0/CMSIS/RTOS/RTX/LIB/GCC/libRTX_CM0.a(rt_list.o)
                0x000079e8                rt_put_prio
 .text.rt_get_first
                0x00007a34       0x28 /home/smolvik/CMSIS_5-5.4.0/CMSIS/RTOS/RTX/LIB/GCC/libRTX_CM0.a(rt_list.o)
                0x00007a34                rt_get_first
 .text.rt_put_rdy_first
                0x00007a5c       0x14 /home/smolvik/CMSIS_5-5.4.0/CMSIS/RTOS/RTX/LIB/GCC/libRTX_CM0.a(rt_list.o)
                0x00007a5c                rt_put_rdy_first
 .text.rt_get_same_rdy_prio
                0x00007a70       0x24 /home/smolvik/CMSIS_5-5.4.0/CMSIS/RTOS/RTX/LIB/GCC/libRTX_CM0.a(rt_list.o)
                0x00007a70                rt_get_same_rdy_prio
 .text.rt_resort_prio
                0x00007a94       0x90 /home/smolvik/CMSIS_5-5.4.0/CMSIS/RTOS/RTX/LIB/GCC/libRTX_CM0.a(rt_list.o)
                0x00007a94                rt_resort_prio
 .text.rt_put_dly
                0x00007b24       0x64 /home/smolvik/CMSIS_5-5.4.0/CMSIS/RTOS/RTX/LIB/GCC/libRTX_CM0.a(rt_list.o)
                0x00007b24                rt_put_dly
 .text.rt_dec_dly
                0x00007b88       0xf0 /home/smolvik/CMSIS_5-5.4.0/CMSIS/RTOS/RTX/LIB/GCC/libRTX_CM0.a(rt_list.o)
                0x00007b88                rt_dec_dly
 .text.rt_rmv_list
                0x00007c78       0x2c /home/smolvik/CMSIS_5-5.4.0/CMSIS/RTOS/RTX/LIB/GCC/libRTX_CM0.a(rt_list.o)
                0x00007c78                rt_rmv_list
 .text.rt_rmv_dly
                0x00007ca4       0x2c /home/smolvik/CMSIS_5-5.4.0/CMSIS/RTOS/RTX/LIB/GCC/libRTX_CM0.a(rt_list.o)
                0x00007ca4                rt_rmv_dly
 .text.rt_psq_enq
                0x00007cd0       0x44 /home/smolvik/CMSIS_5-5.4.0/CMSIS/RTOS/RTX/LIB/GCC/libRTX_CM0.a(rt_list.o)
                0x00007cd0                rt_psq_enq
 .text.rt_evt_wait
                0x00007d14       0x48 /home/smolvik/CMSIS_5-5.4.0/CMSIS/RTOS/RTX/LIB/GCC/libRTX_CM0.a(rt_event.o)
                0x00007d14                rt_evt_wait
 .text.rt_evt_set
                0x00007d5c       0x58 /home/smolvik/CMSIS_5-5.4.0/CMSIS/RTOS/RTX/LIB/GCC/libRTX_CM0.a(rt_event.o)
                0x00007d5c                rt_evt_set
 .text.rt_evt_clr
                0x00007db4       0x18 /home/smolvik/CMSIS_5-5.4.0/CMSIS/RTOS/RTX/LIB/GCC/libRTX_CM0.a(rt_event.o)
                0x00007db4                rt_evt_clr
 .text.isr_evt_set
                0x00007dcc       0x20 /home/smolvik/CMSIS_5-5.4.0/CMSIS/RTOS/RTX/LIB/GCC/libRTX_CM0.a(rt_event.o)
                0x00007dcc                isr_evt_set
 .text.rt_evt_get
                0x00007dec        0xc /home/smolvik/CMSIS_5-5.4.0/CMSIS/RTOS/RTX/LIB/GCC/libRTX_CM0.a(rt_event.o)
                0x00007dec                rt_evt_get
 .text.rt_evt_psh
                0x00007df8       0x50 /home/smolvik/CMSIS_5-5.4.0/CMSIS/RTOS/RTX/LIB/GCC/libRTX_CM0.a(rt_event.o)
                0x00007df8                rt_evt_psh
 .text.rt_suspend
                0x00007e48       0x90 /home/smolvik/CMSIS_5-5.4.0/CMSIS/RTOS/RTX/LIB/GCC/libRTX_CM0.a(rt_system.o)
                0x00007e48                rt_suspend
 .text.rt_resume
                0x00007ed8       0xf8 /home/smolvik/CMSIS_5-5.4.0/CMSIS/RTOS/RTX/LIB/GCC/libRTX_CM0.a(rt_system.o)
                0x00007ed8                rt_resume
 .text.rt_tsk_lock
                0x00007fd0       0x64 /home/smolvik/CMSIS_5-5.4.0/CMSIS/RTOS/RTX/LIB/GCC/libRTX_CM0.a(rt_system.o)
                0x00007fd0                rt_tsk_lock
 .text.rt_tsk_unlock
                0x00008034       0x64 /home/smolvik/CMSIS_5-5.4.0/CMSIS/RTOS/RTX/LIB/GCC/libRTX_CM0.a(rt_system.o)
                0x00008034                rt_tsk_unlock
 .text.rt_psh_req
                0x00008098       0x20 /home/smolvik/CMSIS_5-5.4.0/CMSIS/RTOS/RTX/LIB/GCC/libRTX_CM0.a(rt_system.o)
                0x00008098                rt_psh_req
 .text.rt_pop_req
                0x000080b8       0x80 /home/smolvik/CMSIS_5-5.4.0/CMSIS/RTOS/RTX/LIB/GCC/libRTX_CM0.a(rt_system.o)
                0x000080b8                rt_pop_req
 .text.os_tick_init
                0x00008138       0x3c /home/smolvik/CMSIS_5-5.4.0/CMSIS/RTOS/RTX/LIB/GCC/libRTX_CM0.a(rt_system.o)
                0x00008138                os_tick_init
 .text.os_tick_val
                0x00008174       0x14 /home/smolvik/CMSIS_5-5.4.0/CMSIS/RTOS/RTX/LIB/GCC/libRTX_CM0.a(rt_system.o)
                0x00008174                os_tick_val
 .text.os_tick_ovf
                0x00008188       0x10 /home/smolvik/CMSIS_5-5.4.0/CMSIS/RTOS/RTX/LIB/GCC/libRTX_CM0.a(rt_system.o)
                0x00008188                os_tick_ovf
 .text.os_tick_irqack
                0x00008198        0x4 /home/smolvik/CMSIS_5-5.4.0/CMSIS/RTOS/RTX/LIB/GCC/libRTX_CM0.a(rt_system.o)
                0x00008198                os_tick_irqack
 .text.rt_systick
                0x0000819c       0x3c /home/smolvik/CMSIS_5-5.4.0/CMSIS/RTOS/RTX/LIB/GCC/libRTX_CM0.a(rt_system.o)
                0x0000819c                rt_systick
 .text.rt_stk_check
                0x000081d8       0x28 /home/smolvik/CMSIS_5-5.4.0/CMSIS/RTOS/RTX/LIB/GCC/libRTX_CM0.a(rt_system.o)
                0x000081d8                rt_stk_check
 .text.rt_switch_req
                0x00008200       0x10 /home/smolvik/CMSIS_5-5.4.0/CMSIS/RTOS/RTX/LIB/GCC/libRTX_CM0.a(rt_task.o)
                0x00008200                rt_switch_req
 .text.rt_dispatch
                0x00008210       0x4c /home/smolvik/CMSIS_5-5.4.0/CMSIS/RTOS/RTX/LIB/GCC/libRTX_CM0.a(rt_task.o)
                0x00008210                rt_dispatch
 .text.rt_block
                0x0000825c       0x38 /home/smolvik/CMSIS_5-5.4.0/CMSIS/RTOS/RTX/LIB/GCC/libRTX_CM0.a(rt_task.o)
                0x0000825c                rt_block
 .text.rt_tsk_pass
                0x00008294       0x2c /home/smolvik/CMSIS_5-5.4.0/CMSIS/RTOS/RTX/LIB/GCC/libRTX_CM0.a(rt_task.o)
                0x00008294                rt_tsk_pass
 .text.rt_tsk_self
                0x000082c0       0x14 /home/smolvik/CMSIS_5-5.4.0/CMSIS/RTOS/RTX/LIB/GCC/libRTX_CM0.a(rt_task.o)
                0x000082c0                rt_tsk_self
 .text.rt_tsk_prio
                0x000082d4       0xb8 /home/smolvik/CMSIS_5-5.4.0/CMSIS/RTOS/RTX/LIB/GCC/libRTX_CM0.a(rt_task.o)
                0x000082d4                rt_tsk_prio
 .text.rt_tsk_create
                0x0000838c       0xf4 /home/smolvik/CMSIS_5-5.4.0/CMSIS/RTOS/RTX/LIB/GCC/libRTX_CM0.a(rt_task.o)
                0x0000838c                rt_tsk_create
 .text.rt_tsk_delete
                0x00008480      0x18c /home/smolvik/CMSIS_5-5.4.0/CMSIS/RTOS/RTX/LIB/GCC/libRTX_CM0.a(rt_task.o)
                0x00008480                rt_tsk_delete
 .text.rt_sys_init
                0x0000860c       0xf0 /home/smolvik/CMSIS_5-5.4.0/CMSIS/RTOS/RTX/LIB/GCC/libRTX_CM0.a(rt_task.o)
                0x0000860c                rt_sys_init
 .text.rt_sys_start
                0x000086fc       0x70 /home/smolvik/CMSIS_5-5.4.0/CMSIS/RTOS/RTX/LIB/GCC/libRTX_CM0.a(rt_task.o)
                0x000086fc                rt_sys_start
 .text.rt_init_robin
                0x0000876c       0x18 /home/smolvik/CMSIS_5-5.4.0/CMSIS/RTOS/RTX/LIB/GCC/libRTX_CM0.a(rt_robin.o)
                0x0000876c                rt_init_robin
 .text.rt_chk_robin
                0x00008784       0x4c /home/smolvik/CMSIS_5-5.4.0/CMSIS/RTOS/RTX/LIB/GCC/libRTX_CM0.a(rt_robin.o)
                0x00008784                rt_chk_robin
 .text.rt_chk_robin.__stub
                0x000087d0       0x30 linker stubs
 *(.rodata)
 .rodata        0x00008800       0x3c main.o
                0x00008800                threadPacketParserDef
                0x00008810                threadFSMProceedDef
                0x00008820                threadDUTProceedDef
                0x00008830                message_def
                0x00008838                os_mutex_def_MutexMdbReg
 .rodata        0x0000883c       0x22 stubs.o
 *fill*         0x0000885e        0x2 
 .rodata        0x00008860       0x7b xprintf.o
 *fill*         0x000088db        0x1 
 .rodata        0x000088dc       0x68 RTX_Conf_CM.o
                0x000088dc                os_maxtaskrun
                0x000088e0                os_stackinfo
                0x000088e4                os_rrobin
                0x000088e8                os_tickfreq
                0x000088ec                os_tickus_i
                0x000088ee                os_tickus_f
                0x000088f0                os_trv
                0x000088f4                os_flags
                0x000088f8                CMSIS_RTOS_API_Version
                0x000088fc                CMSIS_RTOS_RTX_Version
                0x00008900                os_clockrate
                0x00008904                os_timernum
                0x00008908                mp_tcb_size
                0x0000890c                mp_stk_size
                0x00008910                os_stack_sz
                0x00008914                os_fifo_size
                0x00008918                os_thread_def_osTimerThread
                0x00008928                os_messageQ_def_osTimerMessageQ
                0x00008930                mp_tmr_size
                0x00008934                os_thread_def_main
 .rodata        0x00008944        0x8 network.o
                0x00008944                os_mutex_def_readpackMutex
                0x00008948                os_mutex_def_sendpackMutex
 .rodata        0x0000894c      0x600 crc.o
                0x0000894c                crc_table
                0x00008d4c                crc_table_low
                0x00008e4c                crc_table_high
 .rodata        0x00008f4c       0x14 param.o
                0x00008f4c                defBsiParam
 .rodata        0x00008f60      0x414 modbus_udp.o
                0x00008f60                device_additional_info
                0x00008f74                proc_PDU_table
 *(.rodata*)
 .rodata._global_impure_ptr
                0x00009374        0x4 /home/smolvik/gcc-arm-none-eabi-5_4-2016q3/arm-none-eabi/lib/armv6-m//libc.a(lib_a-impure.o)
                0x00009374                _global_impure_ptr
                0x00009378                . = ALIGN (0x4)

.glue_7         0x00009378        0x0
 .glue_7        0x00009378        0x0 linker stubs

.glue_7t        0x00009378        0x0
 .glue_7t       0x00009378        0x0 linker stubs

.vfp11_veneer   0x00009378        0x0
 .vfp11_veneer  0x00009378        0x0 linker stubs

.v4_bx          0x00009378        0x0
 .v4_bx         0x00009378        0x0 linker stubs

.iplt           0x00009378        0x0
 .iplt          0x00009378        0x0 main.o

.ARM.exidx      0x00009378        0x8
                0x00009378                . = ALIGN (0x4)
 *(.ARM.exidx)
 .ARM.exidx     0x00009378        0x8 /home/smolvik/CMSIS_5-5.4.0/CMSIS/RTOS/RTX/LIB/GCC/libRTX_CM0.a(hal_cm0.o)
                                 0x48 (size before relaxing)
 .ARM.exidx     0x00009380        0x0 /home/smolvik/gcc-arm-none-eabi-5_4-2016q3/lib/gcc/arm-none-eabi/5.4.1/armv6-m//libgcc.a(_udivmoddi4.o)
                                  0x8 (size before relaxing)
                0x00009380                . = ALIGN (0x4)
                0x00009380                _data_flash = .

.data           0x20000000      0x858 load address 0x00009380
                0x20000000                . = ALIGN (0x4)
                0x20000000                _data_begin = .
 *(.data)
 .data          0x20000000        0x0 main.o
 .data          0x20000000        0x0 startup.o
 .data          0x20000000        0x0 mdb485.o
 .data          0x20000000        0x4 stubs.o
                0x20000000                environ
 .data          0x20000004        0x0 mdb232.o
 .data          0x20000004        0x0 xprintf.o
 .data          0x20000004        0x0 RTX_Conf_CM.o
 .data          0x20000004        0x0 system.o
 .data          0x20000004        0x6 ethfunc.o
                0x20000004                MyMAC
 *fill*         0x2000000a        0x2 
 .data          0x2000000c        0x4 network.o
                0x2000000c                MyIPAddress
 .data          0x20000010        0x0 crc.o
 .data          0x20000010        0x0 eeprom.o
 .data          0x20000010        0x0 param.o
 .data          0x20000010        0x0 modbus_udp.o
 .data          0x20000010        0x4 fsm.o
                0x20000010                fsmproc
 .data          0x20000014        0x0 /home/smolvik/gcc-arm-none-eabi-5_4-2016q3/lib/gcc/arm-none-eabi/5.4.1/armv6-m//libgcc.a(_udivsi3.o)
 .data          0x20000014        0x0 /home/smolvik/gcc-arm-none-eabi-5_4-2016q3/lib/gcc/arm-none-eabi/5.4.1/armv6-m//libgcc.a(_divsi3.o)
 .data          0x20000014        0x0 /home/smolvik/gcc-arm-none-eabi-5_4-2016q3/lib/gcc/arm-none-eabi/5.4.1/armv6-m//libgcc.a(_dvmd_tls.o)
 .data          0x20000014        0x0 /home/smolvik/gcc-arm-none-eabi-5_4-2016q3/arm-none-eabi/lib/armv6-m//libc.a(lib_a-atexit.o)
 .data          0x20000014        0x0 /home/smolvik/gcc-arm-none-eabi-5_4-2016q3/arm-none-eabi/lib/armv6-m//libc.a(lib_a-exit.o)
 .data          0x20000014        0x0 /home/smolvik/gcc-arm-none-eabi-5_4-2016q3/arm-none-eabi/lib/armv6-m//libc.a(lib_a-fini.o)
 .data          0x20000014        0x0 /home/smolvik/gcc-arm-none-eabi-5_4-2016q3/arm-none-eabi/lib/armv6-m//libc.a(lib_a-impure.o)
 .data          0x20000014        0x0 /home/smolvik/gcc-arm-none-eabi-5_4-2016q3/arm-none-eabi/lib/armv6-m//libc.a(lib_a-init.o)
 .data          0x20000014        0x0 /home/smolvik/gcc-arm-none-eabi-5_4-2016q3/arm-none-eabi/lib/armv6-m//libc.a(lib_a-memset.o)
 .data          0x20000014        0x0 /home/smolvik/gcc-arm-none-eabi-5_4-2016q3/arm-none-eabi/lib/armv6-m//libc.a(lib_a-reent.o)
 .data          0x20000014        0x0 /home/smolvik/gcc-arm-none-eabi-5_4-2016q3/arm-none-eabi/lib/armv6-m//libc.a(lib_a-__atexit.o)
 .data          0x20000014        0x0 /home/smolvik/gcc-arm-none-eabi-5_4-2016q3/arm-none-eabi/lib/armv6-m//libc.a(lib_a-__call_atexit.o)
 .data          0x20000014        0x0 /home/smolvik/gcc-arm-none-eabi-5_4-2016q3/arm-none-eabi/lib/armv6-m//libc.a(lib_a-freer.o)
 .data          0x20000014        0x0 /home/smolvik/gcc-arm-none-eabi-5_4-2016q3/arm-none-eabi/lib/armv6-m//libc.a(lib_a-mallocr.o)
 .data          0x20000014        0x0 /home/smolvik/gcc-arm-none-eabi-5_4-2016q3/arm-none-eabi/lib/armv6-m//libc.a(lib_a-mlock.o)
 .data          0x20000014        0x0 /home/smolvik/gcc-arm-none-eabi-5_4-2016q3/arm-none-eabi/lib/armv6-m//libc.a(lib_a-sbrkr.o)
 .data          0x20000014        0x0 /home/smolvik/CMSIS_5-5.4.0/CMSIS/RTOS/RTX/LIB/GCC/libRTX_CM0.a(rt_cmsis.o)
 .data          0x20000014        0x0 /home/smolvik/CMSIS_5-5.4.0/CMSIS/RTOS/RTX/LIB/GCC/libRTX_CM0.a(hal_cm.o)
 .data          0x20000014        0x0 /home/smolvik/CMSIS_5-5.4.0/CMSIS/RTOS/RTX/LIB/GCC/libRTX_CM0.a(rt_memory.o)
 .data          0x20000014        0x0 /home/smolvik/CMSIS_5-5.4.0/CMSIS/RTOS/RTX/LIB/GCC/libRTX_CM0.a(rt_membox.o)
 .data          0x20000014        0x0 /home/smolvik/CMSIS_5-5.4.0/CMSIS/RTOS/RTX/LIB/GCC/libRTX_CM0.a(rt_mutex.o)
 .data          0x20000014        0x0 /home/smolvik/CMSIS_5-5.4.0/CMSIS/RTOS/RTX/LIB/GCC/libRTX_CM0.a(rt_time.o)
 .data          0x20000014        0x0 /home/smolvik/CMSIS_5-5.4.0/CMSIS/RTOS/RTX/LIB/GCC/libRTX_CM0.a(rt_semaphore.o)
 .data          0x20000014        0x0 /home/smolvik/CMSIS_5-5.4.0/CMSIS/RTOS/RTX/LIB/GCC/libRTX_CM0.a(rt_mailbox.o)
 .data          0x20000014        0x0 /home/smolvik/CMSIS_5-5.4.0/CMSIS/RTOS/RTX/LIB/GCC/libRTX_CM0.a(rt_list.o)
 .data          0x20000014        0x0 /home/smolvik/CMSIS_5-5.4.0/CMSIS/RTOS/RTX/LIB/GCC/libRTX_CM0.a(rt_event.o)
 .data          0x20000014        0x0 /home/smolvik/CMSIS_5-5.4.0/CMSIS/RTOS/RTX/LIB/GCC/libRTX_CM0.a(rt_system.o)
 .data          0x20000014        0x0 /home/smolvik/CMSIS_5-5.4.0/CMSIS/RTOS/RTX/LIB/GCC/libRTX_CM0.a(rt_task.o)
 .data          0x20000014        0x0 /home/smolvik/CMSIS_5-5.4.0/CMSIS/RTOS/RTX/LIB/GCC/libRTX_CM0.a(hal_cm0.o)
 .data          0x20000014        0x0 /home/smolvik/CMSIS_5-5.4.0/CMSIS/RTOS/RTX/LIB/GCC/libRTX_CM0.a(svc_table.o)
 .data          0x20000014        0x0 /home/smolvik/CMSIS_5-5.4.0/CMSIS/RTOS/RTX/LIB/GCC/libRTX_CM0.a(rt_robin.o)
 .data          0x20000014        0x0 /home/smolvik/gcc-arm-none-eabi-5_4-2016q3/lib/gcc/arm-none-eabi/5.4.1/armv6-m//libgcc.a(_aeabi_uldivmod.o)
 .data          0x20000014        0x0 /home/smolvik/gcc-arm-none-eabi-5_4-2016q3/lib/gcc/arm-none-eabi/5.4.1/armv6-m//libgcc.a(_muldi3.o)
 .data          0x20000014        0x0 /home/smolvik/gcc-arm-none-eabi-5_4-2016q3/lib/gcc/arm-none-eabi/5.4.1/armv6-m//libgcc.a(_udivmoddi4.o)
 .data          0x20000014        0x0 /home/smolvik/gcc-arm-none-eabi-5_4-2016q3/lib/gcc/arm-none-eabi/5.4.1/armv6-m//libgcc.a(_clzdi2.o)
 .data          0x20000014        0x0 /home/smolvik/gcc-arm-none-eabi-5_4-2016q3/lib/gcc/arm-none-eabi/5.4.1/armv6-m//libgcc.a(_clzsi2.o)
 *(.data*)
 *fill*         0x20000014        0x4 
 .data.impure_data
                0x20000018      0x428 /home/smolvik/gcc-arm-none-eabi-5_4-2016q3/arm-none-eabi/lib/armv6-m//libc.a(lib_a-impure.o)
 .data._impure_ptr
                0x20000440        0x4 /home/smolvik/gcc-arm-none-eabi-5_4-2016q3/arm-none-eabi/lib/armv6-m//libc.a(lib_a-impure.o)
                0x20000440                _impure_ptr
 .data.__malloc_av_
                0x20000444      0x408 /home/smolvik/gcc-arm-none-eabi-5_4-2016q3/arm-none-eabi/lib/armv6-m//libc.a(lib_a-mallocr.o)
                0x20000444                __malloc_av_
 .data.__malloc_trim_threshold
                0x2000084c        0x4 /home/smolvik/gcc-arm-none-eabi-5_4-2016q3/arm-none-eabi/lib/armv6-m//libc.a(lib_a-mallocr.o)
                0x2000084c                __malloc_trim_threshold
 .data.__malloc_sbrk_base
                0x20000850        0x4 /home/smolvik/gcc-arm-none-eabi-5_4-2016q3/arm-none-eabi/lib/armv6-m//libc.a(lib_a-mallocr.o)
                0x20000850                __malloc_sbrk_base
                0x20000854                . = ALIGN (0x4)
 *(SORT(.init_array.*))
 .init_array.00000
                0x20000854        0x4 /home/smolvik/gcc-arm-none-eabi-5_4-2016q3/arm-none-eabi/lib/armv6-m//libc.a(lib_a-__call_atexit.o)
 *(.init_array)
                0x20000858                . = ALIGN (0x4)
                0x20000858                _data_end = .
                0x00009bd8                _ram2_flash = (_data_flash + (_data_end - _data_begin))

.igot.plt       0x20000858        0x0 load address 0x00009bd8
 .igot.plt      0x20000858        0x0 main.o

.bss            0x20000858     0x58a4 load address 0x00009bd8
                0x20000858                . = ALIGN (0x4)
                0x20000858                _bss_begin = .
                0x20000858                __bss_start__ = _bss_begin
 *(.bss)
 .bss           0x20000858       0x54 main.o
                0x20000858                thrPacketParserId
                0x2000085c                thrFSMProcceedId
                0x20000860                thrDUTProcceedId
                0x20000864                fsmCmdMsgQid
                0x20000868                os_messageQ_q_message
                0x20000888                mutexMdbRegId
                0x2000088c                os_mutex_cb_MutexMdbReg
                0x2000089c                ddsfreq
                0x200008a0                torqCurr
 .bss           0x200008ac        0x0 startup.o
 .bss           0x200008ac       0x24 mdb485.o
                0x200008cc                mdb485_rxsize
 .bss           0x200008d0        0x8 stubs.o
                0x200008d0                __env
 .bss           0x200008d8       0x24 mdb232.o
                0x200008f8                mdb232_rxsize
 .bss           0x200008fc        0xc xprintf.o
                0x200008fc                xfunc_out
                0x20000904                xfunc_in
 .bss           0x20000908     0x4414 RTX_Conf_CM.o
                0x20000908                mp_tcb
                0x200009e8                mp_stk
                0x200039f8                os_stack_mem
                0x20004c58                os_fifo
                0x20004cdc                os_active_TCB
                0x20004cec                osThreadId_osTimerThread
                0x20004cf0                os_messageQ_q_osTimerMessageQ
                0x20004d10                osMessageQId_osTimerMessageQ
                0x20004d14                os_tmr
                0x20004d18                m_tmr
 .bss           0x20004d1c        0x0 system.o
 .bss           0x20004d1c       0x18 ethfunc.o
                0x20004d1c                Remote_MAC
                0x20004d28                fFrameRdy
                0x20004d2c                fFrameErr
                0x20004d30                Identification
                0x20004d32                SequenceNumber
 .bss           0x20004d34      0xe2c network.o
                0x20004d34                ReplyICMPCounter
                0x20004d38                Frame
                0x20005318                remPort
                0x2000531c                os_mutex_cb_readpackMutex
                0x2000532c                readpackMutexId
                0x20005330                os_mutex_cb_sendpackMutex
                0x20005340                sendpackMutexId
 .bss           0x20005b60        0x0 crc.o
 .bss           0x20005b60        0x0 eeprom.o
 .bss           0x20005b60       0x14 param.o
                0x20005b60                bsiParam
 .bss           0x20005b74      0x444 modbus_udp.o
                0x20005d7c                register_tab
                0x20005dac                input_registers_tab
                0x20005db4                modbus_error
 .bss           0x20005fb8       0x85 fsm.o
                0x20006038                fsmdbg
 .bss           0x2000603d        0x0 /home/smolvik/gcc-arm-none-eabi-5_4-2016q3/lib/gcc/arm-none-eabi/5.4.1/armv6-m//libgcc.a(_udivsi3.o)
 .bss           0x2000603d        0x0 /home/smolvik/gcc-arm-none-eabi-5_4-2016q3/lib/gcc/arm-none-eabi/5.4.1/armv6-m//libgcc.a(_divsi3.o)
 .bss           0x2000603d        0x0 /home/smolvik/gcc-arm-none-eabi-5_4-2016q3/lib/gcc/arm-none-eabi/5.4.1/armv6-m//libgcc.a(_dvmd_tls.o)
 .bss           0x2000603d        0x0 /home/smolvik/gcc-arm-none-eabi-5_4-2016q3/arm-none-eabi/lib/armv6-m//libc.a(lib_a-atexit.o)
 .bss           0x2000603d        0x0 /home/smolvik/gcc-arm-none-eabi-5_4-2016q3/arm-none-eabi/lib/armv6-m//libc.a(lib_a-exit.o)
 .bss           0x2000603d        0x0 /home/smolvik/gcc-arm-none-eabi-5_4-2016q3/arm-none-eabi/lib/armv6-m//libc.a(lib_a-fini.o)
 .bss           0x2000603d        0x0 /home/smolvik/gcc-arm-none-eabi-5_4-2016q3/arm-none-eabi/lib/armv6-m//libc.a(lib_a-impure.o)
 .bss           0x2000603d        0x0 /home/smolvik/gcc-arm-none-eabi-5_4-2016q3/arm-none-eabi/lib/armv6-m//libc.a(lib_a-init.o)
 .bss           0x2000603d        0x0 /home/smolvik/gcc-arm-none-eabi-5_4-2016q3/arm-none-eabi/lib/armv6-m//libc.a(lib_a-memset.o)
 .bss           0x2000603d        0x0 /home/smolvik/gcc-arm-none-eabi-5_4-2016q3/arm-none-eabi/lib/armv6-m//libc.a(lib_a-reent.o)
 .bss           0x2000603d        0x0 /home/smolvik/gcc-arm-none-eabi-5_4-2016q3/arm-none-eabi/lib/armv6-m//libc.a(lib_a-__atexit.o)
 .bss           0x2000603d        0x0 /home/smolvik/gcc-arm-none-eabi-5_4-2016q3/arm-none-eabi/lib/armv6-m//libc.a(lib_a-__call_atexit.o)
 .bss           0x2000603d        0x0 /home/smolvik/gcc-arm-none-eabi-5_4-2016q3/arm-none-eabi/lib/armv6-m//libc.a(lib_a-freer.o)
 .bss           0x2000603d        0x0 /home/smolvik/gcc-arm-none-eabi-5_4-2016q3/arm-none-eabi/lib/armv6-m//libc.a(lib_a-mallocr.o)
 .bss           0x2000603d        0x0 /home/smolvik/gcc-arm-none-eabi-5_4-2016q3/arm-none-eabi/lib/armv6-m//libc.a(lib_a-mlock.o)
 .bss           0x2000603d        0x0 /home/smolvik/gcc-arm-none-eabi-5_4-2016q3/arm-none-eabi/lib/armv6-m//libc.a(lib_a-sbrkr.o)
 .bss           0x2000603d        0x0 /home/smolvik/CMSIS_5-5.4.0/CMSIS/RTOS/RTX/LIB/GCC/libRTX_CM0.a(rt_cmsis.o)
 .bss           0x2000603d        0x0 /home/smolvik/CMSIS_5-5.4.0/CMSIS/RTOS/RTX/LIB/GCC/libRTX_CM0.a(hal_cm.o)
 .bss           0x2000603d        0x0 /home/smolvik/CMSIS_5-5.4.0/CMSIS/RTOS/RTX/LIB/GCC/libRTX_CM0.a(rt_memory.o)
 .bss           0x2000603d        0x0 /home/smolvik/CMSIS_5-5.4.0/CMSIS/RTOS/RTX/LIB/GCC/libRTX_CM0.a(rt_membox.o)
 .bss           0x2000603d        0x0 /home/smolvik/CMSIS_5-5.4.0/CMSIS/RTOS/RTX/LIB/GCC/libRTX_CM0.a(rt_mutex.o)
 .bss           0x2000603d        0x0 /home/smolvik/CMSIS_5-5.4.0/CMSIS/RTOS/RTX/LIB/GCC/libRTX_CM0.a(rt_time.o)
 .bss           0x2000603d        0x0 /home/smolvik/CMSIS_5-5.4.0/CMSIS/RTOS/RTX/LIB/GCC/libRTX_CM0.a(rt_semaphore.o)
 .bss           0x2000603d        0x0 /home/smolvik/CMSIS_5-5.4.0/CMSIS/RTOS/RTX/LIB/GCC/libRTX_CM0.a(rt_mailbox.o)
 .bss           0x2000603d        0x0 /home/smolvik/CMSIS_5-5.4.0/CMSIS/RTOS/RTX/LIB/GCC/libRTX_CM0.a(rt_list.o)
 .bss           0x2000603d        0x0 /home/smolvik/CMSIS_5-5.4.0/CMSIS/RTOS/RTX/LIB/GCC/libRTX_CM0.a(rt_event.o)
 .bss           0x2000603d        0x3 /home/smolvik/CMSIS_5-5.4.0/CMSIS/RTOS/RTX/LIB/GCC/libRTX_CM0.a(rt_system.o)
 .bss           0x20006040        0x0 /home/smolvik/CMSIS_5-5.4.0/CMSIS/RTOS/RTX/LIB/GCC/libRTX_CM0.a(rt_task.o)
 .bss           0x20006040        0x0 /home/smolvik/CMSIS_5-5.4.0/CMSIS/RTOS/RTX/LIB/GCC/libRTX_CM0.a(hal_cm0.o)
 .bss           0x20006040        0x0 /home/smolvik/CMSIS_5-5.4.0/CMSIS/RTOS/RTX/LIB/GCC/libRTX_CM0.a(svc_table.o)
 .bss           0x20006040        0x0 /home/smolvik/CMSIS_5-5.4.0/CMSIS/RTOS/RTX/LIB/GCC/libRTX_CM0.a(rt_robin.o)
 .bss           0x20006040        0x0 /home/smolvik/gcc-arm-none-eabi-5_4-2016q3/lib/gcc/arm-none-eabi/5.4.1/armv6-m//libgcc.a(_aeabi_uldivmod.o)
 .bss           0x20006040        0x0 /home/smolvik/gcc-arm-none-eabi-5_4-2016q3/lib/gcc/arm-none-eabi/5.4.1/armv6-m//libgcc.a(_muldi3.o)
 .bss           0x20006040        0x0 /home/smolvik/gcc-arm-none-eabi-5_4-2016q3/lib/gcc/arm-none-eabi/5.4.1/armv6-m//libgcc.a(_udivmoddi4.o)
 .bss           0x20006040        0x0 /home/smolvik/gcc-arm-none-eabi-5_4-2016q3/lib/gcc/arm-none-eabi/5.4.1/armv6-m//libgcc.a(_clzdi2.o)
 .bss           0x20006040        0x0 /home/smolvik/gcc-arm-none-eabi-5_4-2016q3/lib/gcc/arm-none-eabi/5.4.1/armv6-m//libgcc.a(_clzsi2.o)
 *(.bss*)
 .bss.__malloc_max_total_mem
                0x20006040        0x4 /home/smolvik/gcc-arm-none-eabi-5_4-2016q3/arm-none-eabi/lib/armv6-m//libc.a(lib_a-mallocr.o)
                0x20006040                __malloc_max_total_mem
 .bss.__malloc_max_sbrked_mem
                0x20006044        0x4 /home/smolvik/gcc-arm-none-eabi-5_4-2016q3/arm-none-eabi/lib/armv6-m//libc.a(lib_a-mallocr.o)
                0x20006044                __malloc_max_sbrked_mem
 .bss.__malloc_top_pad
                0x20006048        0x4 /home/smolvik/gcc-arm-none-eabi-5_4-2016q3/arm-none-eabi/lib/armv6-m//libc.a(lib_a-mallocr.o)
                0x20006048                __malloc_top_pad
 .bss.__malloc_current_mallinfo
                0x2000604c       0x28 /home/smolvik/gcc-arm-none-eabi-5_4-2016q3/arm-none-eabi/lib/armv6-m//libc.a(lib_a-mallocr.o)
                0x2000604c                __malloc_current_mallinfo
 *(COMMON)
 COMMON         0x20006074        0x4 /home/smolvik/gcc-arm-none-eabi-5_4-2016q3/arm-none-eabi/lib/armv6-m//libc.a(lib_a-reent.o)
                0x20006074                errno
 COMMON         0x20006078        0x8 /home/smolvik/CMSIS_5-5.4.0/CMSIS/RTOS/RTX/LIB/GCC/libRTX_CM0.a(rt_cmsis.o)
                0x20006078                os_initialized
                0x20006079                os_running
                0x2000607c                os_timer_head
 COMMON         0x20006080        0x4 /home/smolvik/CMSIS_5-5.4.0/CMSIS/RTOS/RTX/LIB/GCC/libRTX_CM0.a(rt_time.o)
                0x20006080                os_time
 COMMON         0x20006084       0x30 /home/smolvik/CMSIS_5-5.4.0/CMSIS/RTOS/RTX/LIB/GCC/libRTX_CM0.a(rt_list.o)
                0x20006084                os_rdy
                0x2000609c                os_dly
 COMMON         0x200060b4        0x4 /home/smolvik/CMSIS_5-5.4.0/CMSIS/RTOS/RTX/LIB/GCC/libRTX_CM0.a(rt_system.o)
                0x200060b4                os_tick_irqn
 COMMON         0x200060b8       0x3c /home/smolvik/CMSIS_5-5.4.0/CMSIS/RTOS/RTX/LIB/GCC/libRTX_CM0.a(rt_task.o)
                0x200060b8                os_tsk
                0x200060c0                os_idle_TCB
 COMMON         0x200060f4        0x8 /home/smolvik/CMSIS_5-5.4.0/CMSIS/RTOS/RTX/LIB/GCC/libRTX_CM0.a(rt_robin.o)
                0x200060f4                os_robin
                0x200060fc                . = ALIGN (0x4)
                0x200060fc                _bss_end = .
                0x200060fc                __bss_end__ = _bss_end
                0x00000400                _stack_size = 0x400
                0x20008000                _stack_end = (ORIGIN (RAM1) + LENGTH (RAM1))
                0x20007c00                _stack_begin = (_stack_end - _stack_size)
                0x20007c00                . = _stack_begin

._stack         0x200060fc      0x400 load address 0x0000f47c
                0x200064fc                . = (. + _stack_size)
 *fill*         0x200060fc      0x400 

.ramfunc        0x20100000      0x2a0 load address 0x00009bd8
                0x20100000                . = ALIGN (0x4)
                0x20100000                _ram2_begin = .
 *(.ramfunc)
 .ramfunc       0x20100000      0x2a0 eeprom.o
                0x20100000                usleep
                0x2010002c                eeprom_erase_page
                0x20100150                eeprom_program_word
                0x20100228                eeprom_read_word
                0x201002a0                _ram2_end = .
LOAD main.o
LOAD startup.o
LOAD mdb485.o
LOAD stubs.o
LOAD mdb232.o
LOAD xprintf.o
LOAD RTX_Conf_CM.o
LOAD system.o
LOAD ethfunc.o
LOAD network.o
LOAD crc.o
LOAD eeprom.o
LOAD param.o
LOAD modbus_udp.o
LOAD fsm.o
START GROUP
LOAD /home/smolvik/gcc-arm-none-eabi-5_4-2016q3/lib/gcc/arm-none-eabi/5.4.1/armv6-m//libgcc.a
LOAD /home/smolvik/gcc-arm-none-eabi-5_4-2016q3/arm-none-eabi/lib/armv6-m//libm.a
LOAD /home/smolvik/gcc-arm-none-eabi-5_4-2016q3/arm-none-eabi/lib/armv6-m//libc.a
LOAD /home/smolvik/CMSIS_5-5.4.0/CMSIS/RTOS/RTX/LIB/GCC/libRTX_CM0.a
END GROUP
OUTPUT(blink.elf elf32-littlearm)

.ARM.extab      0x201002a0        0x0 load address 0x00009e78
 .ARM.extab     0x201002a0        0x0 /home/smolvik/CMSIS_5-5.4.0/CMSIS/RTOS/RTX/LIB/GCC/libRTX_CM0.a(hal_cm0.o)
 .ARM.extab     0x201002a0        0x0 /home/smolvik/gcc-arm-none-eabi-5_4-2016q3/lib/gcc/arm-none-eabi/5.4.1/armv6-m//libgcc.a(_udivmoddi4.o)

.rel.dyn        0x201002a0        0x0 load address 0x00009e78
 .rel.iplt      0x201002a0        0x0 main.o

.debug_info     0x00000000    0x10419
 .debug_info    0x00000000      0xb9b main.o
 .debug_info    0x00000b9b      0x112 startup.o
 .debug_info    0x00000cad      0x7ab mdb485.o
 .debug_info    0x00001458      0x6f8 stubs.o
 .debug_info    0x00001b50      0x608 mdb232.o
 .debug_info    0x00002158      0x4c9 xprintf.o
 .debug_info    0x00002621      0x489 RTX_Conf_CM.o
 .debug_info    0x00002aaa      0x89f system.o
 .debug_info    0x00003349      0x96f ethfunc.o
 .debug_info    0x00003cb8      0x8d5 network.o
 .debug_info    0x0000458d      0x1bc crc.o
 .debug_info    0x00004749      0x2fa eeprom.o
 .debug_info    0x00004a43      0x383 param.o
 .debug_info    0x00004dc6      0x856 modbus_udp.o
 .debug_info    0x0000561c      0x429 fsm.o
 .debug_info    0x00005a45     0x5d03 /home/smolvik/CMSIS_5-5.4.0/CMSIS/RTOS/RTX/LIB/GCC/libRTX_CM0.a(rt_cmsis.o)
 .debug_info    0x0000b748      0x3b3 /home/smolvik/CMSIS_5-5.4.0/CMSIS/RTOS/RTX/LIB/GCC/libRTX_CM0.a(hal_cm.o)
 .debug_info    0x0000bafb      0x1d5 /home/smolvik/CMSIS_5-5.4.0/CMSIS/RTOS/RTX/LIB/GCC/libRTX_CM0.a(rt_memory.o)
 .debug_info    0x0000bcd0      0x312 /home/smolvik/CMSIS_5-5.4.0/CMSIS/RTOS/RTX/LIB/GCC/libRTX_CM0.a(rt_membox.o)
 .debug_info    0x0000bfe2      0x651 /home/smolvik/CMSIS_5-5.4.0/CMSIS/RTOS/RTX/LIB/GCC/libRTX_CM0.a(rt_mutex.o)
 .debug_info    0x0000c633      0x357 /home/smolvik/CMSIS_5-5.4.0/CMSIS/RTOS/RTX/LIB/GCC/libRTX_CM0.a(rt_time.o)
 .debug_info    0x0000c98a      0x6f0 /home/smolvik/CMSIS_5-5.4.0/CMSIS/RTOS/RTX/LIB/GCC/libRTX_CM0.a(rt_semaphore.o)
 .debug_info    0x0000d07a      0x9e6 /home/smolvik/CMSIS_5-5.4.0/CMSIS/RTOS/RTX/LIB/GCC/libRTX_CM0.a(rt_mailbox.o)
 .debug_info    0x0000da60      0x8ab /home/smolvik/CMSIS_5-5.4.0/CMSIS/RTOS/RTX/LIB/GCC/libRTX_CM0.a(rt_list.o)
 .debug_info    0x0000e30b      0x5f4 /home/smolvik/CMSIS_5-5.4.0/CMSIS/RTOS/RTX/LIB/GCC/libRTX_CM0.a(rt_event.o)
 .debug_info    0x0000e8ff      0x971 /home/smolvik/CMSIS_5-5.4.0/CMSIS/RTOS/RTX/LIB/GCC/libRTX_CM0.a(rt_system.o)
 .debug_info    0x0000f270      0xd79 /home/smolvik/CMSIS_5-5.4.0/CMSIS/RTOS/RTX/LIB/GCC/libRTX_CM0.a(rt_task.o)
 .debug_info    0x0000ffe9       0x71 /home/smolvik/CMSIS_5-5.4.0/CMSIS/RTOS/RTX/LIB/GCC/libRTX_CM0.a(hal_cm0.o)
 .debug_info    0x0001005a      0x3bf /home/smolvik/CMSIS_5-5.4.0/CMSIS/RTOS/RTX/LIB/GCC/libRTX_CM0.a(rt_robin.o)

.debug_abbrev   0x00000000     0x33a9
 .debug_abbrev  0x00000000      0x2c0 main.o
 .debug_abbrev  0x000002c0       0xab startup.o
 .debug_abbrev  0x0000036b      0x216 mdb485.o
 .debug_abbrev  0x00000581      0x1a8 stubs.o
 .debug_abbrev  0x00000729      0x1eb mdb232.o
 .debug_abbrev  0x00000914      0x194 xprintf.o
 .debug_abbrev  0x00000aa8      0x150 RTX_Conf_CM.o
 .debug_abbrev  0x00000bf8      0x14a system.o
 .debug_abbrev  0x00000d42      0x269 ethfunc.o
 .debug_abbrev  0x00000fab      0x269 network.o
 .debug_abbrev  0x00001214       0xb3 crc.o
 .debug_abbrev  0x000012c7      0x143 eeprom.o
 .debug_abbrev  0x0000140a      0x135 param.o
 .debug_abbrev  0x0000153f      0x1ce modbus_udp.o
 .debug_abbrev  0x0000170d      0x11e fsm.o
 .debug_abbrev  0x0000182b      0x499 /home/smolvik/CMSIS_5-5.4.0/CMSIS/RTOS/RTX/LIB/GCC/libRTX_CM0.a(rt_cmsis.o)
 .debug_abbrev  0x00001cc4      0x18b /home/smolvik/CMSIS_5-5.4.0/CMSIS/RTOS/RTX/LIB/GCC/libRTX_CM0.a(hal_cm.o)
 .debug_abbrev  0x00001e4f      0x12b /home/smolvik/CMSIS_5-5.4.0/CMSIS/RTOS/RTX/LIB/GCC/libRTX_CM0.a(rt_memory.o)
 .debug_abbrev  0x00001f7a      0x1a8 /home/smolvik/CMSIS_5-5.4.0/CMSIS/RTOS/RTX/LIB/GCC/libRTX_CM0.a(rt_membox.o)
 .debug_abbrev  0x00002122      0x167 /home/smolvik/CMSIS_5-5.4.0/CMSIS/RTOS/RTX/LIB/GCC/libRTX_CM0.a(rt_mutex.o)
 .debug_abbrev  0x00002289      0x141 /home/smolvik/CMSIS_5-5.4.0/CMSIS/RTOS/RTX/LIB/GCC/libRTX_CM0.a(rt_time.o)
 .debug_abbrev  0x000023ca      0x181 /home/smolvik/CMSIS_5-5.4.0/CMSIS/RTOS/RTX/LIB/GCC/libRTX_CM0.a(rt_semaphore.o)
 .debug_abbrev  0x0000254b      0x23d /home/smolvik/CMSIS_5-5.4.0/CMSIS/RTOS/RTX/LIB/GCC/libRTX_CM0.a(rt_mailbox.o)
 .debug_abbrev  0x00002788      0x315 /home/smolvik/CMSIS_5-5.4.0/CMSIS/RTOS/RTX/LIB/GCC/libRTX_CM0.a(rt_list.o)
 .debug_abbrev  0x00002a9d      0x1d0 /home/smolvik/CMSIS_5-5.4.0/CMSIS/RTOS/RTX/LIB/GCC/libRTX_CM0.a(rt_event.o)
 .debug_abbrev  0x00002c6d      0x2ba /home/smolvik/CMSIS_5-5.4.0/CMSIS/RTOS/RTX/LIB/GCC/libRTX_CM0.a(rt_system.o)
 .debug_abbrev  0x00002f27      0x344 /home/smolvik/CMSIS_5-5.4.0/CMSIS/RTOS/RTX/LIB/GCC/libRTX_CM0.a(rt_task.o)
 .debug_abbrev  0x0000326b       0x14 /home/smolvik/CMSIS_5-5.4.0/CMSIS/RTOS/RTX/LIB/GCC/libRTX_CM0.a(hal_cm0.o)
 .debug_abbrev  0x0000327f      0x12a /home/smolvik/CMSIS_5-5.4.0/CMSIS/RTOS/RTX/LIB/GCC/libRTX_CM0.a(rt_robin.o)

.debug_aranges  0x00000000      0x850
 .debug_aranges
                0x00000000       0x20 main.o
 .debug_aranges
                0x00000020       0x20 startup.o
 .debug_aranges
                0x00000040       0x20 mdb485.o
 .debug_aranges
                0x00000060       0x20 stubs.o
 .debug_aranges
                0x00000080       0x20 mdb232.o
 .debug_aranges
                0x000000a0       0x20 xprintf.o
 .debug_aranges
                0x000000c0       0x20 RTX_Conf_CM.o
 .debug_aranges
                0x000000e0       0x20 system.o
 .debug_aranges
                0x00000100       0x20 ethfunc.o
 .debug_aranges
                0x00000120       0x20 network.o
 .debug_aranges
                0x00000140       0x20 crc.o
 .debug_aranges
                0x00000160       0x40 eeprom.o
 .debug_aranges
                0x000001a0       0x20 param.o
 .debug_aranges
                0x000001c0       0x20 modbus_udp.o
 .debug_aranges
                0x000001e0       0x20 fsm.o
 .debug_aranges
                0x00000200      0x2d8 /home/smolvik/CMSIS_5-5.4.0/CMSIS/RTOS/RTX/LIB/GCC/libRTX_CM0.a(rt_cmsis.o)
 .debug_aranges
                0x000004d8       0x30 /home/smolvik/CMSIS_5-5.4.0/CMSIS/RTOS/RTX/LIB/GCC/libRTX_CM0.a(hal_cm.o)
 .debug_aranges
                0x00000508       0x30 /home/smolvik/CMSIS_5-5.4.0/CMSIS/RTOS/RTX/LIB/GCC/libRTX_CM0.a(rt_memory.o)
 .debug_aranges
                0x00000538       0x38 /home/smolvik/CMSIS_5-5.4.0/CMSIS/RTOS/RTX/LIB/GCC/libRTX_CM0.a(rt_membox.o)
 .debug_aranges
                0x00000570       0x38 /home/smolvik/CMSIS_5-5.4.0/CMSIS/RTOS/RTX/LIB/GCC/libRTX_CM0.a(rt_mutex.o)
 .debug_aranges
                0x000005a8       0x38 /home/smolvik/CMSIS_5-5.4.0/CMSIS/RTOS/RTX/LIB/GCC/libRTX_CM0.a(rt_time.o)
 .debug_aranges
                0x000005e0       0x48 /home/smolvik/CMSIS_5-5.4.0/CMSIS/RTOS/RTX/LIB/GCC/libRTX_CM0.a(rt_semaphore.o)
 .debug_aranges
                0x00000628       0x50 /home/smolvik/CMSIS_5-5.4.0/CMSIS/RTOS/RTX/LIB/GCC/libRTX_CM0.a(rt_mailbox.o)
 .debug_aranges
                0x00000678       0x68 /home/smolvik/CMSIS_5-5.4.0/CMSIS/RTOS/RTX/LIB/GCC/libRTX_CM0.a(rt_list.o)
 .debug_aranges
                0x000006e0       0x48 /home/smolvik/CMSIS_5-5.4.0/CMSIS/RTOS/RTX/LIB/GCC/libRTX_CM0.a(rt_event.o)
 .debug_aranges
                0x00000728       0x78 /home/smolvik/CMSIS_5-5.4.0/CMSIS/RTOS/RTX/LIB/GCC/libRTX_CM0.a(rt_system.o)
 .debug_aranges
                0x000007a0       0x68 /home/smolvik/CMSIS_5-5.4.0/CMSIS/RTOS/RTX/LIB/GCC/libRTX_CM0.a(rt_task.o)
 .debug_aranges
                0x00000808       0x20 /home/smolvik/CMSIS_5-5.4.0/CMSIS/RTOS/RTX/LIB/GCC/libRTX_CM0.a(hal_cm0.o)
 .debug_aranges
                0x00000828       0x28 /home/smolvik/CMSIS_5-5.4.0/CMSIS/RTOS/RTX/LIB/GCC/libRTX_CM0.a(rt_robin.o)

.debug_line     0x00000000     0x4287
 .debug_line    0x00000000      0x203 main.o
 .debug_line    0x00000203       0x59 startup.o
 .debug_line    0x0000025c      0x240 mdb485.o
 .debug_line    0x0000049c      0x23c stubs.o
 .debug_line    0x000006d8      0x1f7 mdb232.o
 .debug_line    0x000008cf      0x2e3 xprintf.o
 .debug_line    0x00000bb2      0x10b RTX_Conf_CM.o
 .debug_line    0x00000cbd      0x191 system.o
 .debug_line    0x00000e4e      0x2b2 ethfunc.o
 .debug_line    0x00001100      0x2e5 network.o
 .debug_line    0x000013e5       0xcc crc.o
 .debug_line    0x000014b1      0x1e4 eeprom.o
 .debug_line    0x00001695      0x165 param.o
 .debug_line    0x000017fa      0x282 modbus_udp.o
 .debug_line    0x00001a7c      0x16a fsm.o
 .debug_line    0x00001be6     0x1297 /home/smolvik/CMSIS_5-5.4.0/CMSIS/RTOS/RTX/LIB/GCC/libRTX_CM0.a(rt_cmsis.o)
 .debug_line    0x00002e7d       0xcf /home/smolvik/CMSIS_5-5.4.0/CMSIS/RTOS/RTX/LIB/GCC/libRTX_CM0.a(hal_cm.o)
 .debug_line    0x00002f4c       0xd2 /home/smolvik/CMSIS_5-5.4.0/CMSIS/RTOS/RTX/LIB/GCC/libRTX_CM0.a(rt_memory.o)
 .debug_line    0x0000301e      0x121 /home/smolvik/CMSIS_5-5.4.0/CMSIS/RTOS/RTX/LIB/GCC/libRTX_CM0.a(rt_membox.o)
 .debug_line    0x0000313f      0x19b /home/smolvik/CMSIS_5-5.4.0/CMSIS/RTOS/RTX/LIB/GCC/libRTX_CM0.a(rt_mutex.o)
 .debug_line    0x000032da       0xa2 /home/smolvik/CMSIS_5-5.4.0/CMSIS/RTOS/RTX/LIB/GCC/libRTX_CM0.a(rt_time.o)
 .debug_line    0x0000337c      0x14b /home/smolvik/CMSIS_5-5.4.0/CMSIS/RTOS/RTX/LIB/GCC/libRTX_CM0.a(rt_semaphore.o)
 .debug_line    0x000034c7      0x25a /home/smolvik/CMSIS_5-5.4.0/CMSIS/RTOS/RTX/LIB/GCC/libRTX_CM0.a(rt_mailbox.o)
 .debug_line    0x00003721      0x25f /home/smolvik/CMSIS_5-5.4.0/CMSIS/RTOS/RTX/LIB/GCC/libRTX_CM0.a(rt_list.o)
 .debug_line    0x00003980      0x15b /home/smolvik/CMSIS_5-5.4.0/CMSIS/RTOS/RTX/LIB/GCC/libRTX_CM0.a(rt_event.o)
 .debug_line    0x00003adb      0x2cf /home/smolvik/CMSIS_5-5.4.0/CMSIS/RTOS/RTX/LIB/GCC/libRTX_CM0.a(rt_system.o)
 .debug_line    0x00003daa      0x35a /home/smolvik/CMSIS_5-5.4.0/CMSIS/RTOS/RTX/LIB/GCC/libRTX_CM0.a(rt_task.o)
 .debug_line    0x00004104       0xe1 /home/smolvik/CMSIS_5-5.4.0/CMSIS/RTOS/RTX/LIB/GCC/libRTX_CM0.a(hal_cm0.o)
 .debug_line    0x000041e5       0xa2 /home/smolvik/CMSIS_5-5.4.0/CMSIS/RTOS/RTX/LIB/GCC/libRTX_CM0.a(rt_robin.o)

.debug_str      0x00000000     0x2ab0
 .debug_str     0x00000000      0x9b2 main.o
                                0xa33 (size before relaxing)
 .debug_str     0x000009b2       0xae startup.o
                                0x190 (size before relaxing)
 .debug_str     0x00000a60      0x115 mdb485.o
                                0x559 (size before relaxing)
 .debug_str     0x00000b75      0x1f1 stubs.o
                                0x3dc (size before relaxing)
 .debug_str     0x00000d66       0x64 mdb232.o
                                0x4cf (size before relaxing)
 .debug_str     0x00000dca       0xa4 xprintf.o
                                0x1c8 (size before relaxing)
 .debug_str     0x00000e6e      0x201 RTX_Conf_CM.o
                                0x4d8 (size before relaxing)
 .debug_str     0x0000106f      0x1cd system.o
                                0x6ca (size before relaxing)
 .debug_str     0x0000123c      0x277 ethfunc.o
                                0x734 (size before relaxing)
 .debug_str     0x000014b3      0x12d network.o
                                0x645 (size before relaxing)
 .debug_str     0x000015e0       0x48 crc.o
                                0x1a6 (size before relaxing)
 .debug_str     0x00001628       0x89 eeprom.o
                                0x2a9 (size before relaxing)
 .debug_str     0x000016b1       0x89 param.o
                                0x1ff (size before relaxing)
 .debug_str     0x0000173a      0x228 modbus_udp.o
                                0x474 (size before relaxing)
 .debug_str     0x00001962       0xe3 fsm.o
                                0x2e7 (size before relaxing)
 .debug_str     0x00001a45      0xc2e /home/smolvik/CMSIS_5-5.4.0/CMSIS/RTOS/RTX/LIB/GCC/libRTX_CM0.a(rt_cmsis.o)
                               0x135d (size before relaxing)
 .debug_str     0x00002673       0x49 /home/smolvik/CMSIS_5-5.4.0/CMSIS/RTOS/RTX/LIB/GCC/libRTX_CM0.a(hal_cm.o)
                                0x282 (size before relaxing)
 .debug_str     0x000026bc       0x3d /home/smolvik/CMSIS_5-5.4.0/CMSIS/RTOS/RTX/LIB/GCC/libRTX_CM0.a(rt_memory.o)
                                0x19e (size before relaxing)
 .debug_str     0x000026f9       0x37 /home/smolvik/CMSIS_5-5.4.0/CMSIS/RTOS/RTX/LIB/GCC/libRTX_CM0.a(rt_membox.o)
                                0x208 (size before relaxing)
 .debug_str     0x00002730       0x32 /home/smolvik/CMSIS_5-5.4.0/CMSIS/RTOS/RTX/LIB/GCC/libRTX_CM0.a(rt_mutex.o)
                                0x305 (size before relaxing)
 .debug_str     0x00002762       0x41 /home/smolvik/CMSIS_5-5.4.0/CMSIS/RTOS/RTX/LIB/GCC/libRTX_CM0.a(rt_time.o)
                                0x281 (size before relaxing)
 .debug_str     0x000027a3       0x34 /home/smolvik/CMSIS_5-5.4.0/CMSIS/RTOS/RTX/LIB/GCC/libRTX_CM0.a(rt_semaphore.o)
                                0x34c (size before relaxing)
 .debug_str     0x000027d7       0x32 /home/smolvik/CMSIS_5-5.4.0/CMSIS/RTOS/RTX/LIB/GCC/libRTX_CM0.a(rt_mailbox.o)
                                0x3b7 (size before relaxing)
 .debug_str     0x00002809       0xb0 /home/smolvik/CMSIS_5-5.4.0/CMSIS/RTOS/RTX/LIB/GCC/libRTX_CM0.a(rt_list.o)
                                0x394 (size before relaxing)
 .debug_str     0x000028b9       0x6b /home/smolvik/CMSIS_5-5.4.0/CMSIS/RTOS/RTX/LIB/GCC/libRTX_CM0.a(rt_event.o)
                                0x35b (size before relaxing)
 .debug_str     0x00002924       0xf4 /home/smolvik/CMSIS_5-5.4.0/CMSIS/RTOS/RTX/LIB/GCC/libRTX_CM0.a(rt_system.o)
                                0x4aa (size before relaxing)
 .debug_str     0x00002a18       0x8a /home/smolvik/CMSIS_5-5.4.0/CMSIS/RTOS/RTX/LIB/GCC/libRTX_CM0.a(rt_task.o)
                                0x528 (size before relaxing)
 .debug_str     0x00002aa2        0xe /home/smolvik/CMSIS_5-5.4.0/CMSIS/RTOS/RTX/LIB/GCC/libRTX_CM0.a(rt_robin.o)
                                0x2ab (size before relaxing)

.comment        0x00000000       0x6e
 .comment       0x00000000       0x6e main.o
                                 0x6f (size before relaxing)
 .comment       0x0000006e       0x6f startup.o
 .comment       0x0000006e       0x6f mdb485.o
 .comment       0x0000006e       0x6f stubs.o
 .comment       0x0000006e       0x6f mdb232.o
 .comment       0x0000006e       0x6f xprintf.o
 .comment       0x0000006e       0x6f RTX_Conf_CM.o
 .comment       0x0000006e       0x6f system.o
 .comment       0x0000006e       0x6f ethfunc.o
 .comment       0x0000006e       0x6f network.o
 .comment       0x0000006e       0x6f crc.o
 .comment       0x0000006e       0x6f eeprom.o
 .comment       0x0000006e       0x6f param.o
 .comment       0x0000006e       0x6f modbus_udp.o
 .comment       0x0000006e       0x6f fsm.o
 .comment       0x0000006e       0x6f /home/smolvik/CMSIS_5-5.4.0/CMSIS/RTOS/RTX/LIB/GCC/libRTX_CM0.a(rt_cmsis.o)
 .comment       0x0000006e       0x6f /home/smolvik/CMSIS_5-5.4.0/CMSIS/RTOS/RTX/LIB/GCC/libRTX_CM0.a(hal_cm.o)
 .comment       0x0000006e       0x6f /home/smolvik/CMSIS_5-5.4.0/CMSIS/RTOS/RTX/LIB/GCC/libRTX_CM0.a(rt_memory.o)
 .comment       0x0000006e       0x6f /home/smolvik/CMSIS_5-5.4.0/CMSIS/RTOS/RTX/LIB/GCC/libRTX_CM0.a(rt_membox.o)
 .comment       0x0000006e       0x6f /home/smolvik/CMSIS_5-5.4.0/CMSIS/RTOS/RTX/LIB/GCC/libRTX_CM0.a(rt_mutex.o)
 .comment       0x0000006e       0x6f /home/smolvik/CMSIS_5-5.4.0/CMSIS/RTOS/RTX/LIB/GCC/libRTX_CM0.a(rt_time.o)
 .comment       0x0000006e       0x6f /home/smolvik/CMSIS_5-5.4.0/CMSIS/RTOS/RTX/LIB/GCC/libRTX_CM0.a(rt_semaphore.o)
 .comment       0x0000006e       0x6f /home/smolvik/CMSIS_5-5.4.0/CMSIS/RTOS/RTX/LIB/GCC/libRTX_CM0.a(rt_mailbox.o)
 .comment       0x0000006e       0x6f /home/smolvik/CMSIS_5-5.4.0/CMSIS/RTOS/RTX/LIB/GCC/libRTX_CM0.a(rt_list.o)
 .comment       0x0000006e       0x6f /home/smolvik/CMSIS_5-5.4.0/CMSIS/RTOS/RTX/LIB/GCC/libRTX_CM0.a(rt_event.o)
 .comment       0x0000006e       0x6f /home/smolvik/CMSIS_5-5.4.0/CMSIS/RTOS/RTX/LIB/GCC/libRTX_CM0.a(rt_system.o)
 .comment       0x0000006e       0x6f /home/smolvik/CMSIS_5-5.4.0/CMSIS/RTOS/RTX/LIB/GCC/libRTX_CM0.a(rt_task.o)
 .comment       0x0000006e       0x6f /home/smolvik/CMSIS_5-5.4.0/CMSIS/RTOS/RTX/LIB/GCC/libRTX_CM0.a(rt_robin.o)

.ARM.attributes
                0x00000000       0x2f
 .ARM.attributes
                0x00000000       0x31 main.o
 .ARM.attributes
                0x00000031       0x31 startup.o
 .ARM.attributes
                0x00000062       0x31 mdb485.o
 .ARM.attributes
                0x00000093       0x31 stubs.o
 .ARM.attributes
                0x000000c4       0x31 mdb232.o
 .ARM.attributes
                0x000000f5       0x31 xprintf.o
 .ARM.attributes
                0x00000126       0x31 RTX_Conf_CM.o
 .ARM.attributes
                0x00000157       0x31 system.o
 .ARM.attributes
                0x00000188       0x31 ethfunc.o
 .ARM.attributes
                0x000001b9       0x31 network.o
 .ARM.attributes
                0x000001ea       0x31 crc.o
 .ARM.attributes
                0x0000021b       0x31 eeprom.o
 .ARM.attributes
                0x0000024c       0x31 param.o
 .ARM.attributes
                0x0000027d       0x31 modbus_udp.o
 .ARM.attributes
                0x000002ae       0x31 fsm.o
 .ARM.attributes
                0x000002df       0x1e /home/smolvik/gcc-arm-none-eabi-5_4-2016q3/lib/gcc/arm-none-eabi/5.4.1/armv6-m//libgcc.a(_udivsi3.o)
 .ARM.attributes
                0x000002fd       0x1e /home/smolvik/gcc-arm-none-eabi-5_4-2016q3/lib/gcc/arm-none-eabi/5.4.1/armv6-m//libgcc.a(_divsi3.o)
 .ARM.attributes
                0x0000031b       0x1e /home/smolvik/gcc-arm-none-eabi-5_4-2016q3/lib/gcc/arm-none-eabi/5.4.1/armv6-m//libgcc.a(_dvmd_tls.o)
 .ARM.attributes
                0x00000339       0x2c /home/smolvik/gcc-arm-none-eabi-5_4-2016q3/arm-none-eabi/lib/armv6-m//libc.a(lib_a-atexit.o)
 .ARM.attributes
                0x00000365       0x2c /home/smolvik/gcc-arm-none-eabi-5_4-2016q3/arm-none-eabi/lib/armv6-m//libc.a(lib_a-exit.o)
 .ARM.attributes
                0x00000391       0x2c /home/smolvik/gcc-arm-none-eabi-5_4-2016q3/arm-none-eabi/lib/armv6-m//libc.a(lib_a-fini.o)
 .ARM.attributes
                0x000003bd       0x2c /home/smolvik/gcc-arm-none-eabi-5_4-2016q3/arm-none-eabi/lib/armv6-m//libc.a(lib_a-impure.o)
 .ARM.attributes
                0x000003e9       0x2c /home/smolvik/gcc-arm-none-eabi-5_4-2016q3/arm-none-eabi/lib/armv6-m//libc.a(lib_a-init.o)
 .ARM.attributes
                0x00000415       0x2c /home/smolvik/gcc-arm-none-eabi-5_4-2016q3/arm-none-eabi/lib/armv6-m//libc.a(lib_a-memset.o)
 .ARM.attributes
                0x00000441       0x2c /home/smolvik/gcc-arm-none-eabi-5_4-2016q3/arm-none-eabi/lib/armv6-m//libc.a(lib_a-reent.o)
 .ARM.attributes
                0x0000046d       0x2c /home/smolvik/gcc-arm-none-eabi-5_4-2016q3/arm-none-eabi/lib/armv6-m//libc.a(lib_a-__atexit.o)
 .ARM.attributes
                0x00000499       0x2c /home/smolvik/gcc-arm-none-eabi-5_4-2016q3/arm-none-eabi/lib/armv6-m//libc.a(lib_a-__call_atexit.o)
 .ARM.attributes
                0x000004c5       0x2c /home/smolvik/gcc-arm-none-eabi-5_4-2016q3/arm-none-eabi/lib/armv6-m//libc.a(lib_a-freer.o)
 .ARM.attributes
                0x000004f1       0x2c /home/smolvik/gcc-arm-none-eabi-5_4-2016q3/arm-none-eabi/lib/armv6-m//libc.a(lib_a-mallocr.o)
 .ARM.attributes
                0x0000051d       0x2c /home/smolvik/gcc-arm-none-eabi-5_4-2016q3/arm-none-eabi/lib/armv6-m//libc.a(lib_a-mlock.o)
 .ARM.attributes
                0x00000549       0x2c /home/smolvik/gcc-arm-none-eabi-5_4-2016q3/arm-none-eabi/lib/armv6-m//libc.a(lib_a-sbrkr.o)
 .ARM.attributes
                0x00000575       0x31 /home/smolvik/CMSIS_5-5.4.0/CMSIS/RTOS/RTX/LIB/GCC/libRTX_CM0.a(rt_cmsis.o)
 .ARM.attributes
                0x000005a6       0x31 /home/smolvik/CMSIS_5-5.4.0/CMSIS/RTOS/RTX/LIB/GCC/libRTX_CM0.a(hal_cm.o)
 .ARM.attributes
                0x000005d7       0x31 /home/smolvik/CMSIS_5-5.4.0/CMSIS/RTOS/RTX/LIB/GCC/libRTX_CM0.a(rt_memory.o)
 .ARM.attributes
                0x00000608       0x31 /home/smolvik/CMSIS_5-5.4.0/CMSIS/RTOS/RTX/LIB/GCC/libRTX_CM0.a(rt_membox.o)
 .ARM.attributes
                0x00000639       0x31 /home/smolvik/CMSIS_5-5.4.0/CMSIS/RTOS/RTX/LIB/GCC/libRTX_CM0.a(rt_mutex.o)
 .ARM.attributes
                0x0000066a       0x31 /home/smolvik/CMSIS_5-5.4.0/CMSIS/RTOS/RTX/LIB/GCC/libRTX_CM0.a(rt_time.o)
 .ARM.attributes
                0x0000069b       0x31 /home/smolvik/CMSIS_5-5.4.0/CMSIS/RTOS/RTX/LIB/GCC/libRTX_CM0.a(rt_semaphore.o)
 .ARM.attributes
                0x000006cc       0x31 /home/smolvik/CMSIS_5-5.4.0/CMSIS/RTOS/RTX/LIB/GCC/libRTX_CM0.a(rt_mailbox.o)
 .ARM.attributes
                0x000006fd       0x31 /home/smolvik/CMSIS_5-5.4.0/CMSIS/RTOS/RTX/LIB/GCC/libRTX_CM0.a(rt_list.o)
 .ARM.attributes
                0x0000072e       0x31 /home/smolvik/CMSIS_5-5.4.0/CMSIS/RTOS/RTX/LIB/GCC/libRTX_CM0.a(rt_event.o)
 .ARM.attributes
                0x0000075f       0x31 /home/smolvik/CMSIS_5-5.4.0/CMSIS/RTOS/RTX/LIB/GCC/libRTX_CM0.a(rt_system.o)
 .ARM.attributes
                0x00000790       0x31 /home/smolvik/CMSIS_5-5.4.0/CMSIS/RTOS/RTX/LIB/GCC/libRTX_CM0.a(rt_task.o)
 .ARM.attributes
                0x000007c1       0x21 /home/smolvik/CMSIS_5-5.4.0/CMSIS/RTOS/RTX/LIB/GCC/libRTX_CM0.a(hal_cm0.o)
 .ARM.attributes
                0x000007e2       0x21 /home/smolvik/CMSIS_5-5.4.0/CMSIS/RTOS/RTX/LIB/GCC/libRTX_CM0.a(svc_table.o)
 .ARM.attributes
                0x00000803       0x31 /home/smolvik/CMSIS_5-5.4.0/CMSIS/RTOS/RTX/LIB/GCC/libRTX_CM0.a(rt_robin.o)
 .ARM.attributes
                0x00000834       0x1e /home/smolvik/gcc-arm-none-eabi-5_4-2016q3/lib/gcc/arm-none-eabi/5.4.1/armv6-m//libgcc.a(_aeabi_uldivmod.o)
 .ARM.attributes
                0x00000852       0x2c /home/smolvik/gcc-arm-none-eabi-5_4-2016q3/lib/gcc/arm-none-eabi/5.4.1/armv6-m//libgcc.a(_muldi3.o)
 .ARM.attributes
                0x0000087e       0x2c /home/smolvik/gcc-arm-none-eabi-5_4-2016q3/lib/gcc/arm-none-eabi/5.4.1/armv6-m//libgcc.a(_udivmoddi4.o)
 .ARM.attributes
                0x000008aa       0x1e /home/smolvik/gcc-arm-none-eabi-5_4-2016q3/lib/gcc/arm-none-eabi/5.4.1/armv6-m//libgcc.a(_clzdi2.o)
 .ARM.attributes
                0x000008c8       0x1e /home/smolvik/gcc-arm-none-eabi-5_4-2016q3/lib/gcc/arm-none-eabi/5.4.1/armv6-m//libgcc.a(_clzsi2.o)

.svc_table      0x00000000        0x4
 .svc_table     0x00000000        0x4 /home/smolvik/CMSIS_5-5.4.0/CMSIS/RTOS/RTX/LIB/GCC/libRTX_CM0.a(svc_table.o)
                0x00000000                SVC_Count
                0x00000000                SVC_Table

.debug_frame    0x00000000     0x24a0
 .debug_frame   0x00000000      0x178 main.o
 .debug_frame   0x00000178       0x4c startup.o
 .debug_frame   0x000001c4      0x18c mdb485.o
 .debug_frame   0x00000350      0x260 stubs.o
 .debug_frame   0x000005b0      0x10c mdb232.o
 .debug_frame   0x000006bc      0x170 xprintf.o
 .debug_frame   0x0000082c       0x5c RTX_Conf_CM.o
 .debug_frame   0x00000888       0xe4 system.o
 .debug_frame   0x0000096c      0x168 ethfunc.o
 .debug_frame   0x00000ad4      0x14c network.o
 .debug_frame   0x00000c20       0x50 crc.o
 .debug_frame   0x00000c70       0xc8 eeprom.o
 .debug_frame   0x00000d38      0x10c param.o
 .debug_frame   0x00000e44      0x1b4 modbus_udp.o
 .debug_frame   0x00000ff8       0xe8 fsm.o
 .debug_frame   0x000010e0       0x20 /home/smolvik/gcc-arm-none-eabi-5_4-2016q3/lib/gcc/arm-none-eabi/5.4.1/armv6-m//libgcc.a(_udivsi3.o)
 .debug_frame   0x00001100       0x20 /home/smolvik/gcc-arm-none-eabi-5_4-2016q3/lib/gcc/arm-none-eabi/5.4.1/armv6-m//libgcc.a(_divsi3.o)
 .debug_frame   0x00001120       0x28 /home/smolvik/gcc-arm-none-eabi-5_4-2016q3/arm-none-eabi/lib/armv6-m//libc.a(lib_a-atexit.o)
 .debug_frame   0x00001148       0x28 /home/smolvik/gcc-arm-none-eabi-5_4-2016q3/arm-none-eabi/lib/armv6-m//libc.a(lib_a-exit.o)
 .debug_frame   0x00001170       0x2c /home/smolvik/gcc-arm-none-eabi-5_4-2016q3/arm-none-eabi/lib/armv6-m//libc.a(lib_a-fini.o)