Archive member included to satisfy reference by file (symbol)

/home/smolvik/gcc-arm-none-eabi-5_4-2016q3/lib/gcc/arm-none-eabi/5.4.1/armv6-m//libgcc.a(_udivsi3.o)
                              xprintf.o (__aeabi_uidiv)
/home/smolvik/gcc-arm-none-eabi-5_4-2016q3/lib/gcc/arm-none-eabi/5.4.1/armv6-m//libgcc.a(_divsi3.o)
                              fsm.o (__aeabi_idiv)
/home/smolvik/gcc-arm-none-eabi-5_4-2016q3/lib/gcc/arm-none-eabi/5.4.1/armv6-m//libgcc.a(_dvmd_tls.o)
                              /home/smolvik/gcc-arm-none-eabi-5_4-2016q3/lib/gcc/arm-none-eabi/5.4.1/armv6-m//libgcc.a(_udivsi3.o) (__aeabi_idiv0)
/home/smolvik/gcc-arm-none-eabi-5_4-2016q3/arm-none-eabi/lib/armv6-m//libc.a(lib_a-abs.o)
                              main.o (abs)
/home/smolvik/gcc-arm-none-eabi-5_4-2016q3/arm-none-eabi/lib/armv6-m//libc.a(lib_a-atexit.o)
                              RTX_Conf_CM.o (atexit)
/home/smolvik/gcc-arm-none-eabi-5_4-2016q3/arm-none-eabi/lib/armv6-m//libc.a(lib_a-exit.o)
                              RTX_Conf_CM.o (exit)
/home/smolvik/gcc-arm-none-eabi-5_4-2016q3/arm-none-eabi/lib/armv6-m//libc.a(lib_a-fini.o)
                              RTX_Conf_CM.o (__libc_fini_array)
/home/smolvik/gcc-arm-none-eabi-5_4-2016q3/arm-none-eabi/lib/armv6-m//libc.a(lib_a-impure.o)
                              /home/smolvik/gcc-arm-none-eabi-5_4-2016q3/arm-none-eabi/lib/armv6-m//libc.a(lib_a-exit.o) (_global_impure_ptr)
/home/smolvik/gcc-arm-none-eabi-5_4-2016q3/arm-none-eabi/lib/armv6-m//libc.a(lib_a-init.o)
                              RTX_Conf_CM.o (__libc_init_array)
/home/smolvik/gcc-arm-none-eabi-5_4-2016q3/arm-none-eabi/lib/armv6-m//libc.a(lib_a-reent.o)
                              stubs.o (errno)
/home/smolvik/gcc-arm-none-eabi-5_4-2016q3/arm-none-eabi/lib/armv6-m//libc.a(lib_a-__atexit.o)
                              /home/smolvik/gcc-arm-none-eabi-5_4-2016q3/arm-none-eabi/lib/armv6-m//libc.a(lib_a-atexit.o) (__register_exitproc)
/home/smolvik/gcc-arm-none-eabi-5_4-2016q3/arm-none-eabi/lib/armv6-m//libc.a(lib_a-__call_atexit.o)
                              /home/smolvik/gcc-arm-none-eabi-5_4-2016q3/arm-none-eabi/lib/armv6-m//libc.a(lib_a-exit.o) (__call_exitprocs)
/home/smolvik/gcc-arm-none-eabi-5_4-2016q3/arm-none-eabi/lib/armv6-m//libc.a(lib_a-freer.o)
                              /home/smolvik/gcc-arm-none-eabi-5_4-2016q3/arm-none-eabi/lib/armv6-m//libc.a(lib_a-reent.o) (_free_r)
/home/smolvik/gcc-arm-none-eabi-5_4-2016q3/arm-none-eabi/lib/armv6-m//libc.a(lib_a-mallocr.o)
                              /home/smolvik/gcc-arm-none-eabi-5_4-2016q3/arm-none-eabi/lib/armv6-m//libc.a(lib_a-freer.o) (__malloc_current_mallinfo)
/home/smolvik/gcc-arm-none-eabi-5_4-2016q3/arm-none-eabi/lib/armv6-m//libc.a(lib_a-mlock.o)
                              /home/smolvik/gcc-arm-none-eabi-5_4-2016q3/arm-none-eabi/lib/armv6-m//libc.a(lib_a-freer.o) (__malloc_lock)
/home/smolvik/gcc-arm-none-eabi-5_4-2016q3/arm-none-eabi/lib/armv6-m//libc.a(lib_a-sbrkr.o)
                              /home/smolvik/gcc-arm-none-eabi-5_4-2016q3/arm-none-eabi/lib/armv6-m//libc.a(lib_a-freer.o) (_sbrk_r)
/home/smolvik/CMSIS_5-5.4.0/CMSIS/RTOS/RTX/LIB/GCC/libRTX_CM0.a(rt_cmsis.o)
                              main.o (osKernelInitialize)
/home/smolvik/CMSIS_5-5.4.0/CMSIS/RTOS/RTX/LIB/GCC/libRTX_CM0.a(hal_cm.o)
                              /home/smolvik/CMSIS_5-5.4.0/CMSIS/RTOS/RTX/LIB/GCC/libRTX_CM0.a(rt_cmsis.o) (rt_ret_val)
/home/smolvik/CMSIS_5-5.4.0/CMSIS/RTOS/RTX/LIB/GCC/libRTX_CM0.a(rt_memory.o)
                              /home/smolvik/CMSIS_5-5.4.0/CMSIS/RTOS/RTX/LIB/GCC/libRTX_CM0.a(rt_cmsis.o) (rt_init_mem)
/home/smolvik/CMSIS_5-5.4.0/CMSIS/RTOS/RTX/LIB/GCC/libRTX_CM0.a(rt_membox.o)
                              /home/smolvik/CMSIS_5-5.4.0/CMSIS/RTOS/RTX/LIB/GCC/libRTX_CM0.a(rt_cmsis.o) (_init_box)
/home/smolvik/CMSIS_5-5.4.0/CMSIS/RTOS/RTX/LIB/GCC/libRTX_CM0.a(rt_mutex.o)
                              /home/smolvik/CMSIS_5-5.4.0/CMSIS/RTOS/RTX/LIB/GCC/libRTX_CM0.a(rt_cmsis.o) (rt_mut_init)
/home/smolvik/CMSIS_5-5.4.0/CMSIS/RTOS/RTX/LIB/GCC/libRTX_CM0.a(rt_time.o)
                              /home/smolvik/CMSIS_5-5.4.0/CMSIS/RTOS/RTX/LIB/GCC/libRTX_CM0.a(rt_cmsis.o) (os_time)
/home/smolvik/CMSIS_5-5.4.0/CMSIS/RTOS/RTX/LIB/GCC/libRTX_CM0.a(rt_semaphore.o)
                              /home/smolvik/CMSIS_5-5.4.0/CMSIS/RTOS/RTX/LIB/GCC/libRTX_CM0.a(rt_cmsis.o) (rt_sem_init)
/home/smolvik/CMSIS_5-5.4.0/CMSIS/RTOS/RTX/LIB/GCC/libRTX_CM0.a(rt_mailbox.o)
                              /home/smolvik/CMSIS_5-5.4.0/CMSIS/RTOS/RTX/LIB/GCC/libRTX_CM0.a(rt_cmsis.o) (rt_mbx_init)
/home/smolvik/CMSIS_5-5.4.0/CMSIS/RTOS/RTX/LIB/GCC/libRTX_CM0.a(rt_list.o)
                              /home/smolvik/CMSIS_5-5.4.0/CMSIS/RTOS/RTX/LIB/GCC/libRTX_CM0.a(rt_cmsis.o) (rt_put_prio)
/home/smolvik/CMSIS_5-5.4.0/CMSIS/RTOS/RTX/LIB/GCC/libRTX_CM0.a(rt_event.o)
[...]
Memory Configuration

Name             Origin             Length             Attributes
RAM1             0x20000000         0x00008000         rw
RAM2             0x20100000         0x00004000         xrw
FLASH            0x00000000         0x00020000         xr
*default*        0x00000000         0xffffffff

Linker script and memory map


.text           0x00000000     0x9770
                0x00000000                . = ALIGN (0x4)
 *(.interrupt_vector)
 .interrupt_vector
                0x00000000       0xc0 startup.o
                0x00000000                table_interrupt_vector
 *(.init)
 *(.fini)
 *(.text)
 .text          0x000000c0      0x508 main.o
                0x00000138                dut_pwr_on
                0x0000014c                dut_pwr_off
                0x00000160                dut_reset_off
                0x00000178                dut_reset_on
                0x00000190                dut_set_speed
                0x000001f8                dut_set_torque
                0x0000025c                main
                0x00000364                TIMER1_Handler
                0x00000388                TIMER2_Handler
                0x00000408                EXT_INT1_Handler
                0x0000042c                threadDUTProceed
                0x00000588                threadFSMProceed
 .text          0x000005c8       0x98 startup.o
                0x000005c8                Reset_Handler
                0x000005c8                handler_reset
                0x00000658                DMA_Handler
                0x00000658                TIMER4_Handler
                0x00000658                HardFault_Handler
                0x00000658                ARINC429T2_Handler
                0x00000658                NMI_Handler
                0x00000658                ADC_Handler
                0x00000658                WWDG_Handler
                0x00000658                POWER_Handler
                0x00000658                BKP_Handler
                0x00000658                MIL_STD_1553B1_Handler
                0x00000658                CAN2_Handler
                0x00000658                TIMER3_Handler
                0x00000658                default_handler
                0x00000658                EXT_INT2_Handler
                0x00000658                USB_Handler
                0x00000658                ARINC429T4_Handler
                0x00000658                EXT_INT4_Handler
                0x00000658                MIL_STD_1553B2_Handler
                0x00000658                CAN1_Handler
                0x00000658                EXT_INT3_Handler
                0x00000658                BUSY_Handler
                0x00000658                ARINC429T3_Handler
                0x00000658                SSP2_Handler
                0x00000658                SSP3_Handler
                0x00000658                ARINC429T1_Handler
                0x00000658                ARINC429R_Handler
                0x00000658                SSP1_Handler
 .text          0x00000660      0x594 mdb485.o
                0x000006d4                mdb485_init
                0x00000734                mdb485_send
                0x000007a8                mdb485_putch
                0x000007d4                mdb485_writeregs
                0x00000920                mdb485_readregs
                0x000009e4                mdb485_read_inputregs
                0x00000aa8                mdb485_get_func
                0x00000ad0                mdb485_get_crc
                0x00000b0c                mdb485_si30_get_counter
                0x00000b84                UART2_Handler
 .text          0x00000bf4      0x2a4 stubs.o
                0x00000bf4                _exit
                0x00000c10                _close
                0x00000c24                _execve
                0x00000c48                _fork
                0x00000c60                _fstat
                0x00000c7c                _getpid
                0x00000c88                _isatty
                0x00000cb0                _kill
                0x00000cd0                _link
                0x00000cf0                _lseek
                0x00000d08                _sbrk
                0x00000d7c                _read
                0x00000db0                _stat
                0x00000dcc                _times
                0x00000de0                _unlink
                0x00000e00                _wait
                0x00000e20                _write
                0x00000e80                _init
                0x00000e8c                _fini
 .text          0x00000e98      0x420 mdb232.o
                0x00000f0c                mdb232_init
                0x00000fc0                mdb232_read_inputregs
                0x00001084                mdb232_readregs
                0x00001148                mdb232_get_crc
                0x00001184                mdb232_bikm_get_torque
                0x00001248                UART1_Handler
 .text          0x000012b8      0x844 xprintf.o
                0x000012b8                xputc
                0x00001310                xputs
                0x00001338                xfputs
                0x00001694                xprintf
                0x000016bc                xsprintf
                0x00001700                xfprintf
                0x00001740                put_dump
                0x00001844                xgets
                0x000018e4                xfgets
                0x00001920                xatoi
 .text          0x00001afc       0x68 RTX_Conf_CM.o
                0x00001afc                os_idle_demon
                0x00001b04                os_error
                0x00001b30                software_init_hook
 .text          0x00001b64      0x4c8 system.o
                0x00001cac                PortConfig
                0x00001e10                ClkConfig
                0x00001f60                TimerConfig
                0x00001fd8                dac_init
                0x00001ff4                SystemInit
 .text          0x0000202c      0x790 ethfunc.o
                0x00002060                RemoteMacInit
                0x00002094                PHYInit
                0x000020f8                SetPHYReg
                0x00002164                GetPHYReg
                0x000021c0                EthernetConfig
                0x0000224c                MACReset
                0x0000233c                ClearMemory
                0x00002374                ReadPacket
                0x00002560                SendPacket
                0x00002760                ETHERNET_Handler
 .text          0x000027bc      0xca0 network.o
                0x000027bc                network_config
                0x000027e8                Answear_ARP
                0x000028d0                CheckSum_UDP
                0x00002a30                CheckSum_IP
                0x00002a8c                CheckSum_ICMP
                0x00002af0                Request_ICMP
                0x00002cd4                Answear_ICMP
                0x00002e34                DestinationUnreachable_ICMP
                0x00002fd4                Send_UDP
                0x00003210                PacketParser
                0x0000336c                threadPacketParser
 .text          0x0000345c       0xe4 crc.o
                0x0000345c                crc32
                0x000034b0                crc16
 .text          0x00003540       0x38 eeprom.o
                0x00003540                eeprom_on
                0x0000355c                eeprom_off
 .text          0x00003578       0xa8 param.o
                0x00003578                par_save
                0x000035d0                par_read
 .text          0x00003620      0xc34 modbus_udp.o
                0x00003620                mdb_fifo_read
                0x000036b8                mdb_fifo_write
                0x00003744                mdb_get_testparam
                0x0000396c                mdb_get_holding_register
                0x00004158                mdb_proc_adu
 .text          0x00004254      0x810 fsm.o
                0x00004254                fsm_get_mode
                0x00004268                fsm_get_cyccnt
 .text          0x00004a64      0x114 /home/smolvik/gcc-arm-none-eabi-5_4-2016q3/lib/gcc/arm-none-eabi/5.4.1/armv6-m//libgcc.a(_udivsi3.o)
                0x00004a64                __udivsi3
                0x00004a64                __aeabi_uidiv
                0x00004b70                __aeabi_uidivmod
 .text          0x00004b78      0x1d4 /home/smolvik/gcc-arm-none-eabi-5_4-2016q3/lib/gcc/arm-none-eabi/5.4.1/armv6-m//libgcc.a(_divsi3.o)
                0x00004b78                __aeabi_idiv
                0x00004b78                __divsi3
                0x00004d44                __aeabi_idivmod
 .text          0x00004d4c        0x4 /home/smolvik/gcc-arm-none-eabi-5_4-2016q3/lib/gcc/arm-none-eabi/5.4.1/armv6-m//libgcc.a(_dvmd_tls.o)
                0x00004d4c                __aeabi_ldiv0
                0x00004d4c                __aeabi_idiv0
 .text          0x00004d50        0x0 /home/smolvik/gcc-arm-none-eabi-5_4-2016q3/arm-none-eabi/lib/armv6-m//libc.a(lib_a-abs.o)
 .text          0x00004d50        0x0 /home/smolvik/gcc-arm-none-eabi-5_4-2016q3/arm-none-eabi/lib/armv6-m//libc.a(lib_a-atexit.o)
 .text          0x00004d50        0x0 /home/smolvik/gcc-arm-none-eabi-5_4-2016q3/arm-none-eabi/lib/armv6-m//libc.a(lib_a-exit.o)
 .text          0x00004d50        0x0 /home/smolvik/gcc-arm-none-eabi-5_4-2016q3/arm-none-eabi/lib/armv6-m//libc.a(lib_a-fini.o)
 .text          0x00004d50        0x0 /home/smolvik/gcc-arm-none-eabi-5_4-2016q3/arm-none-eabi/lib/armv6-m//libc.a(lib_a-impure.o)
 .text          0x00004d50        0x0 /home/smolvik/gcc-arm-none-eabi-5_4-2016q3/arm-none-eabi/lib/armv6-m//libc.a(lib_a-init.o)
 .text          0x00004d50        0x0 /home/smolvik/gcc-arm-none-eabi-5_4-2016q3/arm-none-eabi/lib/armv6-m//libc.a(lib_a-reent.o)
 .text          0x00004d50        0x0 /home/smolvik/gcc-arm-none-eabi-5_4-2016q3/arm-none-eabi/lib/armv6-m//libc.a(lib_a-__atexit.o)
 .text          0x00004d50        0x0 /home/smolvik/gcc-arm-none-eabi-5_4-2016q3/arm-none-eabi/lib/armv6-m//libc.a(lib_a-__call_atexit.o)
 .text          0x00004d50        0x0 /home/smolvik/gcc-arm-none-eabi-5_4-2016q3/arm-none-eabi/lib/armv6-m//libc.a(lib_a-freer.o)
 .text          0x00004d50        0x0 /home/smolvik/gcc-arm-none-eabi-5_4-2016q3/arm-none-eabi/lib/armv6-m//libc.a(lib_a-mallocr.o)
 .text          0x00004d50        0x0 /home/smolvik/gcc-arm-none-eabi-5_4-2016q3/arm-none-eabi/lib/armv6-m//libc.a(lib_a-mlock.o)
 .text          0x00004d50        0x0 /home/smolvik/gcc-arm-none-eabi-5_4-2016q3/arm-none-eabi/lib/armv6-m//libc.a(lib_a-sbrkr.o)
 .text          0x00004d50        0x0 /home/smolvik/CMSIS_5-5.4.0/CMSIS/RTOS/RTX/LIB/GCC/libRTX_CM0.a(rt_cmsis.o)
 .text          0x00004d50        0x0 /home/smolvik/CMSIS_5-5.4.0/CMSIS/RTOS/RTX/LIB/GCC/libRTX_CM0.a(hal_cm.o)
 .text          0x00004d50        0x0 /home/smolvik/CMSIS_5-5.4.0/CMSIS/RTOS/RTX/LIB/GCC/libRTX_CM0.a(rt_memory.o)
 .text          0x00004d50        0x0 /home/smolvik/CMSIS_5-5.4.0/CMSIS/RTOS/RTX/LIB/GCC/libRTX_CM0.a(rt_membox.o)
 .text          0x00004d50        0x0 /home/smolvik/CMSIS_5-5.4.0/CMSIS/RTOS/RTX/LIB/GCC/libRTX_CM0.a(rt_mutex.o)
 .text          0x00004d50        0x0 /home/smolvik/CMSIS_5-5.4.0/CMSIS/RTOS/RTX/LIB/GCC/libRTX_CM0.a(rt_time.o)
 .text          0x00004d50        0x0 /home/smolvik/CMSIS_5-5.4.0/CMSIS/RTOS/RTX/LIB/GCC/libRTX_CM0.a(rt_semaphore.o)
 .text          0x00004d50        0x0 /home/smolvik/CMSIS_5-5.4.0/CMSIS/RTOS/RTX/LIB/GCC/libRTX_CM0.a(rt_mailbox.o)
 .text          0x00004d50        0x0 /home/smolvik/CMSIS_5-5.4.0/CMSIS/RTOS/RTX/LIB/GCC/libRTX_CM0.a(rt_list.o)
 .text          0x00004d50        0x0 /home/smolvik/CMSIS_5-5.4.0/CMSIS/RTOS/RTX/LIB/GCC/libRTX_CM0.a(rt_event.o)
 .text          0x00004d50        0x0 /home/smolvik/CMSIS_5-5.4.0/CMSIS/RTOS/RTX/LIB/GCC/libRTX_CM0.a(rt_system.o)
 .text          0x00004d50        0x0 /home/smolvik/CMSIS_5-5.4.0/CMSIS/RTOS/RTX/LIB/GCC/libRTX_CM0.a(rt_task.o)
 .text          0x00004d50      0x154 /home/smolvik/CMSIS_5-5.4.0/CMSIS/RTOS/RTX/LIB/GCC/libRTX_CM0.a(hal_cm0.o)
                0x00004d50                rt_set_PSP
                0x00004d56                rt_get_PSP
                0x00004d5c                os_set_env
                0x00004d7a                _alloc_box
                0x00004d94                _free_box
                0x00004dae                SVC_Handler
                0x00004e34                PendSV_Handler
                0x00004e38                Sys_Switch
                0x00004e7c                SysTick_Handler
                0x00004e82                OS_Tick_Handler
 .text          0x00004ea4        0x0 /home/smolvik/CMSIS_5-5.4.0/CMSIS/RTOS/RTX/LIB/GCC/libRTX_CM0.a(svc_table.o)
 .text          0x00004ea4        0x0 /home/smolvik/CMSIS_5-5.4.0/CMSIS/RTOS/RTX/LIB/GCC/libRTX_CM0.a(rt_robin.o)
 .text          0x00004ea4       0x40 /home/smolvik/gcc-arm-none-eabi-5_4-2016q3/lib/gcc/arm-none-eabi/5.4.1/armv6-m//libgcc.a(_aeabi_uldivmod.o)
                0x00004ea4                __aeabi_uldivmod
 .text          0x00004ee4       0x58 /home/smolvik/gcc-arm-none-eabi-5_4-2016q3/lib/gcc/arm-none-eabi/5.4.1/armv6-m//libgcc.a(_muldi3.o)
                0x00004ee4                __aeabi_lmul
                0x00004ee4                __muldi3
 .text          0x00004f3c      0x180 /home/smolvik/gcc-arm-none-eabi-5_4-2016q3/lib/gcc/arm-none-eabi/5.4.1/armv6-m//libgcc.a(_udivmoddi4.o)
                0x00004f3c                __udivmoddi4
 .text          0x000050bc       0x18 /home/smolvik/gcc-arm-none-eabi-5_4-2016q3/lib/gcc/arm-none-eabi/5.4.1/armv6-m//libgcc.a(_clzdi2.o)
                0x000050bc                __clzdi2
 .text          0x000050d4       0x3c /home/smolvik/gcc-arm-none-eabi-5_4-2016q3/lib/gcc/arm-none-eabi/5.4.1/armv6-m//libgcc.a(_clzsi2.o)
                0x000050d4                __clzsi2
 .text          0x00005110        0x0 /home/smolvik/gcc-arm-none-eabi-5_4-2016q3/arm-none-eabi/lib/armv6-m//libc.a(lib_a-memset.o)
 *(.text*)
 .text.abs      0x00005110        0x8 /home/smolvik/gcc-arm-none-eabi-5_4-2016q3/arm-none-eabi/lib/armv6-m//libc.a(lib_a-abs.o)
                0x00005110                abs
 .text.atexit   0x00005118       0x10 /home/smolvik/gcc-arm-none-eabi-5_4-2016q3/arm-none-eabi/lib/armv6-m//libc.a(lib_a-atexit.o)
                0x00005118                atexit
 .text.exit     0x00005128       0x20 /home/smolvik/gcc-arm-none-eabi-5_4-2016q3/arm-none-eabi/lib/armv6-m//libc.a(lib_a-exit.o)
                0x00005128                exit
 .text.__libc_fini_array
                0x00005148       0x34 /home/smolvik/gcc-arm-none-eabi-5_4-2016q3/arm-none-eabi/lib/armv6-m//libc.a(lib_a-fini.o)
                0x00005148                __libc_fini_array
 .text.__libc_init_array
                0x0000517c       0x48 /home/smolvik/gcc-arm-none-eabi-5_4-2016q3/arm-none-eabi/lib/armv6-m//libc.a(lib_a-init.o)
                0x0000517c                __libc_init_array
 .text.cleanup_glue
                0x000051c4       0x1c /home/smolvik/gcc-arm-none-eabi-5_4-2016q3/arm-none-eabi/lib/armv6-m//libc.a(lib_a-reent.o)
                0x000051c4                cleanup_glue
 .text._reclaim_reent
                0x000051e0       0x94 /home/smolvik/gcc-arm-none-eabi-5_4-2016q3/arm-none-eabi/lib/armv6-m//libc.a(lib_a-reent.o)
                0x000051e0                _reclaim_reent
 .text.__register_exitproc
                0x00005274       0xd4 /home/smolvik/gcc-arm-none-eabi-5_4-2016q3/arm-none-eabi/lib/armv6-m//libc.a(lib_a-__atexit.o)
                0x00005274                __register_exitproc
 .text.startup.register_fini
                0x00005348       0x18 /home/smolvik/gcc-arm-none-eabi-5_4-2016q3/arm-none-eabi/lib/armv6-m//libc.a(lib_a-__call_atexit.o)
 .text.__call_exitprocs
                0x00005360       0xfc /home/smolvik/gcc-arm-none-eabi-5_4-2016q3/arm-none-eabi/lib/armv6-m//libc.a(lib_a-__call_atexit.o)
                0x00005360                __call_exitprocs
 .text._malloc_trim_r
                0x0000545c       0xa0 /home/smolvik/gcc-arm-none-eabi-5_4-2016q3/arm-none-eabi/lib/armv6-m//libc.a(lib_a-freer.o)
                0x0000545c                _malloc_trim_r
 .text._free_r  0x000054fc      0x1c4 /home/smolvik/gcc-arm-none-eabi-5_4-2016q3/arm-none-eabi/lib/armv6-m//libc.a(lib_a-freer.o)
                0x000054fc                _free_r
 .text._malloc_r
                0x000056c0      0x554 /home/smolvik/gcc-arm-none-eabi-5_4-2016q3/arm-none-eabi/lib/armv6-m//libc.a(lib_a-mallocr.o)
                0x000056c0                _malloc_r
 .text.__malloc_lock
                0x00005c14        0x4 /home/smolvik/gcc-arm-none-eabi-5_4-2016q3/arm-none-eabi/lib/armv6-m//libc.a(lib_a-mlock.o)
                0x00005c14                __malloc_lock
 .text.__malloc_unlock
                0x00005c18        0x4 /home/smolvik/gcc-arm-none-eabi-5_4-2016q3/arm-none-eabi/lib/armv6-m//libc.a(lib_a-mlock.o)
                0x00005c18                __malloc_unlock
 .text._sbrk_r  0x00005c1c       0x24 /home/smolvik/gcc-arm-none-eabi-5_4-2016q3/arm-none-eabi/lib/armv6-m//libc.a(lib_a-sbrkr.o)
                0x00005c1c                _sbrk_r
 .text.osThreadExit
                0x00005c40       0x18 /home/smolvik/CMSIS_5-5.4.0/CMSIS/RTOS/RTX/LIB/GCC/libRTX_CM0.a(rt_cmsis.o)
                0x00005c40                osThreadExit
 .text.svcKernelInitialize
                0x00005c58      0x114 /home/smolvik/CMSIS_5-5.4.0/CMSIS/RTOS/RTX/LIB/GCC/libRTX_CM0.a(rt_cmsis.o)
                0x00005c58                svcKernelInitialize
 .text.svcKernelStart
                0x00005d6c       0x4c /home/smolvik/CMSIS_5-5.4.0/CMSIS/RTOS/RTX/LIB/GCC/libRTX_CM0.a(rt_cmsis.o)
                0x00005d6c                svcKernelStart
 .text.svcKernelRunning
                0x00005db8        0xc /home/smolvik/CMSIS_5-5.4.0/CMSIS/RTOS/RTX/LIB/GCC/libRTX_CM0.a(rt_cmsis.o)
                0x00005db8                svcKernelRunning
 .text.svcKernelSysTick
                0x00005dc4       0x50 /home/smolvik/CMSIS_5-5.4.0/CMSIS/RTOS/RTX/LIB/GCC/libRTX_CM0.a(rt_cmsis.o)
                0x00005dc4                svcKernelSysTick
 .text.osKernelInitialize
                0x00005e14      0x138 /home/smolvik/CMSIS_5-5.4.0/CMSIS/RTOS/RTX/LIB/GCC/libRTX_CM0.a(rt_cmsis.o)
                0x00005e14                osKernelInitialize
 .text.osKernelStart
                0x00005f4c       0x78 /home/smolvik/CMSIS_5-5.4.0/CMSIS/RTOS/RTX/LIB/GCC/libRTX_CM0.a(rt_cmsis.o)
                0x00005f4c                osKernelStart
 .text.osKernelRunning
                0x00005fc4       0x28 /home/smolvik/CMSIS_5-5.4.0/CMSIS/RTOS/RTX/LIB/GCC/libRTX_CM0.a(rt_cmsis.o)
                0x00005fc4                osKernelRunning
 .text.osKernelSysTick
                0x00005fec       0x1c /home/smolvik/CMSIS_5-5.4.0/CMSIS/RTOS/RTX/LIB/GCC/libRTX_CM0.a(rt_cmsis.o)
                0x00005fec                osKernelSysTick
 .text.svcThreadCreate
                0x00006008       0x78 /home/smolvik/CMSIS_5-5.4.0/CMSIS/RTOS/RTX/LIB/GCC/libRTX_CM0.a(rt_cmsis.o)
                0x00006008                svcThreadCreate
 .text.svcThreadGetId
                0x00006080       0x1c /home/smolvik/CMSIS_5-5.4.0/CMSIS/RTOS/RTX/LIB/GCC/libRTX_CM0.a(rt_cmsis.o)
                0x00006080                svcThreadGetId
 .text.svcThreadTerminate
                0x0000609c       0x44 /home/smolvik/CMSIS_5-5.4.0/CMSIS/RTOS/RTX/LIB/GCC/libRTX_CM0.a(rt_cmsis.o)
                0x0000609c                svcThreadTerminate
 .text.svcThreadYield
                0x000060e0        0xc /home/smolvik/CMSIS_5-5.4.0/CMSIS/RTOS/RTX/LIB/GCC/libRTX_CM0.a(rt_cmsis.o)
                0x000060e0                svcThreadYield
 .text.svcThreadSetPriority
                0x000060ec       0x34 /home/smolvik/CMSIS_5-5.4.0/CMSIS/RTOS/RTX/LIB/GCC/libRTX_CM0.a(rt_cmsis.o)
                0x000060ec                svcThreadSetPriority
 .text.svcThreadGetPriority
                0x00006120       0x18 /home/smolvik/CMSIS_5-5.4.0/CMSIS/RTOS/RTX/LIB/GCC/libRTX_CM0.a(rt_cmsis.o)
                0x00006120                svcThreadGetPriority
 .text.osThreadCreate
                0x00006138       0xb0 /home/smolvik/CMSIS_5-5.4.0/CMSIS/RTOS/RTX/LIB/GCC/libRTX_CM0.a(rt_cmsis.o)
                0x00006138                osThreadCreate
 .text.osThreadGetId
                0x000061e8       0x1c /home/smolvik/CMSIS_5-5.4.0/CMSIS/RTOS/RTX/LIB/GCC/libRTX_CM0.a(rt_cmsis.o)
                0x000061e8                osThreadGetId
 .text.osThreadTerminate
                0x00006204       0x20 /home/smolvik/CMSIS_5-5.4.0/CMSIS/RTOS/RTX/LIB/GCC/libRTX_CM0.a(rt_cmsis.o)
                0x00006204                osThreadTerminate
 .text.osThreadYield
                0x00006224       0x20 /home/smolvik/CMSIS_5-5.4.0/CMSIS/RTOS/RTX/LIB/GCC/libRTX_CM0.a(rt_cmsis.o)
                0x00006224                osThreadYield
 .text.osThreadSetPriority
                0x00006244       0x20 /home/smolvik/CMSIS_5-5.4.0/CMSIS/RTOS/RTX/LIB/GCC/libRTX_CM0.a(rt_cmsis.o)
                0x00006244                osThreadSetPriority
 .text.osThreadGetPriority
                0x00006264       0x20 /home/smolvik/CMSIS_5-5.4.0/CMSIS/RTOS/RTX/LIB/GCC/libRTX_CM0.a(rt_cmsis.o)
                0x00006264                osThreadGetPriority
 .text.svcDelay
                0x00006284       0x60 /home/smolvik/CMSIS_5-5.4.0/CMSIS/RTOS/RTX/LIB/GCC/libRTX_CM0.a(rt_cmsis.o)
                0x00006284                svcDelay
 .text.osDelay  0x000062e4       0x20 /home/smolvik/CMSIS_5-5.4.0/CMSIS/RTOS/RTX/LIB/GCC/libRTX_CM0.a(rt_cmsis.o)
                0x000062e4                osDelay
 .text.osWait   0x00006304        0x8 /home/smolvik/CMSIS_5-5.4.0/CMSIS/RTOS/RTX/LIB/GCC/libRTX_CM0.a(rt_cmsis.o)
                0x00006304                osWait
 .text.svcTimerCreate
                0x0000630c       0x3c /home/smolvik/CMSIS_5-5.4.0/CMSIS/RTOS/RTX/LIB/GCC/libRTX_CM0.a(rt_cmsis.o)
                0x0000630c                svcTimerCreate
 .text.svcTimerStart
                0x00006348       0xe0 /home/smolvik/CMSIS_5-5.4.0/CMSIS/RTOS/RTX/LIB/GCC/libRTX_CM0.a(rt_cmsis.o)
                0x00006348                svcTimerStart
 .text.svcTimerStop
                0x00006428       0x58 /home/smolvik/CMSIS_5-5.4.0/CMSIS/RTOS/RTX/LIB/GCC/libRTX_CM0.a(rt_cmsis.o)
                0x00006428                svcTimerStop
 .text.svcTimerDelete
                0x00006480       0x60 /home/smolvik/CMSIS_5-5.4.0/CMSIS/RTOS/RTX/LIB/GCC/libRTX_CM0.a(rt_cmsis.o)
                0x00006480                svcTimerDelete
 .text.svcTimerCall
                0x000064e0       0x20 /home/smolvik/CMSIS_5-5.4.0/CMSIS/RTOS/RTX/LIB/GCC/libRTX_CM0.a(rt_cmsis.o)
                0x000064e0                svcTimerCall
 .text.sysTimerTick
                0x00006500       0xbc /home/smolvik/CMSIS_5-5.4.0/CMSIS/RTOS/RTX/LIB/GCC/libRTX_CM0.a(rt_cmsis.o)
                0x00006500                sysTimerTick
 .text.sysUserTimerWakeupTime
                0x000065bc       0x18 /home/smolvik/CMSIS_5-5.4.0/CMSIS/RTOS/RTX/LIB/GCC/libRTX_CM0.a(rt_cmsis.o)
                0x000065bc                sysUserTimerWakeupTime
 .text.sysUserTimerUpdate
                0x000065d4       0x40 /home/smolvik/CMSIS_5-5.4.0/CMSIS/RTOS/RTX/LIB/GCC/libRTX_CM0.a(rt_cmsis.o)
                0x000065d4                sysUserTimerUpdate
 .text.osTimerCreate
                0x00006614       0x64 /home/smolvik/CMSIS_5-5.4.0/CMSIS/RTOS/RTX/LIB/GCC/libRTX_CM0.a(rt_cmsis.o)
                0x00006614                osTimerCreate
 .text.osTimerStart
                0x00006678       0x20 /home/smolvik/CMSIS_5-5.4.0/CMSIS/RTOS/RTX/LIB/GCC/libRTX_CM0.a(rt_cmsis.o)
                0x00006678                osTimerStart
 .text.osTimerStop
                0x00006698       0x20 /home/smolvik/CMSIS_5-5.4.0/CMSIS/RTOS/RTX/LIB/GCC/libRTX_CM0.a(rt_cmsis.o)
                0x00006698                osTimerStop
 .text.osTimerDelete
                0x000066b8       0x20 /home/smolvik/CMSIS_5-5.4.0/CMSIS/RTOS/RTX/LIB/GCC/libRTX_CM0.a(rt_cmsis.o)
                0x000066b8                osTimerDelete
 .text.osTimerCall
                0x000066d8       0x18 /home/smolvik/CMSIS_5-5.4.0/CMSIS/RTOS/RTX/LIB/GCC/libRTX_CM0.a(rt_cmsis.o)
                0x000066d8                osTimerCall
 .text.osTimerThread
                0x000066f0       0x38 /home/smolvik/CMSIS_5-5.4.0/CMSIS/RTOS/RTX/LIB/GCC/libRTX_CM0.a(rt_cmsis.o)
                0x000066f0                osTimerThread
 .text.svcSignalSet
                0x00006728       0x2c /home/smolvik/CMSIS_5-5.4.0/CMSIS/RTOS/RTX/LIB/GCC/libRTX_CM0.a(rt_cmsis.o)
                0x00006728                svcSignalSet
 .text.svcSignalClear
                0x00006754       0x2c /home/smolvik/CMSIS_5-5.4.0/CMSIS/RTOS/RTX/LIB/GCC/libRTX_CM0.a(rt_cmsis.o)
                0x00006754                svcSignalClear
 .text.svcSignalWait
                0x00006780       0xf0 /home/smolvik/CMSIS_5-5.4.0/CMSIS/RTOS/RTX/LIB/GCC/libRTX_CM0.a(rt_cmsis.o)
                0x00006780                svcSignalWait
 .text.isrSignalSet
                0x00006870       0x2c /home/smolvik/CMSIS_5-5.4.0/CMSIS/RTOS/RTX/LIB/GCC/libRTX_CM0.a(rt_cmsis.o)
                0x00006870                isrSignalSet
 .text.osSignalSet
                0x0000689c       0x40 /home/smolvik/CMSIS_5-5.4.0/CMSIS/RTOS/RTX/LIB/GCC/libRTX_CM0.a(rt_cmsis.o)
                0x0000689c                osSignalSet
 .text.osSignalClear
                0x000068dc       0x1c /home/smolvik/CMSIS_5-5.4.0/CMSIS/RTOS/RTX/LIB/GCC/libRTX_CM0.a(rt_cmsis.o)
                0x000068dc                osSignalClear
 .text.osSignalWait
                0x000068f8       0x2c /home/smolvik/CMSIS_5-5.4.0/CMSIS/RTOS/RTX/LIB/GCC/libRTX_CM0.a(rt_cmsis.o)
                0x000068f8                osSignalWait
 .text.svcMutexCreate
                0x00006924       0x20 /home/smolvik/CMSIS_5-5.4.0/CMSIS/RTOS/RTX/LIB/GCC/libRTX_CM0.a(rt_cmsis.o)
                0x00006924                svcMutexCreate
 .text.svcMutexWait
                0x00006944       0x8c /home/smolvik/CMSIS_5-5.4.0/CMSIS/RTOS/RTX/LIB/GCC/libRTX_CM0.a(rt_cmsis.o)
                0x00006944                svcMutexWait
 .text.svcMutexRelease
                0x000069d0       0x24 /home/smolvik/CMSIS_5-5.4.0/CMSIS/RTOS/RTX/LIB/GCC/libRTX_CM0.a(rt_cmsis.o)
                0x000069d0                svcMutexRelease
 .text.svcMutexDelete
                0x000069f4       0x20 /home/smolvik/CMSIS_5-5.4.0/CMSIS/RTOS/RTX/LIB/GCC/libRTX_CM0.a(rt_cmsis.o)
                0x000069f4                svcMutexDelete
 .text.osMutexCreate
                0x00006a14       0x4c /home/smolvik/CMSIS_5-5.4.0/CMSIS/RTOS/RTX/LIB/GCC/libRTX_CM0.a(rt_cmsis.o)
                0x00006a14                osMutexCreate
 .text.osMutexWait
                0x00006a60       0x20 /home/smolvik/CMSIS_5-5.4.0/CMSIS/RTOS/RTX/LIB/GCC/libRTX_CM0.a(rt_cmsis.o)
                0x00006a60                osMutexWait
 .text.osMutexRelease
                0x00006a80       0x20 /home/smolvik/CMSIS_5-5.4.0/CMSIS/RTOS/RTX/LIB/GCC/libRTX_CM0.a(rt_cmsis.o)
                0x00006a80                osMutexRelease
 .text.osMutexDelete
                0x00006aa0       0x20 /home/smolvik/CMSIS_5-5.4.0/CMSIS/RTOS/RTX/LIB/GCC/libRTX_CM0.a(rt_cmsis.o)
                0x00006aa0                osMutexDelete
 .text.svcSemaphoreCreate
                0x00006ac0       0x2c /home/smolvik/CMSIS_5-5.4.0/CMSIS/RTOS/RTX/LIB/GCC/libRTX_CM0.a(rt_cmsis.o)
                0x00006ac0                svcSemaphoreCreate
 .text.svcSemaphoreWait
                0x00006aec       0x88 /home/smolvik/CMSIS_5-5.4.0/CMSIS/RTOS/RTX/LIB/GCC/libRTX_CM0.a(rt_cmsis.o)
                0x00006aec                svcSemaphoreWait
 .text.svcSemaphoreRelease
                0x00006b74       0x2c /home/smolvik/CMSIS_5-5.4.0/CMSIS/RTOS/RTX/LIB/GCC/libRTX_CM0.a(rt_cmsis.o)
                0x00006b74                svcSemaphoreRelease
 .text.svcSemaphoreDelete
                0x00006ba0       0x20 /home/smolvik/CMSIS_5-5.4.0/CMSIS/RTOS/RTX/LIB/GCC/libRTX_CM0.a(rt_cmsis.o)
                0x00006ba0                svcSemaphoreDelete
 .text.isrSemaphoreRelease
                0x00006bc0       0x2c /home/smolvik/CMSIS_5-5.4.0/CMSIS/RTOS/RTX/LIB/GCC/libRTX_CM0.a(rt_cmsis.o)
                0x00006bc0                isrSemaphoreRelease
 .text.osSemaphoreCreate
                0x00006bec       0x54 /home/smolvik/CMSIS_5-5.4.0/CMSIS/RTOS/RTX/LIB/GCC/libRTX_CM0.a(rt_cmsis.o)
                0x00006bec                osSemaphoreCreate
 .text.osSemaphoreWait
                0x00006c40       0x1c /home/smolvik/CMSIS_5-5.4.0/CMSIS/RTOS/RTX/LIB/GCC/libRTX_CM0.a(rt_cmsis.o)
                0x00006c40                osSemaphoreWait
 .text.osSemaphoreRelease
                0x00006c5c       0x40 /home/smolvik/CMSIS_5-5.4.0/CMSIS/RTOS/RTX/LIB/GCC/libRTX_CM0.a(rt_cmsis.o)
                0x00006c5c                osSemaphoreRelease
 .text.osSemaphoreDelete
                0x00006c9c       0x20 /home/smolvik/CMSIS_5-5.4.0/CMSIS/RTOS/RTX/LIB/GCC/libRTX_CM0.a(rt_cmsis.o)
                0x00006c9c                osSemaphoreDelete
 .text.svcPoolCreate
                0x00006cbc       0x30 /home/smolvik/CMSIS_5-5.4.0/CMSIS/RTOS/RTX/LIB/GCC/libRTX_CM0.a(rt_cmsis.o)
                0x00006cbc                svcPoolCreate
 .text.sysPoolAlloc
                0x00006cec       0x10 /home/smolvik/CMSIS_5-5.4.0/CMSIS/RTOS/RTX/LIB/GCC/libRTX_CM0.a(rt_cmsis.o)
                0x00006cec                sysPoolAlloc
 .text.sysPoolFree
                0x00006cfc       0x1c /home/smolvik/CMSIS_5-5.4.0/CMSIS/RTOS/RTX/LIB/GCC/libRTX_CM0.a(rt_cmsis.o)
                0x00006cfc                sysPoolFree
 .text.osPoolCreate
                0x00006d18       0x5c /home/smolvik/CMSIS_5-5.4.0/CMSIS/RTOS/RTX/LIB/GCC/libRTX_CM0.a(rt_cmsis.o)
                0x00006d18                osPoolCreate
 .text.osPoolAlloc
                0x00006d74       0x2c /home/smolvik/CMSIS_5-5.4.0/CMSIS/RTOS/RTX/LIB/GCC/libRTX_CM0.a(rt_cmsis.o)
                0x00006d74                osPoolAlloc
 .text.osPoolCAlloc
                0x00006da0       0x4c /home/smolvik/CMSIS_5-5.4.0/CMSIS/RTOS/RTX/LIB/GCC/libRTX_CM0.a(rt_cmsis.o)
                0x00006da0                osPoolCAlloc
 .text.osPoolFree
                0x00006dec       0x38 /home/smolvik/CMSIS_5-5.4.0/CMSIS/RTOS/RTX/LIB/GCC/libRTX_CM0.a(rt_cmsis.o)
                0x00006dec                osPoolFree
 .text.svcMessageCreate
                0x00006e24       0x2c /home/smolvik/CMSIS_5-5.4.0/CMSIS/RTOS/RTX/LIB/GCC/libRTX_CM0.a(rt_cmsis.o)
                0x00006e24                svcMessageCreate
 .text.svcMessagePut
                0x00006e50       0x80 /home/smolvik/CMSIS_5-5.4.0/CMSIS/RTOS/RTX/LIB/GCC/libRTX_CM0.a(rt_cmsis.o)
                0x00006e50                svcMessagePut
 .text.svcMessageGet
                0x00006ed0       0x90 /home/smolvik/CMSIS_5-5.4.0/CMSIS/RTOS/RTX/LIB/GCC/libRTX_CM0.a(rt_cmsis.o)
                0x00006ed0                svcMessageGet
 .text.isrMessagePut
                0x00006f60       0x34 /home/smolvik/CMSIS_5-5.4.0/CMSIS/RTOS/RTX/LIB/GCC/libRTX_CM0.a(rt_cmsis.o)
                0x00006f60                isrMessagePut
 .text.isrMessageGet
                0x00006f94       0x44 /home/smolvik/CMSIS_5-5.4.0/CMSIS/RTOS/RTX/LIB/GCC/libRTX_CM0.a(rt_cmsis.o)
                0x00006f94                isrMessageGet
 .text.osMessageCreate
                0x00006fd8       0x58 /home/smolvik/CMSIS_5-5.4.0/CMSIS/RTOS/RTX/LIB/GCC/libRTX_CM0.a(rt_cmsis.o)
                0x00006fd8                osMessageCreate
 .text.osMessagePut
                0x00007030       0x48 /home/smolvik/CMSIS_5-5.4.0/CMSIS/RTOS/RTX/LIB/GCC/libRTX_CM0.a(rt_cmsis.o)
                0x00007030                osMessagePut
 .text.osMessageGet
                0x00007078       0x60 /home/smolvik/CMSIS_5-5.4.0/CMSIS/RTOS/RTX/LIB/GCC/libRTX_CM0.a(rt_cmsis.o)
                0x00007078                osMessageGet
 .text.svcMailCreate
                0x000070d8       0x50 /home/smolvik/CMSIS_5-5.4.0/CMSIS/RTOS/RTX/LIB/GCC/libRTX_CM0.a(rt_cmsis.o)
                0x000070d8                svcMailCreate
 .text.sysMailAlloc
                0x00007128       0xac /home/smolvik/CMSIS_5-5.4.0/CMSIS/RTOS/RTX/LIB/GCC/libRTX_CM0.a(rt_cmsis.o)
                0x00007128                sysMailAlloc
 .text.sysMailFree
                0x000071d4       0x78 /home/smolvik/CMSIS_5-5.4.0/CMSIS/RTOS/RTX/LIB/GCC/libRTX_CM0.a(rt_cmsis.o)
                0x000071d4                sysMailFree
 .text.osMailCreate
                0x0000724c       0x7c /home/smolvik/CMSIS_5-5.4.0/CMSIS/RTOS/RTX/LIB/GCC/libRTX_CM0.a(rt_cmsis.o)
                0x0000724c                osMailCreate
 .text.osMailAlloc
                0x000072c8       0x38 /home/smolvik/CMSIS_5-5.4.0/CMSIS/RTOS/RTX/LIB/GCC/libRTX_CM0.a(rt_cmsis.o)
                0x000072c8                osMailAlloc
 .text.osMailCAlloc
                0x00007300       0x60 /home/smolvik/CMSIS_5-5.4.0/CMSIS/RTOS/RTX/LIB/GCC/libRTX_CM0.a(rt_cmsis.o)
                0x00007300                osMailCAlloc
 .text.osMailFree
                0x00007360       0x60 /home/smolvik/CMSIS_5-5.4.0/CMSIS/RTOS/RTX/LIB/GCC/libRTX_CM0.a(rt_cmsis.o)
                0x00007360                osMailFree
 .text.osMailPut
                0x000073c0       0x58 /home/smolvik/CMSIS_5-5.4.0/CMSIS/RTOS/RTX/LIB/GCC/libRTX_CM0.a(rt_cmsis.o)
                0x000073c0                osMailPut
 .text.osMailGet
                0x00007418       0x50 /home/smolvik/CMSIS_5-5.4.0/CMSIS/RTOS/RTX/LIB/GCC/libRTX_CM0.a(rt_cmsis.o)
                0x00007418                osMailGet
 .text.os_suspend
                0x00007468       0x10 /home/smolvik/CMSIS_5-5.4.0/CMSIS/RTOS/RTX/LIB/GCC/libRTX_CM0.a(rt_cmsis.o)
                0x00007468                os_suspend
 .text.os_resume
                0x00007478       0x10 /home/smolvik/CMSIS_5-5.4.0/CMSIS/RTOS/RTX/LIB/GCC/libRTX_CM0.a(rt_cmsis.o)
                0x00007478                os_resume
 .text.rt_init_stack
                0x00007488       0xb0 /home/smolvik/CMSIS_5-5.4.0/CMSIS/RTOS/RTX/LIB/GCC/libRTX_CM0.a(hal_cm.o)
                0x00007488                rt_init_stack
 .text.rt_ret_val
                0x00007538        0x8 /home/smolvik/CMSIS_5-5.4.0/CMSIS/RTOS/RTX/LIB/GCC/libRTX_CM0.a(hal_cm.o)
                0x00007538                rt_ret_val
 .text.rt_ret_val2
                0x00007540        0x8 /home/smolvik/CMSIS_5-5.4.0/CMSIS/RTOS/RTX/LIB/GCC/libRTX_CM0.a(hal_cm.o)
                0x00007540                rt_ret_val2
 .text.rt_init_mem
                0x00007548       0x1c /home/smolvik/CMSIS_5-5.4.0/CMSIS/RTOS/RTX/LIB/GCC/libRTX_CM0.a(rt_memory.o)
                0x00007548                rt_init_mem
 .text.rt_alloc_mem
                0x00007564       0x44 /home/smolvik/CMSIS_5-5.4.0/CMSIS/RTOS/RTX/LIB/GCC/libRTX_CM0.a(rt_memory.o)
                0x00007564                rt_alloc_mem
 .text.rt_free_mem
                0x000075a8       0x3c /home/smolvik/CMSIS_5-5.4.0/CMSIS/RTOS/RTX/LIB/GCC/libRTX_CM0.a(rt_memory.o)
                0x000075a8                rt_free_mem
 .text._init_box
                0x000075e4       0x58 /home/smolvik/CMSIS_5-5.4.0/CMSIS/RTOS/RTX/LIB/GCC/libRTX_CM0.a(rt_membox.o)
                0x000075e4                _init_box
 .text.rt_alloc_box
                0x0000763c       0x20 /home/smolvik/CMSIS_5-5.4.0/CMSIS/RTOS/RTX/LIB/GCC/libRTX_CM0.a(rt_membox.o)
                0x0000763c                rt_alloc_box
 .text._calloc_box
                0x0000765c       0x20 /home/smolvik/CMSIS_5-5.4.0/CMSIS/RTOS/RTX/LIB/GCC/libRTX_CM0.a(rt_membox.o)
                0x0000765c                _calloc_box
 .text.rt_free_box
                0x0000767c       0x28 /home/smolvik/CMSIS_5-5.4.0/CMSIS/RTOS/RTX/LIB/GCC/libRTX_CM0.a(rt_membox.o)
                0x0000767c                rt_free_box
 .text.rt_mut_init
                0x000076a4       0x10 /home/smolvik/CMSIS_5-5.4.0/CMSIS/RTOS/RTX/LIB/GCC/libRTX_CM0.a(rt_mutex.o)
                0x000076a4                rt_mut_init
 .text.rt_mut_delete
                0x000076b4       0xe0 /home/smolvik/CMSIS_5-5.4.0/CMSIS/RTOS/RTX/LIB/GCC/libRTX_CM0.a(rt_mutex.o)
                0x000076b4                rt_mut_delete
 .text.rt_mut_release
                0x00007794      0x108 /home/smolvik/CMSIS_5-5.4.0/CMSIS/RTOS/RTX/LIB/GCC/libRTX_CM0.a(rt_mutex.o)
                0x00007794                rt_mut_release
 .text.rt_mut_wait
                0x0000789c       0x7c /home/smolvik/CMSIS_5-5.4.0/CMSIS/RTOS/RTX/LIB/GCC/libRTX_CM0.a(rt_mutex.o)
                0x0000789c                rt_mut_wait
 .text.rt_time_get
                0x00007918        0xc /home/smolvik/CMSIS_5-5.4.0/CMSIS/RTOS/RTX/LIB/GCC/libRTX_CM0.a(rt_time.o)
                0x00007918                rt_time_get
 .text.rt_dly_wait
                0x00007924        0xc /home/smolvik/CMSIS_5-5.4.0/CMSIS/RTOS/RTX/LIB/GCC/libRTX_CM0.a(rt_time.o)
                0x00007924                rt_dly_wait
 .text.rt_itv_set
                0x00007930       0x18 /home/smolvik/CMSIS_5-5.4.0/CMSIS/RTOS/RTX/LIB/GCC/libRTX_CM0.a(rt_time.o)
                0x00007930                rt_itv_set
 .text.rt_itv_wait
                0x00007948       0x2c /home/smolvik/CMSIS_5-5.4.0/CMSIS/RTOS/RTX/LIB/GCC/libRTX_CM0.a(rt_time.o)
                0x00007948                rt_itv_wait
 .text.rt_sem_init
                0x00007974        0xc /home/smolvik/CMSIS_5-5.4.0/CMSIS/RTOS/RTX/LIB/GCC/libRTX_CM0.a(rt_semaphore.o)
                0x00007974                rt_sem_init
 .text.rt_sem_delete
                0x00007980       0x68 /home/smolvik/CMSIS_5-5.4.0/CMSIS/RTOS/RTX/LIB/GCC/libRTX_CM0.a(rt_semaphore.o)
                0x00007980                rt_sem_delete
 .text.rt_sem_send
                0x000079e8       0x2c /home/smolvik/CMSIS_5-5.4.0/CMSIS/RTOS/RTX/LIB/GCC/libRTX_CM0.a(rt_semaphore.o)
                0x000079e8                rt_sem_send
 .text.rt_sem_wait
                0x00007a14       0x44 /home/smolvik/CMSIS_5-5.4.0/CMSIS/RTOS/RTX/LIB/GCC/libRTX_CM0.a(rt_semaphore.o)
                0x00007a14                rt_sem_wait
 .text.isr_sem_send
                0x00007a58       0x10 /home/smolvik/CMSIS_5-5.4.0/CMSIS/RTOS/RTX/LIB/GCC/libRTX_CM0.a(rt_semaphore.o)
                0x00007a58                isr_sem_send
 .text.rt_sem_psh
                0x00007a68       0x34 /home/smolvik/CMSIS_5-5.4.0/CMSIS/RTOS/RTX/LIB/GCC/libRTX_CM0.a(rt_semaphore.o)
                0x00007a68                rt_sem_psh
 .text.rt_mbx_init
                0x00007a9c       0x1c /home/smolvik/CMSIS_5-5.4.0/CMSIS/RTOS/RTX/LIB/GCC/libRTX_CM0.a(rt_mailbox.o)
                0x00007a9c                rt_mbx_init
 .text.rt_mbx_send
                0x00007ab8       0x98 /home/smolvik/CMSIS_5-5.4.0/CMSIS/RTOS/RTX/LIB/GCC/libRTX_CM0.a(rt_mailbox.o)
                0x00007ab8                rt_mbx_send
 .text.rt_mbx_wait
                0x00007b50       0xb8 /home/smolvik/CMSIS_5-5.4.0/CMSIS/RTOS/RTX/LIB/GCC/libRTX_CM0.a(rt_mailbox.o)
                0x00007b50                rt_mbx_wait
 .text.rt_mbx_check
                0x00007c08        0x8 /home/smolvik/CMSIS_5-5.4.0/CMSIS/RTOS/RTX/LIB/GCC/libRTX_CM0.a(rt_mailbox.o)
                0x00007c08                rt_mbx_check
 .text.isr_mbx_send
                0x00007c10        0xc /home/smolvik/CMSIS_5-5.4.0/CMSIS/RTOS/RTX/LIB/GCC/libRTX_CM0.a(rt_mailbox.o)
                0x00007c10                isr_mbx_send
 .text.isr_mbx_receive
                0x00007c1c       0x58 /home/smolvik/CMSIS_5-5.4.0/CMSIS/RTOS/RTX/LIB/GCC/libRTX_CM0.a(rt_mailbox.o)
                0x00007c1c                isr_mbx_receive
 .text.rt_mbx_psh
                0x00007c74       0xdc /home/smolvik/CMSIS_5-5.4.0/CMSIS/RTOS/RTX/LIB/GCC/libRTX_CM0.a(rt_mailbox.o)
                0x00007c74                rt_mbx_psh
 .text.rt_put_prio
                0x00007d50       0x4c /home/smolvik/CMSIS_5-5.4.0/CMSIS/RTOS/RTX/LIB/GCC/libRTX_CM0.a(rt_list.o)
                0x00007d50                rt_put_prio
 .text.rt_get_first
                0x00007d9c       0x28 /home/smolvik/CMSIS_5-5.4.0/CMSIS/RTOS/RTX/LIB/GCC/libRTX_CM0.a(rt_list.o)
                0x00007d9c                rt_get_first
 .text.rt_put_rdy_first
                0x00007dc4       0x14 /home/smolvik/CMSIS_5-5.4.0/CMSIS/RTOS/RTX/LIB/GCC/libRTX_CM0.a(rt_list.o)
                0x00007dc4                rt_put_rdy_first
 .text.rt_get_same_rdy_prio
                0x00007dd8       0x24 /home/smolvik/CMSIS_5-5.4.0/CMSIS/RTOS/RTX/LIB/GCC/libRTX_CM0.a(rt_list.o)
                0x00007dd8                rt_get_same_rdy_prio
 .text.rt_resort_prio
                0x00007dfc       0x90 /home/smolvik/CMSIS_5-5.4.0/CMSIS/RTOS/RTX/LIB/GCC/libRTX_CM0.a(rt_list.o)
                0x00007dfc                rt_resort_prio
 .text.rt_put_dly
                0x00007e8c       0x64 /home/smolvik/CMSIS_5-5.4.0/CMSIS/RTOS/RTX/LIB/GCC/libRTX_CM0.a(rt_list.o)
                0x00007e8c                rt_put_dly
 .text.rt_dec_dly
                0x00007ef0       0xf0 /home/smolvik/CMSIS_5-5.4.0/CMSIS/RTOS/RTX/LIB/GCC/libRTX_CM0.a(rt_list.o)
                0x00007ef0                rt_dec_dly
 .text.rt_rmv_list
                0x00007fe0       0x2c /home/smolvik/CMSIS_5-5.4.0/CMSIS/RTOS/RTX/LIB/GCC/libRTX_CM0.a(rt_list.o)
                0x00007fe0                rt_rmv_list
 .text.rt_rmv_dly
                0x0000800c       0x2c /home/smolvik/CMSIS_5-5.4.0/CMSIS/RTOS/RTX/LIB/GCC/libRTX_CM0.a(rt_list.o)
                0x0000800c                rt_rmv_dly
 .text.rt_psq_enq
                0x00008038       0x44 /home/smolvik/CMSIS_5-5.4.0/CMSIS/RTOS/RTX/LIB/GCC/libRTX_CM0.a(rt_list.o)
                0x00008038                rt_psq_enq
 .text.rt_evt_wait
                0x0000807c       0x48 /home/smolvik/CMSIS_5-5.4.0/CMSIS/RTOS/RTX/LIB/GCC/libRTX_CM0.a(rt_event.o)
                0x0000807c                rt_evt_wait
 .text.rt_evt_set
                0x000080c4       0x58 /home/smolvik/CMSIS_5-5.4.0/CMSIS/RTOS/RTX/LIB/GCC/libRTX_CM0.a(rt_event.o)
                0x000080c4                rt_evt_set
 .text.rt_evt_clr
                0x0000811c       0x18 /home/smolvik/CMSIS_5-5.4.0/CMSIS/RTOS/RTX/LIB/GCC/libRTX_CM0.a(rt_event.o)
                0x0000811c                rt_evt_clr
 .text.isr_evt_set
                0x00008134       0x20 /home/smolvik/CMSIS_5-5.4.0/CMSIS/RTOS/RTX/LIB/GCC/libRTX_CM0.a(rt_event.o)
                0x00008134                isr_evt_set
 .text.rt_evt_get
                0x00008154        0xc /home/smolvik/CMSIS_5-5.4.0/CMSIS/RTOS/RTX/LIB/GCC/libRTX_CM0.a(rt_event.o)
                0x00008154                rt_evt_get
 .text.rt_evt_psh
                0x00008160       0x50 /home/smolvik/CMSIS_5-5.4.0/CMSIS/RTOS/RTX/LIB/GCC/libRTX_CM0.a(rt_event.o)
                0x00008160                rt_evt_psh
 .text.rt_suspend
                0x000081b0       0x90 /home/smolvik/CMSIS_5-5.4.0/CMSIS/RTOS/RTX/LIB/GCC/libRTX_CM0.a(rt_system.o)
                0x000081b0                rt_suspend
 .text.rt_resume
                0x00008240       0xf8 /home/smolvik/CMSIS_5-5.4.0/CMSIS/RTOS/RTX/LIB/GCC/libRTX_CM0.a(rt_system.o)
                0x00008240                rt_resume
 .text.rt_tsk_lock
                0x00008338       0x64 /home/smolvik/CMSIS_5-5.4.0/CMSIS/RTOS/RTX/LIB/GCC/libRTX_CM0.a(rt_system.o)
                0x00008338                rt_tsk_lock
 .text.rt_tsk_unlock
                0x0000839c       0x64 /home/smolvik/CMSIS_5-5.4.0/CMSIS/RTOS/RTX/LIB/GCC/libRTX_CM0.a(rt_system.o)
                0x0000839c                rt_tsk_unlock
 .text.rt_psh_req
                0x00008400       0x20 /home/smolvik/CMSIS_5-5.4.0/CMSIS/RTOS/RTX/LIB/GCC/libRTX_CM0.a(rt_system.o)
                0x00008400                rt_psh_req
 .text.rt_pop_req
                0x00008420       0x80 /home/smolvik/CMSIS_5-5.4.0/CMSIS/RTOS/RTX/LIB/GCC/libRTX_CM0.a(rt_system.o)
                0x00008420                rt_pop_req
 .text.os_tick_init
                0x000084a0       0x3c /home/smolvik/CMSIS_5-5.4.0/CMSIS/RTOS/RTX/LIB/GCC/libRTX_CM0.a(rt_system.o)
                0x000084a0                os_tick_init
 .text.os_tick_val
                0x000084dc       0x14 /home/smolvik/CMSIS_5-5.4.0/CMSIS/RTOS/RTX/LIB/GCC/libRTX_CM0.a(rt_system.o)
                0x000084dc                os_tick_val
 .text.os_tick_ovf
                0x000084f0       0x10 /home/smolvik/CMSIS_5-5.4.0/CMSIS/RTOS/RTX/LIB/GCC/libRTX_CM0.a(rt_system.o)
                0x000084f0                os_tick_ovf
 .text.os_tick_irqack
                0x00008500        0x4 /home/smolvik/CMSIS_5-5.4.0/CMSIS/RTOS/RTX/LIB/GCC/libRTX_CM0.a(rt_system.o)
                0x00008500                os_tick_irqack
 .text.rt_systick
                0x00008504       0x3c /home/smolvik/CMSIS_5-5.4.0/CMSIS/RTOS/RTX/LIB/GCC/libRTX_CM0.a(rt_system.o)
                0x00008504                rt_systick
 .text.rt_stk_check
                0x00008540       0x28 /home/smolvik/CMSIS_5-5.4.0/CMSIS/RTOS/RTX/LIB/GCC/libRTX_CM0.a(rt_system.o)
                0x00008540                rt_stk_check
 .text.rt_switch_req
                0x00008568       0x10 /home/smolvik/CMSIS_5-5.4.0/CMSIS/RTOS/RTX/LIB/GCC/libRTX_CM0.a(rt_task.o)
                0x00008568                rt_switch_req
 .text.rt_dispatch
                0x00008578       0x4c /home/smolvik/CMSIS_5-5.4.0/CMSIS/RTOS/RTX/LIB/GCC/libRTX_CM0.a(rt_task.o)
                0x00008578                rt_dispatch
 .text.rt_block
                0x000085c4       0x38 /home/smolvik/CMSIS_5-5.4.0/CMSIS/RTOS/RTX/LIB/GCC/libRTX_CM0.a(rt_task.o)
                0x000085c4                rt_block
 .text.rt_tsk_pass
                0x000085fc       0x2c /home/smolvik/CMSIS_5-5.4.0/CMSIS/RTOS/RTX/LIB/GCC/libRTX_CM0.a(rt_task.o)
                0x000085fc                rt_tsk_pass
 .text.rt_tsk_self
                0x00008628       0x14 /home/smolvik/CMSIS_5-5.4.0/CMSIS/RTOS/RTX/LIB/GCC/libRTX_CM0.a(rt_task.o)
                0x00008628                rt_tsk_self
 .text.rt_tsk_prio
                0x0000863c       0xb8 /home/smolvik/CMSIS_5-5.4.0/CMSIS/RTOS/RTX/LIB/GCC/libRTX_CM0.a(rt_task.o)
                0x0000863c                rt_tsk_prio
 .text.rt_tsk_create
                0x000086f4       0xf4 /home/smolvik/CMSIS_5-5.4.0/CMSIS/RTOS/RTX/LIB/GCC/libRTX_CM0.a(rt_task.o)
                0x000086f4                rt_tsk_create
 .text.rt_tsk_delete
                0x000087e8      0x18c /home/smolvik/CMSIS_5-5.4.0/CMSIS/RTOS/RTX/LIB/GCC/libRTX_CM0.a(rt_task.o)
                0x000087e8                rt_tsk_delete
 .text.rt_sys_init
                0x00008974       0xf0 /home/smolvik/CMSIS_5-5.4.0/CMSIS/RTOS/RTX/LIB/GCC/libRTX_CM0.a(rt_task.o)
                0x00008974                rt_sys_init
 .text.rt_sys_start
                0x00008a64       0x70 /home/smolvik/CMSIS_5-5.4.0/CMSIS/RTOS/RTX/LIB/GCC/libRTX_CM0.a(rt_task.o)
                0x00008a64                rt_sys_start
 .text.rt_init_robin
                0x00008ad4       0x18 /home/smolvik/CMSIS_5-5.4.0/CMSIS/RTOS/RTX/LIB/GCC/libRTX_CM0.a(rt_robin.o)
                0x00008ad4                rt_init_robin
 .text.rt_chk_robin
                0x00008aec       0x4c /home/smolvik/CMSIS_5-5.4.0/CMSIS/RTOS/RTX/LIB/GCC/libRTX_CM0.a(rt_robin.o)
                0x00008aec                rt_chk_robin
 .text.memset   0x00008b38       0x8c /home/smolvik/gcc-arm-none-eabi-5_4-2016q3/arm-none-eabi/lib/armv6-m//libc.a(lib_a-memset.o)
                0x00008b38                memset
 *fill*         0x00008bc4        0x4 
 .text.memset.__stub
                0x00008bc8       0x30 linker stubs
 *(.rodata)
 .rodata        0x00008bf8       0x3c main.o
                0x00008bf8                threadPacketParserDef
                0x00008c08                threadFSMProceedDef
                0x00008c18                threadDUTProceedDef
                0x00008c28                message_def
                0x00008c30                os_mutex_def_MutexMdbReg
 .rodata        0x00008c34       0x22 stubs.o
 *fill*         0x00008c56        0x2 
 .rodata        0x00008c58       0x7b xprintf.o
 *fill*         0x00008cd3        0x1 
 .rodata        0x00008cd4       0x68 RTX_Conf_CM.o
                0x00008cd4                os_maxtaskrun
                0x00008cd8                os_stackinfo
                0x00008cdc                os_rrobin
                0x00008ce0                os_tickfreq
                0x00008ce4                os_tickus_i
                0x00008ce6                os_tickus_f
                0x00008ce8                os_trv
                0x00008cec                os_flags
                0x00008cf0                CMSIS_RTOS_API_Version
                0x00008cf4                CMSIS_RTOS_RTX_Version
                0x00008cf8                os_clockrate
                0x00008cfc                os_timernum
                0x00008d00                mp_tcb_size
                0x00008d04                mp_stk_size
                0x00008d08                os_stack_sz
                0x00008d0c                os_fifo_size
                0x00008d10                os_thread_def_osTimerThread
                0x00008d20                os_messageQ_def_osTimerMessageQ
                0x00008d28                mp_tmr_size
                0x00008d2c                os_thread_def_main
 .rodata        0x00008d3c       0x10 network.o
                0x00008d44                os_mutex_def_readpackMutex
                0x00008d48                os_mutex_def_sendpackMutex
 .rodata        0x00008d4c      0x600 crc.o
                0x00008d4c                crc_table
                0x0000914c                crc_table_low
                0x0000924c                crc_table_high
 .rodata        0x0000934c        0xc param.o
                0x0000934c                defBsiParam
 .rodata        0x00009358      0x414 modbus_udp.o
                0x00009358                device_additional_info
                0x0000936c                proc_PDU_table
 *(.rodata*)
 .rodata._global_impure_ptr
                0x0000976c        0x4 /home/smolvik/gcc-arm-none-eabi-5_4-2016q3/arm-none-eabi/lib/armv6-m//libc.a(lib_a-impure.o)
                0x0000976c                _global_impure_ptr
                0x00009770                . = ALIGN (0x4)

.glue_7         0x00009770        0x0
 .glue_7        0x00009770        0x0 linker stubs

.glue_7t        0x00009770        0x0
 .glue_7t       0x00009770        0x0 linker stubs

.vfp11_veneer   0x00009770        0x0
 .vfp11_veneer  0x00009770        0x0 linker stubs

.v4_bx          0x00009770        0x0
 .v4_bx         0x00009770        0x0 linker stubs

.iplt           0x00009770        0x0
 .iplt          0x00009770        0x0 main.o

.ARM.exidx      0x00009770        0x8
                0x00009770                . = ALIGN (0x4)
 *(.ARM.exidx)
 .ARM.exidx     0x00009770        0x8 /home/smolvik/CMSIS_5-5.4.0/CMSIS/RTOS/RTX/LIB/GCC/libRTX_CM0.a(hal_cm0.o)
                                 0x48 (size before relaxing)
 .ARM.exidx     0x00009778        0x0 /home/smolvik/gcc-arm-none-eabi-5_4-2016q3/lib/gcc/arm-none-eabi/5.4.1/armv6-m//libgcc.a(_udivmoddi4.o)
                                  0x8 (size before relaxing)
                0x00009778                . = ALIGN (0x4)
                0x00009778                _data_flash = .

.data           0x20000000      0x858 load address 0x00009778
                0x20000000                . = ALIGN (0x4)
                0x20000000                _data_begin = .
 *(.data)
 .data          0x20000000        0x4 main.o
 .data          0x20000004        0x0 startup.o
 .data          0x20000004        0x0 mdb485.o
 .data          0x20000004        0x4 stubs.o
                0x20000004                environ
 .data          0x20000008        0x0 mdb232.o
 .data          0x20000008        0x0 xprintf.o
 .data          0x20000008        0x0 RTX_Conf_CM.o
 .data          0x20000008        0x0 system.o
 .data          0x20000008        0x6 ethfunc.o
                0x20000008                MyMAC
 *fill*         0x2000000e        0x2 
 .data          0x20000010        0x4 network.o
                0x20000010                MyIPAddress
 .data          0x20000014        0x0 crc.o
 .data          0x20000014        0x0 eeprom.o
 .data          0x20000014        0x0 param.o
 .data          0x20000014        0x0 modbus_udp.o
 .data          0x20000014        0x4 fsm.o
                0x20000014                fsmproc
 .data          0x20000018        0x0 /home/smolvik/gcc-arm-none-eabi-5_4-2016q3/lib/gcc/arm-none-eabi/5.4.1/armv6-m//libgcc.a(_udivsi3.o)
 .data          0x20000018        0x0 /home/smolvik/gcc-arm-none-eabi-5_4-2016q3/lib/gcc/arm-none-eabi/5.4.1/armv6-m//libgcc.a(_divsi3.o)
 .data          0x20000018        0x0 /home/smolvik/gcc-arm-none-eabi-5_4-2016q3/lib/gcc/arm-none-eabi/5.4.1/armv6-m//libgcc.a(_dvmd_tls.o)
 .data          0x20000018        0x0 /home/smolvik/gcc-arm-none-eabi-5_4-2016q3/arm-none-eabi/lib/armv6-m//libc.a(lib_a-abs.o)
 .data          0x20000018        0x0 /home/smolvik/gcc-arm-none-eabi-5_4-2016q3/arm-none-eabi/lib/armv6-m//libc.a(lib_a-atexit.o)
 .data          0x20000018        0x0 /home/smolvik/gcc-arm-none-eabi-5_4-2016q3/arm-none-eabi/lib/armv6-m//libc.a(lib_a-exit.o)
 .data          0x20000018        0x0 /home/smolvik/gcc-arm-none-eabi-5_4-2016q3/arm-none-eabi/lib/armv6-m//libc.a(lib_a-fini.o)
 .data          0x20000018        0x0 /home/smolvik/gcc-arm-none-eabi-5_4-2016q3/arm-none-eabi/lib/armv6-m//libc.a(lib_a-impure.o)
 .data          0x20000018        0x0 /home/smolvik/gcc-arm-none-eabi-5_4-2016q3/arm-none-eabi/lib/armv6-m//libc.a(lib_a-init.o)
 .data          0x20000018        0x0 /home/smolvik/gcc-arm-none-eabi-5_4-2016q3/arm-none-eabi/lib/armv6-m//libc.a(lib_a-reent.o)
 .data          0x20000018        0x0 /home/smolvik/gcc-arm-none-eabi-5_4-2016q3/arm-none-eabi/lib/armv6-m//libc.a(lib_a-__atexit.o)
 .data          0x20000018        0x0 /home/smolvik/gcc-arm-none-eabi-5_4-2016q3/arm-none-eabi/lib/armv6-m//libc.a(lib_a-__call_atexit.o)
 .data          0x20000018        0x0 /home/smolvik/gcc-arm-none-eabi-5_4-2016q3/arm-none-eabi/lib/armv6-m//libc.a(lib_a-freer.o)
 .data          0x20000018        0x0 /home/smolvik/gcc-arm-none-eabi-5_4-2016q3/arm-none-eabi/lib/armv6-m//libc.a(lib_a-mallocr.o)
 .data          0x20000018        0x0 /home/smolvik/gcc-arm-none-eabi-5_4-2016q3/arm-none-eabi/lib/armv6-m//libc.a(lib_a-mlock.o)
 .data          0x20000018        0x0 /home/smolvik/gcc-arm-none-eabi-5_4-2016q3/arm-none-eabi/lib/armv6-m//libc.a(lib_a-sbrkr.o)
 .data          0x20000018        0x0 /home/smolvik/CMSIS_5-5.4.0/CMSIS/RTOS/RTX/LIB/GCC/libRTX_CM0.a(rt_cmsis.o)
 .data          0x20000018        0x0 /home/smolvik/CMSIS_5-5.4.0/CMSIS/RTOS/RTX/LIB/GCC/libRTX_CM0.a(hal_cm.o)
 .data          0x20000018        0x0 /home/smolvik/CMSIS_5-5.4.0/CMSIS/RTOS/RTX/LIB/GCC/libRTX_CM0.a(rt_memory.o)
 .data          0x20000018        0x0 /home/smolvik/CMSIS_5-5.4.0/CMSIS/RTOS/RTX/LIB/GCC/libRTX_CM0.a(rt_membox.o)
 .data          0x20000018        0x0 /home/smolvik/CMSIS_5-5.4.0/CMSIS/RTOS/RTX/LIB/GCC/libRTX_CM0.a(rt_mutex.o)
 .data          0x20000018        0x0 /home/smolvik/CMSIS_5-5.4.0/CMSIS/RTOS/RTX/LIB/GCC/libRTX_CM0.a(rt_time.o)
 .data          0x20000018        0x0 /home/smolvik/CMSIS_5-5.4.0/CMSIS/RTOS/RTX/LIB/GCC/libRTX_CM0.a(rt_semaphore.o)
 .data          0x20000018        0x0 /home/smolvik/CMSIS_5-5.4.0/CMSIS/RTOS/RTX/LIB/GCC/libRTX_CM0.a(rt_mailbox.o)
 .data          0x20000018        0x0 /home/smolvik/CMSIS_5-5.4.0/CMSIS/RTOS/RTX/LIB/GCC/libRTX_CM0.a(rt_list.o)
 .data          0x20000018        0x0 /home/smolvik/CMSIS_5-5.4.0/CMSIS/RTOS/RTX/LIB/GCC/libRTX_CM0.a(rt_event.o)
 .data          0x20000018        0x0 /home/smolvik/CMSIS_5-5.4.0/CMSIS/RTOS/RTX/LIB/GCC/libRTX_CM0.a(rt_system.o)
 .data          0x20000018        0x0 /home/smolvik/CMSIS_5-5.4.0/CMSIS/RTOS/RTX/LIB/GCC/libRTX_CM0.a(rt_task.o)
 .data          0x20000018        0x0 /home/smolvik/CMSIS_5-5.4.0/CMSIS/RTOS/RTX/LIB/GCC/libRTX_CM0.a(hal_cm0.o)
 .data          0x20000018        0x0 /home/smolvik/CMSIS_5-5.4.0/CMSIS/RTOS/RTX/LIB/GCC/libRTX_CM0.a(svc_table.o)
 .data          0x20000018        0x0 /home/smolvik/CMSIS_5-5.4.0/CMSIS/RTOS/RTX/LIB/GCC/libRTX_CM0.a(rt_robin.o)
 .data          0x20000018        0x0 /home/smolvik/gcc-arm-none-eabi-5_4-2016q3/lib/gcc/arm-none-eabi/5.4.1/armv6-m//libgcc.a(_aeabi_uldivmod.o)
 .data          0x20000018        0x0 /home/smolvik/gcc-arm-none-eabi-5_4-2016q3/lib/gcc/arm-none-eabi/5.4.1/armv6-m//libgcc.a(_muldi3.o)
 .data          0x20000018        0x0 /home/smolvik/gcc-arm-none-eabi-5_4-2016q3/lib/gcc/arm-none-eabi/5.4.1/armv6-m//libgcc.a(_udivmoddi4.o)
 .data          0x20000018        0x0 /home/smolvik/gcc-arm-none-eabi-5_4-2016q3/lib/gcc/arm-none-eabi/5.4.1/armv6-m//libgcc.a(_clzdi2.o)
 .data          0x20000018        0x0 /home/smolvik/gcc-arm-none-eabi-5_4-2016q3/lib/gcc/arm-none-eabi/5.4.1/armv6-m//libgcc.a(_clzsi2.o)
 .data          0x20000018        0x0 /home/smolvik/gcc-arm-none-eabi-5_4-2016q3/arm-none-eabi/lib/armv6-m//libc.a(lib_a-memset.o)
 *(.data*)
 .data.impure_data
                0x20000018      0x428 /home/smolvik/gcc-arm-none-eabi-5_4-2016q3/arm-none-eabi/lib/armv6-m//libc.a(lib_a-impure.o)
 .data._impure_ptr
                0x20000440        0x4 /home/smolvik/gcc-arm-none-eabi-5_4-2016q3/arm-none-eabi/lib/armv6-m//libc.a(lib_a-impure.o)
                0x20000440                _impure_ptr
 .data.__malloc_av_
                0x20000444      0x408 /home/smolvik/gcc-arm-none-eabi-5_4-2016q3/arm-none-eabi/lib/armv6-m//libc.a(lib_a-mallocr.o)
                0x20000444                __malloc_av_
 .data.__malloc_trim_threshold
                0x2000084c        0x4 /home/smolvik/gcc-arm-none-eabi-5_4-2016q3/arm-none-eabi/lib/armv6-m//libc.a(lib_a-mallocr.o)
                0x2000084c                __malloc_trim_threshold
 .data.__malloc_sbrk_base
                0x20000850        0x4 /home/smolvik/gcc-arm-none-eabi-5_4-2016q3/arm-none-eabi/lib/armv6-m//libc.a(lib_a-mallocr.o)
                0x20000850                __malloc_sbrk_base
                0x20000854                . = ALIGN (0x4)
 *(SORT(.init_array.*))
 .init_array.00000
                0x20000854        0x4 /home/smolvik/gcc-arm-none-eabi-5_4-2016q3/arm-none-eabi/lib/armv6-m//libc.a(lib_a-__call_atexit.o)
 *(.init_array)
                0x20000858                . = ALIGN (0x4)
                0x20000858                _data_end = .
                0x00009fd0                _ram2_flash = (_data_flash + (_data_end - _data_begin))

.igot.plt       0x20000858        0x0 load address 0x00009fd0
 .igot.plt      0x20000858        0x0 main.o

.bss            0x20000858     0x58ac load address 0x00009fd0
                0x20000858                . = ALIGN (0x4)
                0x20000858                _bss_begin = .
                0x20000858                __bss_start__ = _bss_begin
 *(.bss)
 .bss           0x20000858       0x54 main.o
                0x20000858                thrPacketParserId
                0x2000085c                thrFSMProcceedId
                0x20000860                thrDUTProcceedId
                0x20000864                fsmCmdMsgQid
                0x20000868                os_messageQ_q_message
                0x20000888                mutexMdbRegId
                0x2000088c                os_mutex_cb_MutexMdbReg
                0x2000089c                ddsfreq
                0x200008a0                torqCurr
 .bss           0x200008ac        0x0 startup.o
 .bss           0x200008ac       0x24 mdb485.o
                0x200008cc                mdb485_rxsize
 .bss           0x200008d0        0x8 stubs.o
                0x200008d0                __env
 .bss           0x200008d8       0x24 mdb232.o
                0x200008f8                mdb232_rxsize
 .bss           0x200008fc        0xc xprintf.o
                0x200008fc                xfunc_out
                0x20000904                xfunc_in
 .bss           0x20000908     0x4414 RTX_Conf_CM.o
                0x20000908                mp_tcb
                0x200009e8                mp_stk
                0x200039f8                os_stack_mem
                0x20004c58                os_fifo
                0x20004cdc                os_active_TCB
                0x20004cec                osThreadId_osTimerThread
                0x20004cf0                os_messageQ_q_osTimerMessageQ
                0x20004d10                osMessageQId_osTimerMessageQ
                0x20004d14                os_tmr
                0x20004d18                m_tmr
 .bss           0x20004d1c        0x0 system.o
 .bss           0x20004d1c       0x18 ethfunc.o
                0x20004d1c                Remote_MAC
                0x20004d28                fFrameRdy
                0x20004d2c                fFrameErr
                0x20004d30                Identification
                0x20004d32                SequenceNumber
 .bss           0x20004d34      0xe2c network.o
                0x20004d34                ReplyICMPCounter
                0x20004d38                Frame
                0x20005318                remPort
                0x2000531c                os_mutex_cb_readpackMutex
                0x2000532c                readpackMutexId
                0x20005330                os_mutex_cb_sendpackMutex
                0x20005340                sendpackMutexId
 .bss           0x20005b60        0x0 crc.o
 .bss           0x20005b60        0x0 eeprom.o
 .bss           0x20005b60        0x0 param.o
 .bss           0x20005b60      0x460 modbus_udp.o
                0x20005d68                register_tab
                0x20005db4                input_registers_tab
                0x20005dbc                modbus_error
 .bss           0x20005fc0       0x85 fsm.o
                0x20006040                fsmdbg
 .bss           0x20006045        0x0 /home/smolvik/gcc-arm-none-eabi-5_4-2016q3/lib/gcc/arm-none-eabi/5.4.1/armv6-m//libgcc.a(_udivsi3.o)
 .bss           0x20006045        0x0 /home/smolvik/gcc-arm-none-eabi-5_4-2016q3/lib/gcc/arm-none-eabi/5.4.1/armv6-m//libgcc.a(_divsi3.o)
 .bss           0x20006045        0x0 /home/smolvik/gcc-arm-none-eabi-5_4-2016q3/lib/gcc/arm-none-eabi/5.4.1/armv6-m//libgcc.a(_dvmd_tls.o)
 .bss           0x20006045        0x0 /home/smolvik/gcc-arm-none-eabi-5_4-2016q3/arm-none-eabi/lib/armv6-m//libc.a(lib_a-abs.o)
 .bss           0x20006045        0x0 /home/smolvik/gcc-arm-none-eabi-5_4-2016q3/arm-none-eabi/lib/armv6-m//libc.a(lib_a-atexit.o)
 .bss           0x20006045        0x0 /home/smolvik/gcc-arm-none-eabi-5_4-2016q3/arm-none-eabi/lib/armv6-m//libc.a(lib_a-exit.o)
 .bss           0x20006045        0x0 /home/smolvik/gcc-arm-none-eabi-5_4-2016q3/arm-none-eabi/lib/armv6-m//libc.a(lib_a-fini.o)
 .bss           0x20006045        0x0 /home/smolvik/gcc-arm-none-eabi-5_4-2016q3/arm-none-eabi/lib/armv6-m//libc.a(lib_a-impure.o)
 .bss           0x20006045        0x0 /home/smolvik/gcc-arm-none-eabi-5_4-2016q3/arm-none-eabi/lib/armv6-m//libc.a(lib_a-init.o)
 .bss           0x20006045        0x0 /home/smolvik/gcc-arm-none-eabi-5_4-2016q3/arm-none-eabi/lib/armv6-m//libc.a(lib_a-reent.o)
 .bss           0x20006045        0x0 /home/smolvik/gcc-arm-none-eabi-5_4-2016q3/arm-none-eabi/lib/armv6-m//libc.a(lib_a-__atexit.o)
 .bss           0x20006045        0x0 /home/smolvik/gcc-arm-none-eabi-5_4-2016q3/arm-none-eabi/lib/armv6-m//libc.a(lib_a-__call_atexit.o)
 .bss           0x20006045        0x0 /home/smolvik/gcc-arm-none-eabi-5_4-2016q3/arm-none-eabi/lib/armv6-m//libc.a(lib_a-freer.o)
 .bss           0x20006045        0x0 /home/smolvik/gcc-arm-none-eabi-5_4-2016q3/arm-none-eabi/lib/armv6-m//libc.a(lib_a-mallocr.o)
 .bss           0x20006045        0x0 /home/smolvik/gcc-arm-none-eabi-5_4-2016q3/arm-none-eabi/lib/armv6-m//libc.a(lib_a-mlock.o)
 .bss           0x20006045        0x0 /home/smolvik/gcc-arm-none-eabi-5_4-2016q3/arm-none-eabi/lib/armv6-m//libc.a(lib_a-sbrkr.o)
 .bss           0x20006045        0x0 /home/smolvik/CMSIS_5-5.4.0/CMSIS/RTOS/RTX/LIB/GCC/libRTX_CM0.a(rt_cmsis.o)
 .bss           0x20006045        0x0 /home/smolvik/CMSIS_5-5.4.0/CMSIS/RTOS/RTX/LIB/GCC/libRTX_CM0.a(hal_cm.o)
 .bss           0x20006045        0x0 /home/smolvik/CMSIS_5-5.4.0/CMSIS/RTOS/RTX/LIB/GCC/libRTX_CM0.a(rt_memory.o)
 .bss           0x20006045        0x0 /home/smolvik/CMSIS_5-5.4.0/CMSIS/RTOS/RTX/LIB/GCC/libRTX_CM0.a(rt_membox.o)
 .bss           0x20006045        0x0 /home/smolvik/CMSIS_5-5.4.0/CMSIS/RTOS/RTX/LIB/GCC/libRTX_CM0.a(rt_mutex.o)
 .bss           0x20006045        0x0 /home/smolvik/CMSIS_5-5.4.0/CMSIS/RTOS/RTX/LIB/GCC/libRTX_CM0.a(rt_time.o)
 .bss           0x20006045        0x0 /home/smolvik/CMSIS_5-5.4.0/CMSIS/RTOS/RTX/LIB/GCC/libRTX_CM0.a(rt_semaphore.o)
 .bss           0x20006045        0x0 /home/smolvik/CMSIS_5-5.4.0/CMSIS/RTOS/RTX/LIB/GCC/libRTX_CM0.a(rt_mailbox.o)
 .bss           0x20006045        0x0 /home/smolvik/CMSIS_5-5.4.0/CMSIS/RTOS/RTX/LIB/GCC/libRTX_CM0.a(rt_list.o)
 .bss           0x20006045        0x0 /home/smolvik/CMSIS_5-5.4.0/CMSIS/RTOS/RTX/LIB/GCC/libRTX_CM0.a(rt_event.o)
 .bss           0x20006045        0x3 /home/smolvik/CMSIS_5-5.4.0/CMSIS/RTOS/RTX/LIB/GCC/libRTX_CM0.a(rt_system.o)
 .bss           0x20006048        0x0 /home/smolvik/CMSIS_5-5.4.0/CMSIS/RTOS/RTX/LIB/GCC/libRTX_CM0.a(rt_task.o)
 .bss           0x20006048        0x0 /home/smolvik/CMSIS_5-5.4.0/CMSIS/RTOS/RTX/LIB/GCC/libRTX_CM0.a(hal_cm0.o)
 .bss           0x20006048        0x0 /home/smolvik/CMSIS_5-5.4.0/CMSIS/RTOS/RTX/LIB/GCC/libRTX_CM0.a(svc_table.o)
 .bss           0x20006048        0x0 /home/smolvik/CMSIS_5-5.4.0/CMSIS/RTOS/RTX/LIB/GCC/libRTX_CM0.a(rt_robin.o)
 .bss           0x20006048        0x0 /home/smolvik/gcc-arm-none-eabi-5_4-2016q3/lib/gcc/arm-none-eabi/5.4.1/armv6-m//libgcc.a(_aeabi_uldivmod.o)
 .bss           0x20006048        0x0 /home/smolvik/gcc-arm-none-eabi-5_4-2016q3/lib/gcc/arm-none-eabi/5.4.1/armv6-m//libgcc.a(_muldi3.o)
 .bss           0x20006048        0x0 /home/smolvik/gcc-arm-none-eabi-5_4-2016q3/lib/gcc/arm-none-eabi/5.4.1/armv6-m//libgcc.a(_udivmoddi4.o)
 .bss           0x20006048        0x0 /home/smolvik/gcc-arm-none-eabi-5_4-2016q3/lib/gcc/arm-none-eabi/5.4.1/armv6-m//libgcc.a(_clzdi2.o)
 .bss           0x20006048        0x0 /home/smolvik/gcc-arm-none-eabi-5_4-2016q3/lib/gcc/arm-none-eabi/5.4.1/armv6-m//libgcc.a(_clzsi2.o)
 .bss           0x20006048        0x0 /home/smolvik/gcc-arm-none-eabi-5_4-2016q3/arm-none-eabi/lib/armv6-m//libc.a(lib_a-memset.o)
 *(.bss*)
 .bss.__malloc_max_total_mem
                0x20006048        0x4 /home/smolvik/gcc-arm-none-eabi-5_4-2016q3/arm-none-eabi/lib/armv6-m//libc.a(lib_a-mallocr.o)
                0x20006048                __malloc_max_total_mem
 .bss.__malloc_max_sbrked_mem
                0x2000604c        0x4 /home/smolvik/gcc-arm-none-eabi-5_4-2016q3/arm-none-eabi/lib/armv6-m//libc.a(lib_a-mallocr.o)
                0x2000604c                __malloc_max_sbrked_mem
 .bss.__malloc_top_pad
                0x20006050        0x4 /home/smolvik/gcc-arm-none-eabi-5_4-2016q3/arm-none-eabi/lib/armv6-m//libc.a(lib_a-mallocr.o)
                0x20006050                __malloc_top_pad
 .bss.__malloc_current_mallinfo
                0x20006054       0x28 /home/smolvik/gcc-arm-none-eabi-5_4-2016q3/arm-none-eabi/lib/armv6-m//libc.a(lib_a-mallocr.o)
                0x20006054                __malloc_current_mallinfo
 *(COMMON)
 COMMON         0x2000607c        0x4 /home/smolvik/gcc-arm-none-eabi-5_4-2016q3/arm-none-eabi/lib/armv6-m//libc.a(lib_a-reent.o)
                0x2000607c                errno
 COMMON         0x20006080        0x8 /home/smolvik/CMSIS_5-5.4.0/CMSIS/RTOS/RTX/LIB/GCC/libRTX_CM0.a(rt_cmsis.o)
                0x20006080                os_initialized
                0x20006081                os_running
                0x20006084                os_timer_head
 COMMON         0x20006088        0x4 /home/smolvik/CMSIS_5-5.4.0/CMSIS/RTOS/RTX/LIB/GCC/libRTX_CM0.a(rt_time.o)
                0x20006088                os_time
 COMMON         0x2000608c       0x30 /home/smolvik/CMSIS_5-5.4.0/CMSIS/RTOS/RTX/LIB/GCC/libRTX_CM0.a(rt_list.o)
                0x2000608c                os_rdy
                0x200060a4                os_dly
 COMMON         0x200060bc        0x4 /home/smolvik/CMSIS_5-5.4.0/CMSIS/RTOS/RTX/LIB/GCC/libRTX_CM0.a(rt_system.o)
                0x200060bc                os_tick_irqn
 COMMON         0x200060c0       0x3c /home/smolvik/CMSIS_5-5.4.0/CMSIS/RTOS/RTX/LIB/GCC/libRTX_CM0.a(rt_task.o)
                0x200060c0                os_tsk
                0x200060c8                os_idle_TCB
 COMMON         0x200060fc        0x8 /home/smolvik/CMSIS_5-5.4.0/CMSIS/RTOS/RTX/LIB/GCC/libRTX_CM0.a(rt_robin.o)
                0x200060fc                os_robin
                0x20006104                . = ALIGN (0x4)
                0x20006104                _bss_end = .
                0x20006104                __bss_end__ = _bss_end
                0x00000400                _stack_size = 0x400
                0x20008000                _stack_end = (ORIGIN (RAM1) + LENGTH (RAM1))
                0x20007c00                _stack_begin = (_stack_end - _stack_size)
                0x20007c00                . = _stack_begin

._stack         0x20006104      0x400 load address 0x0000f87c
                0x20006504                . = (. + _stack_size)
 *fill*         0x20006104      0x400 

.ramfunc        0x20100000      0x2a0 load address 0x00009fd0
                0x20100000                . = ALIGN (0x4)
                0x20100000                _ram2_begin = .
 *(.ramfunc)
 .ramfunc       0x20100000      0x2a0 eeprom.o
                0x20100000                usleep
                0x2010002c                eeprom_erase_page
                0x20100150                eeprom_program_word
                0x20100228                eeprom_read_word
                0x201002a0                _ram2_end = .
LOAD main.o
LOAD startup.o
LOAD mdb485.o
LOAD stubs.o
LOAD mdb232.o
LOAD xprintf.o
LOAD RTX_Conf_CM.o
LOAD system.o
LOAD ethfunc.o
LOAD network.o
LOAD crc.o
LOAD eeprom.o
LOAD param.o
LOAD modbus_udp.o
LOAD fsm.o
START GROUP
LOAD /home/smolvik/gcc-arm-none-eabi-5_4-2016q3/lib/gcc/arm-none-eabi/5.4.1/armv6-m//libgcc.a
LOAD /home/smolvik/gcc-arm-none-eabi-5_4-2016q3/arm-none-eabi/lib/armv6-m//libm.a
LOAD /home/smolvik/gcc-arm-none-eabi-5_4-2016q3/arm-none-eabi/lib/armv6-m//libc.a
LOAD /home/smolvik/CMSIS_5-5.4.0/CMSIS/RTOS/RTX/LIB/GCC/libRTX_CM0.a
END GROUP
OUTPUT(blink.elf elf32-littlearm)

.ARM.extab      0x201002a0        0x0 load address 0x0000a270
 .ARM.extab     0x201002a0        0x0 /home/smolvik/CMSIS_5-5.4.0/CMSIS/RTOS/RTX/LIB/GCC/libRTX_CM0.a(hal_cm0.o)
 .ARM.extab     0x201002a0        0x0 /home/smolvik/gcc-arm-none-eabi-5_4-2016q3/lib/gcc/arm-none-eabi/5.4.1/armv6-m//libgcc.a(_udivmoddi4.o)

.rel.dyn        0x201002a0        0x0 load address 0x0000a270
 .rel.iplt      0x201002a0        0x0 main.o

.debug_info     0x00000000    0x1050d
 .debug_info    0x00000000      0xca7 main.o
 .debug_info    0x00000ca7      0x112 startup.o
 .debug_info    0x00000db9      0x7ab mdb485.o
 .debug_info    0x00001564      0x6f8 stubs.o
 .debug_info    0x00001c5c      0x643 mdb232.o
 .debug_info    0x0000229f      0x4c9 xprintf.o
 .debug_info    0x00002768      0x489 RTX_Conf_CM.o
 .debug_info    0x00002bf1      0x8ed system.o
 .debug_info    0x000034de      0x9b8 ethfunc.o
 .debug_info    0x00003e96      0x971 network.o
 .debug_info    0x00004807      0x1bc crc.o
 .debug_info    0x000049c3      0x2fa eeprom.o
 .debug_info    0x00004cbd      0x1c2 param.o
 .debug_info    0x00004e7f      0x8b2 modbus_udp.o
 .debug_info    0x00005731      0x408 fsm.o
 .debug_info    0x00005b39     0x5d03 /home/smolvik/CMSIS_5-5.4.0/CMSIS/RTOS/RTX/LIB/GCC/libRTX_CM0.a(rt_cmsis.o)
 .debug_info    0x0000b83c      0x3b3 /home/smolvik/CMSIS_5-5.4.0/CMSIS/RTOS/RTX/LIB/GCC/libRTX_CM0.a(hal_cm.o)
 .debug_info    0x0000bbef      0x1d5 /home/smolvik/CMSIS_5-5.4.0/CMSIS/RTOS/RTX/LIB/GCC/libRTX_CM0.a(rt_memory.o)
 .debug_info    0x0000bdc4      0x312 /home/smolvik/CMSIS_5-5.4.0/CMSIS/RTOS/RTX/LIB/GCC/libRTX_CM0.a(rt_membox.o)
 .debug_info    0x0000c0d6      0x651 /home/smolvik/CMSIS_5-5.4.0/CMSIS/RTOS/RTX/LIB/GCC/libRTX_CM0.a(rt_mutex.o)
 .debug_info    0x0000c727      0x357 /home/smolvik/CMSIS_5-5.4.0/CMSIS/RTOS/RTX/LIB/GCC/libRTX_CM0.a(rt_time.o)
 .debug_info    0x0000ca7e      0x6f0 /home/smolvik/CMSIS_5-5.4.0/CMSIS/RTOS/RTX/LIB/GCC/libRTX_CM0.a(rt_semaphore.o)
 .debug_info    0x0000d16e      0x9e6 /home/smolvik/CMSIS_5-5.4.0/CMSIS/RTOS/RTX/LIB/GCC/libRTX_CM0.a(rt_mailbox.o)
 .debug_info    0x0000db54      0x8ab /home/smolvik/CMSIS_5-5.4.0/CMSIS/RTOS/RTX/LIB/GCC/libRTX_CM0.a(rt_list.o)
 .debug_info    0x0000e3ff      0x5f4 /home/smolvik/CMSIS_5-5.4.0/CMSIS/RTOS/RTX/LIB/GCC/libRTX_CM0.a(rt_event.o)
 .debug_info    0x0000e9f3      0x971 /home/smolvik/CMSIS_5-5.4.0/CMSIS/RTOS/RTX/LIB/GCC/libRTX_CM0.a(rt_system.o)
 .debug_info    0x0000f364      0xd79 /home/smolvik/CMSIS_5-5.4.0/CMSIS/RTOS/RTX/LIB/GCC/libRTX_CM0.a(rt_task.o)
 .debug_info    0x000100dd       0x71 /home/smolvik/CMSIS_5-5.4.0/CMSIS/RTOS/RTX/LIB/GCC/libRTX_CM0.a(hal_cm0.o)
 .debug_info    0x0001014e      0x3bf /home/smolvik/CMSIS_5-5.4.0/CMSIS/RTOS/RTX/LIB/GCC/libRTX_CM0.a(rt_robin.o)

.debug_abbrev   0x00000000     0x3404
 .debug_abbrev  0x00000000      0x2ed main.o
 .debug_abbrev  0x000002ed       0xab startup.o
 .debug_abbrev  0x00000398      0x216 mdb485.o
 .debug_abbrev  0x000005ae      0x1a8 stubs.o
 .debug_abbrev  0x00000756      0x207 mdb232.o
 .debug_abbrev  0x0000095d      0x194 xprintf.o
 .debug_abbrev  0x00000af1      0x150 RTX_Conf_CM.o
 .debug_abbrev  0x00000c41      0x160 system.o
 .debug_abbrev  0x00000da1      0x28e ethfunc.o
 .debug_abbrev  0x0000102f      0x269 network.o
 .debug_abbrev  0x00001298       0xb3 crc.o
 .debug_abbrev  0x0000134b      0x143 eeprom.o
 .debug_abbrev  0x0000148e       0xc9 param.o
 .debug_abbrev  0x00001557      0x1e8 modbus_udp.o
 .debug_abbrev  0x0000173f      0x147 fsm.o
 .debug_abbrev  0x00001886      0x499 /home/smolvik/CMSIS_5-5.4.0/CMSIS/RTOS/RTX/LIB/GCC/libRTX_CM0.a(rt_cmsis.o)
 .debug_abbrev  0x00001d1f      0x18b /home/smolvik/CMSIS_5-5.4.0/CMSIS/RTOS/RTX/LIB/GCC/libRTX_CM0.a(hal_cm.o)
 .debug_abbrev  0x00001eaa      0x12b /home/smolvik/CMSIS_5-5.4.0/CMSIS/RTOS/RTX/LIB/GCC/libRTX_CM0.a(rt_memory.o)
 .debug_abbrev  0x00001fd5      0x1a8 /home/smolvik/CMSIS_5-5.4.0/CMSIS/RTOS/RTX/LIB/GCC/libRTX_CM0.a(rt_membox.o)
 .debug_abbrev  0x0000217d      0x167 /home/smolvik/CMSIS_5-5.4.0/CMSIS/RTOS/RTX/LIB/GCC/libRTX_CM0.a(rt_mutex.o)
 .debug_abbrev  0x000022e4      0x141 /home/smolvik/CMSIS_5-5.4.0/CMSIS/RTOS/RTX/LIB/GCC/libRTX_CM0.a(rt_time.o)
 .debug_abbrev  0x00002425      0x181 /home/smolvik/CMSIS_5-5.4.0/CMSIS/RTOS/RTX/LIB/GCC/libRTX_CM0.a(rt_semaphore.o)
 .debug_abbrev  0x000025a6      0x23d /home/smolvik/CMSIS_5-5.4.0/CMSIS/RTOS/RTX/LIB/GCC/libRTX_CM0.a(rt_mailbox.o)
 .debug_abbrev  0x000027e3      0x315 /home/smolvik/CMSIS_5-5.4.0/CMSIS/RTOS/RTX/LIB/GCC/libRTX_CM0.a(rt_list.o)
 .debug_abbrev  0x00002af8      0x1d0 /home/smolvik/CMSIS_5-5.4.0/CMSIS/RTOS/RTX/LIB/GCC/libRTX_CM0.a(rt_event.o)
 .debug_abbrev  0x00002cc8      0x2ba /home/smolvik/CMSIS_5-5.4.0/CMSIS/RTOS/RTX/LIB/GCC/libRTX_CM0.a(rt_system.o)
 .debug_abbrev  0x00002f82      0x344 /home/smolvik/CMSIS_5-5.4.0/CMSIS/RTOS/RTX/LIB/GCC/libRTX_CM0.a(rt_task.o)
 .debug_abbrev  0x000032c6       0x14 /home/smolvik/CMSIS_5-5.4.0/CMSIS/RTOS/RTX/LIB/GCC/libRTX_CM0.a(hal_cm0.o)
 .debug_abbrev  0x000032da      0x12a /home/smolvik/CMSIS_5-5.4.0/CMSIS/RTOS/RTX/LIB/GCC/libRTX_CM0.a(rt_robin.o)

.debug_aranges  0x00000000      0x850
 .debug_aranges
                0x00000000       0x20 main.o
 .debug_aranges
                0x00000020       0x20 startup.o
 .debug_aranges
                0x00000040       0x20 mdb485.o
 .debug_aranges
                0x00000060       0x20 stubs.o
 .debug_aranges
                0x00000080       0x20 mdb232.o
 .debug_aranges
                0x000000a0       0x20 xprintf.o
 .debug_aranges
                0x000000c0       0x20 RTX_Conf_CM.o
 .debug_aranges
                0x000000e0       0x20 system.o
 .debug_aranges
                0x00000100       0x20 ethfunc.o
 .debug_aranges
                0x00000120       0x20 network.o
 .debug_aranges
                0x00000140       0x20 crc.o
 .debug_aranges
                0x00000160       0x40 eeprom.o
 .debug_aranges
                0x000001a0       0x20 param.o
 .debug_aranges
                0x000001c0       0x20 modbus_udp.o
 .debug_aranges
                0x000001e0       0x20 fsm.o
 .debug_aranges
                0x00000200      0x2d8 /home/smolvik/CMSIS_5-5.4.0/CMSIS/RTOS/RTX/LIB/GCC/libRTX_CM0.a(rt_cmsis.o)
 .debug_aranges
                0x000004d8       0x30 /home/smolvik/CMSIS_5-5.4.0/CMSIS/RTOS/RTX/LIB/GCC/libRTX_CM0.a(hal_cm.o)
 .debug_aranges
                0x00000508       0x30 /home/smolvik/CMSIS_5-5.4.0/CMSIS/RTOS/RTX/LIB/GCC/libRTX_CM0.a(rt_memory.o)
 .debug_aranges
                0x00000538       0x38 /home/smolvik/CMSIS_5-5.4.0/CMSIS/RTOS/RTX/LIB/GCC/libRTX_CM0.a(rt_membox.o)
 .debug_aranges
                0x00000570       0x38 /home/smolvik/CMSIS_5-5.4.0/CMSIS/RTOS/RTX/LIB/GCC/libRTX_CM0.a(rt_mutex.o)
 .debug_aranges
                0x000005a8       0x38 /home/smolvik/CMSIS_5-5.4.0/CMSIS/RTOS/RTX/LIB/GCC/libRTX_CM0.a(rt_time.o)
 .debug_aranges
                0x000005e0       0x48 /home/smolvik/CMSIS_5-5.4.0/CMSIS/RTOS/RTX/LIB/GCC/libRTX_CM0.a(rt_semaphore.o)
 .debug_aranges
                0x00000628       0x50 /home/smolvik/CMSIS_5-5.4.0/CMSIS/RTOS/RTX/LIB/GCC/libRTX_CM0.a(rt_mailbox.o)
 .debug_aranges
                0x00000678       0x68 /home/smolvik/CMSIS_5-5.4.0/CMSIS/RTOS/RTX/LIB/GCC/libRTX_CM0.a(rt_list.o)
 .debug_aranges
                0x000006e0       0x48 /home/smolvik/CMSIS_5-5.4.0/CMSIS/RTOS/RTX/LIB/GCC/libRTX_CM0.a(rt_event.o)
 .debug_aranges
                0x00000728       0x78 /home/smolvik/CMSIS_5-5.4.0/CMSIS/RTOS/RTX/LIB/GCC/libRTX_CM0.a(rt_system.o)
 .debug_aranges
                0x000007a0       0x68 /home/smolvik/CMSIS_5-5.4.0/CMSIS/RTOS/RTX/LIB/GCC/libRTX_CM0.a(rt_task.o)
 .debug_aranges
                0x00000808       0x20 /home/smolvik/CMSIS_5-5.4.0/CMSIS/RTOS/RTX/LIB/GCC/libRTX_CM0.a(hal_cm0.o)
 .debug_aranges
                0x00000828       0x28 /home/smolvik/CMSIS_5-5.4.0/CMSIS/RTOS/RTX/LIB/GCC/libRTX_CM0.a(rt_robin.o)

.debug_line     0x00000000     0x42f6
 .debug_line    0x00000000      0x23f main.o
 .debug_line    0x0000023f       0x59 startup.o
 .debug_line    0x00000298      0x240 mdb485.o
 .debug_line    0x000004d8      0x23c stubs.o
 .debug_line    0x00000714      0x1ff mdb232.o
 .debug_line    0x00000913      0x2e3 xprintf.o
 .debug_line    0x00000bf6      0x10b RTX_Conf_CM.o
 .debug_line    0x00000d01      0x198 system.o
 .debug_line    0x00000e99      0x2c1 ethfunc.o
 .debug_line    0x0000115a      0x332 network.o
 .debug_line    0x0000148c       0xcc crc.o
 .debug_line    0x00001558      0x1e4 eeprom.o
 .debug_line    0x0000173c       0xdd param.o
 .debug_line    0x00001819      0x291 modbus_udp.o
 .debug_line    0x00001aaa      0x1ab fsm.o
 .debug_line    0x00001c55     0x1297 /home/smolvik/CMSIS_5-5.4.0/CMSIS/RTOS/RTX/LIB/GCC/libRTX_CM0.a(rt_cmsis.o)
 .debug_line    0x00002eec       0xcf /home/smolvik/CMSIS_5-5.4.0/CMSIS/RTOS/RTX/LIB/GCC/libRTX_CM0.a(hal_cm.o)
 .debug_line    0x00002fbb       0xd2 /home/smolvik/CMSIS_5-5.4.0/CMSIS/RTOS/RTX/LIB/GCC/libRTX_CM0.a(rt_memory.o)
 .debug_line    0x0000308d      0x121 /home/smolvik/CMSIS_5-5.4.0/CMSIS/RTOS/RTX/LIB/GCC/libRTX_CM0.a(rt_membox.o)
 .debug_line    0x000031ae      0x19b /home/smolvik/CMSIS_5-5.4.0/CMSIS/RTOS/RTX/LIB/GCC/libRTX_CM0.a(rt_mutex.o)
 .debug_line    0x00003349       0xa2 /home/smolvik/CMSIS_5-5.4.0/CMSIS/RTOS/RTX/LIB/GCC/libRTX_CM0.a(rt_time.o)
 .debug_line    0x000033eb      0x14b /home/smolvik/CMSIS_5-5.4.0/CMSIS/RTOS/RTX/LIB/GCC/libRTX_CM0.a(rt_semaphore.o)
 .debug_line    0x00003536      0x25a /home/smolvik/CMSIS_5-5.4.0/CMSIS/RTOS/RTX/LIB/GCC/libRTX_CM0.a(rt_mailbox.o)
 .debug_line    0x00003790      0x25f /home/smolvik/CMSIS_5-5.4.0/CMSIS/RTOS/RTX/LIB/GCC/libRTX_CM0.a(rt_list.o)
 .debug_line    0x000039ef      0x15b /home/smolvik/CMSIS_5-5.4.0/CMSIS/RTOS/RTX/LIB/GCC/libRTX_CM0.a(rt_event.o)
 .debug_line    0x00003b4a      0x2cf /home/smolvik/CMSIS_5-5.4.0/CMSIS/RTOS/RTX/LIB/GCC/libRTX_CM0.a(rt_system.o)
 .debug_line    0x00003e19      0x35a /home/smolvik/CMSIS_5-5.4.0/CMSIS/RTOS/RTX/LIB/GCC/libRTX_CM0.a(rt_task.o)
 .debug_line    0x00004173       0xe1 /home/smolvik/CMSIS_5-5.4.0/CMSIS/RTOS/RTX/LIB/GCC/libRTX_CM0.a(hal_cm0.o)
 .debug_line    0x00004254       0xa2 /home/smolvik/CMSIS_5-5.4.0/CMSIS/RTOS/RTX/LIB/GCC/libRTX_CM0.a(rt_robin.o)

.debug_str      0x00000000     0x2ad9
 .debug_str     0x00000000      0x9e7 main.o
                                0xa71 (size before relaxing)
 .debug_str     0x000009e7       0xae startup.o
                                0x190 (size before relaxing)
 .debug_str     0x00000a95      0x12d mdb485.o
                                0x559 (size before relaxing)
 .debug_str     0x00000bc2      0x1f1 stubs.o
                                0x3dc (size before relaxing)
 .debug_str     0x00000db3       0x89 mdb232.o
                                0x4de (size before relaxing)
 .debug_str     0x00000e3c       0xa4 xprintf.o
                                0x1c8 (size before relaxing)
 .debug_str     0x00000ee0      0x201 RTX_Conf_CM.o
                                0x4d8 (size before relaxing)
 .debug_str     0x000010e1      0x1d6 system.o
                                0x6f7 (size before relaxing)
 .debug_str     0x000012b7      0x277 ethfunc.o
                                0x742 (size before relaxing)
 .debug_str     0x0000152e      0x149 network.o
                                0x66f (size before relaxing)
 .debug_str     0x00001677       0x48 crc.o
                                0x1a6 (size before relaxing)
 .debug_str     0x000016bf       0x89 eeprom.o
                                0x2a9 (size before relaxing)
 .debug_str     0x00001748       0x1a param.o
                                0x19f (size before relaxing)
 .debug_str     0x00001762      0x228 modbus_udp.o
                                0x481 (size before relaxing)
 .debug_str     0x0000198a       0xe4 fsm.o
                                0x2e8 (size before relaxing)
 .debug_str     0x00001a6e      0xc2e /home/smolvik/CMSIS_5-5.4.0/CMSIS/RTOS/RTX/LIB/GCC/libRTX_CM0.a(rt_cmsis.o)
                               0x135d (size before relaxing)
 .debug_str     0x0000269c       0x49 /home/smolvik/CMSIS_5-5.4.0/CMSIS/RTOS/RTX/LIB/GCC/libRTX_CM0.a(hal_cm.o)
                                0x282 (size before relaxing)
 .debug_str     0x000026e5       0x3d /home/smolvik/CMSIS_5-5.4.0/CMSIS/RTOS/RTX/LIB/GCC/libRTX_CM0.a(rt_memory.o)
                                0x19e (size before relaxing)
 .debug_str     0x00002722       0x37 /home/smolvik/CMSIS_5-5.4.0/CMSIS/RTOS/RTX/LIB/GCC/libRTX_CM0.a(rt_membox.o)
                                0x208 (size before relaxing)
 .debug_str     0x00002759       0x32 /home/smolvik/CMSIS_5-5.4.0/CMSIS/RTOS/RTX/LIB/GCC/libRTX_CM0.a(rt_mutex.o)
                                0x305 (size before relaxing)
 .debug_str     0x0000278b       0x41 /home/smolvik/CMSIS_5-5.4.0/CMSIS/RTOS/RTX/LIB/GCC/libRTX_CM0.a(rt_time.o)
                                0x281 (size before relaxing)
 .debug_str     0x000027cc       0x34 /home/smolvik/CMSIS_5-5.4.0/CMSIS/RTOS/RTX/LIB/GCC/libRTX_CM0.a(rt_semaphore.o)
                                0x34c (size before relaxing)
 .debug_str     0x00002800       0x32 /home/smolvik/CMSIS_5-5.4.0/CMSIS/RTOS/RTX/LIB/GCC/libRTX_CM0.a(rt_mailbox.o)
                                0x3b7 (size before relaxing)
 .debug_str     0x00002832       0xb0 /home/smolvik/CMSIS_5-5.4.0/CMSIS/RTOS/RTX/LIB/GCC/libRTX_CM0.a(rt_list.o)
                                0x394 (size before relaxing)
 .debug_str     0x000028e2       0x6b /home/smolvik/CMSIS_5-5.4.0/CMSIS/RTOS/RTX/LIB/GCC/libRTX_CM0.a(rt_event.o)
                                0x35b (size before relaxing)
 .debug_str     0x0000294d       0xf4 /home/smolvik/CMSIS_5-5.4.0/CMSIS/RTOS/RTX/LIB/GCC/libRTX_CM0.a(rt_system.o)
                                0x4aa (size before relaxing)
 .debug_str     0x00002a41       0x8a /home/smolvik/CMSIS_5-5.4.0/CMSIS/RTOS/RTX/LIB/GCC/libRTX_CM0.a(rt_task.o)
                                0x528 (size before relaxing)
 .debug_str     0x00002acb        0xe /home/smolvik/CMSIS_5-5.4.0/CMSIS/RTOS/RTX/LIB/GCC/libRTX_CM0.a(rt_robin.o)
                                0x2ab (size before relaxing)

.comment        0x00000000       0x6e
 .comment       0x00000000       0x6e main.o
                                 0x6f (size before relaxing)
 .comment       0x0000006e       0x6f startup.o
 .comment       0x0000006e       0x6f mdb485.o
 .comment       0x0000006e       0x6f stubs.o
 .comment       0x0000006e       0x6f mdb232.o
 .comment       0x0000006e       0x6f xprintf.o
 .comment       0x0000006e       0x6f RTX_Conf_CM.o
 .comment       0x0000006e       0x6f system.o
 .comment       0x0000006e       0x6f ethfunc.o
 .comment       0x0000006e       0x6f network.o
 .comment       0x0000006e       0x6f crc.o
 .comment       0x0000006e       0x6f eeprom.o
 .comment       0x0000006e       0x6f param.o
 .comment       0x0000006e       0x6f modbus_udp.o
 .comment       0x0000006e       0x6f fsm.o
 .comment       0x0000006e       0x6f /home/smolvik/CMSIS_5-5.4.0/CMSIS/RTOS/RTX/LIB/GCC/libRTX_CM0.a(rt_cmsis.o)
 .comment       0x0000006e       0x6f /home/smolvik/CMSIS_5-5.4.0/CMSIS/RTOS/RTX/LIB/GCC/libRTX_CM0.a(hal_cm.o)
 .comment       0x0000006e       0x6f /home/smolvik/CMSIS_5-5.4.0/CMSIS/RTOS/RTX/LIB/GCC/libRTX_CM0.a(rt_memory.o)
 .comment       0x0000006e       0x6f /home/smolvik/CMSIS_5-5.4.0/CMSIS/RTOS/RTX/LIB/GCC/libRTX_CM0.a(rt_membox.o)
 .comment       0x0000006e       0x6f /home/smolvik/CMSIS_5-5.4.0/CMSIS/RTOS/RTX/LIB/GCC/libRTX_CM0.a(rt_mutex.o)
 .comment       0x0000006e       0x6f /home/smolvik/CMSIS_5-5.4.0/CMSIS/RTOS/RTX/LIB/GCC/libRTX_CM0.a(rt_time.o)
 .comment       0x0000006e       0x6f /home/smolvik/CMSIS_5-5.4.0/CMSIS/RTOS/RTX/LIB/GCC/libRTX_CM0.a(rt_semaphore.o)
 .comment       0x0000006e       0x6f /home/smolvik/CMSIS_5-5.4.0/CMSIS/RTOS/RTX/LIB/GCC/libRTX_CM0.a(rt_mailbox.o)
 .comment       0x0000006e       0x6f /home/smolvik/CMSIS_5-5.4.0/CMSIS/RTOS/RTX/LIB/GCC/libRTX_CM0.a(rt_list.o)
 .comment       0x0000006e       0x6f /home/smolvik/CMSIS_5-5.4.0/CMSIS/RTOS/RTX/LIB/GCC/libRTX_CM0.a(rt_event.o)
 .comment       0x0000006e       0x6f /home/smolvik/CMSIS_5-5.4.0/CMSIS/RTOS/RTX/LIB/GCC/libRTX_CM0.a(rt_system.o)
 .comment       0x0000006e       0x6f /home/smolvik/CMSIS_5-5.4.0/CMSIS/RTOS/RTX/LIB/GCC/libRTX_CM0.a(rt_task.o)
 .comment       0x0000006e       0x6f /home/smolvik/CMSIS_5-5.4.0/CMSIS/RTOS/RTX/LIB/GCC/libRTX_CM0.a(rt_robin.o)

.ARM.attributes
                0x00000000       0x2f
 .ARM.attributes
                0x00000000       0x31 main.o
 .ARM.attributes
                0x00000031       0x31 startup.o
 .ARM.attributes
                0x00000062       0x31 mdb485.o
 .ARM.attributes
                0x00000093       0x31 stubs.o
 .ARM.attributes
                0x000000c4       0x31 mdb232.o
 .ARM.attributes
                0x000000f5       0x31 xprintf.o
 .ARM.attributes
                0x00000126       0x31 RTX_Conf_CM.o
 .ARM.attributes
                0x00000157       0x31 system.o
 .ARM.attributes
                0x00000188       0x31 ethfunc.o
 .ARM.attributes
                0x000001b9       0x31 network.o
 .ARM.attributes
                0x000001ea       0x31 crc.o
 .ARM.attributes
                0x0000021b       0x31 eeprom.o
 .ARM.attributes
                0x0000024c       0x31 param.o
 .ARM.attributes
                0x0000027d       0x31 modbus_udp.o
 .ARM.attributes
                0x000002ae       0x31 fsm.o
 .ARM.attributes
                0x000002df       0x1e /home/smolvik/gcc-arm-none-eabi-5_4-2016q3/lib/gcc/arm-none-eabi/5.4.1/armv6-m//libgcc.a(_udivsi3.o)
 .ARM.attributes
                0x000002fd       0x1e /home/smolvik/gcc-arm-none-eabi-5_4-2016q3/lib/gcc/arm-none-eabi/5.4.1/armv6-m//libgcc.a(_divsi3.o)
 .ARM.attributes
                0x0000031b       0x1e /home/smolvik/gcc-arm-none-eabi-5_4-2016q3/lib/gcc/arm-none-eabi/5.4.1/armv6-m//libgcc.a(_dvmd_tls.o)
 .ARM.attributes
                0x00000339       0x2c /home/smolvik/gcc-arm-none-eabi-5_4-2016q3/arm-none-eabi/lib/armv6-m//libc.a(lib_a-abs.o)
 .ARM.attributes
                0x00000365       0x2c /home/smolvik/gcc-arm-none-eabi-5_4-2016q3/arm-none-eabi/lib/armv6-m//libc.a(lib_a-atexit.o)
 .ARM.attributes
                0x00000391       0x2c /home/smolvik/gcc-arm-none-eabi-5_4-2016q3/arm-none-eabi/lib/armv6-m//libc.a(lib_a-exit.o)
 .ARM.attributes
                0x000003bd       0x2c /home/smolvik/gcc-arm-none-eabi-5_4-2016q3/arm-none-eabi/lib/armv6-m//libc.a(lib_a-fini.o)
 .ARM.attributes
                0x000003e9       0x2c /home/smolvik/gcc-arm-none-eabi-5_4-2016q3/arm-none-eabi/lib/armv6-m//libc.a(lib_a-impure.o)
 .ARM.attributes
                0x00000415       0x2c /home/smolvik/gcc-arm-none-eabi-5_4-2016q3/arm-none-eabi/lib/armv6-m//libc.a(lib_a-init.o)
 .ARM.attributes
                0x00000441       0x2c /home/smolvik/gcc-arm-none-eabi-5_4-2016q3/arm-none-eabi/lib/armv6-m//libc.a(lib_a-reent.o)
 .ARM.attributes
                0x0000046d       0x2c /home/smolvik/gcc-arm-none-eabi-5_4-2016q3/arm-none-eabi/lib/armv6-m//libc.a(lib_a-__atexit.o)
 .ARM.attributes
                0x00000499       0x2c /home/smolvik/gcc-arm-none-eabi-5_4-2016q3/arm-none-eabi/lib/armv6-m//libc.a(lib_a-__call_atexit.o)
 .ARM.attributes
                0x000004c5       0x2c /home/smolvik/gcc-arm-none-eabi-5_4-2016q3/arm-none-eabi/lib/armv6-m//libc.a(lib_a-freer.o)
 .ARM.attributes
                0x000004f1       0x2c /home/smolvik/gcc-arm-none-eabi-5_4-2016q3/arm-none-eabi/lib/armv6-m//libc.a(lib_a-mallocr.o)
 .ARM.attributes
                0x0000051d       0x2c /home/smolvik/gcc-arm-none-eabi-5_4-2016q3/arm-none-eabi/lib/armv6-m//libc.a(lib_a-mlock.o)
 .ARM.attributes
                0x00000549       0x2c /home/smolvik/gcc-arm-none-eabi-5_4-2016q3/arm-none-eabi/lib/armv6-m//libc.a(lib_a-sbrkr.o)
 .ARM.attributes
                0x00000575       0x31 /home/smolvik/CMSIS_5-5.4.0/CMSIS/RTOS/RTX/LIB/GCC/libRTX_CM0.a(rt_cmsis.o)
 .ARM.attributes
                0x000005a6       0x31 /home/smolvik/CMSIS_5-5.4.0/CMSIS/RTOS/RTX/LIB/GCC/libRTX_CM0.a(hal_cm.o)
 .ARM.attributes
                0x000005d7       0x31 /home/smolvik/CMSIS_5-5.4.0/CMSIS/RTOS/RTX/LIB/GCC/libRTX_CM0.a(rt_memory.o)
 .ARM.attributes
                0x00000608       0x31 /home/smolvik/CMSIS_5-5.4.0/CMSIS/RTOS/RTX/LIB/GCC/libRTX_CM0.a(rt_membox.o)
 .ARM.attributes
                0x00000639       0x31 /home/smolvik/CMSIS_5-5.4.0/CMSIS/RTOS/RTX/LIB/GCC/libRTX_CM0.a(rt_mutex.o)
 .ARM.attributes
                0x0000066a       0x31 /home/smolvik/CMSIS_5-5.4.0/CMSIS/RTOS/RTX/LIB/GCC/libRTX_CM0.a(rt_time.o)
 .ARM.attributes
                0x0000069b       0x31 /home/smolvik/CMSIS_5-5.4.0/CMSIS/RTOS/RTX/LIB/GCC/libRTX_CM0.a(rt_semaphore.o)
 .ARM.attributes
                0x000006cc       0x31 /home/smolvik/CMSIS_5-5.4.0/CMSIS/RTOS/RTX/LIB/GCC/libRTX_CM0.a(rt_mailbox.o)
 .ARM.attributes
                0x000006fd       0x31 /home/smolvik/CMSIS_5-5.4.0/CMSIS/RTOS/RTX/LIB/GCC/libRTX_CM0.a(rt_list.o)
 .ARM.attributes
                0x0000072e       0x31 /home/smolvik/CMSIS_5-5.4.0/CMSIS/RTOS/RTX/LIB/GCC/libRTX_CM0.a(rt_event.o)
 .ARM.attributes
                0x0000075f       0x31 /home/smolvik/CMSIS_5-5.4.0/CMSIS/RTOS/RTX/LIB/GCC/libRTX_CM0.a(rt_system.o)
 .ARM.attributes
                0x00000790       0x31 /home/smolvik/CMSIS_5-5.4.0/CMSIS/RTOS/RTX/LIB/GCC/libRTX_CM0.a(rt_task.o)
 .ARM.attributes
                0x000007c1       0x21 /home/smolvik/CMSIS_5-5.4.0/CMSIS/RTOS/RTX/LIB/GCC/libRTX_CM0.a(hal_cm0.o)
 .ARM.attributes
                0x000007e2       0x21 /home/smolvik/CMSIS_5-5.4.0/CMSIS/RTOS/RTX/LIB/GCC/libRTX_CM0.a(svc_table.o)
 .ARM.attributes
                0x00000803       0x31 /home/smolvik/CMSIS_5-5.4.0/CMSIS/RTOS/RTX/LIB/GCC/libRTX_CM0.a(rt_robin.o)
 .ARM.attributes
                0x00000834       0x1e /home/smolvik/gcc-arm-none-eabi-5_4-2016q3/lib/gcc/arm-none-eabi/5.4.1/armv6-m//libgcc.a(_aeabi_uldivmod.o)
 .ARM.attributes
                0x00000852       0x2c /home/smolvik/gcc-arm-none-eabi-5_4-2016q3/lib/gcc/arm-none-eabi/5.4.1/armv6-m//libgcc.a(_muldi3.o)
 .ARM.attributes
                0x0000087e       0x2c /home/smolvik/gcc-arm-none-eabi-5_4-2016q3/lib/gcc/arm-none-eabi/5.4.1/armv6-m//libgcc.a(_udivmoddi4.o)
 .ARM.attributes
                0x000008aa       0x1e /home/smolvik/gcc-arm-none-eabi-5_4-2016q3/lib/gcc/arm-none-eabi/5.4.1/armv6-m//libgcc.a(_clzdi2.o)
 .ARM.attributes
                0x000008c8       0x1e /home/smolvik/gcc-arm-none-eabi-5_4-2016q3/lib/gcc/arm-none-eabi/5.4.1/armv6-m//libgcc.a(_clzsi2.o)
 .ARM.attributes
                0x000008e6       0x2c /home/smolvik/gcc-arm-none-eabi-5_4-2016q3/arm-none-eabi/lib/armv6-m//libc.a(lib_a-memset.o)

.svc_table      0x00000000        0x4
 .svc_table     0x00000000        0x4 /home/smolvik/CMSIS_5-5.4.0/CMSIS/RTOS/RTX/LIB/GCC/libRTX_CM0.a(svc_table.o)
                0x00000000                SVC_Count
                0x00000000                SVC_Table

.debug_frame    0x00000000     0x24a0
 .debug_frame   0x00000000      0x1b4 main.o
 .debug_frame   0x000001b4       0x4c startup.o
 .debug_frame   0x00000200      0x18c mdb485.o
 .debug_frame   0x0000038c      0x260 stubs.o
 .debug_frame   0x000005ec      0x12c mdb232.o
 .debug_frame   0x00000718      0x170 xprintf.o
 .debug_frame   0x00000888       0x5c RTX_Conf_CM.o
 .debug_frame   0x000008e4      0x100 system.o
 .debug_frame   0x000009e4      0x168 ethfunc.o
 .debug_frame   0x00000b4c      0x170 network.o
 .debug_frame   0x00000cbc       0x50 crc.o
 .debug_frame   0x00000d0c       0xc8 eeprom.o
 .debug_frame   0x00000dd4       0x50 param.o
 .debug_frame   0x00000e24      0x1b4 modbus_udp.o
 .debug_frame   0x00000fd8       0xe8 fsm.o