Archive member included to satisfy reference by file (symbol)

/home/smolvik/gcc-arm-none-eabi-5_4-2016q3/lib/gcc/arm-none-eabi/5.4.1/armv6-m//libgcc.a(_udivsi3.o)
                              xprintf.o (__aeabi_uidiv)
/home/smolvik/gcc-arm-none-eabi-5_4-2016q3/lib/gcc/arm-none-eabi/5.4.1/armv6-m//libgcc.a(_divsi3.o)
                              fsm.o (__aeabi_idiv)
/home/smolvik/gcc-arm-none-eabi-5_4-2016q3/lib/gcc/arm-none-eabi/5.4.1/armv6-m//libgcc.a(_dvmd_tls.o)
                              /home/smolvik/gcc-arm-none-eabi-5_4-2016q3/lib/gcc/arm-none-eabi/5.4.1/armv6-m//libgcc.a(_udivsi3.o) (__aeabi_idiv0)
/home/smolvik/gcc-arm-none-eabi-5_4-2016q3/arm-none-eabi/lib/armv6-m//libc.a(lib_a-abs.o)
                              main.o (abs)
/home/smolvik/gcc-arm-none-eabi-5_4-2016q3/arm-none-eabi/lib/armv6-m//libc.a(lib_a-atexit.o)
                              RTX_Conf_CM.o (atexit)
/home/smolvik/gcc-arm-none-eabi-5_4-2016q3/arm-none-eabi/lib/armv6-m//libc.a(lib_a-exit.o)
                              RTX_Conf_CM.o (exit)
/home/smolvik/gcc-arm-none-eabi-5_4-2016q3/arm-none-eabi/lib/armv6-m//libc.a(lib_a-fini.o)
                              RTX_Conf_CM.o (__libc_fini_array)
/home/smolvik/gcc-arm-none-eabi-5_4-2016q3/arm-none-eabi/lib/armv6-m//libc.a(lib_a-impure.o)
                              /home/smolvik/gcc-arm-none-eabi-5_4-2016q3/arm-none-eabi/lib/armv6-m//libc.a(lib_a-exit.o) (_global_impure_ptr)
/home/smolvik/gcc-arm-none-eabi-5_4-2016q3/arm-none-eabi/lib/armv6-m//libc.a(lib_a-init.o)
                              RTX_Conf_CM.o (__libc_init_array)
/home/smolvik/gcc-arm-none-eabi-5_4-2016q3/arm-none-eabi/lib/armv6-m//libc.a(lib_a-reent.o)
                              stubs.o (errno)
/home/smolvik/gcc-arm-none-eabi-5_4-2016q3/arm-none-eabi/lib/armv6-m//libc.a(lib_a-__atexit.o)
                              /home/smolvik/gcc-arm-none-eabi-5_4-2016q3/arm-none-eabi/lib/armv6-m//libc.a(lib_a-atexit.o) (__register_exitproc)
/home/smolvik/gcc-arm-none-eabi-5_4-2016q3/arm-none-eabi/lib/armv6-m//libc.a(lib_a-__call_atexit.o)
                              /home/smolvik/gcc-arm-none-eabi-5_4-2016q3/arm-none-eabi/lib/armv6-m//libc.a(lib_a-exit.o) (__call_exitprocs)
/home/smolvik/gcc-arm-none-eabi-5_4-2016q3/arm-none-eabi/lib/armv6-m//libc.a(lib_a-freer.o)
                              /home/smolvik/gcc-arm-none-eabi-5_4-2016q3/arm-none-eabi/lib/armv6-m//libc.a(lib_a-reent.o) (_free_r)
/home/smolvik/gcc-arm-none-eabi-5_4-2016q3/arm-none-eabi/lib/armv6-m//libc.a(lib_a-mallocr.o)
                              /home/smolvik/gcc-arm-none-eabi-5_4-2016q3/arm-none-eabi/lib/armv6-m//libc.a(lib_a-freer.o) (__malloc_current_mallinfo)
/home/smolvik/gcc-arm-none-eabi-5_4-2016q3/arm-none-eabi/lib/armv6-m//libc.a(lib_a-mlock.o)
                              /home/smolvik/gcc-arm-none-eabi-5_4-2016q3/arm-none-eabi/lib/armv6-m//libc.a(lib_a-freer.o) (__malloc_lock)
/home/smolvik/gcc-arm-none-eabi-5_4-2016q3/arm-none-eabi/lib/armv6-m//libc.a(lib_a-sbrkr.o)
                              /home/smolvik/gcc-arm-none-eabi-5_4-2016q3/arm-none-eabi/lib/armv6-m//libc.a(lib_a-freer.o) (_sbrk_r)
/home/smolvik/CMSIS_5-5.4.0/CMSIS/RTOS/RTX/LIB/GCC/libRTX_CM0.a(rt_cmsis.o)
                              main.o (osKernelInitialize)
/home/smolvik/CMSIS_5-5.4.0/CMSIS/RTOS/RTX/LIB/GCC/libRTX_CM0.a(hal_cm.o)
                              /home/smolvik/CMSIS_5-5.4.0/CMSIS/RTOS/RTX/LIB/GCC/libRTX_CM0.a(rt_cmsis.o) (rt_ret_val)
/home/smolvik/CMSIS_5-5.4.0/CMSIS/RTOS/RTX/LIB/GCC/libRTX_CM0.a(rt_memory.o)
                              /home/smolvik/CMSIS_5-5.4.0/CMSIS/RTOS/RTX/LIB/GCC/libRTX_CM0.a(rt_cmsis.o) (rt_init_mem)
/home/smolvik/CMSIS_5-5.4.0/CMSIS/RTOS/RTX/LIB/GCC/libRTX_CM0.a(rt_membox.o)
                              /home/smolvik/CMSIS_5-5.4.0/CMSIS/RTOS/RTX/LIB/GCC/libRTX_CM0.a(rt_cmsis.o) (_init_box)
/home/smolvik/CMSIS_5-5.4.0/CMSIS/RTOS/RTX/LIB/GCC/libRTX_CM0.a(rt_mutex.o)
                              /home/smolvik/CMSIS_5-5.4.0/CMSIS/RTOS/RTX/LIB/GCC/libRTX_CM0.a(rt_cmsis.o) (rt_mut_init)
/home/smolvik/CMSIS_5-5.4.0/CMSIS/RTOS/RTX/LIB/GCC/libRTX_CM0.a(rt_time.o)
                              /home/smolvik/CMSIS_5-5.4.0/CMSIS/RTOS/RTX/LIB/GCC/libRTX_CM0.a(rt_cmsis.o) (os_time)
/home/smolvik/CMSIS_5-5.4.0/CMSIS/RTOS/RTX/LIB/GCC/libRTX_CM0.a(rt_semaphore.o)
                              /home/smolvik/CMSIS_5-5.4.0/CMSIS/RTOS/RTX/LIB/GCC/libRTX_CM0.a(rt_cmsis.o) (rt_sem_init)
/home/smolvik/CMSIS_5-5.4.0/CMSIS/RTOS/RTX/LIB/GCC/libRTX_CM0.a(rt_mailbox.o)
                              /home/smolvik/CMSIS_5-5.4.0/CMSIS/RTOS/RTX/LIB/GCC/libRTX_CM0.a(rt_cmsis.o) (rt_mbx_init)
/home/smolvik/CMSIS_5-5.4.0/CMSIS/RTOS/RTX/LIB/GCC/libRTX_CM0.a(rt_list.o)
                              /home/smolvik/CMSIS_5-5.4.0/CMSIS/RTOS/RTX/LIB/GCC/libRTX_CM0.a(rt_cmsis.o) (rt_put_prio)
/home/smolvik/CMSIS_5-5.4.0/CMSIS/RTOS/RTX/LIB/GCC/libRTX_CM0.a(rt_event.o)
[...]
Memory Configuration

Name             Origin             Length             Attributes
RAM1             0x20000000         0x00008000         rw
RAM2             0x20100000         0x00004000         xrw
FLASH            0x00000000         0x00020000         xr
*default*        0x00000000         0xffffffff

Linker script and memory map


.text           0x00000000     0x95dc
                0x00000000                . = ALIGN (0x4)
 *(.interrupt_vector)
 .interrupt_vector
                0x00000000       0xc0 startup.o
                0x00000000                table_interrupt_vector
 *(.init)
 *(.fini)
 *(.text)
 .text          0x000000c0      0x418 main.o
                0x000000c0                dut_pwr_on
                0x000000d4                servo_pwr_off
                0x000000e8                dut_on
                0x000000fc                dut_off
                0x00000110                dut_reset_off
                0x00000128                dut_reset_on
                0x00000140                dut_set_speed
                0x000001a8                dut_set_torque
                0x0000020c                main
                0x00000318                TIMER1_Handler
                0x0000033c                threadDUTProceed
                0x00000498                threadFSMProceed
 .text          0x000004d8       0x98 startup.o
                0x000004d8                Reset_Handler
                0x000004d8                handler_reset
                0x00000568                DMA_Handler
                0x00000568                TIMER4_Handler
                0x00000568                HardFault_Handler
                0x00000568                ARINC429T2_Handler
                0x00000568                EXT_INT1_Handler
                0x00000568                NMI_Handler
                0x00000568                ADC_Handler
                0x00000568                TIMER2_Handler
                0x00000568                WWDG_Handler
                0x00000568                POWER_Handler
                0x00000568                BKP_Handler
                0x00000568                MIL_STD_1553B1_Handler
                0x00000568                CAN2_Handler
                0x00000568                TIMER3_Handler
                0x00000568                default_handler
                0x00000568                EXT_INT2_Handler
                0x00000568                USB_Handler
                0x00000568                ARINC429T4_Handler
                0x00000568                EXT_INT4_Handler
                0x00000568                MIL_STD_1553B2_Handler
                0x00000568                CAN1_Handler
                0x00000568                EXT_INT3_Handler
                0x00000568                BUSY_Handler
                0x00000568                ARINC429T3_Handler
                0x00000568                SSP2_Handler
                0x00000568                SSP3_Handler
                0x00000568                ARINC429T1_Handler
                0x00000568                ARINC429R_Handler
                0x00000568                SSP1_Handler
 .text          0x00000570      0x594 mdb485.o
                0x000005e4                mdb485_init
                0x00000644                mdb485_send
                0x000006b8                mdb485_putch
                0x000006e4                mdb485_writeregs
                0x00000830                mdb485_readregs
                0x000008f4                mdb485_read_inputregs
                0x000009b8                mdb485_get_func
                0x000009e0                mdb485_get_crc
                0x00000a1c                mdb485_si30_get_counter
                0x00000a94                UART2_Handler
 .text          0x00000b04      0x2a4 stubs.o
                0x00000b04                _exit
                0x00000b20                _close
                0x00000b34                _execve
                0x00000b58                _fork
                0x00000b70                _fstat
                0x00000b8c                _getpid
                0x00000b98                _isatty
                0x00000bc0                _kill
                0x00000be0                _link
                0x00000c00                _lseek
                0x00000c18                _sbrk
                0x00000c8c                _read
                0x00000cc0                _stat
                0x00000cdc                _times
                0x00000cf0                _unlink
                0x00000d10                _wait
                0x00000d30                _write
                0x00000d90                _init
                0x00000d9c                _fini
 .text          0x00000da8      0x420 mdb232.o
                0x00000e1c                mdb232_init
                0x00000ed0                mdb232_read_inputregs
                0x00000f94                mdb232_readregs
                0x00001058                mdb232_get_crc
                0x00001094                mdb232_bikm_get_torque
                0x00001158                UART1_Handler
 .text          0x000011c8      0x844 xprintf.o
                0x000011c8                xputc
                0x00001220                xputs
                0x00001248                xfputs
                0x000015a4                xprintf
                0x000015cc                xsprintf
                0x00001610                xfprintf
                0x00001650                put_dump
                0x00001754                xgets
                0x000017f4                xfgets
                0x00001830                xatoi
 .text          0x00001a0c       0x68 RTX_Conf_CM.o
                0x00001a0c                os_idle_demon
                0x00001a14                os_error
                0x00001a40                software_init_hook
 .text          0x00001a74      0x43c system.o
                0x00001b84                PortConfig
                0x00001cc8                ClkConfig
                0x00001e18                TimerConfig
                0x00001e5c                dac_init
                0x00001e78                SystemInit
 .text          0x00001eb0      0x790 ethfunc.o
                0x00001ee4                RemoteMacInit
                0x00001f18                PHYInit
                0x00001f7c                SetPHYReg
                0x00001fe8                GetPHYReg
                0x00002044                EthernetConfig
                0x000020d0                MACReset
                0x000021c0                ClearMemory
                0x000021f8                ReadPacket
                0x000023e4                SendPacket
                0x000025e4                ETHERNET_Handler
 .text          0x00002640      0xc94 network.o
                0x00002640                network_config
                0x0000266c                Answear_ARP
                0x00002754                CheckSum_UDP
                0x000028b4                CheckSum_IP
                0x00002910                CheckSum_ICMP
                0x00002974                Request_ICMP
                0x00002b58                Answear_ICMP
                0x00002cb8                DestinationUnreachable_ICMP
                0x00002e58                Send_UDP
                0x00003094                PacketParser
                0x000031e4                threadPacketParser
 .text          0x000032d4       0xe4 crc.o
                0x000032d4                crc32
                0x00003328                crc16
 .text          0x000033b8       0x38 eeprom.o
                0x000033b8                eeprom_on
                0x000033d4                eeprom_off
 .text          0x000033f0       0xa8 param.o
                0x000033f0                par_save
                0x00003448                par_read
 .text          0x00003498      0xc34 modbus_udp.o
                0x00003498                mdb_fifo_read
                0x00003530                mdb_fifo_write
                0x000035bc                mdb_get_testparam
                0x000037e4                mdb_get_holding_register
                0x00003fd0                mdb_proc_adu
 .text          0x000040cc      0x810 fsm.o
                0x000040cc                fsm_get_mode
                0x000040e0                fsm_get_cyccnt
 .text          0x000048dc      0x114 /home/smolvik/gcc-arm-none-eabi-5_4-2016q3/lib/gcc/arm-none-eabi/5.4.1/armv6-m//libgcc.a(_udivsi3.o)
                0x000048dc                __udivsi3
                0x000048dc                __aeabi_uidiv
                0x000049e8                __aeabi_uidivmod
 .text          0x000049f0      0x1d4 /home/smolvik/gcc-arm-none-eabi-5_4-2016q3/lib/gcc/arm-none-eabi/5.4.1/armv6-m//libgcc.a(_divsi3.o)
                0x000049f0                __aeabi_idiv
                0x000049f0                __divsi3
                0x00004bbc                __aeabi_idivmod
 .text          0x00004bc4        0x4 /home/smolvik/gcc-arm-none-eabi-5_4-2016q3/lib/gcc/arm-none-eabi/5.4.1/armv6-m//libgcc.a(_dvmd_tls.o)
                0x00004bc4                __aeabi_ldiv0
                0x00004bc4                __aeabi_idiv0
 .text          0x00004bc8        0x0 /home/smolvik/gcc-arm-none-eabi-5_4-2016q3/arm-none-eabi/lib/armv6-m//libc.a(lib_a-abs.o)
 .text          0x00004bc8        0x0 /home/smolvik/gcc-arm-none-eabi-5_4-2016q3/arm-none-eabi/lib/armv6-m//libc.a(lib_a-atexit.o)
 .text          0x00004bc8        0x0 /home/smolvik/gcc-arm-none-eabi-5_4-2016q3/arm-none-eabi/lib/armv6-m//libc.a(lib_a-exit.o)
 .text          0x00004bc8        0x0 /home/smolvik/gcc-arm-none-eabi-5_4-2016q3/arm-none-eabi/lib/armv6-m//libc.a(lib_a-fini.o)
 .text          0x00004bc8        0x0 /home/smolvik/gcc-arm-none-eabi-5_4-2016q3/arm-none-eabi/lib/armv6-m//libc.a(lib_a-impure.o)
 .text          0x00004bc8        0x0 /home/smolvik/gcc-arm-none-eabi-5_4-2016q3/arm-none-eabi/lib/armv6-m//libc.a(lib_a-init.o)
 .text          0x00004bc8        0x0 /home/smolvik/gcc-arm-none-eabi-5_4-2016q3/arm-none-eabi/lib/armv6-m//libc.a(lib_a-reent.o)
 .text          0x00004bc8        0x0 /home/smolvik/gcc-arm-none-eabi-5_4-2016q3/arm-none-eabi/lib/armv6-m//libc.a(lib_a-__atexit.o)
 .text          0x00004bc8        0x0 /home/smolvik/gcc-arm-none-eabi-5_4-2016q3/arm-none-eabi/lib/armv6-m//libc.a(lib_a-__call_atexit.o)
 .text          0x00004bc8        0x0 /home/smolvik/gcc-arm-none-eabi-5_4-2016q3/arm-none-eabi/lib/armv6-m//libc.a(lib_a-freer.o)
 .text          0x00004bc8        0x0 /home/smolvik/gcc-arm-none-eabi-5_4-2016q3/arm-none-eabi/lib/armv6-m//libc.a(lib_a-mallocr.o)
 .text          0x00004bc8        0x0 /home/smolvik/gcc-arm-none-eabi-5_4-2016q3/arm-none-eabi/lib/armv6-m//libc.a(lib_a-mlock.o)
 .text          0x00004bc8        0x0 /home/smolvik/gcc-arm-none-eabi-5_4-2016q3/arm-none-eabi/lib/armv6-m//libc.a(lib_a-sbrkr.o)
 .text          0x00004bc8        0x0 /home/smolvik/CMSIS_5-5.4.0/CMSIS/RTOS/RTX/LIB/GCC/libRTX_CM0.a(rt_cmsis.o)
 .text          0x00004bc8        0x0 /home/smolvik/CMSIS_5-5.4.0/CMSIS/RTOS/RTX/LIB/GCC/libRTX_CM0.a(hal_cm.o)
 .text          0x00004bc8        0x0 /home/smolvik/CMSIS_5-5.4.0/CMSIS/RTOS/RTX/LIB/GCC/libRTX_CM0.a(rt_memory.o)
 .text          0x00004bc8        0x0 /home/smolvik/CMSIS_5-5.4.0/CMSIS/RTOS/RTX/LIB/GCC/libRTX_CM0.a(rt_membox.o)
 .text          0x00004bc8        0x0 /home/smolvik/CMSIS_5-5.4.0/CMSIS/RTOS/RTX/LIB/GCC/libRTX_CM0.a(rt_mutex.o)
 .text          0x00004bc8        0x0 /home/smolvik/CMSIS_5-5.4.0/CMSIS/RTOS/RTX/LIB/GCC/libRTX_CM0.a(rt_time.o)
 .text          0x00004bc8        0x0 /home/smolvik/CMSIS_5-5.4.0/CMSIS/RTOS/RTX/LIB/GCC/libRTX_CM0.a(rt_semaphore.o)
 .text          0x00004bc8        0x0 /home/smolvik/CMSIS_5-5.4.0/CMSIS/RTOS/RTX/LIB/GCC/libRTX_CM0.a(rt_mailbox.o)
 .text          0x00004bc8        0x0 /home/smolvik/CMSIS_5-5.4.0/CMSIS/RTOS/RTX/LIB/GCC/libRTX_CM0.a(rt_list.o)
 .text          0x00004bc8        0x0 /home/smolvik/CMSIS_5-5.4.0/CMSIS/RTOS/RTX/LIB/GCC/libRTX_CM0.a(rt_event.o)
 .text          0x00004bc8        0x0 /home/smolvik/CMSIS_5-5.4.0/CMSIS/RTOS/RTX/LIB/GCC/libRTX_CM0.a(rt_system.o)
 .text          0x00004bc8        0x0 /home/smolvik/CMSIS_5-5.4.0/CMSIS/RTOS/RTX/LIB/GCC/libRTX_CM0.a(rt_task.o)
 .text          0x00004bc8      0x154 /home/smolvik/CMSIS_5-5.4.0/CMSIS/RTOS/RTX/LIB/GCC/libRTX_CM0.a(hal_cm0.o)
                0x00004bc8                rt_set_PSP
                0x00004bce                rt_get_PSP
                0x00004bd4                os_set_env
                0x00004bf2                _alloc_box
                0x00004c0c                _free_box
                0x00004c26                SVC_Handler
                0x00004cac                PendSV_Handler
                0x00004cb0                Sys_Switch
                0x00004cf4                SysTick_Handler
                0x00004cfa                OS_Tick_Handler
 .text          0x00004d1c        0x0 /home/smolvik/CMSIS_5-5.4.0/CMSIS/RTOS/RTX/LIB/GCC/libRTX_CM0.a(svc_table.o)
 .text          0x00004d1c        0x0 /home/smolvik/CMSIS_5-5.4.0/CMSIS/RTOS/RTX/LIB/GCC/libRTX_CM0.a(rt_robin.o)
 .text          0x00004d1c       0x40 /home/smolvik/gcc-arm-none-eabi-5_4-2016q3/lib/gcc/arm-none-eabi/5.4.1/armv6-m//libgcc.a(_aeabi_uldivmod.o)
                0x00004d1c                __aeabi_uldivmod
 .text          0x00004d5c       0x58 /home/smolvik/gcc-arm-none-eabi-5_4-2016q3/lib/gcc/arm-none-eabi/5.4.1/armv6-m//libgcc.a(_muldi3.o)
                0x00004d5c                __aeabi_lmul
                0x00004d5c                __muldi3
 .text          0x00004db4      0x180 /home/smolvik/gcc-arm-none-eabi-5_4-2016q3/lib/gcc/arm-none-eabi/5.4.1/armv6-m//libgcc.a(_udivmoddi4.o)
                0x00004db4                __udivmoddi4
 .text          0x00004f34       0x18 /home/smolvik/gcc-arm-none-eabi-5_4-2016q3/lib/gcc/arm-none-eabi/5.4.1/armv6-m//libgcc.a(_clzdi2.o)
                0x00004f34                __clzdi2
 .text          0x00004f4c       0x3c /home/smolvik/gcc-arm-none-eabi-5_4-2016q3/lib/gcc/arm-none-eabi/5.4.1/armv6-m//libgcc.a(_clzsi2.o)
                0x00004f4c                __clzsi2
 .text          0x00004f88        0x0 /home/smolvik/gcc-arm-none-eabi-5_4-2016q3/arm-none-eabi/lib/armv6-m//libc.a(lib_a-memset.o)
 *(.text*)
 .text.abs      0x00004f88        0x8 /home/smolvik/gcc-arm-none-eabi-5_4-2016q3/arm-none-eabi/lib/armv6-m//libc.a(lib_a-abs.o)
                0x00004f88                abs
 .text.atexit   0x00004f90       0x10 /home/smolvik/gcc-arm-none-eabi-5_4-2016q3/arm-none-eabi/lib/armv6-m//libc.a(lib_a-atexit.o)
                0x00004f90                atexit
 .text.exit     0x00004fa0       0x20 /home/smolvik/gcc-arm-none-eabi-5_4-2016q3/arm-none-eabi/lib/armv6-m//libc.a(lib_a-exit.o)
                0x00004fa0                exit
 .text.__libc_fini_array
                0x00004fc0       0x34 /home/smolvik/gcc-arm-none-eabi-5_4-2016q3/arm-none-eabi/lib/armv6-m//libc.a(lib_a-fini.o)
                0x00004fc0                __libc_fini_array
 .text.__libc_init_array
                0x00004ff4       0x48 /home/smolvik/gcc-arm-none-eabi-5_4-2016q3/arm-none-eabi/lib/armv6-m//libc.a(lib_a-init.o)
                0x00004ff4                __libc_init_array
 .text.cleanup_glue
                0x0000503c       0x1c /home/smolvik/gcc-arm-none-eabi-5_4-2016q3/arm-none-eabi/lib/armv6-m//libc.a(lib_a-reent.o)
                0x0000503c                cleanup_glue
 .text._reclaim_reent
                0x00005058       0x94 /home/smolvik/gcc-arm-none-eabi-5_4-2016q3/arm-none-eabi/lib/armv6-m//libc.a(lib_a-reent.o)
                0x00005058                _reclaim_reent
 .text.__register_exitproc
                0x000050ec       0xd4 /home/smolvik/gcc-arm-none-eabi-5_4-2016q3/arm-none-eabi/lib/armv6-m//libc.a(lib_a-__atexit.o)
                0x000050ec                __register_exitproc
 .text.startup.register_fini
                0x000051c0       0x18 /home/smolvik/gcc-arm-none-eabi-5_4-2016q3/arm-none-eabi/lib/armv6-m//libc.a(lib_a-__call_atexit.o)
 .text.__call_exitprocs
                0x000051d8       0xfc /home/smolvik/gcc-arm-none-eabi-5_4-2016q3/arm-none-eabi/lib/armv6-m//libc.a(lib_a-__call_atexit.o)
                0x000051d8                __call_exitprocs
 .text._malloc_trim_r
                0x000052d4       0xa0 /home/smolvik/gcc-arm-none-eabi-5_4-2016q3/arm-none-eabi/lib/armv6-m//libc.a(lib_a-freer.o)
                0x000052d4                _malloc_trim_r
 .text._free_r  0x00005374      0x1c4 /home/smolvik/gcc-arm-none-eabi-5_4-2016q3/arm-none-eabi/lib/armv6-m//libc.a(lib_a-freer.o)
                0x00005374                _free_r
 .text._malloc_r
                0x00005538      0x554 /home/smolvik/gcc-arm-none-eabi-5_4-2016q3/arm-none-eabi/lib/armv6-m//libc.a(lib_a-mallocr.o)
                0x00005538                _malloc_r
 .text.__malloc_lock
                0x00005a8c        0x4 /home/smolvik/gcc-arm-none-eabi-5_4-2016q3/arm-none-eabi/lib/armv6-m//libc.a(lib_a-mlock.o)
                0x00005a8c                __malloc_lock
 .text.__malloc_unlock
                0x00005a90        0x4 /home/smolvik/gcc-arm-none-eabi-5_4-2016q3/arm-none-eabi/lib/armv6-m//libc.a(lib_a-mlock.o)
                0x00005a90                __malloc_unlock
 .text._sbrk_r  0x00005a94       0x24 /home/smolvik/gcc-arm-none-eabi-5_4-2016q3/arm-none-eabi/lib/armv6-m//libc.a(lib_a-sbrkr.o)
                0x00005a94                _sbrk_r
 .text.osThreadExit
                0x00005ab8       0x18 /home/smolvik/CMSIS_5-5.4.0/CMSIS/RTOS/RTX/LIB/GCC/libRTX_CM0.a(rt_cmsis.o)
                0x00005ab8                osThreadExit
 .text.svcKernelInitialize
                0x00005ad0      0x114 /home/smolvik/CMSIS_5-5.4.0/CMSIS/RTOS/RTX/LIB/GCC/libRTX_CM0.a(rt_cmsis.o)
                0x00005ad0                svcKernelInitialize
 .text.svcKernelStart
                0x00005be4       0x4c /home/smolvik/CMSIS_5-5.4.0/CMSIS/RTOS/RTX/LIB/GCC/libRTX_CM0.a(rt_cmsis.o)
                0x00005be4                svcKernelStart
 .text.svcKernelRunning
                0x00005c30        0xc /home/smolvik/CMSIS_5-5.4.0/CMSIS/RTOS/RTX/LIB/GCC/libRTX_CM0.a(rt_cmsis.o)
                0x00005c30                svcKernelRunning
 .text.svcKernelSysTick
                0x00005c3c       0x50 /home/smolvik/CMSIS_5-5.4.0/CMSIS/RTOS/RTX/LIB/GCC/libRTX_CM0.a(rt_cmsis.o)
                0x00005c3c                svcKernelSysTick
 .text.osKernelInitialize
                0x00005c8c      0x138 /home/smolvik/CMSIS_5-5.4.0/CMSIS/RTOS/RTX/LIB/GCC/libRTX_CM0.a(rt_cmsis.o)
                0x00005c8c                osKernelInitialize
 .text.osKernelStart
                0x00005dc4       0x78 /home/smolvik/CMSIS_5-5.4.0/CMSIS/RTOS/RTX/LIB/GCC/libRTX_CM0.a(rt_cmsis.o)
                0x00005dc4                osKernelStart
 .text.osKernelRunning
                0x00005e3c       0x28 /home/smolvik/CMSIS_5-5.4.0/CMSIS/RTOS/RTX/LIB/GCC/libRTX_CM0.a(rt_cmsis.o)
                0x00005e3c                osKernelRunning
 .text.osKernelSysTick
                0x00005e64       0x1c /home/smolvik/CMSIS_5-5.4.0/CMSIS/RTOS/RTX/LIB/GCC/libRTX_CM0.a(rt_cmsis.o)
                0x00005e64                osKernelSysTick
 .text.svcThreadCreate
                0x00005e80       0x78 /home/smolvik/CMSIS_5-5.4.0/CMSIS/RTOS/RTX/LIB/GCC/libRTX_CM0.a(rt_cmsis.o)
                0x00005e80                svcThreadCreate
 .text.svcThreadGetId
                0x00005ef8       0x1c /home/smolvik/CMSIS_5-5.4.0/CMSIS/RTOS/RTX/LIB/GCC/libRTX_CM0.a(rt_cmsis.o)
                0x00005ef8                svcThreadGetId
 .text.svcThreadTerminate
                0x00005f14       0x44 /home/smolvik/CMSIS_5-5.4.0/CMSIS/RTOS/RTX/LIB/GCC/libRTX_CM0.a(rt_cmsis.o)
                0x00005f14                svcThreadTerminate
 .text.svcThreadYield
                0x00005f58        0xc /home/smolvik/CMSIS_5-5.4.0/CMSIS/RTOS/RTX/LIB/GCC/libRTX_CM0.a(rt_cmsis.o)
                0x00005f58                svcThreadYield
 .text.svcThreadSetPriority
                0x00005f64       0x34 /home/smolvik/CMSIS_5-5.4.0/CMSIS/RTOS/RTX/LIB/GCC/libRTX_CM0.a(rt_cmsis.o)
                0x00005f64                svcThreadSetPriority
 .text.svcThreadGetPriority
                0x00005f98       0x18 /home/smolvik/CMSIS_5-5.4.0/CMSIS/RTOS/RTX/LIB/GCC/libRTX_CM0.a(rt_cmsis.o)
                0x00005f98                svcThreadGetPriority
 .text.osThreadCreate
                0x00005fb0       0xb0 /home/smolvik/CMSIS_5-5.4.0/CMSIS/RTOS/RTX/LIB/GCC/libRTX_CM0.a(rt_cmsis.o)
                0x00005fb0                osThreadCreate
 .text.osThreadGetId
                0x00006060       0x1c /home/smolvik/CMSIS_5-5.4.0/CMSIS/RTOS/RTX/LIB/GCC/libRTX_CM0.a(rt_cmsis.o)
                0x00006060                osThreadGetId
 .text.osThreadTerminate
                0x0000607c       0x20 /home/smolvik/CMSIS_5-5.4.0/CMSIS/RTOS/RTX/LIB/GCC/libRTX_CM0.a(rt_cmsis.o)
                0x0000607c                osThreadTerminate
 .text.osThreadYield
                0x0000609c       0x20 /home/smolvik/CMSIS_5-5.4.0/CMSIS/RTOS/RTX/LIB/GCC/libRTX_CM0.a(rt_cmsis.o)
                0x0000609c                osThreadYield
 .text.osThreadSetPriority
                0x000060bc       0x20 /home/smolvik/CMSIS_5-5.4.0/CMSIS/RTOS/RTX/LIB/GCC/libRTX_CM0.a(rt_cmsis.o)
                0x000060bc                osThreadSetPriority
 .text.osThreadGetPriority
                0x000060dc       0x20 /home/smolvik/CMSIS_5-5.4.0/CMSIS/RTOS/RTX/LIB/GCC/libRTX_CM0.a(rt_cmsis.o)
                0x000060dc                osThreadGetPriority
 .text.svcDelay
                0x000060fc       0x60 /home/smolvik/CMSIS_5-5.4.0/CMSIS/RTOS/RTX/LIB/GCC/libRTX_CM0.a(rt_cmsis.o)
                0x000060fc                svcDelay
 .text.osDelay  0x0000615c       0x20 /home/smolvik/CMSIS_5-5.4.0/CMSIS/RTOS/RTX/LIB/GCC/libRTX_CM0.a(rt_cmsis.o)
                0x0000615c                osDelay
 .text.osWait   0x0000617c        0x8 /home/smolvik/CMSIS_5-5.4.0/CMSIS/RTOS/RTX/LIB/GCC/libRTX_CM0.a(rt_cmsis.o)
                0x0000617c                osWait
 .text.svcTimerCreate
                0x00006184       0x3c /home/smolvik/CMSIS_5-5.4.0/CMSIS/RTOS/RTX/LIB/GCC/libRTX_CM0.a(rt_cmsis.o)
                0x00006184                svcTimerCreate
 .text.svcTimerStart
                0x000061c0       0xe0 /home/smolvik/CMSIS_5-5.4.0/CMSIS/RTOS/RTX/LIB/GCC/libRTX_CM0.a(rt_cmsis.o)
                0x000061c0                svcTimerStart
 .text.svcTimerStop
                0x000062a0       0x58 /home/smolvik/CMSIS_5-5.4.0/CMSIS/RTOS/RTX/LIB/GCC/libRTX_CM0.a(rt_cmsis.o)
                0x000062a0                svcTimerStop
 .text.svcTimerDelete
                0x000062f8       0x60 /home/smolvik/CMSIS_5-5.4.0/CMSIS/RTOS/RTX/LIB/GCC/libRTX_CM0.a(rt_cmsis.o)
                0x000062f8                svcTimerDelete
 .text.svcTimerCall
                0x00006358       0x20 /home/smolvik/CMSIS_5-5.4.0/CMSIS/RTOS/RTX/LIB/GCC/libRTX_CM0.a(rt_cmsis.o)
                0x00006358                svcTimerCall
 .text.sysTimerTick
                0x00006378       0xbc /home/smolvik/CMSIS_5-5.4.0/CMSIS/RTOS/RTX/LIB/GCC/libRTX_CM0.a(rt_cmsis.o)
                0x00006378                sysTimerTick
 .text.sysUserTimerWakeupTime
                0x00006434       0x18 /home/smolvik/CMSIS_5-5.4.0/CMSIS/RTOS/RTX/LIB/GCC/libRTX_CM0.a(rt_cmsis.o)
                0x00006434                sysUserTimerWakeupTime
 .text.sysUserTimerUpdate
                0x0000644c       0x40 /home/smolvik/CMSIS_5-5.4.0/CMSIS/RTOS/RTX/LIB/GCC/libRTX_CM0.a(rt_cmsis.o)
                0x0000644c                sysUserTimerUpdate
 .text.osTimerCreate
                0x0000648c       0x64 /home/smolvik/CMSIS_5-5.4.0/CMSIS/RTOS/RTX/LIB/GCC/libRTX_CM0.a(rt_cmsis.o)
                0x0000648c                osTimerCreate
 .text.osTimerStart
                0x000064f0       0x20 /home/smolvik/CMSIS_5-5.4.0/CMSIS/RTOS/RTX/LIB/GCC/libRTX_CM0.a(rt_cmsis.o)
                0x000064f0                osTimerStart
 .text.osTimerStop
                0x00006510       0x20 /home/smolvik/CMSIS_5-5.4.0/CMSIS/RTOS/RTX/LIB/GCC/libRTX_CM0.a(rt_cmsis.o)
                0x00006510                osTimerStop
 .text.osTimerDelete
                0x00006530       0x20 /home/smolvik/CMSIS_5-5.4.0/CMSIS/RTOS/RTX/LIB/GCC/libRTX_CM0.a(rt_cmsis.o)
                0x00006530                osTimerDelete
 .text.osTimerCall
                0x00006550       0x18 /home/smolvik/CMSIS_5-5.4.0/CMSIS/RTOS/RTX/LIB/GCC/libRTX_CM0.a(rt_cmsis.o)
                0x00006550                osTimerCall
 .text.osTimerThread
                0x00006568       0x38 /home/smolvik/CMSIS_5-5.4.0/CMSIS/RTOS/RTX/LIB/GCC/libRTX_CM0.a(rt_cmsis.o)
                0x00006568                osTimerThread
 .text.svcSignalSet
                0x000065a0       0x2c /home/smolvik/CMSIS_5-5.4.0/CMSIS/RTOS/RTX/LIB/GCC/libRTX_CM0.a(rt_cmsis.o)
                0x000065a0                svcSignalSet
 .text.svcSignalClear
                0x000065cc       0x2c /home/smolvik/CMSIS_5-5.4.0/CMSIS/RTOS/RTX/LIB/GCC/libRTX_CM0.a(rt_cmsis.o)
                0x000065cc                svcSignalClear
 .text.svcSignalWait
                0x000065f8       0xf0 /home/smolvik/CMSIS_5-5.4.0/CMSIS/RTOS/RTX/LIB/GCC/libRTX_CM0.a(rt_cmsis.o)
                0x000065f8                svcSignalWait
 .text.isrSignalSet
                0x000066e8       0x2c /home/smolvik/CMSIS_5-5.4.0/CMSIS/RTOS/RTX/LIB/GCC/libRTX_CM0.a(rt_cmsis.o)
                0x000066e8                isrSignalSet
 .text.osSignalSet
                0x00006714       0x40 /home/smolvik/CMSIS_5-5.4.0/CMSIS/RTOS/RTX/LIB/GCC/libRTX_CM0.a(rt_cmsis.o)
                0x00006714                osSignalSet
 .text.osSignalClear
                0x00006754       0x1c /home/smolvik/CMSIS_5-5.4.0/CMSIS/RTOS/RTX/LIB/GCC/libRTX_CM0.a(rt_cmsis.o)
                0x00006754                osSignalClear
 .text.osSignalWait
                0x00006770       0x2c /home/smolvik/CMSIS_5-5.4.0/CMSIS/RTOS/RTX/LIB/GCC/libRTX_CM0.a(rt_cmsis.o)
                0x00006770                osSignalWait
 .text.svcMutexCreate
                0x0000679c       0x20 /home/smolvik/CMSIS_5-5.4.0/CMSIS/RTOS/RTX/LIB/GCC/libRTX_CM0.a(rt_cmsis.o)
                0x0000679c                svcMutexCreate
 .text.svcMutexWait
                0x000067bc       0x8c /home/smolvik/CMSIS_5-5.4.0/CMSIS/RTOS/RTX/LIB/GCC/libRTX_CM0.a(rt_cmsis.o)
                0x000067bc                svcMutexWait
 .text.svcMutexRelease
                0x00006848       0x24 /home/smolvik/CMSIS_5-5.4.0/CMSIS/RTOS/RTX/LIB/GCC/libRTX_CM0.a(rt_cmsis.o)
                0x00006848                svcMutexRelease
 .text.svcMutexDelete
                0x0000686c       0x20 /home/smolvik/CMSIS_5-5.4.0/CMSIS/RTOS/RTX/LIB/GCC/libRTX_CM0.a(rt_cmsis.o)
                0x0000686c                svcMutexDelete
 .text.osMutexCreate
                0x0000688c       0x4c /home/smolvik/CMSIS_5-5.4.0/CMSIS/RTOS/RTX/LIB/GCC/libRTX_CM0.a(rt_cmsis.o)
                0x0000688c                osMutexCreate
 .text.osMutexWait
                0x000068d8       0x20 /home/smolvik/CMSIS_5-5.4.0/CMSIS/RTOS/RTX/LIB/GCC/libRTX_CM0.a(rt_cmsis.o)
                0x000068d8                osMutexWait
 .text.osMutexRelease
                0x000068f8       0x20 /home/smolvik/CMSIS_5-5.4.0/CMSIS/RTOS/RTX/LIB/GCC/libRTX_CM0.a(rt_cmsis.o)
                0x000068f8                osMutexRelease
 .text.osMutexDelete
                0x00006918       0x20 /home/smolvik/CMSIS_5-5.4.0/CMSIS/RTOS/RTX/LIB/GCC/libRTX_CM0.a(rt_cmsis.o)
                0x00006918                osMutexDelete
 .text.svcSemaphoreCreate
                0x00006938       0x2c /home/smolvik/CMSIS_5-5.4.0/CMSIS/RTOS/RTX/LIB/GCC/libRTX_CM0.a(rt_cmsis.o)
                0x00006938                svcSemaphoreCreate
 .text.svcSemaphoreWait
                0x00006964       0x88 /home/smolvik/CMSIS_5-5.4.0/CMSIS/RTOS/RTX/LIB/GCC/libRTX_CM0.a(rt_cmsis.o)
                0x00006964                svcSemaphoreWait
 .text.svcSemaphoreRelease
                0x000069ec       0x2c /home/smolvik/CMSIS_5-5.4.0/CMSIS/RTOS/RTX/LIB/GCC/libRTX_CM0.a(rt_cmsis.o)
                0x000069ec                svcSemaphoreRelease
 .text.svcSemaphoreDelete
                0x00006a18       0x20 /home/smolvik/CMSIS_5-5.4.0/CMSIS/RTOS/RTX/LIB/GCC/libRTX_CM0.a(rt_cmsis.o)
                0x00006a18                svcSemaphoreDelete
 .text.isrSemaphoreRelease
                0x00006a38       0x2c /home/smolvik/CMSIS_5-5.4.0/CMSIS/RTOS/RTX/LIB/GCC/libRTX_CM0.a(rt_cmsis.o)
                0x00006a38                isrSemaphoreRelease
 .text.osSemaphoreCreate
                0x00006a64       0x54 /home/smolvik/CMSIS_5-5.4.0/CMSIS/RTOS/RTX/LIB/GCC/libRTX_CM0.a(rt_cmsis.o)
                0x00006a64                osSemaphoreCreate
 .text.osSemaphoreWait
                0x00006ab8       0x1c /home/smolvik/CMSIS_5-5.4.0/CMSIS/RTOS/RTX/LIB/GCC/libRTX_CM0.a(rt_cmsis.o)
                0x00006ab8                osSemaphoreWait
 .text.osSemaphoreRelease
                0x00006ad4       0x40 /home/smolvik/CMSIS_5-5.4.0/CMSIS/RTOS/RTX/LIB/GCC/libRTX_CM0.a(rt_cmsis.o)
                0x00006ad4                osSemaphoreRelease
 .text.osSemaphoreDelete
                0x00006b14       0x20 /home/smolvik/CMSIS_5-5.4.0/CMSIS/RTOS/RTX/LIB/GCC/libRTX_CM0.a(rt_cmsis.o)
                0x00006b14                osSemaphoreDelete
 .text.svcPoolCreate
                0x00006b34       0x30 /home/smolvik/CMSIS_5-5.4.0/CMSIS/RTOS/RTX/LIB/GCC/libRTX_CM0.a(rt_cmsis.o)
                0x00006b34                svcPoolCreate
 .text.sysPoolAlloc
                0x00006b64       0x10 /home/smolvik/CMSIS_5-5.4.0/CMSIS/RTOS/RTX/LIB/GCC/libRTX_CM0.a(rt_cmsis.o)
                0x00006b64                sysPoolAlloc
 .text.sysPoolFree
                0x00006b74       0x1c /home/smolvik/CMSIS_5-5.4.0/CMSIS/RTOS/RTX/LIB/GCC/libRTX_CM0.a(rt_cmsis.o)
                0x00006b74                sysPoolFree
 .text.osPoolCreate
                0x00006b90       0x5c /home/smolvik/CMSIS_5-5.4.0/CMSIS/RTOS/RTX/LIB/GCC/libRTX_CM0.a(rt_cmsis.o)
                0x00006b90                osPoolCreate
 .text.osPoolAlloc
                0x00006bec       0x2c /home/smolvik/CMSIS_5-5.4.0/CMSIS/RTOS/RTX/LIB/GCC/libRTX_CM0.a(rt_cmsis.o)
                0x00006bec                osPoolAlloc
 .text.osPoolCAlloc
                0x00006c18       0x4c /home/smolvik/CMSIS_5-5.4.0/CMSIS/RTOS/RTX/LIB/GCC/libRTX_CM0.a(rt_cmsis.o)
                0x00006c18                osPoolCAlloc
 .text.osPoolFree
                0x00006c64       0x38 /home/smolvik/CMSIS_5-5.4.0/CMSIS/RTOS/RTX/LIB/GCC/libRTX_CM0.a(rt_cmsis.o)
                0x00006c64                osPoolFree
 .text.svcMessageCreate
                0x00006c9c       0x2c /home/smolvik/CMSIS_5-5.4.0/CMSIS/RTOS/RTX/LIB/GCC/libRTX_CM0.a(rt_cmsis.o)
                0x00006c9c                svcMessageCreate
 .text.svcMessagePut
                0x00006cc8       0x80 /home/smolvik/CMSIS_5-5.4.0/CMSIS/RTOS/RTX/LIB/GCC/libRTX_CM0.a(rt_cmsis.o)
                0x00006cc8                svcMessagePut
 .text.svcMessageGet
                0x00006d48       0x90 /home/smolvik/CMSIS_5-5.4.0/CMSIS/RTOS/RTX/LIB/GCC/libRTX_CM0.a(rt_cmsis.o)
                0x00006d48                svcMessageGet
 .text.isrMessagePut
                0x00006dd8       0x34 /home/smolvik/CMSIS_5-5.4.0/CMSIS/RTOS/RTX/LIB/GCC/libRTX_CM0.a(rt_cmsis.o)
                0x00006dd8                isrMessagePut
 .text.isrMessageGet
                0x00006e0c       0x44 /home/smolvik/CMSIS_5-5.4.0/CMSIS/RTOS/RTX/LIB/GCC/libRTX_CM0.a(rt_cmsis.o)
                0x00006e0c                isrMessageGet
 .text.osMessageCreate
                0x00006e50       0x58 /home/smolvik/CMSIS_5-5.4.0/CMSIS/RTOS/RTX/LIB/GCC/libRTX_CM0.a(rt_cmsis.o)
                0x00006e50                osMessageCreate
 .text.osMessagePut
                0x00006ea8       0x48 /home/smolvik/CMSIS_5-5.4.0/CMSIS/RTOS/RTX/LIB/GCC/libRTX_CM0.a(rt_cmsis.o)
                0x00006ea8                osMessagePut
 .text.osMessageGet
                0x00006ef0       0x60 /home/smolvik/CMSIS_5-5.4.0/CMSIS/RTOS/RTX/LIB/GCC/libRTX_CM0.a(rt_cmsis.o)
                0x00006ef0                osMessageGet
 .text.svcMailCreate
                0x00006f50       0x50 /home/smolvik/CMSIS_5-5.4.0/CMSIS/RTOS/RTX/LIB/GCC/libRTX_CM0.a(rt_cmsis.o)
                0x00006f50                svcMailCreate
 .text.sysMailAlloc
                0x00006fa0       0xac /home/smolvik/CMSIS_5-5.4.0/CMSIS/RTOS/RTX/LIB/GCC/libRTX_CM0.a(rt_cmsis.o)
                0x00006fa0                sysMailAlloc
 .text.sysMailFree
                0x0000704c       0x78 /home/smolvik/CMSIS_5-5.4.0/CMSIS/RTOS/RTX/LIB/GCC/libRTX_CM0.a(rt_cmsis.o)
                0x0000704c                sysMailFree
 .text.osMailCreate
                0x000070c4       0x7c /home/smolvik/CMSIS_5-5.4.0/CMSIS/RTOS/RTX/LIB/GCC/libRTX_CM0.a(rt_cmsis.o)
                0x000070c4                osMailCreate
 .text.osMailAlloc
                0x00007140       0x38 /home/smolvik/CMSIS_5-5.4.0/CMSIS/RTOS/RTX/LIB/GCC/libRTX_CM0.a(rt_cmsis.o)
                0x00007140                osMailAlloc
 .text.osMailCAlloc
                0x00007178       0x60 /home/smolvik/CMSIS_5-5.4.0/CMSIS/RTOS/RTX/LIB/GCC/libRTX_CM0.a(rt_cmsis.o)
                0x00007178                osMailCAlloc
 .text.osMailFree
                0x000071d8       0x60 /home/smolvik/CMSIS_5-5.4.0/CMSIS/RTOS/RTX/LIB/GCC/libRTX_CM0.a(rt_cmsis.o)
                0x000071d8                osMailFree
 .text.osMailPut
                0x00007238       0x58 /home/smolvik/CMSIS_5-5.4.0/CMSIS/RTOS/RTX/LIB/GCC/libRTX_CM0.a(rt_cmsis.o)
                0x00007238                osMailPut
 .text.osMailGet
                0x00007290       0x50 /home/smolvik/CMSIS_5-5.4.0/CMSIS/RTOS/RTX/LIB/GCC/libRTX_CM0.a(rt_cmsis.o)
                0x00007290                osMailGet
 .text.os_suspend
                0x000072e0       0x10 /home/smolvik/CMSIS_5-5.4.0/CMSIS/RTOS/RTX/LIB/GCC/libRTX_CM0.a(rt_cmsis.o)
                0x000072e0                os_suspend
 .text.os_resume
                0x000072f0       0x10 /home/smolvik/CMSIS_5-5.4.0/CMSIS/RTOS/RTX/LIB/GCC/libRTX_CM0.a(rt_cmsis.o)
                0x000072f0                os_resume
 .text.rt_init_stack
                0x00007300       0xb0 /home/smolvik/CMSIS_5-5.4.0/CMSIS/RTOS/RTX/LIB/GCC/libRTX_CM0.a(hal_cm.o)
                0x00007300                rt_init_stack
 .text.rt_ret_val
                0x000073b0        0x8 /home/smolvik/CMSIS_5-5.4.0/CMSIS/RTOS/RTX/LIB/GCC/libRTX_CM0.a(hal_cm.o)
                0x000073b0                rt_ret_val
 .text.rt_ret_val2
                0x000073b8        0x8 /home/smolvik/CMSIS_5-5.4.0/CMSIS/RTOS/RTX/LIB/GCC/libRTX_CM0.a(hal_cm.o)
                0x000073b8                rt_ret_val2
 .text.rt_init_mem
                0x000073c0       0x1c /home/smolvik/CMSIS_5-5.4.0/CMSIS/RTOS/RTX/LIB/GCC/libRTX_CM0.a(rt_memory.o)
                0x000073c0                rt_init_mem
 .text.rt_alloc_mem
                0x000073dc       0x44 /home/smolvik/CMSIS_5-5.4.0/CMSIS/RTOS/RTX/LIB/GCC/libRTX_CM0.a(rt_memory.o)
                0x000073dc                rt_alloc_mem
 .text.rt_free_mem
                0x00007420       0x3c /home/smolvik/CMSIS_5-5.4.0/CMSIS/RTOS/RTX/LIB/GCC/libRTX_CM0.a(rt_memory.o)
                0x00007420                rt_free_mem
 .text._init_box
                0x0000745c       0x58 /home/smolvik/CMSIS_5-5.4.0/CMSIS/RTOS/RTX/LIB/GCC/libRTX_CM0.a(rt_membox.o)
                0x0000745c                _init_box
 .text.rt_alloc_box
                0x000074b4       0x20 /home/smolvik/CMSIS_5-5.4.0/CMSIS/RTOS/RTX/LIB/GCC/libRTX_CM0.a(rt_membox.o)
                0x000074b4                rt_alloc_box
 .text._calloc_box
                0x000074d4       0x20 /home/smolvik/CMSIS_5-5.4.0/CMSIS/RTOS/RTX/LIB/GCC/libRTX_CM0.a(rt_membox.o)
                0x000074d4                _calloc_box
 .text.rt_free_box
                0x000074f4       0x28 /home/smolvik/CMSIS_5-5.4.0/CMSIS/RTOS/RTX/LIB/GCC/libRTX_CM0.a(rt_membox.o)
                0x000074f4                rt_free_box
 .text.rt_mut_init
                0x0000751c       0x10 /home/smolvik/CMSIS_5-5.4.0/CMSIS/RTOS/RTX/LIB/GCC/libRTX_CM0.a(rt_mutex.o)
                0x0000751c                rt_mut_init
 .text.rt_mut_delete
                0x0000752c       0xe0 /home/smolvik/CMSIS_5-5.4.0/CMSIS/RTOS/RTX/LIB/GCC/libRTX_CM0.a(rt_mutex.o)
                0x0000752c                rt_mut_delete
 .text.rt_mut_release
                0x0000760c      0x108 /home/smolvik/CMSIS_5-5.4.0/CMSIS/RTOS/RTX/LIB/GCC/libRTX_CM0.a(rt_mutex.o)
                0x0000760c                rt_mut_release
 .text.rt_mut_wait
                0x00007714       0x7c /home/smolvik/CMSIS_5-5.4.0/CMSIS/RTOS/RTX/LIB/GCC/libRTX_CM0.a(rt_mutex.o)
                0x00007714                rt_mut_wait
 .text.rt_time_get
                0x00007790        0xc /home/smolvik/CMSIS_5-5.4.0/CMSIS/RTOS/RTX/LIB/GCC/libRTX_CM0.a(rt_time.o)
                0x00007790                rt_time_get
 .text.rt_dly_wait
                0x0000779c        0xc /home/smolvik/CMSIS_5-5.4.0/CMSIS/RTOS/RTX/LIB/GCC/libRTX_CM0.a(rt_time.o)
                0x0000779c                rt_dly_wait
 .text.rt_itv_set
                0x000077a8       0x18 /home/smolvik/CMSIS_5-5.4.0/CMSIS/RTOS/RTX/LIB/GCC/libRTX_CM0.a(rt_time.o)
                0x000077a8                rt_itv_set
 .text.rt_itv_wait
                0x000077c0       0x2c /home/smolvik/CMSIS_5-5.4.0/CMSIS/RTOS/RTX/LIB/GCC/libRTX_CM0.a(rt_time.o)
                0x000077c0                rt_itv_wait
 .text.rt_sem_init
                0x000077ec        0xc /home/smolvik/CMSIS_5-5.4.0/CMSIS/RTOS/RTX/LIB/GCC/libRTX_CM0.a(rt_semaphore.o)
                0x000077ec                rt_sem_init
 .text.rt_sem_delete
                0x000077f8       0x68 /home/smolvik/CMSIS_5-5.4.0/CMSIS/RTOS/RTX/LIB/GCC/libRTX_CM0.a(rt_semaphore.o)
                0x000077f8                rt_sem_delete
 .text.rt_sem_send
                0x00007860       0x2c /home/smolvik/CMSIS_5-5.4.0/CMSIS/RTOS/RTX/LIB/GCC/libRTX_CM0.a(rt_semaphore.o)
                0x00007860                rt_sem_send
 .text.rt_sem_wait
                0x0000788c       0x44 /home/smolvik/CMSIS_5-5.4.0/CMSIS/RTOS/RTX/LIB/GCC/libRTX_CM0.a(rt_semaphore.o)
                0x0000788c                rt_sem_wait
 .text.isr_sem_send
                0x000078d0       0x10 /home/smolvik/CMSIS_5-5.4.0/CMSIS/RTOS/RTX/LIB/GCC/libRTX_CM0.a(rt_semaphore.o)
                0x000078d0                isr_sem_send
 .text.rt_sem_psh
                0x000078e0       0x34 /home/smolvik/CMSIS_5-5.4.0/CMSIS/RTOS/RTX/LIB/GCC/libRTX_CM0.a(rt_semaphore.o)
                0x000078e0                rt_sem_psh
 .text.rt_mbx_init
                0x00007914       0x1c /home/smolvik/CMSIS_5-5.4.0/CMSIS/RTOS/RTX/LIB/GCC/libRTX_CM0.a(rt_mailbox.o)
                0x00007914                rt_mbx_init
 .text.rt_mbx_send
                0x00007930       0x98 /home/smolvik/CMSIS_5-5.4.0/CMSIS/RTOS/RTX/LIB/GCC/libRTX_CM0.a(rt_mailbox.o)
                0x00007930                rt_mbx_send
 .text.rt_mbx_wait
                0x000079c8       0xb8 /home/smolvik/CMSIS_5-5.4.0/CMSIS/RTOS/RTX/LIB/GCC/libRTX_CM0.a(rt_mailbox.o)
                0x000079c8                rt_mbx_wait
 .text.rt_mbx_check
                0x00007a80        0x8 /home/smolvik/CMSIS_5-5.4.0/CMSIS/RTOS/RTX/LIB/GCC/libRTX_CM0.a(rt_mailbox.o)
                0x00007a80                rt_mbx_check
 .text.isr_mbx_send
                0x00007a88        0xc /home/smolvik/CMSIS_5-5.4.0/CMSIS/RTOS/RTX/LIB/GCC/libRTX_CM0.a(rt_mailbox.o)
                0x00007a88                isr_mbx_send
 .text.isr_mbx_receive
                0x00007a94       0x58 /home/smolvik/CMSIS_5-5.4.0/CMSIS/RTOS/RTX/LIB/GCC/libRTX_CM0.a(rt_mailbox.o)
                0x00007a94                isr_mbx_receive
 .text.rt_mbx_psh
                0x00007aec       0xdc /home/smolvik/CMSIS_5-5.4.0/CMSIS/RTOS/RTX/LIB/GCC/libRTX_CM0.a(rt_mailbox.o)
                0x00007aec                rt_mbx_psh
 .text.rt_put_prio
                0x00007bc8       0x4c /home/smolvik/CMSIS_5-5.4.0/CMSIS/RTOS/RTX/LIB/GCC/libRTX_CM0.a(rt_list.o)
                0x00007bc8                rt_put_prio
 .text.rt_get_first
                0x00007c14       0x28 /home/smolvik/CMSIS_5-5.4.0/CMSIS/RTOS/RTX/LIB/GCC/libRTX_CM0.a(rt_list.o)
                0x00007c14                rt_get_first
 .text.rt_put_rdy_first
                0x00007c3c       0x14 /home/smolvik/CMSIS_5-5.4.0/CMSIS/RTOS/RTX/LIB/GCC/libRTX_CM0.a(rt_list.o)
                0x00007c3c                rt_put_rdy_first
 .text.rt_get_same_rdy_prio
                0x00007c50       0x24 /home/smolvik/CMSIS_5-5.4.0/CMSIS/RTOS/RTX/LIB/GCC/libRTX_CM0.a(rt_list.o)
                0x00007c50                rt_get_same_rdy_prio
 .text.rt_resort_prio
                0x00007c74       0x90 /home/smolvik/CMSIS_5-5.4.0/CMSIS/RTOS/RTX/LIB/GCC/libRTX_CM0.a(rt_list.o)
                0x00007c74                rt_resort_prio
 .text.rt_put_dly
                0x00007d04       0x64 /home/smolvik/CMSIS_5-5.4.0/CMSIS/RTOS/RTX/LIB/GCC/libRTX_CM0.a(rt_list.o)
                0x00007d04                rt_put_dly
 .text.rt_dec_dly
                0x00007d68       0xf0 /home/smolvik/CMSIS_5-5.4.0/CMSIS/RTOS/RTX/LIB/GCC/libRTX_CM0.a(rt_list.o)
                0x00007d68                rt_dec_dly
 .text.rt_rmv_list
                0x00007e58       0x2c /home/smolvik/CMSIS_5-5.4.0/CMSIS/RTOS/RTX/LIB/GCC/libRTX_CM0.a(rt_list.o)
                0x00007e58                rt_rmv_list
 .text.rt_rmv_dly
                0x00007e84       0x2c /home/smolvik/CMSIS_5-5.4.0/CMSIS/RTOS/RTX/LIB/GCC/libRTX_CM0.a(rt_list.o)
                0x00007e84                rt_rmv_dly
 .text.rt_psq_enq
                0x00007eb0       0x44 /home/smolvik/CMSIS_5-5.4.0/CMSIS/RTOS/RTX/LIB/GCC/libRTX_CM0.a(rt_list.o)
                0x00007eb0                rt_psq_enq
 .text.rt_evt_wait
                0x00007ef4       0x48 /home/smolvik/CMSIS_5-5.4.0/CMSIS/RTOS/RTX/LIB/GCC/libRTX_CM0.a(rt_event.o)
                0x00007ef4                rt_evt_wait
 .text.rt_evt_set
                0x00007f3c       0x58 /home/smolvik/CMSIS_5-5.4.0/CMSIS/RTOS/RTX/LIB/GCC/libRTX_CM0.a(rt_event.o)
                0x00007f3c                rt_evt_set
 .text.rt_evt_clr
                0x00007f94       0x18 /home/smolvik/CMSIS_5-5.4.0/CMSIS/RTOS/RTX/LIB/GCC/libRTX_CM0.a(rt_event.o)
                0x00007f94                rt_evt_clr
 .text.isr_evt_set
                0x00007fac       0x20 /home/smolvik/CMSIS_5-5.4.0/CMSIS/RTOS/RTX/LIB/GCC/libRTX_CM0.a(rt_event.o)
                0x00007fac                isr_evt_set
 .text.rt_evt_get
                0x00007fcc        0xc /home/smolvik/CMSIS_5-5.4.0/CMSIS/RTOS/RTX/LIB/GCC/libRTX_CM0.a(rt_event.o)
                0x00007fcc                rt_evt_get
 .text.rt_evt_psh
                0x00007fd8       0x50 /home/smolvik/CMSIS_5-5.4.0/CMSIS/RTOS/RTX/LIB/GCC/libRTX_CM0.a(rt_event.o)
                0x00007fd8                rt_evt_psh
 .text.rt_suspend
                0x00008028       0x90 /home/smolvik/CMSIS_5-5.4.0/CMSIS/RTOS/RTX/LIB/GCC/libRTX_CM0.a(rt_system.o)
                0x00008028                rt_suspend
 .text.rt_resume
                0x000080b8       0xf8 /home/smolvik/CMSIS_5-5.4.0/CMSIS/RTOS/RTX/LIB/GCC/libRTX_CM0.a(rt_system.o)
                0x000080b8                rt_resume
 .text.rt_tsk_lock
                0x000081b0       0x64 /home/smolvik/CMSIS_5-5.4.0/CMSIS/RTOS/RTX/LIB/GCC/libRTX_CM0.a(rt_system.o)
                0x000081b0                rt_tsk_lock
 .text.rt_tsk_unlock
                0x00008214       0x64 /home/smolvik/CMSIS_5-5.4.0/CMSIS/RTOS/RTX/LIB/GCC/libRTX_CM0.a(rt_system.o)
                0x00008214                rt_tsk_unlock
 .text.rt_psh_req
                0x00008278       0x20 /home/smolvik/CMSIS_5-5.4.0/CMSIS/RTOS/RTX/LIB/GCC/libRTX_CM0.a(rt_system.o)
                0x00008278                rt_psh_req
 .text.rt_pop_req
                0x00008298       0x80 /home/smolvik/CMSIS_5-5.4.0/CMSIS/RTOS/RTX/LIB/GCC/libRTX_CM0.a(rt_system.o)
                0x00008298                rt_pop_req
 .text.os_tick_init
                0x00008318       0x3c /home/smolvik/CMSIS_5-5.4.0/CMSIS/RTOS/RTX/LIB/GCC/libRTX_CM0.a(rt_system.o)
                0x00008318                os_tick_init
 .text.os_tick_val
                0x00008354       0x14 /home/smolvik/CMSIS_5-5.4.0/CMSIS/RTOS/RTX/LIB/GCC/libRTX_CM0.a(rt_system.o)
                0x00008354                os_tick_val
 .text.os_tick_ovf
                0x00008368       0x10 /home/smolvik/CMSIS_5-5.4.0/CMSIS/RTOS/RTX/LIB/GCC/libRTX_CM0.a(rt_system.o)
                0x00008368                os_tick_ovf
 .text.os_tick_irqack
                0x00008378        0x4 /home/smolvik/CMSIS_5-5.4.0/CMSIS/RTOS/RTX/LIB/GCC/libRTX_CM0.a(rt_system.o)
                0x00008378                os_tick_irqack
 .text.rt_systick
                0x0000837c       0x3c /home/smolvik/CMSIS_5-5.4.0/CMSIS/RTOS/RTX/LIB/GCC/libRTX_CM0.a(rt_system.o)
                0x0000837c                rt_systick
 .text.rt_stk_check
                0x000083b8       0x28 /home/smolvik/CMSIS_5-5.4.0/CMSIS/RTOS/RTX/LIB/GCC/libRTX_CM0.a(rt_system.o)
                0x000083b8                rt_stk_check
 .text.rt_switch_req
                0x000083e0       0x10 /home/smolvik/CMSIS_5-5.4.0/CMSIS/RTOS/RTX/LIB/GCC/libRTX_CM0.a(rt_task.o)
                0x000083e0                rt_switch_req
 .text.rt_dispatch
                0x000083f0       0x4c /home/smolvik/CMSIS_5-5.4.0/CMSIS/RTOS/RTX/LIB/GCC/libRTX_CM0.a(rt_task.o)
                0x000083f0                rt_dispatch
 .text.rt_block
                0x0000843c       0x38 /home/smolvik/CMSIS_5-5.4.0/CMSIS/RTOS/RTX/LIB/GCC/libRTX_CM0.a(rt_task.o)
                0x0000843c                rt_block
 .text.rt_tsk_pass
                0x00008474       0x2c /home/smolvik/CMSIS_5-5.4.0/CMSIS/RTOS/RTX/LIB/GCC/libRTX_CM0.a(rt_task.o)
                0x00008474                rt_tsk_pass
 .text.rt_tsk_self
                0x000084a0       0x14 /home/smolvik/CMSIS_5-5.4.0/CMSIS/RTOS/RTX/LIB/GCC/libRTX_CM0.a(rt_task.o)
                0x000084a0                rt_tsk_self
 .text.rt_tsk_prio
                0x000084b4       0xb8 /home/smolvik/CMSIS_5-5.4.0/CMSIS/RTOS/RTX/LIB/GCC/libRTX_CM0.a(rt_task.o)
                0x000084b4                rt_tsk_prio
 .text.rt_tsk_create
                0x0000856c       0xf4 /home/smolvik/CMSIS_5-5.4.0/CMSIS/RTOS/RTX/LIB/GCC/libRTX_CM0.a(rt_task.o)
                0x0000856c                rt_tsk_create
 .text.rt_tsk_delete
                0x00008660      0x18c /home/smolvik/CMSIS_5-5.4.0/CMSIS/RTOS/RTX/LIB/GCC/libRTX_CM0.a(rt_task.o)
                0x00008660                rt_tsk_delete
 .text.rt_sys_init
                0x000087ec       0xf0 /home/smolvik/CMSIS_5-5.4.0/CMSIS/RTOS/RTX/LIB/GCC/libRTX_CM0.a(rt_task.o)
                0x000087ec                rt_sys_init
 .text.rt_sys_start
                0x000088dc       0x70 /home/smolvik/CMSIS_5-5.4.0/CMSIS/RTOS/RTX/LIB/GCC/libRTX_CM0.a(rt_task.o)
                0x000088dc                rt_sys_start
 .text.rt_init_robin
                0x0000894c       0x18 /home/smolvik/CMSIS_5-5.4.0/CMSIS/RTOS/RTX/LIB/GCC/libRTX_CM0.a(rt_robin.o)
                0x0000894c                rt_init_robin
 .text.rt_chk_robin
                0x00008964       0x4c /home/smolvik/CMSIS_5-5.4.0/CMSIS/RTOS/RTX/LIB/GCC/libRTX_CM0.a(rt_robin.o)
                0x00008964                rt_chk_robin
 .text.memset   0x000089b0       0x8c /home/smolvik/gcc-arm-none-eabi-5_4-2016q3/arm-none-eabi/lib/armv6-m//libc.a(lib_a-memset.o)
                0x000089b0                memset
 *fill*         0x00008a3c        0x4 
 .text.memset.__stub
                0x00008a40       0x30 linker stubs
 *(.rodata)
 .rodata        0x00008a70       0x3c main.o
                0x00008a70                threadPacketParserDef
                0x00008a80                threadFSMProceedDef
                0x00008a90                threadDUTProceedDef
                0x00008aa0                message_def
                0x00008aa8                os_mutex_def_MutexMdbReg
 .rodata        0x00008aac       0x22 stubs.o
 *fill*         0x00008ace        0x2 
 .rodata        0x00008ad0       0x7b xprintf.o
 *fill*         0x00008b4b        0x1 
 .rodata        0x00008b4c       0x68 RTX_Conf_CM.o
                0x00008b4c                os_maxtaskrun
                0x00008b50                os_stackinfo
                0x00008b54                os_rrobin
                0x00008b58                os_tickfreq
                0x00008b5c                os_tickus_i
                0x00008b5e                os_tickus_f
                0x00008b60                os_trv
                0x00008b64                os_flags
                0x00008b68                CMSIS_RTOS_API_Version
                0x00008b6c                CMSIS_RTOS_RTX_Version
                0x00008b70                os_clockrate
                0x00008b74                os_timernum
                0x00008b78                mp_tcb_size
                0x00008b7c                mp_stk_size
                0x00008b80                os_stack_sz
                0x00008b84                os_fifo_size
                0x00008b88                os_thread_def_osTimerThread
                0x00008b98                os_messageQ_def_osTimerMessageQ
                0x00008ba0                mp_tmr_size
                0x00008ba4                os_thread_def_main
 .rodata        0x00008bb4        0x8 network.o
                0x00008bb4                os_mutex_def_readpackMutex
                0x00008bb8                os_mutex_def_sendpackMutex
 .rodata        0x00008bbc      0x600 crc.o
                0x00008bbc                crc_table
                0x00008fbc                crc_table_low
                0x000090bc                crc_table_high
 .rodata        0x000091bc        0xc param.o
                0x000091bc                defBsiParam
 .rodata        0x000091c8      0x410 modbus_udp.o
                0x000091c8                device_additional_info
                0x000091d8                proc_PDU_table
 *(.rodata*)
 .rodata._global_impure_ptr
                0x000095d8        0x4 /home/smolvik/gcc-arm-none-eabi-5_4-2016q3/arm-none-eabi/lib/armv6-m//libc.a(lib_a-impure.o)
                0x000095d8                _global_impure_ptr
                0x000095dc                . = ALIGN (0x4)

.glue_7         0x000095dc        0x0
 .glue_7        0x000095dc        0x0 linker stubs

.glue_7t        0x000095dc        0x0
 .glue_7t       0x000095dc        0x0 linker stubs

.vfp11_veneer   0x000095dc        0x0
 .vfp11_veneer  0x000095dc        0x0 linker stubs

.v4_bx          0x000095dc        0x0
 .v4_bx         0x000095dc        0x0 linker stubs

.iplt           0x000095dc        0x0
 .iplt          0x000095dc        0x0 main.o

.ARM.exidx      0x000095dc        0x8
                0x000095dc                . = ALIGN (0x4)
 *(.ARM.exidx)
 .ARM.exidx     0x000095dc        0x8 /home/smolvik/CMSIS_5-5.4.0/CMSIS/RTOS/RTX/LIB/GCC/libRTX_CM0.a(hal_cm0.o)
                                 0x48 (size before relaxing)
 .ARM.exidx     0x000095e4        0x0 /home/smolvik/gcc-arm-none-eabi-5_4-2016q3/lib/gcc/arm-none-eabi/5.4.1/armv6-m//libgcc.a(_udivmoddi4.o)
                                  0x8 (size before relaxing)
                0x000095e4                . = ALIGN (0x4)
                0x000095e4                _data_flash = .

.data           0x20000000      0x860 load address 0x000095e4
                0x20000000                . = ALIGN (0x4)
                0x20000000                _data_begin = .
 *(.data)
 .data          0x20000000        0x0 main.o
 .data          0x20000000        0x0 startup.o
 .data          0x20000000        0x0 mdb485.o
 .data          0x20000000        0x4 stubs.o
                0x20000000                environ
 .data          0x20000004        0x0 mdb232.o
 .data          0x20000004        0x0 xprintf.o
 .data          0x20000004        0x0 RTX_Conf_CM.o
 .data          0x20000004        0x0 system.o
 .data          0x20000004        0x6 ethfunc.o
                0x20000004                MyMAC
 *fill*         0x2000000a        0x2 
 .data          0x2000000c        0x4 network.o
                0x2000000c                MyIPAddress
 .data          0x20000010        0x0 crc.o
 .data          0x20000010        0x0 eeprom.o
 .data          0x20000010        0x0 param.o
 .data          0x20000010        0x8 modbus_udp.o
                0x20000010                input_registers_tab
 .data          0x20000018        0x4 fsm.o
                0x20000018                fsmproc
 .data          0x2000001c        0x0 /home/smolvik/gcc-arm-none-eabi-5_4-2016q3/lib/gcc/arm-none-eabi/5.4.1/armv6-m//libgcc.a(_udivsi3.o)
 .data          0x2000001c        0x0 /home/smolvik/gcc-arm-none-eabi-5_4-2016q3/lib/gcc/arm-none-eabi/5.4.1/armv6-m//libgcc.a(_divsi3.o)
 .data          0x2000001c        0x0 /home/smolvik/gcc-arm-none-eabi-5_4-2016q3/lib/gcc/arm-none-eabi/5.4.1/armv6-m//libgcc.a(_dvmd_tls.o)
 .data          0x2000001c        0x0 /home/smolvik/gcc-arm-none-eabi-5_4-2016q3/arm-none-eabi/lib/armv6-m//libc.a(lib_a-abs.o)
 .data          0x2000001c        0x0 /home/smolvik/gcc-arm-none-eabi-5_4-2016q3/arm-none-eabi/lib/armv6-m//libc.a(lib_a-atexit.o)
 .data          0x2000001c        0x0 /home/smolvik/gcc-arm-none-eabi-5_4-2016q3/arm-none-eabi/lib/armv6-m//libc.a(lib_a-exit.o)
 .data          0x2000001c        0x0 /home/smolvik/gcc-arm-none-eabi-5_4-2016q3/arm-none-eabi/lib/armv6-m//libc.a(lib_a-fini.o)
 .data          0x2000001c        0x0 /home/smolvik/gcc-arm-none-eabi-5_4-2016q3/arm-none-eabi/lib/armv6-m//libc.a(lib_a-impure.o)
 .data          0x2000001c        0x0 /home/smolvik/gcc-arm-none-eabi-5_4-2016q3/arm-none-eabi/lib/armv6-m//libc.a(lib_a-init.o)
 .data          0x2000001c        0x0 /home/smolvik/gcc-arm-none-eabi-5_4-2016q3/arm-none-eabi/lib/armv6-m//libc.a(lib_a-reent.o)
 .data          0x2000001c        0x0 /home/smolvik/gcc-arm-none-eabi-5_4-2016q3/arm-none-eabi/lib/armv6-m//libc.a(lib_a-__atexit.o)
 .data          0x2000001c        0x0 /home/smolvik/gcc-arm-none-eabi-5_4-2016q3/arm-none-eabi/lib/armv6-m//libc.a(lib_a-__call_atexit.o)
 .data          0x2000001c        0x0 /home/smolvik/gcc-arm-none-eabi-5_4-2016q3/arm-none-eabi/lib/armv6-m//libc.a(lib_a-freer.o)
 .data          0x2000001c        0x0 /home/smolvik/gcc-arm-none-eabi-5_4-2016q3/arm-none-eabi/lib/armv6-m//libc.a(lib_a-mallocr.o)
 .data          0x2000001c        0x0 /home/smolvik/gcc-arm-none-eabi-5_4-2016q3/arm-none-eabi/lib/armv6-m//libc.a(lib_a-mlock.o)
 .data          0x2000001c        0x0 /home/smolvik/gcc-arm-none-eabi-5_4-2016q3/arm-none-eabi/lib/armv6-m//libc.a(lib_a-sbrkr.o)
 .data          0x2000001c        0x0 /home/smolvik/CMSIS_5-5.4.0/CMSIS/RTOS/RTX/LIB/GCC/libRTX_CM0.a(rt_cmsis.o)
 .data          0x2000001c        0x0 /home/smolvik/CMSIS_5-5.4.0/CMSIS/RTOS/RTX/LIB/GCC/libRTX_CM0.a(hal_cm.o)
 .data          0x2000001c        0x0 /home/smolvik/CMSIS_5-5.4.0/CMSIS/RTOS/RTX/LIB/GCC/libRTX_CM0.a(rt_memory.o)
 .data          0x2000001c        0x0 /home/smolvik/CMSIS_5-5.4.0/CMSIS/RTOS/RTX/LIB/GCC/libRTX_CM0.a(rt_membox.o)
 .data          0x2000001c        0x0 /home/smolvik/CMSIS_5-5.4.0/CMSIS/RTOS/RTX/LIB/GCC/libRTX_CM0.a(rt_mutex.o)
 .data          0x2000001c        0x0 /home/smolvik/CMSIS_5-5.4.0/CMSIS/RTOS/RTX/LIB/GCC/libRTX_CM0.a(rt_time.o)
 .data          0x2000001c        0x0 /home/smolvik/CMSIS_5-5.4.0/CMSIS/RTOS/RTX/LIB/GCC/libRTX_CM0.a(rt_semaphore.o)
 .data          0x2000001c        0x0 /home/smolvik/CMSIS_5-5.4.0/CMSIS/RTOS/RTX/LIB/GCC/libRTX_CM0.a(rt_mailbox.o)
 .data          0x2000001c        0x0 /home/smolvik/CMSIS_5-5.4.0/CMSIS/RTOS/RTX/LIB/GCC/libRTX_CM0.a(rt_list.o)
 .data          0x2000001c        0x0 /home/smolvik/CMSIS_5-5.4.0/CMSIS/RTOS/RTX/LIB/GCC/libRTX_CM0.a(rt_event.o)
 .data          0x2000001c        0x0 /home/smolvik/CMSIS_5-5.4.0/CMSIS/RTOS/RTX/LIB/GCC/libRTX_CM0.a(rt_system.o)
 .data          0x2000001c        0x0 /home/smolvik/CMSIS_5-5.4.0/CMSIS/RTOS/RTX/LIB/GCC/libRTX_CM0.a(rt_task.o)
 .data          0x2000001c        0x0 /home/smolvik/CMSIS_5-5.4.0/CMSIS/RTOS/RTX/LIB/GCC/libRTX_CM0.a(hal_cm0.o)
 .data          0x2000001c        0x0 /home/smolvik/CMSIS_5-5.4.0/CMSIS/RTOS/RTX/LIB/GCC/libRTX_CM0.a(svc_table.o)
 .data          0x2000001c        0x0 /home/smolvik/CMSIS_5-5.4.0/CMSIS/RTOS/RTX/LIB/GCC/libRTX_CM0.a(rt_robin.o)
 .data          0x2000001c        0x0 /home/smolvik/gcc-arm-none-eabi-5_4-2016q3/lib/gcc/arm-none-eabi/5.4.1/armv6-m//libgcc.a(_aeabi_uldivmod.o)
 .data          0x2000001c        0x0 /home/smolvik/gcc-arm-none-eabi-5_4-2016q3/lib/gcc/arm-none-eabi/5.4.1/armv6-m//libgcc.a(_muldi3.o)
 .data          0x2000001c        0x0 /home/smolvik/gcc-arm-none-eabi-5_4-2016q3/lib/gcc/arm-none-eabi/5.4.1/armv6-m//libgcc.a(_udivmoddi4.o)
 .data          0x2000001c        0x0 /home/smolvik/gcc-arm-none-eabi-5_4-2016q3/lib/gcc/arm-none-eabi/5.4.1/armv6-m//libgcc.a(_clzdi2.o)
 .data          0x2000001c        0x0 /home/smolvik/gcc-arm-none-eabi-5_4-2016q3/lib/gcc/arm-none-eabi/5.4.1/armv6-m//libgcc.a(_clzsi2.o)
 .data          0x2000001c        0x0 /home/smolvik/gcc-arm-none-eabi-5_4-2016q3/arm-none-eabi/lib/armv6-m//libc.a(lib_a-memset.o)
 *(.data*)
 *fill*         0x2000001c        0x4 
 .data.impure_data
                0x20000020      0x428 /home/smolvik/gcc-arm-none-eabi-5_4-2016q3/arm-none-eabi/lib/armv6-m//libc.a(lib_a-impure.o)
 .data._impure_ptr
                0x20000448        0x4 /home/smolvik/gcc-arm-none-eabi-5_4-2016q3/arm-none-eabi/lib/armv6-m//libc.a(lib_a-impure.o)
                0x20000448                _impure_ptr
 .data.__malloc_av_
                0x2000044c      0x408 /home/smolvik/gcc-arm-none-eabi-5_4-2016q3/arm-none-eabi/lib/armv6-m//libc.a(lib_a-mallocr.o)
                0x2000044c                __malloc_av_
 .data.__malloc_trim_threshold
                0x20000854        0x4 /home/smolvik/gcc-arm-none-eabi-5_4-2016q3/arm-none-eabi/lib/armv6-m//libc.a(lib_a-mallocr.o)
                0x20000854                __malloc_trim_threshold
 .data.__malloc_sbrk_base
                0x20000858        0x4 /home/smolvik/gcc-arm-none-eabi-5_4-2016q3/arm-none-eabi/lib/armv6-m//libc.a(lib_a-mallocr.o)
                0x20000858                __malloc_sbrk_base
                0x2000085c                . = ALIGN (0x4)
 *(SORT(.init_array.*))
 .init_array.00000
                0x2000085c        0x4 /home/smolvik/gcc-arm-none-eabi-5_4-2016q3/arm-none-eabi/lib/armv6-m//libc.a(lib_a-__call_atexit.o)
 *(.init_array)
                0x20000860                . = ALIGN (0x4)
                0x20000860                _data_end = .
                0x00009e44                _ram2_flash = (_data_flash + (_data_end - _data_begin))

.igot.plt       0x20000860        0x0 load address 0x00009e44
 .igot.plt      0x20000860        0x0 main.o

.bss            0x20000860     0x589c load address 0x00009e48
                0x20000860                . = ALIGN (0x4)
                0x20000860                _bss_begin = .
                0x20000860                __bss_start__ = _bss_begin
 *(.bss)
 .bss           0x20000860       0x4c main.o
                0x20000860                thrPacketParserId
                0x20000864                thrFSMProcceedId
                0x20000868                thrDUTProcceedId
                0x2000086c                fsmCmdMsgQid
                0x20000870                os_messageQ_q_message
                0x20000890                mutexMdbRegId
                0x20000894                os_mutex_cb_MutexMdbReg
                0x200008a4                ddsfreq
                0x200008a8                torqCurr
 .bss           0x200008ac        0x0 startup.o
 .bss           0x200008ac       0x24 mdb485.o
                0x200008cc                mdb485_rxsize
 .bss           0x200008d0        0x8 stubs.o
                0x200008d0                __env
 .bss           0x200008d8       0x24 mdb232.o
                0x200008f8                mdb232_rxsize
 .bss           0x200008fc        0xc xprintf.o
                0x200008fc                xfunc_out
                0x20000904                xfunc_in
 .bss           0x20000908     0x4414 RTX_Conf_CM.o
                0x20000908                mp_tcb
                0x200009e8                mp_stk
                0x200039f8                os_stack_mem
                0x20004c58                os_fifo
                0x20004cdc                os_active_TCB
                0x20004cec                osThreadId_osTimerThread
                0x20004cf0                os_messageQ_q_osTimerMessageQ
                0x20004d10                osMessageQId_osTimerMessageQ
                0x20004d14                os_tmr
                0x20004d18                m_tmr
 .bss           0x20004d1c        0x0 system.o
 .bss           0x20004d1c       0x18 ethfunc.o
                0x20004d1c                Remote_MAC
                0x20004d28                fFrameRdy
                0x20004d2c                fFrameErr
                0x20004d30                Identification
                0x20004d32                SequenceNumber
 .bss           0x20004d34      0xe2c network.o
                0x20004d34                ReplyICMPCounter
                0x20004d38                Frame
                0x20005318                remPort
                0x2000531c                os_mutex_cb_readpackMutex
                0x2000532c                readpackMutexId
                0x20005330                os_mutex_cb_sendpackMutex
                0x20005340                sendpackMutexId
 .bss           0x20005b60        0x0 crc.o
 .bss           0x20005b60        0x0 eeprom.o
 .bss           0x20005b60        0x0 param.o
 .bss           0x20005b60      0x458 modbus_udp.o
                0x20005d68                register_tab
                0x20005db4                modbus_error
 .bss           0x20005fb8       0x85 fsm.o
                0x20006038                fsmdbg
 .bss           0x2000603d        0x0 /home/smolvik/gcc-arm-none-eabi-5_4-2016q3/lib/gcc/arm-none-eabi/5.4.1/armv6-m//libgcc.a(_udivsi3.o)
 .bss           0x2000603d        0x0 /home/smolvik/gcc-arm-none-eabi-5_4-2016q3/lib/gcc/arm-none-eabi/5.4.1/armv6-m//libgcc.a(_divsi3.o)
 .bss           0x2000603d        0x0 /home/smolvik/gcc-arm-none-eabi-5_4-2016q3/lib/gcc/arm-none-eabi/5.4.1/armv6-m//libgcc.a(_dvmd_tls.o)
 .bss           0x2000603d        0x0 /home/smolvik/gcc-arm-none-eabi-5_4-2016q3/arm-none-eabi/lib/armv6-m//libc.a(lib_a-abs.o)
 .bss           0x2000603d        0x0 /home/smolvik/gcc-arm-none-eabi-5_4-2016q3/arm-none-eabi/lib/armv6-m//libc.a(lib_a-atexit.o)
 .bss           0x2000603d        0x0 /home/smolvik/gcc-arm-none-eabi-5_4-2016q3/arm-none-eabi/lib/armv6-m//libc.a(lib_a-exit.o)
 .bss           0x2000603d        0x0 /home/smolvik/gcc-arm-none-eabi-5_4-2016q3/arm-none-eabi/lib/armv6-m//libc.a(lib_a-fini.o)
 .bss           0x2000603d        0x0 /home/smolvik/gcc-arm-none-eabi-5_4-2016q3/arm-none-eabi/lib/armv6-m//libc.a(lib_a-impure.o)
 .bss           0x2000603d        0x0 /home/smolvik/gcc-arm-none-eabi-5_4-2016q3/arm-none-eabi/lib/armv6-m//libc.a(lib_a-init.o)
 .bss           0x2000603d        0x0 /home/smolvik/gcc-arm-none-eabi-5_4-2016q3/arm-none-eabi/lib/armv6-m//libc.a(lib_a-reent.o)
 .bss           0x2000603d        0x0 /home/smolvik/gcc-arm-none-eabi-5_4-2016q3/arm-none-eabi/lib/armv6-m//libc.a(lib_a-__atexit.o)
 .bss           0x2000603d        0x0 /home/smolvik/gcc-arm-none-eabi-5_4-2016q3/arm-none-eabi/lib/armv6-m//libc.a(lib_a-__call_atexit.o)
 .bss           0x2000603d        0x0 /home/smolvik/gcc-arm-none-eabi-5_4-2016q3/arm-none-eabi/lib/armv6-m//libc.a(lib_a-freer.o)
 .bss           0x2000603d        0x0 /home/smolvik/gcc-arm-none-eabi-5_4-2016q3/arm-none-eabi/lib/armv6-m//libc.a(lib_a-mallocr.o)
 .bss           0x2000603d        0x0 /home/smolvik/gcc-arm-none-eabi-5_4-2016q3/arm-none-eabi/lib/armv6-m//libc.a(lib_a-mlock.o)
 .bss           0x2000603d        0x0 /home/smolvik/gcc-arm-none-eabi-5_4-2016q3/arm-none-eabi/lib/armv6-m//libc.a(lib_a-sbrkr.o)
 .bss           0x2000603d        0x0 /home/smolvik/CMSIS_5-5.4.0/CMSIS/RTOS/RTX/LIB/GCC/libRTX_CM0.a(rt_cmsis.o)
 .bss           0x2000603d        0x0 /home/smolvik/CMSIS_5-5.4.0/CMSIS/RTOS/RTX/LIB/GCC/libRTX_CM0.a(hal_cm.o)
 .bss           0x2000603d        0x0 /home/smolvik/CMSIS_5-5.4.0/CMSIS/RTOS/RTX/LIB/GCC/libRTX_CM0.a(rt_memory.o)
 .bss           0x2000603d        0x0 /home/smolvik/CMSIS_5-5.4.0/CMSIS/RTOS/RTX/LIB/GCC/libRTX_CM0.a(rt_membox.o)
 .bss           0x2000603d        0x0 /home/smolvik/CMSIS_5-5.4.0/CMSIS/RTOS/RTX/LIB/GCC/libRTX_CM0.a(rt_mutex.o)
 .bss           0x2000603d        0x0 /home/smolvik/CMSIS_5-5.4.0/CMSIS/RTOS/RTX/LIB/GCC/libRTX_CM0.a(rt_time.o)
 .bss           0x2000603d        0x0 /home/smolvik/CMSIS_5-5.4.0/CMSIS/RTOS/RTX/LIB/GCC/libRTX_CM0.a(rt_semaphore.o)
 .bss           0x2000603d        0x0 /home/smolvik/CMSIS_5-5.4.0/CMSIS/RTOS/RTX/LIB/GCC/libRTX_CM0.a(rt_mailbox.o)
 .bss           0x2000603d        0x0 /home/smolvik/CMSIS_5-5.4.0/CMSIS/RTOS/RTX/LIB/GCC/libRTX_CM0.a(rt_list.o)
 .bss           0x2000603d        0x0 /home/smolvik/CMSIS_5-5.4.0/CMSIS/RTOS/RTX/LIB/GCC/libRTX_CM0.a(rt_event.o)
 .bss           0x2000603d        0x3 /home/smolvik/CMSIS_5-5.4.0/CMSIS/RTOS/RTX/LIB/GCC/libRTX_CM0.a(rt_system.o)
 .bss           0x20006040        0x0 /home/smolvik/CMSIS_5-5.4.0/CMSIS/RTOS/RTX/LIB/GCC/libRTX_CM0.a(rt_task.o)
 .bss           0x20006040        0x0 /home/smolvik/CMSIS_5-5.4.0/CMSIS/RTOS/RTX/LIB/GCC/libRTX_CM0.a(hal_cm0.o)
 .bss           0x20006040        0x0 /home/smolvik/CMSIS_5-5.4.0/CMSIS/RTOS/RTX/LIB/GCC/libRTX_CM0.a(svc_table.o)
 .bss           0x20006040        0x0 /home/smolvik/CMSIS_5-5.4.0/CMSIS/RTOS/RTX/LIB/GCC/libRTX_CM0.a(rt_robin.o)
 .bss           0x20006040        0x0 /home/smolvik/gcc-arm-none-eabi-5_4-2016q3/lib/gcc/arm-none-eabi/5.4.1/armv6-m//libgcc.a(_aeabi_uldivmod.o)
 .bss           0x20006040        0x0 /home/smolvik/gcc-arm-none-eabi-5_4-2016q3/lib/gcc/arm-none-eabi/5.4.1/armv6-m//libgcc.a(_muldi3.o)
 .bss           0x20006040        0x0 /home/smolvik/gcc-arm-none-eabi-5_4-2016q3/lib/gcc/arm-none-eabi/5.4.1/armv6-m//libgcc.a(_udivmoddi4.o)
 .bss           0x20006040        0x0 /home/smolvik/gcc-arm-none-eabi-5_4-2016q3/lib/gcc/arm-none-eabi/5.4.1/armv6-m//libgcc.a(_clzdi2.o)
 .bss           0x20006040        0x0 /home/smolvik/gcc-arm-none-eabi-5_4-2016q3/lib/gcc/arm-none-eabi/5.4.1/armv6-m//libgcc.a(_clzsi2.o)
 .bss           0x20006040        0x0 /home/smolvik/gcc-arm-none-eabi-5_4-2016q3/arm-none-eabi/lib/armv6-m//libc.a(lib_a-memset.o)
 *(.bss*)
 .bss.__malloc_max_total_mem
                0x20006040        0x4 /home/smolvik/gcc-arm-none-eabi-5_4-2016q3/arm-none-eabi/lib/armv6-m//libc.a(lib_a-mallocr.o)
                0x20006040                __malloc_max_total_mem
 .bss.__malloc_max_sbrked_mem
                0x20006044        0x4 /home/smolvik/gcc-arm-none-eabi-5_4-2016q3/arm-none-eabi/lib/armv6-m//libc.a(lib_a-mallocr.o)
                0x20006044                __malloc_max_sbrked_mem
 .bss.__malloc_top_pad
                0x20006048        0x4 /home/smolvik/gcc-arm-none-eabi-5_4-2016q3/arm-none-eabi/lib/armv6-m//libc.a(lib_a-mallocr.o)
                0x20006048                __malloc_top_pad
 .bss.__malloc_current_mallinfo
                0x2000604c       0x28 /home/smolvik/gcc-arm-none-eabi-5_4-2016q3/arm-none-eabi/lib/armv6-m//libc.a(lib_a-mallocr.o)
                0x2000604c                __malloc_current_mallinfo
 *(COMMON)
 COMMON         0x20006074        0x4 /home/smolvik/gcc-arm-none-eabi-5_4-2016q3/arm-none-eabi/lib/armv6-m//libc.a(lib_a-reent.o)
                0x20006074                errno
 COMMON         0x20006078        0x8 /home/smolvik/CMSIS_5-5.4.0/CMSIS/RTOS/RTX/LIB/GCC/libRTX_CM0.a(rt_cmsis.o)
                0x20006078                os_initialized
                0x20006079                os_running
                0x2000607c                os_timer_head
 COMMON         0x20006080        0x4 /home/smolvik/CMSIS_5-5.4.0/CMSIS/RTOS/RTX/LIB/GCC/libRTX_CM0.a(rt_time.o)
                0x20006080                os_time
 COMMON         0x20006084       0x30 /home/smolvik/CMSIS_5-5.4.0/CMSIS/RTOS/RTX/LIB/GCC/libRTX_CM0.a(rt_list.o)
                0x20006084                os_rdy
                0x2000609c                os_dly
 COMMON         0x200060b4        0x4 /home/smolvik/CMSIS_5-5.4.0/CMSIS/RTOS/RTX/LIB/GCC/libRTX_CM0.a(rt_system.o)
                0x200060b4                os_tick_irqn
 COMMON         0x200060b8       0x3c /home/smolvik/CMSIS_5-5.4.0/CMSIS/RTOS/RTX/LIB/GCC/libRTX_CM0.a(rt_task.o)
                0x200060b8                os_tsk
                0x200060c0                os_idle_TCB
 COMMON         0x200060f4        0x8 /home/smolvik/CMSIS_5-5.4.0/CMSIS/RTOS/RTX/LIB/GCC/libRTX_CM0.a(rt_robin.o)
                0x200060f4                os_robin
                0x200060fc                . = ALIGN (0x4)
                0x200060fc                _bss_end = .
                0x200060fc                __bss_end__ = _bss_end
                0x00000400                _stack_size = 0x400
                0x20008000                _stack_end = (ORIGIN (RAM1) + LENGTH (RAM1))
                0x20007c00                _stack_begin = (_stack_end - _stack_size)
                0x20007c00                . = _stack_begin

._stack         0x200060fc      0x400 load address 0x0000f6e4
                0x200064fc                . = (. + _stack_size)
 *fill*         0x200060fc      0x400 

.ramfunc        0x20100000      0x2a0 load address 0x00009e44
                0x20100000                . = ALIGN (0x4)
                0x20100000                _ram2_begin = .
 *(.ramfunc)
 .ramfunc       0x20100000      0x2a0 eeprom.o
                0x20100000                usleep
                0x2010002c                eeprom_erase_page
                0x20100150                eeprom_program_word
                0x20100228                eeprom_read_word
                0x201002a0                _ram2_end = .
LOAD main.o
LOAD startup.o
LOAD mdb485.o
LOAD stubs.o
LOAD mdb232.o
LOAD xprintf.o
LOAD RTX_Conf_CM.o
LOAD system.o
LOAD ethfunc.o
LOAD network.o
LOAD crc.o
LOAD eeprom.o
LOAD param.o
LOAD modbus_udp.o
LOAD fsm.o
START GROUP
LOAD /home/smolvik/gcc-arm-none-eabi-5_4-2016q3/lib/gcc/arm-none-eabi/5.4.1/armv6-m//libgcc.a
LOAD /home/smolvik/gcc-arm-none-eabi-5_4-2016q3/arm-none-eabi/lib/armv6-m//libm.a
LOAD /home/smolvik/gcc-arm-none-eabi-5_4-2016q3/arm-none-eabi/lib/armv6-m//libc.a
LOAD /home/smolvik/CMSIS_5-5.4.0/CMSIS/RTOS/RTX/LIB/GCC/libRTX_CM0.a
END GROUP
OUTPUT(blink.elf elf32-littlearm)

.ARM.extab      0x201002a0        0x0 load address 0x0000a0e4
 .ARM.extab     0x201002a0        0x0 /home/smolvik/CMSIS_5-5.4.0/CMSIS/RTOS/RTX/LIB/GCC/libRTX_CM0.a(hal_cm0.o)
 .ARM.extab     0x201002a0        0x0 /home/smolvik/gcc-arm-none-eabi-5_4-2016q3/lib/gcc/arm-none-eabi/5.4.1/armv6-m//libgcc.a(_udivmoddi4.o)

.rel.dyn        0x201002a0        0x0 load address 0x0000a0e4
 .rel.iplt      0x201002a0        0x0 main.o

.debug_info     0x00000000    0x10250
 .debug_info    0x00000000      0xa02 main.o
 .debug_info    0x00000a02      0x112 startup.o
 .debug_info    0x00000b14      0x7ab mdb485.o
 .debug_info    0x000012bf      0x6f8 stubs.o
 .debug_info    0x000019b7      0x643 mdb232.o
 .debug_info    0x00001ffa      0x4c9 xprintf.o
 .debug_info    0x000024c3      0x489 RTX_Conf_CM.o
 .debug_info    0x0000294c      0x8c7 system.o
 .debug_info    0x00003213      0x9b8 ethfunc.o
 .debug_info    0x00003bcb      0x96f network.o
 .debug_info    0x0000453a      0x1bc crc.o
 .debug_info    0x000046f6      0x2fa eeprom.o
 .debug_info    0x000049f0      0x1c2 param.o
 .debug_info    0x00004bb2      0x8c2 modbus_udp.o
 .debug_info    0x00005474      0x408 fsm.o
 .debug_info    0x0000587c     0x5d03 /home/smolvik/CMSIS_5-5.4.0/CMSIS/RTOS/RTX/LIB/GCC/libRTX_CM0.a(rt_cmsis.o)
 .debug_info    0x0000b57f      0x3b3 /home/smolvik/CMSIS_5-5.4.0/CMSIS/RTOS/RTX/LIB/GCC/libRTX_CM0.a(hal_cm.o)
 .debug_info    0x0000b932      0x1d5 /home/smolvik/CMSIS_5-5.4.0/CMSIS/RTOS/RTX/LIB/GCC/libRTX_CM0.a(rt_memory.o)
 .debug_info    0x0000bb07      0x312 /home/smolvik/CMSIS_5-5.4.0/CMSIS/RTOS/RTX/LIB/GCC/libRTX_CM0.a(rt_membox.o)
 .debug_info    0x0000be19      0x651 /home/smolvik/CMSIS_5-5.4.0/CMSIS/RTOS/RTX/LIB/GCC/libRTX_CM0.a(rt_mutex.o)
 .debug_info    0x0000c46a      0x357 /home/smolvik/CMSIS_5-5.4.0/CMSIS/RTOS/RTX/LIB/GCC/libRTX_CM0.a(rt_time.o)
 .debug_info    0x0000c7c1      0x6f0 /home/smolvik/CMSIS_5-5.4.0/CMSIS/RTOS/RTX/LIB/GCC/libRTX_CM0.a(rt_semaphore.o)
 .debug_info    0x0000ceb1      0x9e6 /home/smolvik/CMSIS_5-5.4.0/CMSIS/RTOS/RTX/LIB/GCC/libRTX_CM0.a(rt_mailbox.o)
 .debug_info    0x0000d897      0x8ab /home/smolvik/CMSIS_5-5.4.0/CMSIS/RTOS/RTX/LIB/GCC/libRTX_CM0.a(rt_list.o)
 .debug_info    0x0000e142      0x5f4 /home/smolvik/CMSIS_5-5.4.0/CMSIS/RTOS/RTX/LIB/GCC/libRTX_CM0.a(rt_event.o)
 .debug_info    0x0000e736      0x971 /home/smolvik/CMSIS_5-5.4.0/CMSIS/RTOS/RTX/LIB/GCC/libRTX_CM0.a(rt_system.o)
 .debug_info    0x0000f0a7      0xd79 /home/smolvik/CMSIS_5-5.4.0/CMSIS/RTOS/RTX/LIB/GCC/libRTX_CM0.a(rt_task.o)
 .debug_info    0x0000fe20       0x71 /home/smolvik/CMSIS_5-5.4.0/CMSIS/RTOS/RTX/LIB/GCC/libRTX_CM0.a(hal_cm0.o)
 .debug_info    0x0000fe91      0x3bf /home/smolvik/CMSIS_5-5.4.0/CMSIS/RTOS/RTX/LIB/GCC/libRTX_CM0.a(rt_robin.o)

.debug_abbrev   0x00000000     0x3371
 .debug_abbrev  0x00000000      0x263 main.o
 .debug_abbrev  0x00000263       0xab startup.o
 .debug_abbrev  0x0000030e      0x216 mdb485.o
 .debug_abbrev  0x00000524      0x1a8 stubs.o
 .debug_abbrev  0x000006cc      0x207 mdb232.o
 .debug_abbrev  0x000008d3      0x194 xprintf.o
 .debug_abbrev  0x00000a67      0x150 RTX_Conf_CM.o
 .debug_abbrev  0x00000bb7      0x14a system.o
 .debug_abbrev  0x00000d01      0x28e ethfunc.o
 .debug_abbrev  0x00000f8f      0x276 network.o
 .debug_abbrev  0x00001205       0xb3 crc.o
 .debug_abbrev  0x000012b8      0x143 eeprom.o
 .debug_abbrev  0x000013fb       0xc9 param.o
 .debug_abbrev  0x000014c4      0x1e8 modbus_udp.o
 .debug_abbrev  0x000016ac      0x147 fsm.o
 .debug_abbrev  0x000017f3      0x499 /home/smolvik/CMSIS_5-5.4.0/CMSIS/RTOS/RTX/LIB/GCC/libRTX_CM0.a(rt_cmsis.o)
 .debug_abbrev  0x00001c8c      0x18b /home/smolvik/CMSIS_5-5.4.0/CMSIS/RTOS/RTX/LIB/GCC/libRTX_CM0.a(hal_cm.o)
 .debug_abbrev  0x00001e17      0x12b /home/smolvik/CMSIS_5-5.4.0/CMSIS/RTOS/RTX/LIB/GCC/libRTX_CM0.a(rt_memory.o)
 .debug_abbrev  0x00001f42      0x1a8 /home/smolvik/CMSIS_5-5.4.0/CMSIS/RTOS/RTX/LIB/GCC/libRTX_CM0.a(rt_membox.o)
 .debug_abbrev  0x000020ea      0x167 /home/smolvik/CMSIS_5-5.4.0/CMSIS/RTOS/RTX/LIB/GCC/libRTX_CM0.a(rt_mutex.o)
 .debug_abbrev  0x00002251      0x141 /home/smolvik/CMSIS_5-5.4.0/CMSIS/RTOS/RTX/LIB/GCC/libRTX_CM0.a(rt_time.o)
 .debug_abbrev  0x00002392      0x181 /home/smolvik/CMSIS_5-5.4.0/CMSIS/RTOS/RTX/LIB/GCC/libRTX_CM0.a(rt_semaphore.o)
 .debug_abbrev  0x00002513      0x23d /home/smolvik/CMSIS_5-5.4.0/CMSIS/RTOS/RTX/LIB/GCC/libRTX_CM0.a(rt_mailbox.o)
 .debug_abbrev  0x00002750      0x315 /home/smolvik/CMSIS_5-5.4.0/CMSIS/RTOS/RTX/LIB/GCC/libRTX_CM0.a(rt_list.o)
 .debug_abbrev  0x00002a65      0x1d0 /home/smolvik/CMSIS_5-5.4.0/CMSIS/RTOS/RTX/LIB/GCC/libRTX_CM0.a(rt_event.o)
 .debug_abbrev  0x00002c35      0x2ba /home/smolvik/CMSIS_5-5.4.0/CMSIS/RTOS/RTX/LIB/GCC/libRTX_CM0.a(rt_system.o)
 .debug_abbrev  0x00002eef      0x344 /home/smolvik/CMSIS_5-5.4.0/CMSIS/RTOS/RTX/LIB/GCC/libRTX_CM0.a(rt_task.o)
 .debug_abbrev  0x00003233       0x14 /home/smolvik/CMSIS_5-5.4.0/CMSIS/RTOS/RTX/LIB/GCC/libRTX_CM0.a(hal_cm0.o)
 .debug_abbrev  0x00003247      0x12a /home/smolvik/CMSIS_5-5.4.0/CMSIS/RTOS/RTX/LIB/GCC/libRTX_CM0.a(rt_robin.o)

.debug_aranges  0x00000000      0x850
 .debug_aranges
                0x00000000       0x20 main.o
 .debug_aranges
                0x00000020       0x20 startup.o
 .debug_aranges
                0x00000040       0x20 mdb485.o
 .debug_aranges
                0x00000060       0x20 stubs.o
 .debug_aranges
                0x00000080       0x20 mdb232.o
 .debug_aranges
                0x000000a0       0x20 xprintf.o
 .debug_aranges
                0x000000c0       0x20 RTX_Conf_CM.o
 .debug_aranges
                0x000000e0       0x20 system.o
 .debug_aranges
                0x00000100       0x20 ethfunc.o
 .debug_aranges
                0x00000120       0x20 network.o
 .debug_aranges
                0x00000140       0x20 crc.o
 .debug_aranges
                0x00000160       0x40 eeprom.o
 .debug_aranges
                0x000001a0       0x20 param.o
 .debug_aranges
                0x000001c0       0x20 modbus_udp.o
 .debug_aranges
                0x000001e0       0x20 fsm.o
 .debug_aranges
                0x00000200      0x2d8 /home/smolvik/CMSIS_5-5.4.0/CMSIS/RTOS/RTX/LIB/GCC/libRTX_CM0.a(rt_cmsis.o)
 .debug_aranges
                0x000004d8       0x30 /home/smolvik/CMSIS_5-5.4.0/CMSIS/RTOS/RTX/LIB/GCC/libRTX_CM0.a(hal_cm.o)
 .debug_aranges
                0x00000508       0x30 /home/smolvik/CMSIS_5-5.4.0/CMSIS/RTOS/RTX/LIB/GCC/libRTX_CM0.a(rt_memory.o)
 .debug_aranges
                0x00000538       0x38 /home/smolvik/CMSIS_5-5.4.0/CMSIS/RTOS/RTX/LIB/GCC/libRTX_CM0.a(rt_membox.o)
 .debug_aranges
                0x00000570       0x38 /home/smolvik/CMSIS_5-5.4.0/CMSIS/RTOS/RTX/LIB/GCC/libRTX_CM0.a(rt_mutex.o)
 .debug_aranges
                0x000005a8       0x38 /home/smolvik/CMSIS_5-5.4.0/CMSIS/RTOS/RTX/LIB/GCC/libRTX_CM0.a(rt_time.o)
 .debug_aranges
                0x000005e0       0x48 /home/smolvik/CMSIS_5-5.4.0/CMSIS/RTOS/RTX/LIB/GCC/libRTX_CM0.a(rt_semaphore.o)
 .debug_aranges
                0x00000628       0x50 /home/smolvik/CMSIS_5-5.4.0/CMSIS/RTOS/RTX/LIB/GCC/libRTX_CM0.a(rt_mailbox.o)
 .debug_aranges
                0x00000678       0x68 /home/smolvik/CMSIS_5-5.4.0/CMSIS/RTOS/RTX/LIB/GCC/libRTX_CM0.a(rt_list.o)
 .debug_aranges
                0x000006e0       0x48 /home/smolvik/CMSIS_5-5.4.0/CMSIS/RTOS/RTX/LIB/GCC/libRTX_CM0.a(rt_event.o)
 .debug_aranges
                0x00000728       0x78 /home/smolvik/CMSIS_5-5.4.0/CMSIS/RTOS/RTX/LIB/GCC/libRTX_CM0.a(rt_system.o)
 .debug_aranges
                0x000007a0       0x68 /home/smolvik/CMSIS_5-5.4.0/CMSIS/RTOS/RTX/LIB/GCC/libRTX_CM0.a(rt_task.o)
 .debug_aranges
                0x00000808       0x20 /home/smolvik/CMSIS_5-5.4.0/CMSIS/RTOS/RTX/LIB/GCC/libRTX_CM0.a(hal_cm0.o)
 .debug_aranges
                0x00000828       0x28 /home/smolvik/CMSIS_5-5.4.0/CMSIS/RTOS/RTX/LIB/GCC/libRTX_CM0.a(rt_robin.o)

.debug_line     0x00000000     0x426b
 .debug_line    0x00000000      0x1bd main.o
 .debug_line    0x000001bd       0x59 startup.o
 .debug_line    0x00000216      0x240 mdb485.o
 .debug_line    0x00000456      0x23c stubs.o
 .debug_line    0x00000692      0x1ff mdb232.o
 .debug_line    0x00000891      0x2e3 xprintf.o
 .debug_line    0x00000b74      0x110 RTX_Conf_CM.o
 .debug_line    0x00000c84      0x18b system.o
 .debug_line    0x00000e0f      0x2c1 ethfunc.o
 .debug_line    0x000010d0      0x331 network.o
 .debug_line    0x00001401       0xcc crc.o
 .debug_line    0x000014cd      0x1e4 eeprom.o
 .debug_line    0x000016b1       0xdd param.o
 .debug_line    0x0000178e      0x291 modbus_udp.o
 .debug_line    0x00001a1f      0x1ab fsm.o
 .debug_line    0x00001bca     0x1297 /home/smolvik/CMSIS_5-5.4.0/CMSIS/RTOS/RTX/LIB/GCC/libRTX_CM0.a(rt_cmsis.o)
 .debug_line    0x00002e61       0xcf /home/smolvik/CMSIS_5-5.4.0/CMSIS/RTOS/RTX/LIB/GCC/libRTX_CM0.a(hal_cm.o)
 .debug_line    0x00002f30       0xd2 /home/smolvik/CMSIS_5-5.4.0/CMSIS/RTOS/RTX/LIB/GCC/libRTX_CM0.a(rt_memory.o)
 .debug_line    0x00003002      0x121 /home/smolvik/CMSIS_5-5.4.0/CMSIS/RTOS/RTX/LIB/GCC/libRTX_CM0.a(rt_membox.o)
 .debug_line    0x00003123      0x19b /home/smolvik/CMSIS_5-5.4.0/CMSIS/RTOS/RTX/LIB/GCC/libRTX_CM0.a(rt_mutex.o)
 .debug_line    0x000032be       0xa2 /home/smolvik/CMSIS_5-5.4.0/CMSIS/RTOS/RTX/LIB/GCC/libRTX_CM0.a(rt_time.o)
 .debug_line    0x00003360      0x14b /home/smolvik/CMSIS_5-5.4.0/CMSIS/RTOS/RTX/LIB/GCC/libRTX_CM0.a(rt_semaphore.o)
 .debug_line    0x000034ab      0x25a /home/smolvik/CMSIS_5-5.4.0/CMSIS/RTOS/RTX/LIB/GCC/libRTX_CM0.a(rt_mailbox.o)
 .debug_line    0x00003705      0x25f /home/smolvik/CMSIS_5-5.4.0/CMSIS/RTOS/RTX/LIB/GCC/libRTX_CM0.a(rt_list.o)
 .debug_line    0x00003964      0x15b /home/smolvik/CMSIS_5-5.4.0/CMSIS/RTOS/RTX/LIB/GCC/libRTX_CM0.a(rt_event.o)
 .debug_line    0x00003abf      0x2cf /home/smolvik/CMSIS_5-5.4.0/CMSIS/RTOS/RTX/LIB/GCC/libRTX_CM0.a(rt_system.o)
 .debug_line    0x00003d8e      0x35a /home/smolvik/CMSIS_5-5.4.0/CMSIS/RTOS/RTX/LIB/GCC/libRTX_CM0.a(rt_task.o)
 .debug_line    0x000040e8       0xe1 /home/smolvik/CMSIS_5-5.4.0/CMSIS/RTOS/RTX/LIB/GCC/libRTX_CM0.a(hal_cm0.o)
 .debug_line    0x000041c9       0xa2 /home/smolvik/CMSIS_5-5.4.0/CMSIS/RTOS/RTX/LIB/GCC/libRTX_CM0.a(rt_robin.o)

.debug_str      0x00000000     0x2aa5
 .debug_str     0x00000000      0x77c main.o
                                0x801 (size before relaxing)
 .debug_str     0x0000077c       0xae startup.o
                                0x190 (size before relaxing)
 .debug_str     0x0000082a      0x364 mdb485.o
                                0x559 (size before relaxing)
 .debug_str     0x00000b8e      0x1f1 stubs.o
                                0x3dc (size before relaxing)
 .debug_str     0x00000d7f       0x89 mdb232.o
                                0x4de (size before relaxing)
 .debug_str     0x00000e08       0xa4 xprintf.o
                                0x1c8 (size before relaxing)
 .debug_str     0x00000eac      0x201 RTX_Conf_CM.o
                                0x4d8 (size before relaxing)
 .debug_str     0x000010ad      0x1d6 system.o
                                0x6e0 (size before relaxing)
 .debug_str     0x00001283      0x277 ethfunc.o
                                0x742 (size before relaxing)
 .debug_str     0x000014fa      0x149 network.o
                                0x66f (size before relaxing)
 .debug_str     0x00001643       0x48 crc.o
                                0x1a6 (size before relaxing)
 .debug_str     0x0000168b       0x89 eeprom.o
                                0x2a9 (size before relaxing)
 .debug_str     0x00001714       0x1a param.o
                                0x19f (size before relaxing)
 .debug_str     0x0000172e      0x228 modbus_udp.o
                                0x481 (size before relaxing)
 .debug_str     0x00001956       0xe4 fsm.o
                                0x2e8 (size before relaxing)
 .debug_str     0x00001a3a      0xc2e /home/smolvik/CMSIS_5-5.4.0/CMSIS/RTOS/RTX/LIB/GCC/libRTX_CM0.a(rt_cmsis.o)
                               0x135d (size before relaxing)
 .debug_str     0x00002668       0x49 /home/smolvik/CMSIS_5-5.4.0/CMSIS/RTOS/RTX/LIB/GCC/libRTX_CM0.a(hal_cm.o)
                                0x282 (size before relaxing)
 .debug_str     0x000026b1       0x3d /home/smolvik/CMSIS_5-5.4.0/CMSIS/RTOS/RTX/LIB/GCC/libRTX_CM0.a(rt_memory.o)
                                0x19e (size before relaxing)
 .debug_str     0x000026ee       0x37 /home/smolvik/CMSIS_5-5.4.0/CMSIS/RTOS/RTX/LIB/GCC/libRTX_CM0.a(rt_membox.o)
                                0x208 (size before relaxing)
 .debug_str     0x00002725       0x32 /home/smolvik/CMSIS_5-5.4.0/CMSIS/RTOS/RTX/LIB/GCC/libRTX_CM0.a(rt_mutex.o)
                                0x305 (size before relaxing)
 .debug_str     0x00002757       0x41 /home/smolvik/CMSIS_5-5.4.0/CMSIS/RTOS/RTX/LIB/GCC/libRTX_CM0.a(rt_time.o)
                                0x281 (size before relaxing)
 .debug_str     0x00002798       0x34 /home/smolvik/CMSIS_5-5.4.0/CMSIS/RTOS/RTX/LIB/GCC/libRTX_CM0.a(rt_semaphore.o)
                                0x34c (size before relaxing)
 .debug_str     0x000027cc       0x32 /home/smolvik/CMSIS_5-5.4.0/CMSIS/RTOS/RTX/LIB/GCC/libRTX_CM0.a(rt_mailbox.o)
                                0x3b7 (size before relaxing)
 .debug_str     0x000027fe       0xb0 /home/smolvik/CMSIS_5-5.4.0/CMSIS/RTOS/RTX/LIB/GCC/libRTX_CM0.a(rt_list.o)
                                0x394 (size before relaxing)
 .debug_str     0x000028ae       0x6b /home/smolvik/CMSIS_5-5.4.0/CMSIS/RTOS/RTX/LIB/GCC/libRTX_CM0.a(rt_event.o)
                                0x35b (size before relaxing)
 .debug_str     0x00002919       0xf4 /home/smolvik/CMSIS_5-5.4.0/CMSIS/RTOS/RTX/LIB/GCC/libRTX_CM0.a(rt_system.o)
                                0x4aa (size before relaxing)
 .debug_str     0x00002a0d       0x8a /home/smolvik/CMSIS_5-5.4.0/CMSIS/RTOS/RTX/LIB/GCC/libRTX_CM0.a(rt_task.o)
                                0x528 (size before relaxing)
 .debug_str     0x00002a97        0xe /home/smolvik/CMSIS_5-5.4.0/CMSIS/RTOS/RTX/LIB/GCC/libRTX_CM0.a(rt_robin.o)
                                0x2ab (size before relaxing)

.comment        0x00000000       0x6e
 .comment       0x00000000       0x6e main.o
                                 0x6f (size before relaxing)
 .comment       0x0000006e       0x6f startup.o
 .comment       0x0000006e       0x6f mdb485.o
 .comment       0x0000006e       0x6f stubs.o
 .comment       0x0000006e       0x6f mdb232.o
 .comment       0x0000006e       0x6f xprintf.o
 .comment       0x0000006e       0x6f RTX_Conf_CM.o
 .comment       0x0000006e       0x6f system.o
 .comment       0x0000006e       0x6f ethfunc.o
 .comment       0x0000006e       0x6f network.o
 .comment       0x0000006e       0x6f crc.o
 .comment       0x0000006e       0x6f eeprom.o
 .comment       0x0000006e       0x6f param.o
 .comment       0x0000006e       0x6f modbus_udp.o
 .comment       0x0000006e       0x6f fsm.o
 .comment       0x0000006e       0x6f /home/smolvik/CMSIS_5-5.4.0/CMSIS/RTOS/RTX/LIB/GCC/libRTX_CM0.a(rt_cmsis.o)
 .comment       0x0000006e       0x6f /home/smolvik/CMSIS_5-5.4.0/CMSIS/RTOS/RTX/LIB/GCC/libRTX_CM0.a(hal_cm.o)
 .comment       0x0000006e       0x6f /home/smolvik/CMSIS_5-5.4.0/CMSIS/RTOS/RTX/LIB/GCC/libRTX_CM0.a(rt_memory.o)
 .comment       0x0000006e       0x6f /home/smolvik/CMSIS_5-5.4.0/CMSIS/RTOS/RTX/LIB/GCC/libRTX_CM0.a(rt_membox.o)
 .comment       0x0000006e       0x6f /home/smolvik/CMSIS_5-5.4.0/CMSIS/RTOS/RTX/LIB/GCC/libRTX_CM0.a(rt_mutex.o)
 .comment       0x0000006e       0x6f /home/smolvik/CMSIS_5-5.4.0/CMSIS/RTOS/RTX/LIB/GCC/libRTX_CM0.a(rt_time.o)
 .comment       0x0000006e       0x6f /home/smolvik/CMSIS_5-5.4.0/CMSIS/RTOS/RTX/LIB/GCC/libRTX_CM0.a(rt_semaphore.o)
 .comment       0x0000006e       0x6f /home/smolvik/CMSIS_5-5.4.0/CMSIS/RTOS/RTX/LIB/GCC/libRTX_CM0.a(rt_mailbox.o)
 .comment       0x0000006e       0x6f /home/smolvik/CMSIS_5-5.4.0/CMSIS/RTOS/RTX/LIB/GCC/libRTX_CM0.a(rt_list.o)
 .comment       0x0000006e       0x6f /home/smolvik/CMSIS_5-5.4.0/CMSIS/RTOS/RTX/LIB/GCC/libRTX_CM0.a(rt_event.o)
 .comment       0x0000006e       0x6f /home/smolvik/CMSIS_5-5.4.0/CMSIS/RTOS/RTX/LIB/GCC/libRTX_CM0.a(rt_system.o)
 .comment       0x0000006e       0x6f /home/smolvik/CMSIS_5-5.4.0/CMSIS/RTOS/RTX/LIB/GCC/libRTX_CM0.a(rt_task.o)
 .comment       0x0000006e       0x6f /home/smolvik/CMSIS_5-5.4.0/CMSIS/RTOS/RTX/LIB/GCC/libRTX_CM0.a(rt_robin.o)

.ARM.attributes
                0x00000000       0x2f
 .ARM.attributes
                0x00000000       0x31 main.o
 .ARM.attributes
                0x00000031       0x31 startup.o
 .ARM.attributes
                0x00000062       0x31 mdb485.o
 .ARM.attributes
                0x00000093       0x31 stubs.o
 .ARM.attributes
                0x000000c4       0x31 mdb232.o
 .ARM.attributes
                0x000000f5       0x31 xprintf.o
 .ARM.attributes
                0x00000126       0x31 RTX_Conf_CM.o
 .ARM.attributes
                0x00000157       0x31 system.o
 .ARM.attributes
                0x00000188       0x31 ethfunc.o
 .ARM.attributes
                0x000001b9       0x31 network.o
 .ARM.attributes
                0x000001ea       0x31 crc.o
 .ARM.attributes
                0x0000021b       0x31 eeprom.o
 .ARM.attributes
                0x0000024c       0x31 param.o
 .ARM.attributes
                0x0000027d       0x31 modbus_udp.o
 .ARM.attributes
                0x000002ae       0x31 fsm.o
 .ARM.attributes
                0x000002df       0x1e /home/smolvik/gcc-arm-none-eabi-5_4-2016q3/lib/gcc/arm-none-eabi/5.4.1/armv6-m//libgcc.a(_udivsi3.o)
 .ARM.attributes
                0x000002fd       0x1e /home/smolvik/gcc-arm-none-eabi-5_4-2016q3/lib/gcc/arm-none-eabi/5.4.1/armv6-m//libgcc.a(_divsi3.o)
 .ARM.attributes
                0x0000031b       0x1e /home/smolvik/gcc-arm-none-eabi-5_4-2016q3/lib/gcc/arm-none-eabi/5.4.1/armv6-m//libgcc.a(_dvmd_tls.o)
 .ARM.attributes
                0x00000339       0x2c /home/smolvik/gcc-arm-none-eabi-5_4-2016q3/arm-none-eabi/lib/armv6-m//libc.a(lib_a-abs.o)
 .ARM.attributes
                0x00000365       0x2c /home/smolvik/gcc-arm-none-eabi-5_4-2016q3/arm-none-eabi/lib/armv6-m//libc.a(lib_a-atexit.o)
 .ARM.attributes
                0x00000391       0x2c /home/smolvik/gcc-arm-none-eabi-5_4-2016q3/arm-none-eabi/lib/armv6-m//libc.a(lib_a-exit.o)
 .ARM.attributes
                0x000003bd       0x2c /home/smolvik/gcc-arm-none-eabi-5_4-2016q3/arm-none-eabi/lib/armv6-m//libc.a(lib_a-fini.o)
 .ARM.attributes
                0x000003e9       0x2c /home/smolvik/gcc-arm-none-eabi-5_4-2016q3/arm-none-eabi/lib/armv6-m//libc.a(lib_a-impure.o)
 .ARM.attributes
                0x00000415       0x2c /home/smolvik/gcc-arm-none-eabi-5_4-2016q3/arm-none-eabi/lib/armv6-m//libc.a(lib_a-init.o)
 .ARM.attributes
                0x00000441       0x2c /home/smolvik/gcc-arm-none-eabi-5_4-2016q3/arm-none-eabi/lib/armv6-m//libc.a(lib_a-reent.o)
 .ARM.attributes
                0x0000046d       0x2c /home/smolvik/gcc-arm-none-eabi-5_4-2016q3/arm-none-eabi/lib/armv6-m//libc.a(lib_a-__atexit.o)
 .ARM.attributes
                0x00000499       0x2c /home/smolvik/gcc-arm-none-eabi-5_4-2016q3/arm-none-eabi/lib/armv6-m//libc.a(lib_a-__call_atexit.o)
 .ARM.attributes
                0x000004c5       0x2c /home/smolvik/gcc-arm-none-eabi-5_4-2016q3/arm-none-eabi/lib/armv6-m//libc.a(lib_a-freer.o)
 .ARM.attributes
                0x000004f1       0x2c /home/smolvik/gcc-arm-none-eabi-5_4-2016q3/arm-none-eabi/lib/armv6-m//libc.a(lib_a-mallocr.o)
 .ARM.attributes
                0x0000051d       0x2c /home/smolvik/gcc-arm-none-eabi-5_4-2016q3/arm-none-eabi/lib/armv6-m//libc.a(lib_a-mlock.o)
 .ARM.attributes
                0x00000549       0x2c /home/smolvik/gcc-arm-none-eabi-5_4-2016q3/arm-none-eabi/lib/armv6-m//libc.a(lib_a-sbrkr.o)
 .ARM.attributes
                0x00000575       0x31 /home/smolvik/CMSIS_5-5.4.0/CMSIS/RTOS/RTX/LIB/GCC/libRTX_CM0.a(rt_cmsis.o)
 .ARM.attributes
                0x000005a6       0x31 /home/smolvik/CMSIS_5-5.4.0/CMSIS/RTOS/RTX/LIB/GCC/libRTX_CM0.a(hal_cm.o)
 .ARM.attributes
                0x000005d7       0x31 /home/smolvik/CMSIS_5-5.4.0/CMSIS/RTOS/RTX/LIB/GCC/libRTX_CM0.a(rt_memory.o)
 .ARM.attributes
                0x00000608       0x31 /home/smolvik/CMSIS_5-5.4.0/CMSIS/RTOS/RTX/LIB/GCC/libRTX_CM0.a(rt_membox.o)
 .ARM.attributes
                0x00000639       0x31 /home/smolvik/CMSIS_5-5.4.0/CMSIS/RTOS/RTX/LIB/GCC/libRTX_CM0.a(rt_mutex.o)
 .ARM.attributes
                0x0000066a       0x31 /home/smolvik/CMSIS_5-5.4.0/CMSIS/RTOS/RTX/LIB/GCC/libRTX_CM0.a(rt_time.o)
 .ARM.attributes
                0x0000069b       0x31 /home/smolvik/CMSIS_5-5.4.0/CMSIS/RTOS/RTX/LIB/GCC/libRTX_CM0.a(rt_semaphore.o)
 .ARM.attributes
                0x000006cc       0x31 /home/smolvik/CMSIS_5-5.4.0/CMSIS/RTOS/RTX/LIB/GCC/libRTX_CM0.a(rt_mailbox.o)
 .ARM.attributes
                0x000006fd       0x31 /home/smolvik/CMSIS_5-5.4.0/CMSIS/RTOS/RTX/LIB/GCC/libRTX_CM0.a(rt_list.o)
 .ARM.attributes
                0x0000072e       0x31 /home/smolvik/CMSIS_5-5.4.0/CMSIS/RTOS/RTX/LIB/GCC/libRTX_CM0.a(rt_event.o)
 .ARM.attributes
                0x0000075f       0x31 /home/smolvik/CMSIS_5-5.4.0/CMSIS/RTOS/RTX/LIB/GCC/libRTX_CM0.a(rt_system.o)
 .ARM.attributes
                0x00000790       0x31 /home/smolvik/CMSIS_5-5.4.0/CMSIS/RTOS/RTX/LIB/GCC/libRTX_CM0.a(rt_task.o)
 .ARM.attributes
                0x000007c1       0x21 /home/smolvik/CMSIS_5-5.4.0/CMSIS/RTOS/RTX/LIB/GCC/libRTX_CM0.a(hal_cm0.o)
 .ARM.attributes
                0x000007e2       0x21 /home/smolvik/CMSIS_5-5.4.0/CMSIS/RTOS/RTX/LIB/GCC/libRTX_CM0.a(svc_table.o)
 .ARM.attributes
                0x00000803       0x31 /home/smolvik/CMSIS_5-5.4.0/CMSIS/RTOS/RTX/LIB/GCC/libRTX_CM0.a(rt_robin.o)
 .ARM.attributes
                0x00000834       0x1e /home/smolvik/gcc-arm-none-eabi-5_4-2016q3/lib/gcc/arm-none-eabi/5.4.1/armv6-m//libgcc.a(_aeabi_uldivmod.o)
 .ARM.attributes
                0x00000852       0x2c /home/smolvik/gcc-arm-none-eabi-5_4-2016q3/lib/gcc/arm-none-eabi/5.4.1/armv6-m//libgcc.a(_muldi3.o)
 .ARM.attributes
                0x0000087e       0x2c /home/smolvik/gcc-arm-none-eabi-5_4-2016q3/lib/gcc/arm-none-eabi/5.4.1/armv6-m//libgcc.a(_udivmoddi4.o)
 .ARM.attributes
                0x000008aa       0x1e /home/smolvik/gcc-arm-none-eabi-5_4-2016q3/lib/gcc/arm-none-eabi/5.4.1/armv6-m//libgcc.a(_clzdi2.o)
 .ARM.attributes
                0x000008c8       0x1e /home/smolvik/gcc-arm-none-eabi-5_4-2016q3/lib/gcc/arm-none-eabi/5.4.1/armv6-m//libgcc.a(_clzsi2.o)
 .ARM.attributes
                0x000008e6       0x2c /home/smolvik/gcc-arm-none-eabi-5_4-2016q3/arm-none-eabi/lib/armv6-m//libc.a(lib_a-memset.o)

.svc_table      0x00000000        0x4
 .svc_table     0x00000000        0x4 /home/smolvik/CMSIS_5-5.4.0/CMSIS/RTOS/RTX/LIB/GCC/libRTX_CM0.a(svc_table.o)
                0x00000000                SVC_Count
                0x00000000                SVC_Table

.debug_frame    0x00000000     0x2440
 .debug_frame   0x00000000      0x174 main.o
 .debug_frame   0x00000174       0x4c startup.o
 .debug_frame   0x000001c0      0x18c mdb485.o
 .debug_frame   0x0000034c      0x260 stubs.o
 .debug_frame   0x000005ac      0x12c mdb232.o
 .debug_frame   0x000006d8      0x170 xprintf.o
 .debug_frame   0x00000848       0x5c RTX_Conf_CM.o
 .debug_frame   0x000008a4       0xe0 system.o
 .debug_frame   0x00000984      0x168 ethfunc.o
 .debug_frame   0x00000aec      0x170 network.o
 .debug_frame   0x00000c5c       0x50 crc.o
 .debug_frame   0x00000cac       0xc8 eeprom.o
 .debug_frame   0x00000d74       0x50 param.o